[  +28 ms] executing: sysctl hw.optional.arm64
[  +13 ms] Exit code 1 from: sysctl hw.optional.arm64
[        ] sysctl: unknown oid 'hw.optional.arm64'
[  +35 ms] executing: sw_vers -productName
[  +14 ms] Exit code 0 from: sw_vers -productName
[        ] macOS
[        ] executing: sw_vers -productVersion
[  +13 ms] Exit code 0 from: sw_vers -productVersion
[        ] 15.4.1
[        ] executing: sw_vers -buildVersion
[  +13 ms] Exit code 0 from: sw_vers -buildVersion
[        ] 24E263
[        ] executing: uname -m
[   +4 ms] Exit code 0 from: uname -m
[        ] x86_64
[  +46 ms] executing: sysctl hw.optional.arm64
[   +5 ms] Exit code 1 from: sysctl hw.optional.arm64
[        ] sysctl: unknown oid 'hw.optional.arm64'
[        ] executing: xcrun xcodebuild -version
[ +132 ms] Exit code 0 from: xcrun xcodebuild -version
[        ] Xcode 16.3
           Build version 16E140
[   +2 ms] executing: xcrun xcdevice list --timeout 5
[   +6 ms] Artifact Instance of 'AndroidGenSnapshotArtifacts' is not required, skipping update.
[        ] Artifact Instance of 'AndroidInternalBuildArtifacts' is not required, skipping update.
[        ] Artifact Instance of 'IOSEngineArtifacts' is not required, skipping update.
[        ] Artifact Instance of 'FlutterWebSdk' is not required, skipping update.
[        ] Artifact Instance of 'LegacyCanvasKitRemover' is not required, skipping update.
[   +2 ms] Artifact Instance of 'WindowsEngineArtifacts' is not required, skipping update.
[        ] Artifact Instance of 'MacOSEngineArtifacts' is not required, skipping update.
[        ] Artifact Instance of 'LinuxEngineArtifacts' is not required, skipping update.
[        ] Artifact Instance of 'LinuxFuchsiaSDKArtifacts' is not required, skipping update.
[        ] Artifact Instance of 'MacOSFuchsiaSDKArtifacts' is not required, skipping update.
[        ] Artifact Instance of 'FlutterRunnerSDKArtifacts' is not required, skipping update.
[        ] Artifact Instance of 'FlutterRunnerDebugSymbols' is not required, skipping update.
[  +36 ms] executing: /Users/anas/Library/Android/sdk/platform-tools/adb devices -l
[        ] executing: xcrun xcdevice list --timeout 2
[   +1 ms] xcrun simctl list devices booted iOS --json
[        ] executing: xcrun simctl list devices booted iOS --json
[   +2 ms] executing: xcrun simctl list devices booted
[ +197 ms] Exit code 0 from: xcrun simctl list devices booted
[        ] == Devices ==
           -- iOS 18.4 --
[  +44 ms] List of devices attached
           emulator-5554          device product:sdk_gphone64_x86_64 model:sdk_gphone64_x86_64 device:emu64xa transport_id:1
[ +106 ms] {
             "devices" : {
               "com.apple.CoreSimulator.SimRuntime.iOS-18-4" : [

               ]
             }
           }
[+2773 ms] [
             {
               "simulator" : true,
               "operatingSystemVersion" : "18.4 (22E238)",
               "available" : true,
               "platform" : "com.apple.platform.iphonesimulator",
               "modelCode" : "iPhone17,1",
               "identifier" : "213B2C0D-6A7E-4F51-91F6-11747300B7AB",
               "architecture" : "x86_64",
               "modelUTI" : "com.apple.iphone-16-pro-1",
               "modelName" : "iPhone 16 Pro",
               "name" : "iPhone 16 Pro",
               "ignored" : false
             },
             {
               "simulator" : true,
               "operatingSystemVersion" : "18.4 (22E238)",
               "available" : true,
               "platform" : "com.apple.platform.iphonesimulator",
               "modelCode" : "iPad15,3",
               "identifier" : "73AB3715-3DE2-424E-A4B8-E3210495234B",
               "architecture" : "x86_64",
               "modelUTI" : "com.apple.ipad-air-m3-1",
               "modelName" : "iPad Air 11-inch (M3)",
               "name" : "iPad Air 11-inch (M3)",
               "ignored" : false
             },
             {
               "simulator" : true,
               "operatingSystemVersion" : "18.4 (22E238)",
               "available" : true,
               "platform" : "com.apple.platform.iphonesimulator",
               "modelCode" : "iPad16,2",
               "identifier" : "842183F9-6F6D-4B00-9376-4F7487BE10C5",
               "architecture" : "x86_64",
               "modelUTI" : "com.apple.ipad-mini-a17-1",
               "modelName" : "iPad mini (A17 Pro)",
               "name" : "iPad mini (A17 Pro)",
               "ignored" : false
             },
             {
               "ignored" : false,
               "modelCode" : "iMac20,1",
               "simulator" : false,
               "modelName" : "iMac",
               "operatingSystemVersion" : "15.4.1 (24E263)",
               "identifier" : "6EEEB63C-22BE-564B-9408-9A597DF52FBA",
               "platform" : "com.apple.platform.macosx",
               "architecture" : "x86_64h",
               "interface" : "usb",
               "available" : true,
               "name" : "My Mac",
               "modelUTI" : "com.apple.imac-unibody-27-no-optical-2020"
             },
             {
               "simulator" : true,
               "operatingSystemVersion" : "18.4 (22E238)",
               "available" : true,
               "platform" : "com.apple.platform.iphonesimulator",
               "modelCode" : "iPhone17,5",
               "identifier" : "EDAA369E-C86D-43DF-AC23-A3EE3FCB51A7",
               "architecture" : "x86_64",
               "modelUTI" : "com.apple.iphone-16-e-1",
               "modelName" : "iPhone 16e",
               "name" : "iPhone 16e",
               "ignored" : false
             },
             {
               "simulator" : true,
               "operatingSystemVersion" : "18.4 (22E238)",
               "available" : true,
               "platform" : "com.apple.platform.iphonesimulator",
               "modelCode" : "iPad15,5",
               "identifier" : "ED3B735F-BE73-4D61-B49F-F35CDB57E583",
               "architecture" : "x86_64",
               "modelUTI" : "com.apple.ipad-air-m3-13-1",
               "modelName" : "iPad Air 13-inch (M3)",
               "name" : "iPad Air 13-inch (M3)",
               "ignored" : false
             },
             {
               "simulator" : true,
               "operatingSystemVersion" : "18.4 (22E238)",
               "available" : true,
               "platform" : "com.apple.platform.iphonesimulator",
               "modelCode" : "iPad16,6",
               "identifier" : "E1350ACA-373B-4BF6-A5D0-CFA6BDFDBEF0",
               "architecture" : "x86_64",
               "modelUTI" : "com.apple.ipad-pro-m4-13-1",
               "modelName" : "iPad Pro 13-inch (M4)",
               "name" : "iPad Pro 13-inch (M4)",
               "ignored" : false
             },
             {
               "simulator" : true,
               "operatingSystemVersion" : "18.4 (22E238)",
               "available" : true,
               "platform" : "com.apple.platform.iphonesimulator",
               "modelCode" : "iPad16,4",
               "identifier" : "8D1BA379-7D7E-4A5A-8A6E-B212FDE52539",
               "architecture" : "x86_64",
               "modelUTI" : "com.apple.ipad-pro-m4-1",
               "modelName" : "iPad Pro 11-inch (M4)",
               "name" : "iPad Pro 11-inch (M4)",
               "ignored" : false
             },
             {
               "simulator" : true,
               "operatingSystemVersion" : "18.4 (22E238)",
               "available" : true,
               "platform" : "com.apple.platform.iphonesimulator",
               "modelCode" : "iPhone17,2",
               "identifier" : "119F6BBA-F36B-40A8-BAB2-7E001D59A2B7",
               "architecture" : "x86_64",
               "modelUTI" : "com.apple.iphone-16-pro-max-1",
               "modelName" : "iPhone 16 Pro Max",
               "name" : "iPhone 16 Pro Max",
               "ignored" : false
             },
             {
               "simulator" : true,
               "operatingSystemVersion" : "18.4 (22E238)",
               "available" : true,
               "platform" : "com.apple.platform.iphonesimulator",
               "modelCode" : "iPad15,7",
               "identifier" : "36DB489E-18C5-4B22-B88B-62501E220D55",
               "architecture" : "x86_64",
               "modelUTI" : "com.apple.ipad-a16-1",
               "modelName" : "iPad (A16)",
               "name" : "iPad (A16)",
               "ignored" : false
             },
             {
               "simulator" : true,
               "operatingSystemVersion" : "18.4 (22E238)",
               "available" : true,
               "platform" : "com.apple.platform.iphonesimulator",
               "modelCode" : "iPhone17,3",
               "identifier" : "1BF42563-E390-43B9-91AC-5E4514A8ED40",
               "architecture" : "x86_64",
               "modelUTI" : "com.apple.iphone-16-1",
               "modelName" : "iPhone 16",
               "name" : "iPhone 16",
               "ignored" : false
             },
             {
               "simulator" : true,
               "operatingSystemVersion" : "18.4 (22E238)",
               "available" : true,
               "platform" : "com.apple.platform.iphonesimulator",
               "modelCode" : "iPhone17,4",
               "identifier" : "F24B0FFE-A9C7-434A-B8AC-2E95954E9610",
               "architecture" : "x86_64",
               "modelUTI" : "com.apple.iphone-16-plus-1",
               "modelName" : "iPhone 16 Plus",
               "name" : "iPhone 16 Plus",
               "ignored" : false
             }
           ]
[   +2 ms] executing: xcrun devicectl --version
[  +68 ms] Exit code 0 from: xcrun devicectl --version
[        ] 443.19
[   +3 ms] executing: xcrun devicectl list devices --timeout 5 --json-output /var/folders/pj/pvj9g34x0474p0gmfkk4h1nh0000gq/T/flutter_tools.Rdq8pS/core_devices.EQbI8R/core_device_list.json
[  +60 ms] No devices found.
[        ] {
             "info" : {
               "arguments" : [
                 "devicectl",
                 "list",
                 "devices",
                 "--timeout",
                 "5",
                 "--json-output",
                 "/var/folders/pj/pvj9g34x0474p0gmfkk4h1nh0000gq/T/flutter_tools.Rdq8pS/core_devices.EQbI8R/core_device_list.json"
               ],
               "commandType" : "devicectl.list.devices",
               "environment" : {
                 "TERM" : "xterm-256color"
               },
               "jsonVersion" : 2,
               "outcome" : "success",
               "version" : "443.19"
             },
             "result" : {
               "devices" : [

               ]
             }
           }

[   +4 ms] /Users/anas/Library/Android/sdk/platform-tools/adb -s emulator-5554 shell getprop
[  +94 ms] Artifact Instance of 'AndroidInternalBuildArtifacts' is not required, skipping update.
[        ] Artifact Instance of 'IOSEngineArtifacts' is not required, skipping update.
[        ] Artifact Instance of 'FlutterWebSdk' is not required, skipping update.
[        ] Artifact Instance of 'LegacyCanvasKitRemover' is not required, skipping update.
[        ] Artifact Instance of 'WindowsEngineArtifacts' is not required, skipping update.
[   +1 ms] Artifact Instance of 'LinuxEngineArtifacts' is not required, skipping update.
[        ] Artifact Instance of 'LinuxFuchsiaSDKArtifacts' is not required, skipping update.
[        ] Artifact Instance of 'MacOSFuchsiaSDKArtifacts' is not required, skipping update.
[        ] Artifact Instance of 'FlutterRunnerSDKArtifacts' is not required, skipping update.
[        ] Artifact Instance of 'FlutterRunnerDebugSymbols' is not required, skipping update.
[ +130 ms] Skipping pub get: version match.
[  +42 ms] Found plugin firebase_auth at /Users/anas/.pub-cache/hosted/pub.dev/firebase_auth-4.20.0/
[   +8 ms] Found plugin firebase_auth_web at /Users/anas/.pub-cache/hosted/pub.dev/firebase_auth_web-5.12.0/
[   +2 ms] Found plugin firebase_core at /Users/anas/.pub-cache/hosted/pub.dev/firebase_core-2.32.0/
[   +3 ms] Found plugin firebase_core_web at /Users/anas/.pub-cache/hosted/pub.dev/firebase_core_web-2.17.5/
[   +3 ms] Found plugin flutter_native_splash at /Users/anas/.pub-cache/hosted/pub.dev/flutter_native_splash-2.4.5/
[  +24 ms] Found plugin path_provider_linux at /Users/anas/.pub-cache/hosted/pub.dev/path_provider_linux-2.2.1/
[   +5 ms] Found plugin path_provider_windows at /Users/anas/.pub-cache/hosted/pub.dev/path_provider_windows-2.3.0/
[  +12 ms] Found plugin shared_preferences at /Users/anas/.pub-cache/hosted/pub.dev/shared_preferences-2.5.2/
[   +1 ms] Found plugin shared_preferences_android at /Users/anas/.pub-cache/hosted/pub.dev/shared_preferences_android-2.4.6/
[   +1 ms] Found plugin shared_preferences_foundation at /Users/anas/.pub-cache/hosted/pub.dev/shared_preferences_foundation-2.5.4/
[   +1 ms] Found plugin shared_preferences_linux at /Users/anas/.pub-cache/hosted/pub.dev/shared_preferences_linux-2.4.1/
[   +2 ms] Found plugin shared_preferences_web at /Users/anas/.pub-cache/hosted/pub.dev/shared_preferences_web-2.4.3/
[   +1 ms] Found plugin shared_preferences_windows at /Users/anas/.pub-cache/hosted/pub.dev/shared_preferences_windows-2.4.1/
[  +14 ms] Found plugin url_launcher at /Users/anas/.pub-cache/hosted/pub.dev/url_launcher-6.3.1/
[   +1 ms] Found plugin url_launcher_android at /Users/anas/.pub-cache/hosted/pub.dev/url_launcher_android-6.3.14/
[   +1 ms] Found plugin url_launcher_ios at /Users/anas/.pub-cache/hosted/pub.dev/url_launcher_ios-6.3.2/
[   +1 ms] Found plugin url_launcher_linux at /Users/anas/.pub-cache/hosted/pub.dev/url_launcher_linux-3.2.1/
[   +2 ms] Found plugin url_launcher_macos at /Users/anas/.pub-cache/hosted/pub.dev/url_launcher_macos-3.2.2/
[   +3 ms] Found plugin url_launcher_web at /Users/anas/.pub-cache/hosted/pub.dev/url_launcher_web-2.4.0/
[   +1 ms] Found plugin url_launcher_windows at /Users/anas/.pub-cache/hosted/pub.dev/url_launcher_windows-3.1.4/
[   +4 ms] Found plugin webview_flutter at /Users/anas/.pub-cache/hosted/pub.dev/webview_flutter-4.10.0/
[   +1 ms] Found plugin webview_flutter_android at /Users/anas/.pub-cache/hosted/pub.dev/webview_flutter_android-4.3.2/
[   +2 ms] Found plugin webview_flutter_wkwebview at /Users/anas/.pub-cache/hosted/pub.dev/webview_flutter_wkwebview-3.18.2/
[  +34 ms] Found plugin firebase_auth at /Users/anas/.pub-cache/hosted/pub.dev/firebase_auth-4.20.0/
[   +1 ms] Found plugin firebase_auth_web at /Users/anas/.pub-cache/hosted/pub.dev/firebase_auth_web-5.12.0/
[        ] Found plugin firebase_core at /Users/anas/.pub-cache/hosted/pub.dev/firebase_core-2.32.0/
[   +1 ms] Found plugin firebase_core_web at /Users/anas/.pub-cache/hosted/pub.dev/firebase_core_web-2.17.5/
[   +2 ms] Found plugin flutter_native_splash at /Users/anas/.pub-cache/hosted/pub.dev/flutter_native_splash-2.4.5/
[   +8 ms] Found plugin path_provider_linux at /Users/anas/.pub-cache/hosted/pub.dev/path_provider_linux-2.2.1/
[   +1 ms] Found plugin path_provider_windows at /Users/anas/.pub-cache/hosted/pub.dev/path_provider_windows-2.3.0/
[   +3 ms] Found plugin shared_preferences at /Users/anas/.pub-cache/hosted/pub.dev/shared_preferences-2.5.2/
[        ] Found plugin shared_preferences_android at /Users/anas/.pub-cache/hosted/pub.dev/shared_preferences_android-2.4.6/
[        ] Found plugin shared_preferences_foundation at /Users/anas/.pub-cache/hosted/pub.dev/shared_preferences_foundation-2.5.4/
[        ] Found plugin shared_preferences_linux at /Users/anas/.pub-cache/hosted/pub.dev/shared_preferences_linux-2.4.1/
[   +1 ms] Found plugin shared_preferences_web at /Users/anas/.pub-cache/hosted/pub.dev/shared_preferences_web-2.4.3/
[        ] Found plugin shared_preferences_windows at /Users/anas/.pub-cache/hosted/pub.dev/shared_preferences_windows-2.4.1/
[   +4 ms] Found plugin url_launcher at /Users/anas/.pub-cache/hosted/pub.dev/url_launcher-6.3.1/
[        ] Found plugin url_launcher_android at /Users/anas/.pub-cache/hosted/pub.dev/url_launcher_android-6.3.14/
[        ] Found plugin url_launcher_ios at /Users/anas/.pub-cache/hosted/pub.dev/url_launcher_ios-6.3.2/
[   +1 ms] Found plugin url_launcher_linux at /Users/anas/.pub-cache/hosted/pub.dev/url_launcher_linux-3.2.1/
[        ] Found plugin url_launcher_macos at /Users/anas/.pub-cache/hosted/pub.dev/url_launcher_macos-3.2.2/
[   +1 ms] Found plugin url_launcher_web at /Users/anas/.pub-cache/hosted/pub.dev/url_launcher_web-2.4.0/
[        ] Found plugin url_launcher_windows at /Users/anas/.pub-cache/hosted/pub.dev/url_launcher_windows-3.1.4/
[   +2 ms] Found plugin webview_flutter at /Users/anas/.pub-cache/hosted/pub.dev/webview_flutter-4.10.0/
[        ] Found plugin webview_flutter_android at /Users/anas/.pub-cache/hosted/pub.dev/webview_flutter_android-4.3.2/
[   +1 ms] Found plugin webview_flutter_wkwebview at /Users/anas/.pub-cache/hosted/pub.dev/webview_flutter_wkwebview-3.18.2/
[  +28 ms] Found plugin firebase_auth at /Users/anas/.pub-cache/hosted/pub.dev/firebase_auth-4.20.0/
[   +1 ms] Found plugin firebase_auth_web at /Users/anas/.pub-cache/hosted/pub.dev/firebase_auth_web-5.12.0/
[        ] Found plugin firebase_core at /Users/anas/.pub-cache/hosted/pub.dev/firebase_core-2.32.0/
[   +1 ms] Found plugin firebase_core_web at /Users/anas/.pub-cache/hosted/pub.dev/firebase_core_web-2.17.5/
[   +1 ms] Found plugin flutter_native_splash at /Users/anas/.pub-cache/hosted/pub.dev/flutter_native_splash-2.4.5/
[   +6 ms] Found plugin path_provider_linux at /Users/anas/.pub-cache/hosted/pub.dev/path_provider_linux-2.2.1/
[   +1 ms] Found plugin path_provider_windows at /Users/anas/.pub-cache/hosted/pub.dev/path_provider_windows-2.3.0/
[   +3 ms] Found plugin shared_preferences at /Users/anas/.pub-cache/hosted/pub.dev/shared_preferences-2.5.2/
[        ] Found plugin shared_preferences_android at /Users/anas/.pub-cache/hosted/pub.dev/shared_preferences_android-2.4.6/
[        ] Found plugin shared_preferences_foundation at /Users/anas/.pub-cache/hosted/pub.dev/shared_preferences_foundation-2.5.4/
[        ] Found plugin shared_preferences_linux at /Users/anas/.pub-cache/hosted/pub.dev/shared_preferences_linux-2.4.1/
[        ] Found plugin shared_preferences_web at /Users/anas/.pub-cache/hosted/pub.dev/shared_preferences_web-2.4.3/
[        ] Found plugin shared_preferences_windows at /Users/anas/.pub-cache/hosted/pub.dev/shared_preferences_windows-2.4.1/
[   +3 ms] Found plugin url_launcher at /Users/anas/.pub-cache/hosted/pub.dev/url_launcher-6.3.1/
[        ] Found plugin url_launcher_android at /Users/anas/.pub-cache/hosted/pub.dev/url_launcher_android-6.3.14/
[        ] Found plugin url_launcher_ios at /Users/anas/.pub-cache/hosted/pub.dev/url_launcher_ios-6.3.2/
[        ] Found plugin url_launcher_linux at /Users/anas/.pub-cache/hosted/pub.dev/url_launcher_linux-3.2.1/
[        ] Found plugin url_launcher_macos at /Users/anas/.pub-cache/hosted/pub.dev/url_launcher_macos-3.2.2/
[   +1 ms] Found plugin url_launcher_web at /Users/anas/.pub-cache/hosted/pub.dev/url_launcher_web-2.4.0/
[        ] Found plugin url_launcher_windows at /Users/anas/.pub-cache/hosted/pub.dev/url_launcher_windows-3.1.4/
[   +1 ms] Found plugin webview_flutter at /Users/anas/.pub-cache/hosted/pub.dev/webview_flutter-4.10.0/
[        ] Found plugin webview_flutter_android at /Users/anas/.pub-cache/hosted/pub.dev/webview_flutter_android-4.3.2/
[        ] Found plugin webview_flutter_wkwebview at /Users/anas/.pub-cache/hosted/pub.dev/webview_flutter_wkwebview-3.18.2/
[   +7 ms] Generating /Users/anas/Documents/Code/tijus_academy/android/app/src/main/java/io/flutter/plugins/GeneratedPluginRegistrant.java
[  +47 ms] ro.hardware = ranchu
[  +30 ms] Initializing file store
[   +8 ms] Skipping target: gen_localizations
[   +3 ms] gen_dart_plugin_registrant: Starting due to {InvalidatedReasonKind.inputChanged: The following inputs have updated contents: /Users/anas/Documents/Code/tijus_academy/.dart_tool/package_config_subset,/Users/anas/Documents/Code/tijus_academy/.dart_tool/flutter_build/dart_plugin_registrant.dart}
[  +18 ms] Found plugin firebase_auth at /Users/anas/.pub-cache/hosted/pub.dev/firebase_auth-4.20.0/
[   +1 ms] Found plugin firebase_auth_web at /Users/anas/.pub-cache/hosted/pub.dev/firebase_auth_web-5.12.0/
[        ] Found plugin firebase_core at /Users/anas/.pub-cache/hosted/pub.dev/firebase_core-2.32.0/
[   +1 ms] Found plugin firebase_core_web at /Users/anas/.pub-cache/hosted/pub.dev/firebase_core_web-2.17.5/
[   +1 ms] Found plugin flutter_native_splash at /Users/anas/.pub-cache/hosted/pub.dev/flutter_native_splash-2.4.5/
[   +7 ms] Found plugin path_provider_linux at /Users/anas/.pub-cache/hosted/pub.dev/path_provider_linux-2.2.1/
[   +1 ms] Found plugin path_provider_windows at /Users/anas/.pub-cache/hosted/pub.dev/path_provider_windows-2.3.0/
[   +3 ms] Found plugin shared_preferences at /Users/anas/.pub-cache/hosted/pub.dev/shared_preferences-2.5.2/
[        ] Found plugin shared_preferences_android at /Users/anas/.pub-cache/hosted/pub.dev/shared_preferences_android-2.4.6/
[        ] Found plugin shared_preferences_foundation at /Users/anas/.pub-cache/hosted/pub.dev/shared_preferences_foundation-2.5.4/
[        ] Found plugin shared_preferences_linux at /Users/anas/.pub-cache/hosted/pub.dev/shared_preferences_linux-2.4.1/
[   +1 ms] Found plugin shared_preferences_web at /Users/anas/.pub-cache/hosted/pub.dev/shared_preferences_web-2.4.3/
[        ] Found plugin shared_preferences_windows at /Users/anas/.pub-cache/hosted/pub.dev/shared_preferences_windows-2.4.1/
[   +3 ms] Found plugin url_launcher at /Users/anas/.pub-cache/hosted/pub.dev/url_launcher-6.3.1/
[        ] Found plugin url_launcher_android at /Users/anas/.pub-cache/hosted/pub.dev/url_launcher_android-6.3.14/
[        ] Found plugin url_launcher_ios at /Users/anas/.pub-cache/hosted/pub.dev/url_launcher_ios-6.3.2/
[        ] Found plugin url_launcher_linux at /Users/anas/.pub-cache/hosted/pub.dev/url_launcher_linux-3.2.1/
[        ] Found plugin url_launcher_macos at /Users/anas/.pub-cache/hosted/pub.dev/url_launcher_macos-3.2.2/
[   +1 ms] Found plugin url_launcher_web at /Users/anas/.pub-cache/hosted/pub.dev/url_launcher_web-2.4.0/
[        ] Found plugin url_launcher_windows at /Users/anas/.pub-cache/hosted/pub.dev/url_launcher_windows-3.1.4/
[   +1 ms] Found plugin webview_flutter at /Users/anas/.pub-cache/hosted/pub.dev/webview_flutter-4.10.0/
[        ] Found plugin webview_flutter_android at /Users/anas/.pub-cache/hosted/pub.dev/webview_flutter_android-4.3.2/
[        ] Found plugin webview_flutter_wkwebview at /Users/anas/.pub-cache/hosted/pub.dev/webview_flutter_wkwebview-3.18.2/
[   +9 ms] gen_dart_plugin_registrant: Complete
[        ] Skipping target: _composite
[   +1 ms] complete
[   +3 ms] Launching lib/main.dart on sdk gphone64 x86 64 in debug mode...
[   +3 ms] /Users/anas/development/flutter/bin/cache/dart-sdk/bin/dartaotruntime /Users/anas/development/flutter/bin/cache/dart-sdk/bin/snapshots/frontend_server_aot.dart.snapshot --sdk-root /Users/anas/development/flutter/bin/cache/artifacts/engine/common/flutter_patched_sdk/ --incremental --target=flutter --experimental-emit-debug-metadata --output-dill /var/folders/pj/pvj9g34x0474p0gmfkk4h1nh0000gq/T/flutter_tools.Rdq8pS/flutter_tool.GnVeXi/app.dill --packages /Users/anas/Documents/Code/tijus_academy/.dart_tool/package_config.json -Ddart.vm.profile=false -Ddart.vm.product=false --enable-asserts --track-widget-creation --filesystem-scheme org-dartlang-root --initialize-from-dill build/cache.dill.track.dill --source file:///Users/anas/Documents/Code/tijus_academy/.dart_tool/flutter_build/dart_plugin_registrant.dart --source package:flutter/src/dart_plugin_registrant.dart -Dflutter.dart_plugin_registrant=file:///Users/anas/Documents/Code/tijus_academy/.dart_tool/flutter_build/dart_plugin_registrant.dart --verbosity=error --enable-experiment=alternative-invalidation-strategy
[   +5 ms] executing: /Users/anas/Library/Android/sdk/build-tools/35.0.1/aapt dump xmltree /Users/anas/Documents/Code/tijus_academy/build/app/outputs/flutter-apk/app-debug.apk AndroidManifest.xml
[  +23 ms] Exit code 0 from: /Users/anas/Library/Android/sdk/build-tools/35.0.1/aapt dump xmltree /Users/anas/Documents/Code/tijus_academy/build/app/outputs/flutter-apk/app-debug.apk AndroidManifest.xml
[        ] N: android=http://schemas.android.com/apk/res/android
             E: manifest (line=2)
               A: android:versionCode(0x0101021b)=(type 0x10)0x1
               A: android:versionName(0x0101021c)="1.0.0" (Raw: "1.0.0")
               A: android:compileSdkVersion(0x01010572)=(type 0x10)0x23
               A: android:compileSdkVersionCodename(0x01010573)="15" (Raw: "15")
               A: package="com.tijus_academy" (Raw: "com.tijus_academy")
               A: platformBuildVersionCode=(type 0x10)0x23
               A: platformBuildVersionName=(type 0x10)0xf
               E: uses-sdk (line=7)
                 A: android:minSdkVersion(0x0101020c)=(type 0x10)0x15
                 A: android:targetSdkVersion(0x01010270)=(type 0x10)0x21
               E: uses-permission (line=15)
                 A: android:name(0x01010003)="android.permission.INTERNET" (Raw: "android.permission.INTERNET")
               E: queries (line=23)
                 E: intent (line=24)
                   E: action (line=25)
                     A: android:name(0x01010003)="android.intent.action.PROCESS_TEXT" (Raw: "android.intent.action.PROCESS_TEXT")
                   E: data (line=27)
                     A: android:mimeType(0x01010026)="text/plain" (Raw: "text/plain")
               E: uses-permission (line=31)
                 A: android:name(0x01010003)="android.permission.ACCESS_NETWORK_STATE" (Raw: "android.permission.ACCESS_NETWORK_STATE")
               E: uses-permission (line=32)
                 A: android:name(0x01010003)="com.google.android.providers.gsf.permission.READ_GSERVICES" (Raw: "com.google.android.providers.gsf.permission.READ_GSERVICES")
               E: permission (line=34)
                 A: android:name(0x01010003)="com.tijus_academy.DYNAMIC_RECEIVER_NOT_EXPORTED_PERMISSION" (Raw: "com.tijus_academy.DYNAMIC_RECEIVER_NOT_EXPORTED_PERMISSION")
                 A: android:protectionLevel(0x01010009)=(type 0x11)0x2
               E: uses-permission (line=38)
                 A: android:name(0x01010003)="com.tijus_academy.DYNAMIC_RECEIVER_NOT_EXPORTED_PERMISSION" (Raw: "com.tijus_academy.DYNAMIC_RECEIVER_NOT_EXPORTED_PERMISSION")
               E: application (line=40)
                 A: android:label(0x01010001)="Tiju's Academy" (Raw: "Tiju's Academy")
                 A: android:icon(0x01010002)=@0x7f0c0000
                 A: android:name(0x01010003)="android.app.Application" (Raw: "android.app.Application")
                 A: android:debuggable(0x0101000f)=(type 0x12)0xffffffff
                 A: android:extractNativeLibs(0x010104ea)=(type 0x12)0xffffffff
                 A: android:appComponentFactory(0x0101057a)="androidx.core.app.CoreComponentFactory" (Raw: "androidx.core.app.CoreComponentFactory")
                 E: activity (line=47)
                   A: android:theme(0x01010000)=@0x7f0f00a2
                   A: android:name(0x01010003)="com.tijus_academy.MainActivity" (Raw: "com.tijus_academy.MainActivity")
                   A: android:exported(0x01010010)=(type 0x12)0xffffffff
                   A: android:taskAffinity(0x01010012)="" (Raw: "")
                   A: android:launchMode(0x0101001d)=(type 0x10)0x1
                   A: android:configChanges(0x0101001f)=(type 0x11)0x40003fb4
                   A: android:windowSoftInputMode(0x0101022b)=(type 0x11)0x10
                   A: android:hardwareAccelerated(0x010102d3)=(type 0x12)0xffffffff
                   E: meta-data (line=63)
                     A: android:name(0x01010003)="io.flutter.embedding.android.NormalTheme" (Raw: "io.flutter.embedding.android.NormalTheme")
                     A: android:resource(0x01010025)=@0x7f0f00a3
                   E: intent-filter (line=67)
                     E: action (line=68)
                       A: android:name(0x01010003)="android.intent.action.MAIN" (Raw: "android.intent.action.MAIN")
                     E: category (line=70)
                       A: android:name(0x01010003)="android.intent.category.LAUNCHER" (Raw: "android.intent.category.LAUNCHER")
                 E: meta-data (line=77)
                   A: android:name(0x01010003)="flutterEmbedding" (Raw: "flutterEmbedding")
                   A: android:value(0x01010024)=(type 0x10)0x2
                 E: service (line=81)
                   A: android:name(0x01010003)="com.google.firebase.components.ComponentDiscoveryService" (Raw: "com.google.firebase.components.ComponentDiscoveryService")
                   A: android:exported(0x01010010)=(type 0x12)0x0
                   A: android:directBootAware(0x01010505)=(type 0x12)0xffffffff
                   E: meta-data (line=85)
                     A: android:name(0x01010003)="com.google.firebase.components:io.flutter.plugins.firebase.auth.FlutterFirebaseAuthRegistrar" (Raw: "com.google.firebase.components:io.flutter.plugins.firebase.auth.FlutterFirebaseAuthRegistrar")
                     A: android:value(0x01010024)="com.google.firebase.components.ComponentRegistrar" (Raw: "com.google.firebase.components.ComponentRegistrar")
                   E: meta-data (line=88)
                     A: android:name(0x01010003)="com.google.firebase.components:io.flutter.plugins.firebase.core.FlutterFirebaseCoreRegistrar" (Raw: "com.google.firebase.components:io.flutter.plugins.firebase.core.FlutterFirebaseCoreRegistrar")
                     A: android:value(0x01010024)="com.google.firebase.components.ComponentRegistrar" (Raw: "com.google.firebase.components.ComponentRegistrar")
                   E: meta-data (line=91)
                     A: android:name(0x01010003)="com.google.firebase.components:com.google.firebase.auth.FirebaseAuthRegistrar" (Raw: "com.google.firebase.components:com.google.firebase.auth.FirebaseAuthRegistrar")
                     A: android:value(0x01010024)="com.google.firebase.components.ComponentRegistrar" (Raw: "com.google.firebase.components.ComponentRegistrar")
                   E: meta-data (line=94)
                     A: android:name(0x01010003)="com.google.firebase.components:com.google.firebase.ktx.FirebaseCommonLegacyRegistrar" (Raw: "com.google.firebase.components:com.google.firebase.ktx.FirebaseCommonLegacyRegistrar")
                     A: android:value(0x01010024)="com.google.firebase.components.ComponentRegistrar" (Raw: "com.google.firebase.components.ComponentRegistrar")
                   E: meta-data (line=97)
                     A: android:name(0x01010003)="com.google.firebase.components:com.google.firebase.FirebaseCommonKtxRegistrar" (Raw: "com.google.firebase.components:com.google.firebase.FirebaseCommonKtxRegistrar")
                     A: android:value(0x01010024)="com.google.firebase.components.ComponentRegistrar" (Raw: "com.google.firebase.components.ComponentRegistrar")
                 E: activity (line=102)
                   A: android:theme(0x01010000)=@0x01030010
                   A: android:name(0x01010003)="com.google.firebase.auth.internal.GenericIdpActivity" (Raw: "com.google.firebase.auth.internal.GenericIdpActivity")
                   A: android:exported(0x01010010)=(type 0x12)0xffffffff
                   A: android:excludeFromRecents(0x01010017)=(type 0x12)0xffffffff
                   A: android:launchMode(0x0101001d)=(type 0x10)0x2
                   E: intent-filter (line=108)
                     E: action (line=109)
                       A: android:name(0x01010003)="android.intent.action.VIEW" (Raw: "android.intent.action.VIEW")
                     E: category (line=111)
                       A: android:name(0x01010003)="android.intent.category.DEFAULT" (Raw: "android.intent.category.DEFAULT")
                     E: category (line=112)
                       A: android:name(0x01010003)="android.intent.category.BROWSABLE" (Raw: "android.intent.category.BROWSABLE")
                     E: data (line=114)
                       A: android:scheme(0x01010027)="genericidp" (Raw: "genericidp")
                       A: android:host(0x01010028)="firebase.auth" (Raw: "firebase.auth")
                       A: android:path(0x0101002a)="/" (Raw: "/")
                 E: activity (line=120)
                   A: android:theme(0x01010000)=@0x01030010
                   A: android:name(0x01010003)="com.google.firebase.auth.internal.RecaptchaActivity" (Raw: "com.google.firebase.auth.internal.RecaptchaActivity")
                   A: android:exported(0x01010010)=(type 0x12)0xffffffff
                   A: android:excludeFromRecents(0x01010017)=(type 0x12)0xffffffff
                   A: android:launchMode(0x0101001d)=(type 0x10)0x2
                   E: intent-filter (line=126)
                     E: action (line=127)
                       A: android:name(0x01010003)="android.intent.action.VIEW" (Raw: "android.intent.action.VIEW")
                     E: category (line=129)
                       A: android:name(0x01010003)="android.intent.category.DEFAULT" (Raw: "android.intent.category.DEFAULT")
                     E: category (line=130)
                       A: android:name(0x01010003)="android.intent.category.BROWSABLE" (Raw: "android.intent.category.BROWSABLE")
                     E: data (line=132)
                       A: android:scheme(0x01010027)="recaptcha" (Raw: "recaptcha")
                       A: android:host(0x01010028)="firebase.auth" (Raw: "firebase.auth")
                       A: android:path(0x0101002a)="/" (Raw: "/")
                 E: activity (line=138)
                   A: android:theme(0x01010000)=@0x01030007
                   A: android:name(0x01010003)="io.flutter.plugins.urllauncher.WebViewActivity" (Raw: "io.flutter.plugins.urllauncher.WebViewActivity")
                   A: android:exported(0x01010010)=(type 0x12)0x0
                 E: uses-library (line=143)
                   A: android:name(0x01010003)="androidx.window.extensions" (Raw: "androidx.window.extensions")
                   A: android:required(0x0101028e)=(type 0x12)0x0
                 E: uses-library (line=146)
                   A: android:name(0x01010003)="androidx.window.sidecar" (Raw: "androidx.window.sidecar")
                   A: android:required(0x0101028e)=(type 0x12)0x0
                 E: provider (line=150)
                   A: android:name(0x01010003)="com.google.firebase.provider.FirebaseInitProvider" (Raw: "com.google.firebase.provider.FirebaseInitProvider")
                   A: android:exported(0x01010010)=(type 0x12)0x0
                   A: android:authorities(0x01010018)="com.tijus_academy.firebaseinitprovider" (Raw: "com.tijus_academy.firebaseinitprovider")
                   A: android:initOrder(0x0101001a)=(type 0x10)0x64
                   A: android:directBootAware(0x01010505)=(type 0x12)0xffffffff
                 E: activity (line=157)
                   A: android:theme(0x01010000)=@0x01030010
                   A: android:name(0x01010003)="com.google.android.gms.common.api.GoogleApiActivity" (Raw: "com.google.android.gms.common.api.GoogleApiActivity")
                   A: android:exported(0x01010010)=(type 0x12)0x0
                 E: provider (line=162)
                   A: android:name(0x01010003)="androidx.startup.InitializationProvider" (Raw: "androidx.startup.InitializationProvider")
                   A: android:exported(0x01010010)=(type 0x12)0x0
                   A: android:authorities(0x01010018)="com.tijus_academy.androidx-startup" (Raw: "com.tijus_academy.androidx-startup")
                   E: meta-data (line=166)
                     A: android:name(0x01010003)="androidx.lifecycle.ProcessLifecycleInitializer" (Raw: "androidx.lifecycle.ProcessLifecycleInitializer")
                     A: android:value(0x01010024)="androidx.startup" (Raw: "androidx.startup")
                   E: meta-data (line=169)
                     A: android:name(0x01010003)="androidx.profileinstaller.ProfileInstallerInitializer" (Raw: "androidx.profileinstaller.ProfileInstallerInitializer")
                     A: android:value(0x01010024)="androidx.startup" (Raw: "androidx.startup")
                 E: meta-data (line=174)
                   A: android:name(0x01010003)="com.google.android.gms.version" (Raw: "com.google.android.gms.version")
                   A: android:value(0x01010024)=@0x7f090004
                 E: receiver (line=178)
                   A: android:name(0x01010003)="androidx.profileinstaller.ProfileInstallReceiver" (Raw: "androidx.profileinstaller.ProfileInstallReceiver")
                   A: android:permission(0x01010006)="android.permission.DUMP" (Raw: "android.permission.DUMP")
                   A: android:enabled(0x0101000e)=(type 0x12)0xffffffff
                   A: android:exported(0x01010010)=(type 0x12)0xffffffff
                   A: android:directBootAware(0x01010505)=(type 0x12)0x0
                   E: intent-filter (line=184)
                     E: action (line=185)
                       A: android:name(0x01010003)="androidx.profileinstaller.action.INSTALL_PROFILE" (Raw: "androidx.profileinstaller.action.INSTALL_PROFILE")
                   E: intent-filter (line=187)
                     E: action (line=188)
                       A: android:name(0x01010003)="androidx.profileinstaller.action.SKIP_FILE" (Raw: "androidx.profileinstaller.action.SKIP_FILE")
                   E: intent-filter (line=190)
                     E: action (line=191)
                       A: android:name(0x01010003)="androidx.profileinstaller.action.SAVE_PROFILE" (Raw: "androidx.profileinstaller.action.SAVE_PROFILE")
                   E: intent-filter (line=193)
                     E: action (line=194)
                       A: android:name(0x01010003)="androidx.profileinstaller.action.BENCHMARK_OPERATION" (Raw: "androidx.profileinstaller.action.BENCHMARK_OPERATION")
[   +5 ms] executing: /Users/anas/Library/Android/sdk/platform-tools/adb -s emulator-5554 shell -x logcat -v time -t 1
[  +18 ms] <- compile package:tijus_academy/main.dart
[  +88 ms] --------- beginning of main
           05-05 11:54:25.785 W/BestClock(  700): java.time.DateTimeException: No network time available
[  +10 ms] executing: /Users/anas/Library/Android/sdk/platform-tools/adb version
[  +25 ms] Android Debug Bridge version 1.0.41
           Version 35.0.2-12147458
           Installed as /Users/anas/Library/Android/sdk/platform-tools/adb
           Running on Darwin 24.4.0 (x86_64)
[   +1 ms] executing: /Users/anas/Library/Android/sdk/platform-tools/adb start-server
[  +26 ms] Building APK
[ +226 ms] executing: /usr/bin/plutil -convert xml1 -o - /Applications/Android Studio.app/Contents/Info.plist
[  +14 ms] Exit code 0 from: /usr/bin/plutil -convert xml1 -o - /Applications/Android Studio.app/Contents/Info.plist
[        ] <?xml version="1.0" encoding="UTF-8"?>
           <!DOCTYPE plist PUBLIC "-//Apple//DTD PLIST 1.0//EN" "http://www.apple.com/DTDs/PropertyList-1.0.dtd">
           <plist version="1.0">
           <dict>
           	<key>CFBundleDevelopmentRegion</key>
           	<string>English</string>
           	<key>CFBundleDocumentTypes</key>
           	<array>
           		<dict>
           			<key>CFBundleTypeExtensions</key>
           			<array>
           				<string>ipr</string>
           			</array>
           			<key>CFBundleTypeIconFile</key>
           			<string>studio.icns</string>
           			<key>CFBundleTypeName</key>
           			<string>Android Studio Project File</string>
           			<key>CFBundleTypeRole</key>
           			<string>Editor</string>
           		</dict>
           		<dict>
           			<key>CFBundleTypeExtensions</key>
           			<array>
           				<string>*</string>
           			</array>
           			<key>CFBundleTypeName</key>
           			<string>All documents</string>
           			<key>CFBundleTypeOSTypes</key>
           			<array>
           				<string>****</string>
           			</array>
           			<key>CFBundleTypeRole</key>
           			<string>Editor</string>
           			<key>LSTypeIsPackage</key>
           			<false/>
           		</dict>
           	</array>
           	<key>CFBundleExecutable</key>
           	<string>studio</string>
           	<key>CFBundleGetInfoString</key>
           	<string>Android Studio 2024.3, build AI-243.24978.46.2431.13363775. Copyright JetBrains s.r.o., (c) 2000-2025</string>
           	<key>CFBundleIconFile</key>
           	<string>studio.icns</string>
           	<key>CFBundleIdentifier</key>
           	<string>com.google.android.studio</string>
           	<key>CFBundleInfoDictionaryVersion</key>
           	<string>6.0</string>
           	<key>CFBundleName</key>
           	<string>Android Studio</string>
           	<key>CFBundlePackageType</key>
           	<string>APPL</string>
           	<key>CFBundleShortVersionString</key>
           	<string>2024.3</string>
           	<key>CFBundleURLTypes</key>
           	<array>
           		<dict>
           			<key>CFBundleTypeRole</key>
           			<string>Editor</string>
           			<key>CFBundleURLName</key>
           			<string>Stacktrace</string>
           			<key>CFBundleURLSchemes</key>
           			<array>
           				<string>idea</string>
           			</array>
           		</dict>
           	</array>
           	<key>CFBundleVersion</key>
           	<string>AI-243.24978.46.2431.13363775</string>
           	<key>LSApplicationCategoryType</key>
           	<string>public.app-category.developer-tools</string>
           	<key>LSArchitecturePriority</key>
           	<array>
           		<string>x86_64</string>
           	</array>
           	<key>LSMinimumSystemVersion</key>
           	<string>10.13</string>
           	<key>LSRequiresNativeExecution</key>
           	<string>YES</string>
           	<key>NSAppleEventsUsageDescription</key>
           	<string>An application in Android Studio requests the ability to send Apple events.</string>
           	<key>NSBluetoothAlwaysUsageDescription</key>
           	<string>An application in Android Studio requests access to Bluetooth.</string>
           	<key>NSCameraUsageDescription</key>
           	<string>An application in Android Studio requests access to the device's camera.</string>
           	<key>NSDesktopFolderUsageDescription</key>
           	<string>An application in Android Studio requests access to the user's Desktop folder.</string>
           	<key>NSDocumentsFolderUsageDescription</key>
           	<string>An application in Android Studio requests access to the user's Documents folder.</string>
           	<key>NSDownloadsFolderUsageDescription</key>
           	<string>An application in Android Studio requests access to the user's Downloads folder.</string>
           	<key>NSHighResolutionCapable</key>
           	<true/>
           	<key>NSLocalNetworkUsageDescription</key>
           	<string>Android Studio's features, such as SSH and database connectivity, require permissions for accessing the local network and sending broadcast requests.</string>
           	<key>NSLocationUsageDescription</key>
           	<string>An application in Android Studio requests access to the user's location information.</string>
           	<key>NSMicrophoneUsageDescription</key>
           	<string>An application in Android Studio requests access to the device's microphone.</string>
           	<key>NSNetworkVolumesUsageDescription</key>
           	<string>An application in Android Studio requests access to files on a network volume.</string>
           	<key>NSRemovableVolumesUsageDescription</key>
           	<string>An application in Android Studio requests access to files on a removable volume.</string>
           	<key>NSSupportsAutomaticGraphicsSwitching</key>
           	<true/>
           </dict>
           </plist>
[   +9 ms] executing: /Applications/Android Studio.app/Contents/jbr/Contents/Home/bin/java -version
[  +76 ms] Exit code 0 from: /Applications/Android Studio.app/Contents/jbr/Contents/Home/bin/java -version
[        ] openjdk version "21.0.6" 2025-01-21
           OpenJDK Runtime Environment (build 21.0.6+-13355223-b631.42)
           OpenJDK 64-Bit Server VM (build 21.0.6+-13355223-b631.42, mixed mode)
[   +8 ms] Top-level Gradle build file not found, skipping migration of task "clean".
[   +2 ms] executing: /Applications/Android Studio.app/Contents/jbr/Contents/Home/bin/java --version
[  +79 ms] Exit code 0 from: /Applications/Android Studio.app/Contents/jbr/Contents/Home/bin/java --version
[        ] openjdk 21.0.6 2025-01-21
           OpenJDK Runtime Environment (build 21.0.6+-13355223-b631.42)
           OpenJDK 64-Bit Server VM (build 21.0.6+-13355223-b631.42, mixed mode)
[   +2 ms] Version of Java is different than impacted version, no migration attempted.
[   +9 ms] CMake project not found, skipping support Android 15 16k page size migration.
[   +4 ms] Using gradle from /Users/anas/Documents/Code/tijus_academy/android/gradlew.
[  +15 ms] Running Gradle task 'assembleDebug'...
[   +1 ms] executing: [/Users/anas/Documents/Code/tijus_academy/android/] /Users/anas/Documents/Code/tijus_academy/android/gradlew --full-stacktrace --info -Pverbose=true -Ptarget-platform=android-x64 -Ptarget=/Users/anas/Documents/Code/tijus_academy/lib/main.dart -Pbase-application-name=android.app.Application -Pdart-obfuscation=false -Ptrack-widget-creation=true -Ptree-shake-icons=false -Pfilesystem-scheme=org-dartlang-root assembleDebug
[ +432 ms] Initialized native services in: /Users/anas/.gradle/native
[        ] Initialized jansi services in: /Users/anas/.gradle/native
[ +107 ms] Received JVM installation metadata from '/Applications/Android Studio.app/Contents/jbr/Contents/Home': {JAVA_HOME=/Applications/Android Studio.app/Contents/jbr/Contents/Home, JAVA_VERSION=21.0.6, JAVA_VENDOR=JetBrains s.r.o., RUNTIME_NAME=OpenJDK Runtime Environment, RUNTIME_VERSION=21.0.6+-13355223-b631.42, VM_NAME=OpenJDK 64-Bit Server VM, VM_VERSION=21.0.6+-13355223-b631.42, VM_VENDOR=JetBrains s.r.o., OS_ARCH=x86_64}
[ +103 ms] Found daemon DaemonInfo{pid=21436, address=[7279b018-db81-4930-9d8f-9b1008e396b2 port:52214, addresses:[/127.0.0.1]], state=Idle, lastBusy=1746426150105, context=DefaultDaemonContext[uid=7c3d815f-8daf-4f29-aa11-ce763f1c25ea,javaHome=/usr/local/Cellar/openjdk@17/17.0.15/libexec/openjdk.jdk/Contents/Home,javaVersion=17,javaVendor=Homebrew,daemonRegistryDir=/Users/anas/.gradle/daemon,pid=21436,idleTimeout=10800000,priority=NORMAL,applyInstrumentationAgent=true,nativeServicesMode=ENABLED,daemonOpts=-XX:MaxMetaspaceSize=4G,-XX:ReservedCodeCacheSize=512m,-XX:+HeapDumpOnOutOfMemoryError,--add-opens=java.base/java.util=ALL-UNNAMED,--add-opens=java.base/java.lang=ALL-UNNAMED,--add-opens=java.base/java.lang.invoke=ALL-UNNAMED,--add-opens=java.prefs/java.util.prefs=ALL-UNNAMED,--add-exports=jdk.compiler/com.sun.tools.javac.api=ALL-UNNAMED,--add-exports=jdk.compiler/com.sun.tools.javac.util=ALL-UNNAMED,--add-opens=java.base/java.nio.charset=ALL-UNNAMED,--add-opens=java.base/java.net=ALL-UNNAMED,--add-opens=java.base/java.util.concurrent.atomic=ALL-UNNAMED,-Xmx8G,-Dfile.encoding=UTF-8,-Duser.country=IN,-Duser.language=en,-Duser.variant]} however its context does not match the desired criteria.
[        ] JVM is incompatible.
[        ] Wanted: DaemonRequestContext{jvmCriteria=/Applications/Android Studio.app/Contents/jbr/Contents/Home (no JDK specified, using current Java home), daemonOpts=[-XX:MaxMetaspaceSize=4G, -XX:ReservedCodeCacheSize=512m, -XX:+HeapDumpOnOutOfMemoryError, --add-opens=java.base/java.util=ALL-UNNAMED, --add-opens=java.base/java.lang=ALL-UNNAMED, --add-opens=java.base/java.lang.invoke=ALL-UNNAMED, --add-opens=java.prefs/java.util.prefs=ALL-UNNAMED, --add-exports=jdk.compiler/com.sun.tools.javac.api=ALL-UNNAMED, --add-exports=jdk.compiler/com.sun.tools.javac.util=ALL-UNNAMED, --add-opens=java.base/java.nio.charset=ALL-UNNAMED, --add-opens=java.base/java.net=ALL-UNNAMED, --add-opens=java.base/java.util.concurrent.atomic=ALL-UNNAMED, -Xmx8G, -Dfile.encoding=UTF-8, -Duser.country=IN, -Duser.language=en, -Duser.variant], applyInstrumentationAgent=true, nativeServicesMode=ENABLED, priority=NORMAL}
[        ] Actual: DefaultDaemonContext[uid=7c3d815f-8daf-4f29-aa11-ce763f1c25ea,javaHome=/usr/local/Cellar/openjdk@17/17.0.15/libexec/openjdk.jdk/Contents/Home,javaVersion=17,javaVendor=Homebrew,daemonRegistryDir=/Users/anas/.gradle/daemon,pid=21436,idleTimeout=10800000,priority=NORMAL,applyInstrumentationAgent=true,nativeServicesMode=ENABLED,daemonOpts=-XX:MaxMetaspaceSize=4G,-XX:ReservedCodeCacheSize=512m,-XX:+HeapDumpOnOutOfMemoryError,--add-opens=java.base/java.util=ALL-UNNAMED,--add-opens=java.base/java.lang=ALL-UNNAMED,--add-opens=java.base/java.lang.invoke=ALL-UNNAMED,--add-opens=java.prefs/java.util.prefs=ALL-UNNAMED,--add-exports=jdk.compiler/com.sun.tools.javac.api=ALL-UNNAMED,--add-exports=jdk.compiler/com.sun.tools.javac.util=ALL-UNNAMED,--add-opens=java.base/java.nio.charset=ALL-UNNAMED,--add-opens=java.base/java.net=ALL-UNNAMED,--add-opens=java.base/java.util.concurrent.atomic=ALL-UNNAMED,-Xmx8G,-Dfile.encoding=UTF-8,-Duser.country=IN,-Duser.language=en,-Duser.variant]
[        ]   Looking for a different daemon...
[  +97 ms] The client will now receive all logging from the daemon (pid: 7956). The daemon log file: /Users/anas/.gradle/daemon/8.10.2/daemon-7956.out.log
[        ] Starting 8th build in daemon [uptime: 56 mins 11.462 secs, performance: 99%, GC rate: 0.00/s, heap usage: 0% of 8 GiB, non-heap usage: 7% of 4 GiB]
[        ] Using 16 worker leases.
[        ] Now considering [/Users/anas/Documents/Code/tijus_academy/android, /Users/anas/development/flutter/packages/flutter_tools/gradle] as hierarchies to watch
[        ] Watching the file system is configured to be enabled if available
[        ] File system watching is active
[        ] Starting Build
[        ] Now considering [/Users/anas/development/flutter/packages/flutter_tools/gradle, /Users/anas/Documents/Code/tijus_academy/android] as hierarchies to watch
[ +102 ms] > Configure project :gradle
[        ] Evaluating project ':gradle' using build file '/Users/anas/development/flutter/packages/flutter_tools/gradle/build.gradle.kts'.
[        ] Transforming gradle-kotlin-dsl-plugins-4.5.0.jar (org.gradle.kotlin:gradle-kotlin-dsl-plugins:4.5.0) with InstrumentationAnalysisTransform
[        ] Transforming kotlin-stdlib-1.9.24.jar (org.jetbrains.kotlin:kotlin-stdlib:1.9.24) with InstrumentationAnalysisTransform
[        ] Transforming annotations-13.0.jar (org.jetbrains:annotations:13.0) with InstrumentationAnalysisTransform
[        ] Transforming kotlin-sam-with-receiver-1.9.24-gradle82.jar (org.jetbrains.kotlin:kotlin-sam-with-receiver:1.9.24) with InstrumentationAnalysisTransform
[        ] Transforming kotlin-assignment-1.9.24-gradle82.jar (org.jetbrains.kotlin:kotlin-assignment:1.9.24) with InstrumentationAnalysisTransform
[        ] Transforming kotlin-gradle-plugin-model-1.9.24.jar (org.jetbrains.kotlin:kotlin-gradle-plugin-model:1.9.24) with InstrumentationAnalysisTransform
[        ] Transforming kotlin-gradle-plugin-api-1.9.24.jar (org.jetbrains.kotlin:kotlin-gradle-plugin-api:1.9.24) with InstrumentationAnalysisTransform
[        ] Transforming kotlin-gradle-plugin-api-1.9.24-gradle82.jar (org.jetbrains.kotlin:kotlin-gradle-plugin-api:1.9.24) with InstrumentationAnalysisTransform
[        ] Transforming kotlin-gradle-plugin-1.9.24-gradle82.jar (org.jetbrains.kotlin:kotlin-gradle-plugin:1.9.24) with InstrumentationAnalysisTransform
[        ] Transforming kotlin-gradle-plugin-idea-proto-1.9.24.jar (org.jetbrains.kotlin:kotlin-gradle-plugin-idea-proto:1.9.24) with InstrumentationAnalysisTransform
[        ] Transforming kotlin-gradle-plugin-idea-1.9.24.jar (org.jetbrains.kotlin:kotlin-gradle-plugin-idea:1.9.24) with InstrumentationAnalysisTransform
[        ] Transforming kotlin-klib-commonizer-api-1.9.24.jar (org.jetbrains.kotlin:kotlin-klib-commonizer-api:1.9.24) with InstrumentationAnalysisTransform
[        ] Transforming kotlin-native-utils-1.9.24.jar (org.jetbrains.kotlin:kotlin-native-utils:1.9.24) with InstrumentationAnalysisTransform
[        ] Transforming kotlin-util-klib-1.9.24.jar (org.jetbrains.kotlin:kotlin-util-klib:1.9.24) with InstrumentationAnalysisTransform
[        ] Transforming kotlin-build-tools-api-1.9.24.jar (org.jetbrains.kotlin:kotlin-build-tools-api:1.9.24) with InstrumentationAnalysisTransform
[        ] Transforming kotlin-android-extensions-1.9.24.jar (org.jetbrains.kotlin:kotlin-android-extensions:1.9.24) with InstrumentationAnalysisTransform
[        ] Transforming kotlin-compiler-runner-1.9.24.jar (org.jetbrains.kotlin:kotlin-compiler-runner:1.9.24) with InstrumentationAnalysisTransform
[        ] Transforming kotlin-compiler-embeddable-1.9.24.jar (org.jetbrains.kotlin:kotlin-compiler-embeddable:1.9.24) with InstrumentationAnalysisTransform
[        ] Transforming kotlin-scripting-compiler-embeddable-1.9.24.jar (org.jetbrains.kotlin:kotlin-scripting-compiler-embeddable:1.9.24) with InstrumentationAnalysisTransform
[        ] Transforming kotlin-scripting-compiler-impl-embeddable-1.9.24.jar (org.jetbrains.kotlin:kotlin-scripting-compiler-impl-embeddable:1.9.24) with InstrumentationAnalysisTransform
[        ] Transforming kotlin-gradle-plugin-annotations-1.9.24.jar (org.jetbrains.kotlin:kotlin-gradle-plugin-annotations:1.9.24) with InstrumentationAnalysisTransform
[        ] Transforming kotlin-project-model-1.9.24.jar (org.jetbrains.kotlin:kotlin-project-model:1.9.24) with InstrumentationAnalysisTransform
[        ] Transforming kotlin-tooling-core-1.9.24.jar (org.jetbrains.kotlin:kotlin-tooling-core:1.9.24) with InstrumentationAnalysisTransform
[        ] Transforming kotlin-util-io-1.9.24.jar (org.jetbrains.kotlin:kotlin-util-io:1.9.24) with InstrumentationAnalysisTransform
[        ] Transforming kotlin-daemon-embeddable-1.9.24.jar (org.jetbrains.kotlin:kotlin-daemon-embeddable:1.9.24) with InstrumentationAnalysisTransform
[        ] Transforming trove4j-1.0.20200330.jar (org.jetbrains.intellij.deps:trove4j:1.0.20200330) with InstrumentationAnalysisTransform
[   +1 ms] Transforming kotlin-daemon-client-1.9.24.jar (org.jetbrains.kotlin:kotlin-daemon-client:1.9.24) with InstrumentationAnalysisTransform
[        ] Transforming kotlinx-coroutines-core-jvm-1.5.0.jar (org.jetbrains.kotlinx:kotlinx-coroutines-core-jvm:1.5.0) with InstrumentationAnalysisTransform
[        ] Transforming kotlin-scripting-jvm-1.9.24.jar (org.jetbrains.kotlin:kotlin-scripting-jvm:1.9.24) with InstrumentationAnalysisTransform
[        ] Transforming kotlin-scripting-common-1.9.24.jar (org.jetbrains.kotlin:kotlin-scripting-common:1.9.24) with InstrumentationAnalysisTransform
[        ] Transforming gradle-kotlin-dsl-plugins-4.5.0.jar (org.gradle.kotlin:gradle-kotlin-dsl-plugins:4.5.0) with InstrumentationAnalysisTransform
[        ] Transforming gradle-kotlin-dsl-plugins-4.5.0.jar (org.gradle.kotlin:gradle-kotlin-dsl-plugins:4.5.0) with MergeInstrumentationAnalysisTransform
[        ] Transforming kotlin-stdlib-1.9.24.jar (org.jetbrains.kotlin:kotlin-stdlib:1.9.24) with InstrumentationAnalysisTransform
[        ] Transforming kotlin-stdlib-1.9.24.jar (org.jetbrains.kotlin:kotlin-stdlib:1.9.24) with MergeInstrumentationAnalysisTransform
[        ] Transforming gradle-kotlin-dsl-plugins-4.5.0.jar (org.gradle.kotlin:gradle-kotlin-dsl-plugins:4.5.0) with ExternalDependencyInstrumentingArtifactTransform
[        ] Transforming annotations-13.0.jar (org.jetbrains:annotations:13.0) with InstrumentationAnalysisTransform
[        ] Transforming kotlin-stdlib-1.9.24.jar (org.jetbrains.kotlin:kotlin-stdlib:1.9.24) with ExternalDependencyInstrumentingArtifactTransform
[        ] Transforming annotations-13.0.jar (org.jetbrains:annotations:13.0) with MergeInstrumentationAnalysisTransform
[        ] Transforming kotlin-sam-with-receiver-1.9.24-gradle82.jar (org.jetbrains.kotlin:kotlin-sam-with-receiver:1.9.24) with InstrumentationAnalysisTransform
[        ] Transforming kotlin-sam-with-receiver-1.9.24-gradle82.jar (org.jetbrains.kotlin:kotlin-sam-with-receiver:1.9.24) with MergeInstrumentationAnalysisTransform
[        ] Transforming annotations-13.0.jar (org.jetbrains:annotations:13.0) with ExternalDependencyInstrumentingArtifactTransform
[        ] Transforming kotlin-assignment-1.9.24-gradle82.jar (org.jetbrains.kotlin:kotlin-assignment:1.9.24) with InstrumentationAnalysisTransform
[        ] Transforming kotlin-assignment-1.9.24-gradle82.jar (org.jetbrains.kotlin:kotlin-assignment:1.9.24) with MergeInstrumentationAnalysisTransform
[        ] Transforming kotlin-sam-with-receiver-1.9.24-gradle82.jar (org.jetbrains.kotlin:kotlin-sam-with-receiver:1.9.24) with ExternalDependencyInstrumentingArtifactTransform
[        ] Transforming kotlin-gradle-plugin-model-1.9.24.jar (org.jetbrains.kotlin:kotlin-gradle-plugin-model:1.9.24) with InstrumentationAnalysisTransform
[        ] Transforming kotlin-gradle-plugin-model-1.9.24.jar (org.jetbrains.kotlin:kotlin-gradle-plugin-model:1.9.24) with MergeInstrumentationAnalysisTransform
[        ] Transforming kotlin-assignment-1.9.24-gradle82.jar (org.jetbrains.kotlin:kotlin-assignment:1.9.24) with ExternalDependencyInstrumentingArtifactTransform
[        ] Transforming kotlin-gradle-plugin-api-1.9.24.jar (org.jetbrains.kotlin:kotlin-gradle-plugin-api:1.9.24) with InstrumentationAnalysisTransform
[        ] Transforming kotlin-gradle-plugin-api-1.9.24.jar (org.jetbrains.kotlin:kotlin-gradle-plugin-api:1.9.24) with MergeInstrumentationAnalysisTransform
[        ] Transforming kotlin-gradle-plugin-model-1.9.24.jar (org.jetbrains.kotlin:kotlin-gradle-plugin-model:1.9.24) with ExternalDependencyInstrumentingArtifactTransform
[        ] Transforming kotlin-gradle-plugin-api-1.9.24-gradle82.jar (org.jetbrains.kotlin:kotlin-gradle-plugin-api:1.9.24) with InstrumentationAnalysisTransform
[        ] Transforming kotlin-gradle-plugin-api-1.9.24-gradle82.jar (org.jetbrains.kotlin:kotlin-gradle-plugin-api:1.9.24) with MergeInstrumentationAnalysisTransform
[        ] Transforming kotlin-gradle-plugin-api-1.9.24.jar (org.jetbrains.kotlin:kotlin-gradle-plugin-api:1.9.24) with ExternalDependencyInstrumentingArtifactTransform
[        ] Transforming kotlin-gradle-plugin-1.9.24-gradle82.jar (org.jetbrains.kotlin:kotlin-gradle-plugin:1.9.24) with InstrumentationAnalysisTransform
[        ] Transforming kotlin-gradle-plugin-1.9.24-gradle82.jar (org.jetbrains.kotlin:kotlin-gradle-plugin:1.9.24) with MergeInstrumentationAnalysisTransform
[        ] Transforming kotlin-gradle-plugin-api-1.9.24-gradle82.jar (org.jetbrains.kotlin:kotlin-gradle-plugin-api:1.9.24) with ExternalDependencyInstrumentingArtifactTransform
[        ] Transforming kotlin-gradle-plugin-idea-proto-1.9.24.jar (org.jetbrains.kotlin:kotlin-gradle-plugin-idea-proto:1.9.24) with InstrumentationAnalysisTransform
[        ] Transforming kotlin-gradle-plugin-idea-proto-1.9.24.jar (org.jetbrains.kotlin:kotlin-gradle-plugin-idea-proto:1.9.24) with MergeInstrumentationAnalysisTransform
[        ] Transforming kotlin-gradle-plugin-1.9.24-gradle82.jar (org.jetbrains.kotlin:kotlin-gradle-plugin:1.9.24) with ExternalDependencyInstrumentingArtifactTransform
[        ] Transforming kotlin-gradle-plugin-idea-1.9.24.jar (org.jetbrains.kotlin:kotlin-gradle-plugin-idea:1.9.24) with InstrumentationAnalysisTransform
[        ] Transforming kotlin-gradle-plugin-idea-1.9.24.jar (org.jetbrains.kotlin:kotlin-gradle-plugin-idea:1.9.24) with MergeInstrumentationAnalysisTransform
[        ] Transforming kotlin-gradle-plugin-idea-proto-1.9.24.jar (org.jetbrains.kotlin:kotlin-gradle-plugin-idea-proto:1.9.24) with ExternalDependencyInstrumentingArtifactTransform
[        ] Transforming kotlin-klib-commonizer-api-1.9.24.jar (org.jetbrains.kotlin:kotlin-klib-commonizer-api:1.9.24) with InstrumentationAnalysisTransform
[        ] Transforming kotlin-klib-commonizer-api-1.9.24.jar (org.jetbrains.kotlin:kotlin-klib-commonizer-api:1.9.24) with MergeInstrumentationAnalysisTransform
[        ] Transforming kotlin-gradle-plugin-idea-1.9.24.jar (org.jetbrains.kotlin:kotlin-gradle-plugin-idea:1.9.24) with ExternalDependencyInstrumentingArtifactTransform
[        ] Transforming kotlin-native-utils-1.9.24.jar (org.jetbrains.kotlin:kotlin-native-utils:1.9.24) with InstrumentationAnalysisTransform
[        ] Transforming kotlin-native-utils-1.9.24.jar (org.jetbrains.kotlin:kotlin-native-utils:1.9.24) with MergeInstrumentationAnalysisTransform
[        ] Transforming kotlin-klib-commonizer-api-1.9.24.jar (org.jetbrains.kotlin:kotlin-klib-commonizer-api:1.9.24) with ExternalDependencyInstrumentingArtifactTransform
[        ] Transforming kotlin-util-klib-1.9.24.jar (org.jetbrains.kotlin:kotlin-util-klib:1.9.24) with InstrumentationAnalysisTransform
[        ] Transforming kotlin-util-klib-1.9.24.jar (org.jetbrains.kotlin:kotlin-util-klib:1.9.24) with MergeInstrumentationAnalysisTransform
[        ] Transforming kotlin-native-utils-1.9.24.jar (org.jetbrains.kotlin:kotlin-native-utils:1.9.24) with ExternalDependencyInstrumentingArtifactTransform
[        ] Transforming kotlin-build-tools-api-1.9.24.jar (org.jetbrains.kotlin:kotlin-build-tools-api:1.9.24) with InstrumentationAnalysisTransform
[        ] Transforming kotlin-build-tools-api-1.9.24.jar (org.jetbrains.kotlin:kotlin-build-tools-api:1.9.24) with MergeInstrumentationAnalysisTransform
[        ] Transforming kotlin-util-klib-1.9.24.jar (org.jetbrains.kotlin:kotlin-util-klib:1.9.24) with ExternalDependencyInstrumentingArtifactTransform
[        ] Transforming kotlin-android-extensions-1.9.24.jar (org.jetbrains.kotlin:kotlin-android-extensions:1.9.24) with InstrumentationAnalysisTransform
[        ] Transforming kotlin-build-tools-api-1.9.24.jar (org.jetbrains.kotlin:kotlin-build-tools-api:1.9.24) with ExternalDependencyInstrumentingArtifactTransform
[        ] Transforming kotlin-android-extensions-1.9.24.jar (org.jetbrains.kotlin:kotlin-android-extensions:1.9.24) with MergeInstrumentationAnalysisTransform
[        ] Transforming kotlin-compiler-runner-1.9.24.jar (org.jetbrains.kotlin:kotlin-compiler-runner:1.9.24) with InstrumentationAnalysisTransform
[        ] Transforming kotlin-compiler-runner-1.9.24.jar (org.jetbrains.kotlin:kotlin-compiler-runner:1.9.24) with MergeInstrumentationAnalysisTransform
[        ] Transforming kotlin-android-extensions-1.9.24.jar (org.jetbrains.kotlin:kotlin-android-extensions:1.9.24) with ExternalDependencyInstrumentingArtifactTransform
[        ] Transforming kotlin-compiler-embeddable-1.9.24.jar (org.jetbrains.kotlin:kotlin-compiler-embeddable:1.9.24) with InstrumentationAnalysisTransform
[        ] Transforming kotlin-compiler-runner-1.9.24.jar (org.jetbrains.kotlin:kotlin-compiler-runner:1.9.24) with ExternalDependencyInstrumentingArtifactTransform
[        ] Transforming kotlin-compiler-embeddable-1.9.24.jar (org.jetbrains.kotlin:kotlin-compiler-embeddable:1.9.24) with MergeInstrumentationAnalysisTransform
[        ] Transforming kotlin-scripting-compiler-embeddable-1.9.24.jar (org.jetbrains.kotlin:kotlin-scripting-compiler-embeddable:1.9.24) with InstrumentationAnalysisTransform
[        ] Transforming kotlin-scripting-compiler-embeddable-1.9.24.jar (org.jetbrains.kotlin:kotlin-scripting-compiler-embeddable:1.9.24) with MergeInstrumentationAnalysisTransform
[        ] Transforming kotlin-compiler-embeddable-1.9.24.jar (org.jetbrains.kotlin:kotlin-compiler-embeddable:1.9.24) with ExternalDependencyInstrumentingArtifactTransform
[        ] Transforming kotlin-scripting-compiler-impl-embeddable-1.9.24.jar (org.jetbrains.kotlin:kotlin-scripting-compiler-impl-embeddable:1.9.24) with InstrumentationAnalysisTransform
[        ] Transforming kotlin-scripting-compiler-embeddable-1.9.24.jar (org.jetbrains.kotlin:kotlin-scripting-compiler-embeddable:1.9.24) with ExternalDependencyInstrumentingArtifactTransform
[        ] Transforming kotlin-scripting-compiler-impl-embeddable-1.9.24.jar (org.jetbrains.kotlin:kotlin-scripting-compiler-impl-embeddable:1.9.24) with MergeInstrumentationAnalysisTransform
[        ] Transforming kotlin-gradle-plugin-annotations-1.9.24.jar (org.jetbrains.kotlin:kotlin-gradle-plugin-annotations:1.9.24) with InstrumentationAnalysisTransform
[        ] Transforming kotlin-gradle-plugin-annotations-1.9.24.jar (org.jetbrains.kotlin:kotlin-gradle-plugin-annotations:1.9.24) with MergeInstrumentationAnalysisTransform
[        ] Transforming kotlin-scripting-compiler-impl-embeddable-1.9.24.jar (org.jetbrains.kotlin:kotlin-scripting-compiler-impl-embeddable:1.9.24) with ExternalDependencyInstrumentingArtifactTransform
[        ] Transforming kotlin-project-model-1.9.24.jar (org.jetbrains.kotlin:kotlin-project-model:1.9.24) with InstrumentationAnalysisTransform
[        ] Transforming kotlin-gradle-plugin-annotations-1.9.24.jar (org.jetbrains.kotlin:kotlin-gradle-plugin-annotations:1.9.24) with ExternalDependencyInstrumentingArtifactTransform
[        ] Transforming kotlin-project-model-1.9.24.jar (org.jetbrains.kotlin:kotlin-project-model:1.9.24) with MergeInstrumentationAnalysisTransform
[        ] Transforming kotlin-tooling-core-1.9.24.jar (org.jetbrains.kotlin:kotlin-tooling-core:1.9.24) with InstrumentationAnalysisTransform
[        ] Transforming kotlin-tooling-core-1.9.24.jar (org.jetbrains.kotlin:kotlin-tooling-core:1.9.24) with MergeInstrumentationAnalysisTransform
[        ] Transforming kotlin-project-model-1.9.24.jar (org.jetbrains.kotlin:kotlin-project-model:1.9.24) with ExternalDependencyInstrumentingArtifactTransform
[        ] Transforming kotlin-util-io-1.9.24.jar (org.jetbrains.kotlin:kotlin-util-io:1.9.24) with InstrumentationAnalysisTransform
[        ] Transforming kotlin-tooling-core-1.9.24.jar (org.jetbrains.kotlin:kotlin-tooling-core:1.9.24) with ExternalDependencyInstrumentingArtifactTransform
[        ] Transforming kotlin-util-io-1.9.24.jar (org.jetbrains.kotlin:kotlin-util-io:1.9.24) with MergeInstrumentationAnalysisTransform
[        ] Transforming kotlin-daemon-embeddable-1.9.24.jar (org.jetbrains.kotlin:kotlin-daemon-embeddable:1.9.24) with InstrumentationAnalysisTransform
[        ] Transforming kotlin-daemon-embeddable-1.9.24.jar (org.jetbrains.kotlin:kotlin-daemon-embeddable:1.9.24) with MergeInstrumentationAnalysisTransform
[        ] Transforming kotlin-util-io-1.9.24.jar (org.jetbrains.kotlin:kotlin-util-io:1.9.24) with ExternalDependencyInstrumentingArtifactTransform
[        ] Transforming trove4j-1.0.20200330.jar (org.jetbrains.intellij.deps:trove4j:1.0.20200330) with InstrumentationAnalysisTransform
[        ] Transforming kotlin-daemon-embeddable-1.9.24.jar (org.jetbrains.kotlin:kotlin-daemon-embeddable:1.9.24) with ExternalDependencyInstrumentingArtifactTransform
[        ] Transforming trove4j-1.0.20200330.jar (org.jetbrains.intellij.deps:trove4j:1.0.20200330) with MergeInstrumentationAnalysisTransform
[        ] Transforming kotlin-daemon-client-1.9.24.jar (org.jetbrains.kotlin:kotlin-daemon-client:1.9.24) with InstrumentationAnalysisTransform
[        ] Transforming trove4j-1.0.20200330.jar (org.jetbrains.intellij.deps:trove4j:1.0.20200330) with ExternalDependencyInstrumentingArtifactTransform
[        ] Transforming kotlin-daemon-client-1.9.24.jar (org.jetbrains.kotlin:kotlin-daemon-client:1.9.24) with MergeInstrumentationAnalysisTransform
[        ] Transforming kotlinx-coroutines-core-jvm-1.5.0.jar (org.jetbrains.kotlinx:kotlinx-coroutines-core-jvm:1.5.0) with InstrumentationAnalysisTransform
[        ] Transforming kotlinx-coroutines-core-jvm-1.5.0.jar (org.jetbrains.kotlinx:kotlinx-coroutines-core-jvm:1.5.0) with MergeInstrumentationAnalysisTransform
[        ] Transforming kotlin-daemon-client-1.9.24.jar (org.jetbrains.kotlin:kotlin-daemon-client:1.9.24) with ExternalDependencyInstrumentingArtifactTransform
[        ] Transforming kotlin-scripting-jvm-1.9.24.jar (org.jetbrains.kotlin:kotlin-scripting-jvm:1.9.24) with InstrumentationAnalysisTransform
[        ] Transforming kotlinx-coroutines-core-jvm-1.5.0.jar (org.jetbrains.kotlinx:kotlinx-coroutines-core-jvm:1.5.0) with ExternalDependencyInstrumentingArtifactTransform
[        ] Transforming kotlin-scripting-jvm-1.9.24.jar (org.jetbrains.kotlin:kotlin-scripting-jvm:1.9.24) with MergeInstrumentationAnalysisTransform
[        ] Transforming kotlin-scripting-common-1.9.24.jar (org.jetbrains.kotlin:kotlin-scripting-common:1.9.24) with InstrumentationAnalysisTransform
[        ] Transforming kotlin-scripting-jvm-1.9.24.jar (org.jetbrains.kotlin:kotlin-scripting-jvm:1.9.24) with ExternalDependencyInstrumentingArtifactTransform
[        ] Transforming kotlin-scripting-common-1.9.24.jar (org.jetbrains.kotlin:kotlin-scripting-common:1.9.24) with MergeInstrumentationAnalysisTransform
[        ] Transforming kotlin-scripting-common-1.9.24.jar (org.jetbrains.kotlin:kotlin-scripting-common:1.9.24) with ExternalDependencyInstrumentingArtifactTransform
[        ] Using Kotlin Gradle Plugin gradle82 variant
[        ] kotlin scripting plugin: created the scripting discovery configuration: kotlinScriptDef
[        ] kotlin scripting plugin: created the scripting discovery configuration: testKotlinScriptDef
[        ] file or directory '/Users/anas/development/flutter/packages/flutter_tools/gradle/src/main/java', not found
[        ] Resolve mutations for :gradle:checkKotlinGradlePluginConfigurationErrors (Thread[#1817,Execution worker,5,main]) started.
[        ] :gradle:checkKotlinGradlePluginConfigurationErrors (Thread[#1817,Execution worker,5,main]) started.
[        ] > Task :gradle:checkKotlinGradlePluginConfigurationErrors
[        ] Caching disabled for task ':gradle:checkKotlinGradlePluginConfigurationErrors' because:
[        ]   Build cache is disabled
[        ] Task ':gradle:checkKotlinGradlePluginConfigurationErrors' is not up-to-date because:
[        ]   Task has not declared any outputs despite executing actions.
[        ] Resolve mutations for :gradle:compileKotlin (Thread[#1817,Execution worker,5,main]) started.
[        ] :gradle:compileKotlin (Thread[#1817,Execution worker,5,main]) started.
[        ] > Task :gradle:compileKotlin UP-TO-DATE
[        ] Transforming gradle-api-8.10.2.jar with ClasspathEntrySnapshotTransform
[        ] Transforming groovy-3.0.22.jar with ClasspathEntrySnapshotTransform
[        ] Transforming groovy-ant-3.0.22.jar with ClasspathEntrySnapshotTransform
[        ] Transforming groovy-astbuilder-3.0.22.jar with ClasspathEntrySnapshotTransform
[        ] Transforming groovy-console-3.0.22.jar with ClasspathEntrySnapshotTransform
[        ] Transforming groovy-datetime-3.0.22.jar with ClasspathEntrySnapshotTransform
[        ] Transforming groovy-dateutil-3.0.22.jar with ClasspathEntrySnapshotTransform
[        ] Transforming groovy-groovydoc-3.0.22.jar with ClasspathEntrySnapshotTransform
[        ] Transforming groovy-json-3.0.22.jar with ClasspathEntrySnapshotTransform
[        ] Transforming groovy-nio-3.0.22.jar with ClasspathEntrySnapshotTransform
[        ] Transforming groovy-sql-3.0.22.jar with ClasspathEntrySnapshotTransform
[        ] Transforming groovy-templates-3.0.22.jar with ClasspathEntrySnapshotTransform
[        ] Transforming groovy-test-3.0.22.jar with ClasspathEntrySnapshotTransform
[        ] Transforming groovy-xml-3.0.22.jar with ClasspathEntrySnapshotTransform
[        ] Transforming javaparser-core-3.17.0.jar with ClasspathEntrySnapshotTransform
[        ] Transforming kotlin-reflect-1.9.24.jar with ClasspathEntrySnapshotTransform
[        ] Transforming kotlin-stdlib-1.9.24.jar with ClasspathEntrySnapshotTransform
[        ] Transforming gradle-installation-beacon-8.10.2.jar with ClasspathEntrySnapshotTransform
[        ] Transforming gradle-kotlin-dsl-extensions-8.10.2.jar with ClasspathEntrySnapshotTransform
[        ] Transforming gradle-kotlin-dsl-8.10.2.jar with ClasspathEntrySnapshotTransform
[        ] Transforming gradle-kotlin-dsl-shared-runtime-8.10.2.jar with ClasspathEntrySnapshotTransform
[        ] Transforming gradle-kotlin-dsl-tooling-models-8.10.2.jar with ClasspathEntrySnapshotTransform
[        ] Transforming gradle-8.7.3.jar with ClasspathEntrySnapshotTransform
[        ] Transforming kotlin-reflect-1.9.24.jar with ClasspathEntrySnapshotTransform
[        ] Transforming kotlin-stdlib-1.9.24.jar with ClasspathEntrySnapshotTransform
[        ] Transforming builder-8.7.3.jar with ClasspathEntrySnapshotTransform
[        ] Transforming builder-model-8.7.3.jar with ClasspathEntrySnapshotTransform
[        ] Transforming gradle-api-8.7.3.jar with ClasspathEntrySnapshotTransform
[        ] Transforming annotations-13.0.jar with ClasspathEntrySnapshotTransform
[        ] Transforming manifest-merger-31.7.3.jar with ClasspathEntrySnapshotTransform
[        ] Transforming zipflinger-8.7.3.jar with ClasspathEntrySnapshotTransform
[        ] Transforming apksig-8.7.3.jar with ClasspathEntrySnapshotTransform
[        ] Transforming apkzlib-8.7.3.jar with ClasspathEntrySnapshotTransform
[        ] Transforming javawriter-2.5.0.jar with ClasspathEntrySnapshotTransform
[        ] Transforming asm-9.6.jar with ClasspathEntrySnapshotTransform
[        ] Caching disabled for task ':gradle:compileKotlin' because:
[        ]   Build cache is disabled
[        ] Skipping task ':gradle:compileKotlin' as it is up-to-date.
[        ] Resolve mutations for :gradle:compileJava (Thread[#1817,Execution worker,5,main]) started.
[        ] :gradle:compileJava (Thread[#1817,Execution worker,5,main]) started.
[        ] > Task :gradle:compileJava NO-SOURCE
[        ] Skipping task ':gradle:compileJava' as it has no source files and no previous output files.
[        ] Resolve mutations for :gradle:compileGroovy (Thread[#1817,Execution worker,5,main]) started.
[        ] :gradle:compileGroovy (Thread[#1817,Execution worker,5,main]) started.
[        ] > Task :gradle:compileGroovy UP-TO-DATE
[        ] Caching disabled for task ':gradle:compileGroovy' because:
[        ]   Build cache is disabled
[        ] Skipping task ':gradle:compileGroovy' as it is up-to-date.
[        ] Resolve mutations for :gradle:pluginDescriptors (Thread[#1817,Execution worker,5,main]) started.
[        ] :gradle:pluginDescriptors (Thread[#1831,Execution worker Thread 14,5,main]) started.
[        ] > Task :gradle:pluginDescriptors UP-TO-DATE
[        ] Caching disabled for task ':gradle:pluginDescriptors' because:
[        ]   Build cache is disabled
[        ]   Not worth caching
[        ] Skipping task ':gradle:pluginDescriptors' as it is up-to-date.
[        ] Resolve mutations for :gradle:processResources (Thread[#1831,Execution worker Thread 14,5,main]) started.
[        ] :gradle:processResources (Thread[#1831,Execution worker Thread 14,5,main]) started.
[        ] > Task :gradle:processResources UP-TO-DATE
[        ] Caching disabled for task ':gradle:processResources' because:
[        ]   Build cache is disabled
[        ]   Not worth caching
[        ] Skipping task ':gradle:processResources' as it is up-to-date.
[        ] Resolve mutations for :gradle:classes (Thread[#1831,Execution worker Thread 14,5,main]) started.
[        ] :gradle:classes (Thread[#1822,Execution worker Thread 6,5,main]) started.
[        ] > Task :gradle:classes UP-TO-DATE
[        ] Skipping task ':gradle:classes' as it has no actions.
[        ] Resolve mutations for :gradle:jar (Thread[#1822,Execution worker Thread 6,5,main]) started.
[        ] :gradle:jar (Thread[#1822,Execution worker Thread 6,5,main]) started.
[        ] > Task :gradle:jar UP-TO-DATE
[        ] Caching disabled for task ':gradle:jar' because:
[        ]   Build cache is disabled
[        ]   Not worth caching
[        ] Skipping task ':gradle:jar' as it is up-to-date.
[        ] Transforming gradle-8.7.0.jar (com.android.tools.build:gradle:8.7.0) with InstrumentationAnalysisTransform
[        ] Transforming gradle-settings-api-8.7.0.jar (com.android.tools.build:gradle-settings-api:8.7.0) with InstrumentationAnalysisTransform
[        ] Transforming lint-model-31.7.0.jar (com.android.tools.lint:lint-model:31.7.0) with InstrumentationAnalysisTransform
[        ] Transforming builder-8.7.0.jar (com.android.tools.build:builder:8.7.0) with InstrumentationAnalysisTransform
[        ] Transforming manifest-merger-31.7.0.jar (com.android.tools.build:manifest-merger:31.7.0) with InstrumentationAnalysisTransform
[        ] Transforming sdk-common-31.7.0.jar (com.android.tools:sdk-common:31.7.0) with InstrumentationAnalysisTransform
[        ] Transforming sdklib-31.7.0.jar (com.android.tools:sdklib:31.7.0) with InstrumentationAnalysisTransform
[        ] Transforming repository-31.7.0.jar (com.android.tools:repository:31.7.0) with InstrumentationAnalysisTransform
[        ] Transforming aaptcompiler-8.7.0.jar (com.android.tools.build:aaptcompiler:8.7.0) with InstrumentationAnalysisTransform
[        ] Transforming tracker-31.7.0.jar (com.android.tools.analytics-library:tracker:31.7.0) with InstrumentationAnalysisTransform
[        ] Transforming shared-31.7.0.jar (com.android.tools.analytics-library:shared:31.7.0) with InstrumentationAnalysisTransform
[        ] Transforming databinding-compiler-common-8.7.0.jar (androidx.databinding:databinding-compiler-common:8.7.0) with InstrumentationAnalysisTransform
[        ] Transforming android-test-plugin-host-emulator-control-proto-31.7.0.jar (com.android.tools.utp:android-test-plugin-host-emulator-control-proto:31.7.0) with InstrumentationAnalysisTransform
[        ] Transforming android-test-plugin-host-retention-proto-31.7.0.jar (com.android.tools.utp:android-test-plugin-host-retention-proto:31.7.0) with InstrumentationAnalysisTransform
[        ] Transforming builder-model-8.7.0.jar (com.android.tools.build:builder-model:8.7.0) with InstrumentationAnalysisTransform
[        ] Transforming gradle-api-8.7.0.jar (com.android.tools.build:gradle-api:8.7.0) with InstrumentationAnalysisTransform
[        ] Transforming google-services-4.3.15.jar (com.google.gms:google-services:4.3.15) with InstrumentationAnalysisTransform
[        ] Transforming strict-version-matcher-plugin-1.2.4.jar (com.google.android.gms:strict-version-matcher-plugin:1.2.4) with InstrumentationAnalysisTransform
[        ] Transforming builder-test-api-8.7.0.jar (com.android.tools.build:builder-test-api:8.7.0) with InstrumentationAnalysisTransform
[        ] Transforming ddmlib-31.7.0.jar (com.android.tools.ddms:ddmlib:31.7.0) with InstrumentationAnalysisTransform
[        ] Transforming layoutlib-api-31.7.0.jar (com.android.tools.layoutlib:layoutlib-api:31.7.0) with InstrumentationAnalysisTransform
[        ] Transforming dvlib-31.7.0.jar (com.android.tools:dvlib:31.7.0) with InstrumentationAnalysisTransform
[        ] Transforming common-31.7.0.jar (com.android.tools:common:31.7.0) with InstrumentationAnalysisTransform
[        ] Transforming kotlin-stdlib-jdk8-1.9.20.jar (org.jetbrains.kotlin:kotlin-stdlib-jdk8:1.9.20) with InstrumentationAnalysisTransform
[        ] Transforming jetifier-processor-1.0.0-beta10.jar (com.android.tools.build.jetifier:jetifier-processor:1.0.0-beta10) with InstrumentationAnalysisTransform
[        ] Transforming jetifier-core-1.0.0-beta10.jar (com.android.tools.build.jetifier:jetifier-core:1.0.0-beta10) with InstrumentationAnalysisTransform
[        ] Transforming kotlin-reflect-1.9.24.jar (org.jetbrains.kotlin:kotlin-reflect:1.9.24) with InstrumentationAnalysisTransform
[        ] Transforming kotlin-stdlib-jdk7-1.9.20.jar (org.jetbrains.kotlin:kotlin-stdlib-jdk7:1.9.20) with InstrumentationAnalysisTransform
[        ] Transforming kotlin-stdlib-1.9.24.jar (org.jetbrains.kotlin:kotlin-stdlib:1.9.24) with InstrumentationAnalysisTransform
[        ] Transforming annotations-13.0.jar (org.jetbrains:annotations:13.0) with InstrumentationAnalysisTransform
[        ] Transforming kotlin-gradle-plugin-model-1.8.22.jar (org.jetbrains.kotlin:kotlin-gradle-plugin-model:1.8.22) with InstrumentationAnalysisTransform
[        ] Transforming kotlin-gradle-plugin-api-1.8.22-gradle76.jar (org.jetbrains.kotlin:kotlin-gradle-plugin-api:1.8.22) with InstrumentationAnalysisTransform
[        ] Transforming kotlin-gradle-plugin-api-1.8.22.jar (org.jetbrains.kotlin:kotlin-gradle-plugin-api:1.8.22) with InstrumentationAnalysisTransform
[        ] Transforming kotlin-gradle-plugin-1.8.22-gradle76.jar (org.jetbrains.kotlin:kotlin-gradle-plugin:1.8.22) with InstrumentationAnalysisTransform
[        ] Transforming bundletool-1.17.1.jar (com.android.tools.build:bundletool:1.17.1) with InstrumentationAnalysisTransform
[        ] Transforming aapt2-proto-8.7.0-12006047.jar (com.android.tools.build:aapt2-proto:8.7.0-12006047) with InstrumentationAnalysisTransform
[        ] Transforming crash-31.7.0.jar (com.android.tools.analytics-library:crash:31.7.0) with InstrumentationAnalysisTransform
[        ] Transforming lint-typedef-remover-31.7.0.jar (com.android.tools.lint:lint-typedef-remover:31.7.0) with InstrumentationAnalysisTransform
[        ] Transforming databinding-common-8.7.0.jar (androidx.databinding:databinding-common:8.7.0) with InstrumentationAnalysisTransform
[        ] Transforming baseLibrary-8.7.0.jar (com.android.databinding:baseLibrary:8.7.0) with InstrumentationAnalysisTransform
[        ] Transforming android-device-provider-ddmlib-proto-31.7.0.jar (com.android.tools.utp:android-device-provider-ddmlib-proto:31.7.0) with InstrumentationAnalysisTransform
[        ] Transforming android-device-provider-gradle-proto-31.7.0.jar (com.android.tools.utp:android-device-provider-gradle-proto:31.7.0) with InstrumentationAnalysisTransform
[        ] Transforming android-device-provider-profile-proto-31.7.0.jar (com.android.tools.utp:android-device-provider-profile-proto:31.7.0) with InstrumentationAnalysisTransform
[        ] Transforming android-test-plugin-host-additional-test-output-proto-31.7.0.jar (com.android.tools.utp:android-test-plugin-host-additional-test-output-proto:31.7.0) with InstrumentationAnalysisTransform
[        ] Transforming android-test-plugin-host-coverage-proto-31.7.0.jar (com.android.tools.utp:android-test-plugin-host-coverage-proto:31.7.0) with InstrumentationAnalysisTransform
[        ] Transforming android-test-plugin-host-logcat-proto-31.7.0.jar (com.android.tools.utp:android-test-plugin-host-logcat-proto:31.7.0) with InstrumentationAnalysisTransform
[        ] Transforming android-test-plugin-host-apk-installer-proto-31.7.0.jar (com.android.tools.utp:android-test-plugin-host-apk-installer-proto:31.7.0) with InstrumentationAnalysisTransform
[        ] Transforming android-test-plugin-result-listener-gradle-proto-31.7.0.jar (com.android.tools.utp:android-test-plugin-result-listener-gradle-proto:31.7.0) with InstrumentationAnalysisTransform
[        ] Transforming transform-api-2.0.0-deprecated-use-gradle-api.jar (com.android.tools.build:transform-api:2.0.0-deprecated-use-gradle-api) with InstrumentationAnalysisTransform
[        ] Transforming httpmime-4.5.6.jar (org.apache.httpcomponents:httpmime:4.5.6) with InstrumentationAnalysisTransform
[        ] Transforming commons-io-2.13.0.jar (commons-io:commons-io:2.13.0) with InstrumentationAnalysisTransform
[        ] Transforming asm-commons-9.6.jar (org.ow2.asm:asm-commons:9.6) with InstrumentationAnalysisTransform
[        ] Transforming asm-util-9.6.jar (org.ow2.asm:asm-util:9.6) with InstrumentationAnalysisTransform
[        ] Transforming asm-analysis-9.6.jar (org.ow2.asm:asm-analysis:9.6) with InstrumentationAnalysisTransform
[        ] Transforming asm-tree-9.6.jar (org.ow2.asm:asm-tree:9.6) with InstrumentationAnalysisTransform
[        ] Transforming asm-9.6.jar (org.ow2.asm:asm:9.6) with InstrumentationAnalysisTransform
[        ] Transforming apkzlib-8.7.0.jar (com.android.tools.build:apkzlib:8.7.0) with InstrumentationAnalysisTransform
[        ] Transforming bcpkix-jdk18on-1.77.jar (org.bouncycastle:bcpkix-jdk18on:1.77) with InstrumentationAnalysisTransform
[        ] Transforming jaxb-runtime-2.3.2.jar (org.glassfish.jaxb:jaxb-runtime:2.3.2) with InstrumentationAnalysisTransform
[        ] Transforming jopt-simple-4.9.jar (net.sf.jopt-simple:jopt-simple:4.9) with InstrumentationAnalysisTransform
[        ] Transforming javapoet-1.10.0.jar (com.squareup:javapoet:1.10.0) with InstrumentationAnalysisTransform
[        ] Transforming protobuf-java-util-3.22.3.jar (com.google.protobuf:protobuf-java-util:3.22.3) with InstrumentationAnalysisTransform
[        ] Transforming grpc-protobuf-1.57.0.jar (io.grpc:grpc-protobuf:1.57.0) with InstrumentationAnalysisTransform
[        ] Transforming tink-1.7.0.jar (com.google.crypto.tink:tink:1.7.0) with InstrumentationAnalysisTransform
[        ] Transforming protos-31.7.0.jar (com.android.tools.analytics-library:protos:31.7.0) with InstrumentationAnalysisTransform
[        ] Transforming proto-google-common-protos-2.17.0.jar (com.google.api.grpc:proto-google-common-protos:2.17.0) with InstrumentationAnalysisTransform
[        ] Transforming protobuf-java-3.22.3.jar (com.google.protobuf:protobuf-java:3.22.3) with InstrumentationAnalysisTransform
[        ] Transforming grpc-netty-1.57.0.jar (io.grpc:grpc-netty:1.57.0) with InstrumentationAnalysisTransform
[        ] Transforming grpc-core-1.57.0.jar (io.grpc:grpc-core:1.57.0) with InstrumentationAnalysisTransform
[        ] Transforming gson-2.10.1.jar (com.google.code.gson:gson:2.10.1) with InstrumentationAnalysisTransform
[        ] Transforming grpc-stub-1.57.0.jar (io.grpc:grpc-stub:1.57.0) with InstrumentationAnalysisTransform
[        ] Transforming core-proto-0.0.9-alpha02.jar (com.google.testing.platform:core-proto:0.0.9-alpha02) with InstrumentationAnalysisTransform
[        ] Transforming tensorflow-lite-metadata-0.1.0-rc2.jar (org.tensorflow:tensorflow-lite-metadata:0.1.0-rc2) with InstrumentationAnalysisTransform
[        ] Transforming flatbuffers-java-1.12.0.jar (com.google.flatbuffers:flatbuffers-java:1.12.0) with InstrumentationAnalysisTransform
[        ] Transforming jimfs-1.1.jar (com.google.jimfs:jimfs:1.1) with InstrumentationAnalysisTransform
[        ] Transforming grpc-context-1.57.0.jar (io.grpc:grpc-context:1.57.0) with InstrumentationAnalysisTransform
[        ] Transforming grpc-protobuf-lite-1.57.0.jar (io.grpc:grpc-protobuf-lite:1.57.0) with InstrumentationAnalysisTransform
[        ] Transforming grpc-api-1.57.0.jar (io.grpc:grpc-api:1.57.0) with InstrumentationAnalysisTransform
[        ] Transforming guava-32.0.1-jre.jar (com.google.guava:guava:32.0.1-jre) with InstrumentationAnalysisTransform
[        ] Transforming kotlin-gradle-plugin-idea-proto-1.8.22.jar (org.jetbrains.kotlin:kotlin-gradle-plugin-idea-proto:1.8.22) with InstrumentationAnalysisTransform
[        ] Transforming kotlin-gradle-plugin-idea-1.8.22.jar (org.jetbrains.kotlin:kotlin-gradle-plugin-idea:1.8.22) with InstrumentationAnalysisTransform
[        ] Transforming kotlin-project-model-1.8.22.jar (org.jetbrains.kotlin:kotlin-project-model:1.8.22) with InstrumentationAnalysisTransform
[        ] Transforming kotlin-tooling-core-1.8.22.jar (org.jetbrains.kotlin:kotlin-tooling-core:1.8.22) with InstrumentationAnalysisTransform
[        ] Transforming kotlin-util-klib-1.8.22.jar (org.jetbrains.kotlin:kotlin-util-klib:1.8.22) with InstrumentationAnalysisTransform
[        ] Transforming kotlin-klib-commonizer-api-1.8.22.jar (org.jetbrains.kotlin:kotlin-klib-commonizer-api:1.8.22) with InstrumentationAnalysisTransform
[        ] Transforming kotlin-annotation-processing-gradle-1.8.22.jar (org.jetbrains.kotlin:kotlin-annotation-processing-gradle:1.8.22) with InstrumentationAnalysisTransform
[        ] Transforming kotlin-android-extensions-1.8.22.jar (org.jetbrains.kotlin:kotlin-android-extensions:1.8.22) with InstrumentationAnalysisTransform
[        ] Transforming kotlin-compiler-runner-1.8.22.jar (org.jetbrains.kotlin:kotlin-compiler-runner:1.8.22) with InstrumentationAnalysisTransform
[        ] Transforming kotlin-compiler-embeddable-1.8.22.jar (org.jetbrains.kotlin:kotlin-compiler-embeddable:1.8.22) with InstrumentationAnalysisTransform
[        ] Transforming kotlin-scripting-compiler-embeddable-1.8.22.jar (org.jetbrains.kotlin:kotlin-scripting-compiler-embeddable:1.8.22) with InstrumentationAnalysisTransform
[        ] Transforming kotlin-scripting-compiler-impl-embeddable-1.8.22.jar (org.jetbrains.kotlin:kotlin-scripting-compiler-impl-embeddable:1.8.22) with InstrumentationAnalysisTransform
[        ] Transforming dagger-2.28.3.jar (com.google.dagger:dagger:2.28.3) with InstrumentationAnalysisTransform
[        ] Transforming javax.inject-1.jar (javax.inject:javax.inject:1) with InstrumentationAnalysisTransform
[        ] Transforming kxml2-2.3.0.jar (net.sf.kxml:kxml2:2.3.0) with InstrumentationAnalysisTransform
[        ] Transforming bcutil-jdk18on-1.77.jar (org.bouncycastle:bcutil-jdk18on:1.77) with InstrumentationAnalysisTransform
[        ] Transforming bcprov-jdk18on-1.77.jar (org.bouncycastle:bcprov-jdk18on:1.77) with InstrumentationAnalysisTransform
[  +63 ms] Transforming trove4j-1.0.20200330.jar (org.jetbrains.intellij.deps:trove4j:1.0.20200330) with InstrumentationAnalysisTransform
[        ] Transforming commons-compress-1.21.jar (org.apache.commons:commons-compress:1.21) with InstrumentationAnalysisTransform
[        ] Transforming httpclient-4.5.14.jar (org.apache.httpcomponents:httpclient:4.5.14) with InstrumentationAnalysisTransform
[        ] Transforming httpcore-4.4.16.jar (org.apache.httpcomponents:httpcore:4.4.16) with InstrumentationAnalysisTransform
[        ] Transforming javax.activation-1.2.0.jar (com.sun.activation:javax.activation:1.2.0) with InstrumentationAnalysisTransform
[        ] Transforming signflinger-8.7.0.jar (com.android:signflinger:8.7.0) with InstrumentationAnalysisTransform
[        ] Transforming zipflinger-8.7.0.jar (com.android:zipflinger:8.7.0) with InstrumentationAnalysisTransform
[        ] Transforming annotations-31.7.0.jar (com.android.tools:annotations:31.7.0) with InstrumentationAnalysisTransform
[        ] Transforming jna-platform-5.6.0.jar (net.java.dev.jna:jna-platform:5.6.0) with InstrumentationAnalysisTransform
[        ] Transforming juniversalchardet-1.0.3.jar (com.googlecode.juniversalchardet:juniversalchardet:1.0.3) with InstrumentationAnalysisTransform
[        ] Transforming javax.annotation-api-1.3.2.jar (javax.annotation:javax.annotation-api:1.3.2) with InstrumentationAnalysisTransform
[        ] Transforming stax-ex-1.8.1.jar (org.jvnet.staxex:stax-ex:1.8.1) with InstrumentationAnalysisTransform
[        ] Transforming jakarta.xml.bind-api-2.3.2.jar (jakarta.xml.bind:jakarta.xml.bind-api:2.3.2) with InstrumentationAnalysisTransform
[        ] Transforming txw2-2.3.2.jar (org.glassfish.jaxb:txw2:2.3.2) with InstrumentationAnalysisTransform
[        ] Transforming istack-commons-runtime-3.0.8.jar (com.sun.istack:istack-commons-runtime:3.0.8) with InstrumentationAnalysisTransform
[        ] Transforming FastInfoset-1.2.16.jar (com.sun.xml.fastinfoset:FastInfoset:1.2.16) with InstrumentationAnalysisTransform
[        ] Transforming jakarta.activation-api-1.2.1.jar (jakarta.activation:jakarta.activation-api:1.2.1) with InstrumentationAnalysisTransform
[        ] Transforming auto-value-annotations-1.6.2.jar (com.google.auto.value:auto-value-annotations:1.6.2) with InstrumentationAnalysisTransform
[        ] Transforming error_prone_annotations-2.18.0.jar (com.google.errorprone:error_prone_annotations:2.18.0) with InstrumentationAnalysisTransform
[        ] Transforming jose4j-0.9.5.jar (org.bitbucket.b_c:jose4j:0.9.5) with InstrumentationAnalysisTransform
[        ] Transforming slf4j-api-1.7.30.jar (org.slf4j:slf4j-api:1.7.30) with InstrumentationAnalysisTransform
[        ] Transforming jdom2-2.0.6.jar (org.jdom:jdom2:2.0.6) with InstrumentationAnalysisTransform
[        ] Transforming jsr305-3.0.2.jar (com.google.code.findbugs:jsr305:3.0.2) with InstrumentationAnalysisTransform
[        ] Transforming j2objc-annotations-2.8.jar (com.google.j2objc:j2objc-annotations:2.8) with InstrumentationAnalysisTransform
[        ] Transforming annotations-4.1.1.4.jar (com.google.android:annotations:4.1.1.4) with InstrumentationAnalysisTransform
[        ] Transforming animal-sniffer-annotations-1.23.jar (org.codehaus.mojo:animal-sniffer-annotations:1.23) with InstrumentationAnalysisTransform
[        ] Transforming perfmark-api-0.26.0.jar (io.perfmark:perfmark-api:0.26.0) with InstrumentationAnalysisTransform
[        ] Transforming netty-codec-http2-4.1.93.Final.jar (io.netty:netty-codec-http2:4.1.93.Final) with InstrumentationAnalysisTransform
[        ] Transforming netty-handler-proxy-4.1.93.Final.jar (io.netty:netty-handler-proxy:4.1.93.Final) with InstrumentationAnalysisTransform
[        ] Transforming netty-codec-http-4.1.93.Final.jar (io.netty:netty-codec-http:4.1.93.Final) with InstrumentationAnalysisTransform
[        ] Transforming netty-handler-4.1.93.Final.jar (io.netty:netty-handler:4.1.93.Final) with InstrumentationAnalysisTransform
[        ] Transforming netty-transport-native-unix-common-4.1.93.Final.jar (io.netty:netty-transport-native-unix-common:4.1.93.Final) with InstrumentationAnalysisTransform
[        ] Transforming checker-qual-3.33.0.jar (org.checkerframework:checker-qual:3.33.0) with InstrumentationAnalysisTransform
[        ] Transforming commons-codec-1.11.jar (commons-codec:commons-codec:1.11) with InstrumentationAnalysisTransform
[        ] Transforming apksig-8.7.0.jar (com.android.tools.build:apksig:8.7.0) with InstrumentationAnalysisTransform
[        ] Transforming javawriter-2.5.0.jar (com.squareup:javawriter:2.5.0) with InstrumentationAnalysisTransform
[        ] Transforming kotlin-gradle-plugin-annotations-1.8.22.jar (org.jetbrains.kotlin:kotlin-gradle-plugin-annotations:1.8.22) with InstrumentationAnalysisTransform
[        ] Transforming kotlin-native-utils-1.8.22.jar (org.jetbrains.kotlin:kotlin-native-utils:1.8.22) with InstrumentationAnalysisTransform
[        ] Transforming kotlin-util-io-1.8.22.jar (org.jetbrains.kotlin:kotlin-util-io:1.8.22) with InstrumentationAnalysisTransform
[        ] Transforming kotlin-daemon-embeddable-1.8.22.jar (org.jetbrains.kotlin:kotlin-daemon-embeddable:1.8.22) with InstrumentationAnalysisTransform
[        ] Transforming jna-5.6.0.jar (net.java.dev.jna:jna:5.6.0) with InstrumentationAnalysisTransform
[        ] Transforming kotlin-daemon-client-1.8.22.jar (org.jetbrains.kotlin:kotlin-daemon-client:1.8.22) with InstrumentationAnalysisTransform
[        ] Transforming kotlinx-coroutines-core-jvm-1.5.0.jar (org.jetbrains.kotlinx:kotlinx-coroutines-core-jvm:1.5.0) with InstrumentationAnalysisTransform
[        ] Transforming kotlin-scripting-jvm-1.8.22.jar (org.jetbrains.kotlin:kotlin-scripting-jvm:1.8.22) with InstrumentationAnalysisTransform
[        ] Transforming kotlin-scripting-common-1.8.22.jar (org.jetbrains.kotlin:kotlin-scripting-common:1.8.22) with InstrumentationAnalysisTransform
[        ] Transforming failureaccess-1.0.1.jar (com.google.guava:failureaccess:1.0.1) with InstrumentationAnalysisTransform
[        ] Transforming listenablefuture-9999.0-empty-to-avoid-conflict-with-guava.jar (com.google.guava:listenablefuture:9999.0-empty-to-avoid-conflict-with-guava) with InstrumentationAnalysisTransform
[        ] Transforming commons-logging-1.2.jar (commons-logging:commons-logging:1.2) with InstrumentationAnalysisTransform
[        ] Transforming netty-codec-socks-4.1.93.Final.jar (io.netty:netty-codec-socks:4.1.93.Final) with InstrumentationAnalysisTransform
[        ] Transforming netty-codec-4.1.93.Final.jar (io.netty:netty-codec:4.1.93.Final) with InstrumentationAnalysisTransform
[        ] Transforming netty-transport-4.1.93.Final.jar (io.netty:netty-transport:4.1.93.Final) with InstrumentationAnalysisTransform
[        ] Transforming netty-buffer-4.1.93.Final.jar (io.netty:netty-buffer:4.1.93.Final) with InstrumentationAnalysisTransform
[        ] Transforming netty-resolver-4.1.93.Final.jar (io.netty:netty-resolver:4.1.93.Final) with InstrumentationAnalysisTransform
[        ] Transforming netty-common-4.1.93.Final.jar (io.netty:netty-common:4.1.93.Final) with InstrumentationAnalysisTransform
[        ] Transforming main (project :gradle) with InstrumentationAnalysisTransform
[        ] Transforming main (project :gradle) with InstrumentationAnalysisTransform
[        ] Transforming main (project :gradle) with InstrumentationAnalysisTransform
[        ] Transforming gradle-8.7.0.jar (com.android.tools.build:gradle:8.7.0) with InstrumentationAnalysisTransform
[        ] Transforming gradle-8.7.0.jar (com.android.tools.build:gradle:8.7.0) with MergeInstrumentationAnalysisTransform
[        ] Transforming gradle-settings-api-8.7.0.jar (com.android.tools.build:gradle-settings-api:8.7.0) with InstrumentationAnalysisTransform
[        ] Transforming gradle-settings-api-8.7.0.jar (com.android.tools.build:gradle-settings-api:8.7.0) with MergeInstrumentationAnalysisTransform
[        ] Transforming gradle-8.7.0.jar (com.android.tools.build:gradle:8.7.0) with ExternalDependencyInstrumentingArtifactTransform
[        ] Transforming lint-model-31.7.0.jar (com.android.tools.lint:lint-model:31.7.0) with InstrumentationAnalysisTransform
[        ] Transforming lint-model-31.7.0.jar (com.android.tools.lint:lint-model:31.7.0) with MergeInstrumentationAnalysisTransform
[        ] Transforming gradle-settings-api-8.7.0.jar (com.android.tools.build:gradle-settings-api:8.7.0) with ExternalDependencyInstrumentingArtifactTransform
[        ] Transforming builder-8.7.0.jar (com.android.tools.build:builder:8.7.0) with InstrumentationAnalysisTransform
[        ] Transforming builder-8.7.0.jar (com.android.tools.build:builder:8.7.0) with MergeInstrumentationAnalysisTransform
[        ] Transforming lint-model-31.7.0.jar (com.android.tools.lint:lint-model:31.7.0) with ExternalDependencyInstrumentingArtifactTransform
[        ] Transforming manifest-merger-31.7.0.jar (com.android.tools.build:manifest-merger:31.7.0) with InstrumentationAnalysisTransform
[        ] Transforming builder-8.7.0.jar (com.android.tools.build:builder:8.7.0) with ExternalDependencyInstrumentingArtifactTransform
[        ] Transforming manifest-merger-31.7.0.jar (com.android.tools.build:manifest-merger:31.7.0) with MergeInstrumentationAnalysisTransform
[        ] Transforming sdk-common-31.7.0.jar (com.android.tools:sdk-common:31.7.0) with InstrumentationAnalysisTransform
[        ] Transforming sdk-common-31.7.0.jar (com.android.tools:sdk-common:31.7.0) with MergeInstrumentationAnalysisTransform
[        ] Transforming manifest-merger-31.7.0.jar (com.android.tools.build:manifest-merger:31.7.0) with ExternalDependencyInstrumentingArtifactTransform
[        ] Transforming sdklib-31.7.0.jar (com.android.tools:sdklib:31.7.0) with InstrumentationAnalysisTransform
[        ] Transforming sdk-common-31.7.0.jar (com.android.tools:sdk-common:31.7.0) with ExternalDependencyInstrumentingArtifactTransform
[        ] Transforming sdklib-31.7.0.jar (com.android.tools:sdklib:31.7.0) with MergeInstrumentationAnalysisTransform
[        ] Transforming repository-31.7.0.jar (com.android.tools:repository:31.7.0) with InstrumentationAnalysisTransform
[        ] Transforming repository-31.7.0.jar (com.android.tools:repository:31.7.0) with MergeInstrumentationAnalysisTransform
[        ] Transforming sdklib-31.7.0.jar (com.android.tools:sdklib:31.7.0) with ExternalDependencyInstrumentingArtifactTransform
[        ] Transforming aaptcompiler-8.7.0.jar (com.android.tools.build:aaptcompiler:8.7.0) with InstrumentationAnalysisTransform
[        ] Transforming aaptcompiler-8.7.0.jar (com.android.tools.build:aaptcompiler:8.7.0) with MergeInstrumentationAnalysisTransform
[        ] Transforming repository-31.7.0.jar (com.android.tools:repository:31.7.0) with ExternalDependencyInstrumentingArtifactTransform
[        ] Transforming tracker-31.7.0.jar (com.android.tools.analytics-library:tracker:31.7.0) with InstrumentationAnalysisTransform
[        ] Transforming tracker-31.7.0.jar (com.android.tools.analytics-library:tracker:31.7.0) with MergeInstrumentationAnalysisTransform
[        ] Transforming aaptcompiler-8.7.0.jar (com.android.tools.build:aaptcompiler:8.7.0) with ExternalDependencyInstrumentingArtifactTransform
[        ] Transforming shared-31.7.0.jar (com.android.tools.analytics-library:shared:31.7.0) with InstrumentationAnalysisTransform
[        ] Transforming shared-31.7.0.jar (com.android.tools.analytics-library:shared:31.7.0) with MergeInstrumentationAnalysisTransform
[        ] Transforming tracker-31.7.0.jar (com.android.tools.analytics-library:tracker:31.7.0) with ExternalDependencyInstrumentingArtifactTransform
[        ] Transforming databinding-compiler-common-8.7.0.jar (androidx.databinding:databinding-compiler-common:8.7.0) with InstrumentationAnalysisTransform
[        ] Transforming databinding-compiler-common-8.7.0.jar (androidx.databinding:databinding-compiler-common:8.7.0) with MergeInstrumentationAnalysisTransform
[        ] Transforming shared-31.7.0.jar (com.android.tools.analytics-library:shared:31.7.0) with ExternalDependencyInstrumentingArtifactTransform
[        ] Transforming android-test-plugin-host-emulator-control-proto-31.7.0.jar (com.android.tools.utp:android-test-plugin-host-emulator-control-proto:31.7.0) with InstrumentationAnalysisTransform
[        ] Transforming android-test-plugin-host-emulator-control-proto-31.7.0.jar (com.android.tools.utp:android-test-plugin-host-emulator-control-proto:31.7.0) with MergeInstrumentationAnalysisTransform
[        ] Transforming databinding-compiler-common-8.7.0.jar (androidx.databinding:databinding-compiler-common:8.7.0) with ExternalDependencyInstrumentingArtifactTransform
[        ] Transforming android-test-plugin-host-retention-proto-31.7.0.jar (com.android.tools.utp:android-test-plugin-host-retention-proto:31.7.0) with InstrumentationAnalysisTransform
[        ] Transforming android-test-plugin-host-retention-proto-31.7.0.jar (com.android.tools.utp:android-test-plugin-host-retention-proto:31.7.0) with MergeInstrumentationAnalysisTransform
[        ] Transforming android-test-plugin-host-emulator-control-proto-31.7.0.jar (com.android.tools.utp:android-test-plugin-host-emulator-control-proto:31.7.0) with ExternalDependencyInstrumentingArtifactTransform
[        ] Transforming builder-model-8.7.0.jar (com.android.tools.build:builder-model:8.7.0) with InstrumentationAnalysisTransform
[        ] Transforming builder-model-8.7.0.jar (com.android.tools.build:builder-model:8.7.0) with MergeInstrumentationAnalysisTransform
[        ] Transforming android-test-plugin-host-retention-proto-31.7.0.jar (com.android.tools.utp:android-test-plugin-host-retention-proto:31.7.0) with ExternalDependencyInstrumentingArtifactTransform
[        ] Transforming gradle-api-8.7.0.jar (com.android.tools.build:gradle-api:8.7.0) with InstrumentationAnalysisTransform
[        ] Transforming builder-model-8.7.0.jar (com.android.tools.build:builder-model:8.7.0) with ExternalDependencyInstrumentingArtifactTransform
[        ] Transforming gradle-api-8.7.0.jar (com.android.tools.build:gradle-api:8.7.0) with MergeInstrumentationAnalysisTransform
[        ] Transforming google-services-4.3.15.jar (com.google.gms:google-services:4.3.15) with InstrumentationAnalysisTransform
[        ] Transforming gradle-api-8.7.0.jar (com.android.tools.build:gradle-api:8.7.0) with ExternalDependencyInstrumentingArtifactTransform
[        ] Transforming google-services-4.3.15.jar (com.google.gms:google-services:4.3.15) with MergeInstrumentationAnalysisTransform
[        ] Transforming strict-version-matcher-plugin-1.2.4.jar (com.google.android.gms:strict-version-matcher-plugin:1.2.4) with InstrumentationAnalysisTransform
[        ] Transforming strict-version-matcher-plugin-1.2.4.jar (com.google.android.gms:strict-version-matcher-plugin:1.2.4) with MergeInstrumentationAnalysisTransform
[        ] Transforming builder-test-api-8.7.0.jar (com.android.tools.build:builder-test-api:8.7.0) with InstrumentationAnalysisTransform
[        ] Transforming google-services-4.3.15.jar (com.google.gms:google-services:4.3.15) with ExternalDependencyInstrumentingArtifactTransform
[        ] Transforming strict-version-matcher-plugin-1.2.4.jar (com.google.android.gms:strict-version-matcher-plugin:1.2.4) with ExternalDependencyInstrumentingArtifactTransform
[        ] Transforming builder-test-api-8.7.0.jar (com.android.tools.build:builder-test-api:8.7.0) with MergeInstrumentationAnalysisTransform
[        ] Transforming ddmlib-31.7.0.jar (com.android.tools.ddms:ddmlib:31.7.0) with InstrumentationAnalysisTransform
[        ] Transforming builder-test-api-8.7.0.jar (com.android.tools.build:builder-test-api:8.7.0) with ExternalDependencyInstrumentingArtifactTransform
[        ] Transforming ddmlib-31.7.0.jar (com.android.tools.ddms:ddmlib:31.7.0) with MergeInstrumentationAnalysisTransform
[        ] Transforming layoutlib-api-31.7.0.jar (com.android.tools.layoutlib:layoutlib-api:31.7.0) with InstrumentationAnalysisTransform
[        ] Transforming layoutlib-api-31.7.0.jar (com.android.tools.layoutlib:layoutlib-api:31.7.0) with MergeInstrumentationAnalysisTransform
[        ] Transforming ddmlib-31.7.0.jar (com.android.tools.ddms:ddmlib:31.7.0) with ExternalDependencyInstrumentingArtifactTransform
[        ] Transforming dvlib-31.7.0.jar (com.android.tools:dvlib:31.7.0) with InstrumentationAnalysisTransform
[        ] Transforming layoutlib-api-31.7.0.jar (com.android.tools.layoutlib:layoutlib-api:31.7.0) with ExternalDependencyInstrumentingArtifactTransform
[        ] Transforming dvlib-31.7.0.jar (com.android.tools:dvlib:31.7.0) with MergeInstrumentationAnalysisTransform
[        ] Transforming common-31.7.0.jar (com.android.tools:common:31.7.0) with InstrumentationAnalysisTransform
[        ] Transforming common-31.7.0.jar (com.android.tools:common:31.7.0) with MergeInstrumentationAnalysisTransform
[        ] Transforming dvlib-31.7.0.jar (com.android.tools:dvlib:31.7.0) with ExternalDependencyInstrumentingArtifactTransform
[        ] Transforming kotlin-stdlib-jdk8-1.9.20.jar (org.jetbrains.kotlin:kotlin-stdlib-jdk8:1.9.20) with InstrumentationAnalysisTransform
[        ] Transforming common-31.7.0.jar (com.android.tools:common:31.7.0) with ExternalDependencyInstrumentingArtifactTransform
[        ] Transforming kotlin-stdlib-jdk8-1.9.20.jar (org.jetbrains.kotlin:kotlin-stdlib-jdk8:1.9.20) with MergeInstrumentationAnalysisTransform
[        ] Transforming jetifier-processor-1.0.0-beta10.jar (com.android.tools.build.jetifier:jetifier-processor:1.0.0-beta10) with InstrumentationAnalysisTransform
[        ] Transforming kotlin-stdlib-jdk8-1.9.20.jar (org.jetbrains.kotlin:kotlin-stdlib-jdk8:1.9.20) with ExternalDependencyInstrumentingArtifactTransform
[        ] Transforming jetifier-processor-1.0.0-beta10.jar (com.android.tools.build.jetifier:jetifier-processor:1.0.0-beta10) with MergeInstrumentationAnalysisTransform
[        ] Transforming jetifier-core-1.0.0-beta10.jar (com.android.tools.build.jetifier:jetifier-core:1.0.0-beta10) with InstrumentationAnalysisTransform
[        ] Transforming jetifier-processor-1.0.0-beta10.jar (com.android.tools.build.jetifier:jetifier-processor:1.0.0-beta10) with ExternalDependencyInstrumentingArtifactTransform
[        ] Transforming jetifier-core-1.0.0-beta10.jar (com.android.tools.build.jetifier:jetifier-core:1.0.0-beta10) with MergeInstrumentationAnalysisTransform
[        ] Transforming kotlin-reflect-1.9.24.jar (org.jetbrains.kotlin:kotlin-reflect:1.9.24) with InstrumentationAnalysisTransform
[        ] Transforming jetifier-core-1.0.0-beta10.jar (com.android.tools.build.jetifier:jetifier-core:1.0.0-beta10) with ExternalDependencyInstrumentingArtifactTransform
[        ] Transforming kotlin-reflect-1.9.24.jar (org.jetbrains.kotlin:kotlin-reflect:1.9.24) with MergeInstrumentationAnalysisTransform
[        ] Transforming kotlin-stdlib-jdk7-1.9.20.jar (org.jetbrains.kotlin:kotlin-stdlib-jdk7:1.9.20) with InstrumentationAnalysisTransform
[        ] Transforming kotlin-stdlib-jdk7-1.9.20.jar (org.jetbrains.kotlin:kotlin-stdlib-jdk7:1.9.20) with MergeInstrumentationAnalysisTransform
[        ] Transforming kotlin-stdlib-1.9.24.jar (org.jetbrains.kotlin:kotlin-stdlib:1.9.24) with InstrumentationAnalysisTransform
[        ] Transforming kotlin-reflect-1.9.24.jar (org.jetbrains.kotlin:kotlin-reflect:1.9.24) with ExternalDependencyInstrumentingArtifactTransform
[        ] Transforming kotlin-stdlib-jdk7-1.9.20.jar (org.jetbrains.kotlin:kotlin-stdlib-jdk7:1.9.20) with ExternalDependencyInstrumentingArtifactTransform
[        ] Transforming kotlin-stdlib-1.9.24.jar (org.jetbrains.kotlin:kotlin-stdlib:1.9.24) with MergeInstrumentationAnalysisTransform
[        ] Transforming annotations-13.0.jar (org.jetbrains:annotations:13.0) with InstrumentationAnalysisTransform
[        ] Transforming kotlin-stdlib-1.9.24.jar (org.jetbrains.kotlin:kotlin-stdlib:1.9.24) with ExternalDependencyInstrumentingArtifactTransform
[        ] Transforming annotations-13.0.jar (org.jetbrains:annotations:13.0) with MergeInstrumentationAnalysisTransform
[        ] Transforming kotlin-gradle-plugin-model-1.8.22.jar (org.jetbrains.kotlin:kotlin-gradle-plugin-model:1.8.22) with InstrumentationAnalysisTransform
[        ] Transforming annotations-13.0.jar (org.jetbrains:annotations:13.0) with ExternalDependencyInstrumentingArtifactTransform
[        ] Transforming kotlin-gradle-plugin-model-1.8.22.jar (org.jetbrains.kotlin:kotlin-gradle-plugin-model:1.8.22) with MergeInstrumentationAnalysisTransform
[        ] Transforming kotlin-gradle-plugin-api-1.8.22-gradle76.jar (org.jetbrains.kotlin:kotlin-gradle-plugin-api:1.8.22) with InstrumentationAnalysisTransform
[        ] Transforming kotlin-gradle-plugin-model-1.8.22.jar (org.jetbrains.kotlin:kotlin-gradle-plugin-model:1.8.22) with ExternalDependencyInstrumentingArtifactTransform
[        ] Transforming kotlin-gradle-plugin-api-1.8.22-gradle76.jar (org.jetbrains.kotlin:kotlin-gradle-plugin-api:1.8.22) with MergeInstrumentationAnalysisTransform
[        ] Transforming kotlin-gradle-plugin-api-1.8.22.jar (org.jetbrains.kotlin:kotlin-gradle-plugin-api:1.8.22) with InstrumentationAnalysisTransform
[        ] Transforming kotlin-gradle-plugin-api-1.8.22.jar (org.jetbrains.kotlin:kotlin-gradle-plugin-api:1.8.22) with MergeInstrumentationAnalysisTransform
[        ] Transforming kotlin-gradle-plugin-api-1.8.22-gradle76.jar (org.jetbrains.kotlin:kotlin-gradle-plugin-api:1.8.22) with ExternalDependencyInstrumentingArtifactTransform
[        ] Transforming kotlin-gradle-plugin-1.8.22-gradle76.jar (org.jetbrains.kotlin:kotlin-gradle-plugin:1.8.22) with InstrumentationAnalysisTransform
[        ] Transforming kotlin-gradle-plugin-api-1.8.22.jar (org.jetbrains.kotlin:kotlin-gradle-plugin-api:1.8.22) with ExternalDependencyInstrumentingArtifactTransform
[        ] Transforming kotlin-gradle-plugin-1.8.22-gradle76.jar (org.jetbrains.kotlin:kotlin-gradle-plugin:1.8.22) with MergeInstrumentationAnalysisTransform
[        ] Transforming bundletool-1.17.1.jar (com.android.tools.build:bundletool:1.17.1) with InstrumentationAnalysisTransform
[        ] Transforming kotlin-gradle-plugin-1.8.22-gradle76.jar (org.jetbrains.kotlin:kotlin-gradle-plugin:1.8.22) with ExternalDependencyInstrumentingArtifactTransform
[        ] Transforming bundletool-1.17.1.jar (com.android.tools.build:bundletool:1.17.1) with MergeInstrumentationAnalysisTransform
[        ] Transforming aapt2-proto-8.7.0-12006047.jar (com.android.tools.build:aapt2-proto:8.7.0-12006047) with InstrumentationAnalysisTransform
[        ] Transforming aapt2-proto-8.7.0-12006047.jar (com.android.tools.build:aapt2-proto:8.7.0-12006047) with MergeInstrumentationAnalysisTransform
[        ] Transforming bundletool-1.17.1.jar (com.android.tools.build:bundletool:1.17.1) with ExternalDependencyInstrumentingArtifactTransform
[        ] Transforming crash-31.7.0.jar (com.android.tools.analytics-library:crash:31.7.0) with InstrumentationAnalysisTransform
[        ] Transforming aapt2-proto-8.7.0-12006047.jar (com.android.tools.build:aapt2-proto:8.7.0-12006047) with ExternalDependencyInstrumentingArtifactTransform
[        ] Transforming crash-31.7.0.jar (com.android.tools.analytics-library:crash:31.7.0) with MergeInstrumentationAnalysisTransform
[        ] Transforming lint-typedef-remover-31.7.0.jar (com.android.tools.lint:lint-typedef-remover:31.7.0) with InstrumentationAnalysisTransform
[        ] Transforming crash-31.7.0.jar (com.android.tools.analytics-library:crash:31.7.0) with ExternalDependencyInstrumentingArtifactTransform
[        ] Transforming lint-typedef-remover-31.7.0.jar (com.android.tools.lint:lint-typedef-remover:31.7.0) with MergeInstrumentationAnalysisTransform
[        ] Transforming databinding-common-8.7.0.jar (androidx.databinding:databinding-common:8.7.0) with InstrumentationAnalysisTransform
[        ] Transforming lint-typedef-remover-31.7.0.jar (com.android.tools.lint:lint-typedef-remover:31.7.0) with ExternalDependencyInstrumentingArtifactTransform
[        ] Transforming databinding-common-8.7.0.jar (androidx.databinding:databinding-common:8.7.0) with MergeInstrumentationAnalysisTransform
[        ] Transforming baseLibrary-8.7.0.jar (com.android.databinding:baseLibrary:8.7.0) with InstrumentationAnalysisTransform
[        ] Transforming baseLibrary-8.7.0.jar (com.android.databinding:baseLibrary:8.7.0) with MergeInstrumentationAnalysisTransform
[        ] Transforming databinding-common-8.7.0.jar (androidx.databinding:databinding-common:8.7.0) with ExternalDependencyInstrumentingArtifactTransform
[        ] Transforming android-device-provider-ddmlib-proto-31.7.0.jar (com.android.tools.utp:android-device-provider-ddmlib-proto:31.7.0) with InstrumentationAnalysisTransform
[        ] Transforming baseLibrary-8.7.0.jar (com.android.databinding:baseLibrary:8.7.0) with ExternalDependencyInstrumentingArtifactTransform
[        ] Transforming android-device-provider-ddmlib-proto-31.7.0.jar (com.android.tools.utp:android-device-provider-ddmlib-proto:31.7.0) with MergeInstrumentationAnalysisTransform
[        ] Transforming android-device-provider-gradle-proto-31.7.0.jar (com.android.tools.utp:android-device-provider-gradle-proto:31.7.0) with InstrumentationAnalysisTransform
[        ] Transforming android-device-provider-ddmlib-proto-31.7.0.jar (com.android.tools.utp:android-device-provider-ddmlib-proto:31.7.0) with ExternalDependencyInstrumentingArtifactTransform
[        ] Transforming android-device-provider-gradle-proto-31.7.0.jar (com.android.tools.utp:android-device-provider-gradle-proto:31.7.0) with MergeInstrumentationAnalysisTransform
[        ] Transforming android-device-provider-profile-proto-31.7.0.jar (com.android.tools.utp:android-device-provider-profile-proto:31.7.0) with InstrumentationAnalysisTransform
[        ] Transforming android-device-provider-profile-proto-31.7.0.jar (com.android.tools.utp:android-device-provider-profile-proto:31.7.0) with MergeInstrumentationAnalysisTransform
[        ] Transforming android-device-provider-gradle-proto-31.7.0.jar (com.android.tools.utp:android-device-provider-gradle-proto:31.7.0) with ExternalDependencyInstrumentingArtifactTransform
[        ] Transforming android-test-plugin-host-additional-test-output-proto-31.7.0.jar (com.android.tools.utp:android-test-plugin-host-additional-test-output-proto:31.7.0) with InstrumentationAnalysisTransform
[        ] Transforming android-device-provider-profile-proto-31.7.0.jar (com.android.tools.utp:android-device-provider-profile-proto:31.7.0) with ExternalDependencyInstrumentingArtifactTransform
[        ] Transforming android-test-plugin-host-additional-test-output-proto-31.7.0.jar (com.android.tools.utp:android-test-plugin-host-additional-test-output-proto:31.7.0) with MergeInstrumentationAnalysisTransform
[        ] Transforming android-test-plugin-host-coverage-proto-31.7.0.jar (com.android.tools.utp:android-test-plugin-host-coverage-proto:31.7.0) with InstrumentationAnalysisTransform
[        ] Transforming android-test-plugin-host-coverage-proto-31.7.0.jar (com.android.tools.utp:android-test-plugin-host-coverage-proto:31.7.0) with MergeInstrumentationAnalysisTransform
[        ] Transforming android-test-plugin-host-additional-test-output-proto-31.7.0.jar (com.android.tools.utp:android-test-plugin-host-additional-test-output-proto:31.7.0) with ExternalDependencyInstrumentingArtifactTransform
[        ] Transforming android-test-plugin-host-logcat-proto-31.7.0.jar (com.android.tools.utp:android-test-plugin-host-logcat-proto:31.7.0) with InstrumentationAnalysisTransform
[        ] Transforming android-test-plugin-host-coverage-proto-31.7.0.jar (com.android.tools.utp:android-test-plugin-host-coverage-proto:31.7.0) with ExternalDependencyInstrumentingArtifactTransform
[        ] Transforming android-test-plugin-host-logcat-proto-31.7.0.jar (com.android.tools.utp:android-test-plugin-host-logcat-proto:31.7.0) with MergeInstrumentationAnalysisTransform
[        ] Transforming android-test-plugin-host-apk-installer-proto-31.7.0.jar (com.android.tools.utp:android-test-plugin-host-apk-installer-proto:31.7.0) with InstrumentationAnalysisTransform
[        ] Transforming android-test-plugin-host-logcat-proto-31.7.0.jar (com.android.tools.utp:android-test-plugin-host-logcat-proto:31.7.0) with ExternalDependencyInstrumentingArtifactTransform
[        ] Transforming android-test-plugin-host-apk-installer-proto-31.7.0.jar (com.android.tools.utp:android-test-plugin-host-apk-installer-proto:31.7.0) with MergeInstrumentationAnalysisTransform
[        ] Transforming android-test-plugin-result-listener-gradle-proto-31.7.0.jar (com.android.tools.utp:android-test-plugin-result-listener-gradle-proto:31.7.0) with InstrumentationAnalysisTransform
[        ] Transforming android-test-plugin-host-apk-installer-proto-31.7.0.jar (com.android.tools.utp:android-test-plugin-host-apk-installer-proto:31.7.0) with ExternalDependencyInstrumentingArtifactTransform
[        ] Transforming android-test-plugin-result-listener-gradle-proto-31.7.0.jar (com.android.tools.utp:android-test-plugin-result-listener-gradle-proto:31.7.0) with MergeInstrumentationAnalysisTransform
[        ] Transforming transform-api-2.0.0-deprecated-use-gradle-api.jar (com.android.tools.build:transform-api:2.0.0-deprecated-use-gradle-api) with InstrumentationAnalysisTransform
[        ] Transforming android-test-plugin-result-listener-gradle-proto-31.7.0.jar (com.android.tools.utp:android-test-plugin-result-listener-gradle-proto:31.7.0) with ExternalDependencyInstrumentingArtifactTransform
[        ] Transforming transform-api-2.0.0-deprecated-use-gradle-api.jar (com.android.tools.build:transform-api:2.0.0-deprecated-use-gradle-api) with MergeInstrumentationAnalysisTransform
[        ] Transforming httpmime-4.5.6.jar (org.apache.httpcomponents:httpmime:4.5.6) with InstrumentationAnalysisTransform
[        ] Transforming transform-api-2.0.0-deprecated-use-gradle-api.jar (com.android.tools.build:transform-api:2.0.0-deprecated-use-gradle-api) with ExternalDependencyInstrumentingArtifactTransform
[        ] Transforming httpmime-4.5.6.jar (org.apache.httpcomponents:httpmime:4.5.6) with MergeInstrumentationAnalysisTransform
[        ] Transforming commons-io-2.13.0.jar (commons-io:commons-io:2.13.0) with InstrumentationAnalysisTransform
[        ] Transforming httpmime-4.5.6.jar (org.apache.httpcomponents:httpmime:4.5.6) with ExternalDependencyInstrumentingArtifactTransform
[        ] Transforming commons-io-2.13.0.jar (commons-io:commons-io:2.13.0) with MergeInstrumentationAnalysisTransform
[        ] Transforming asm-commons-9.6.jar (org.ow2.asm:asm-commons:9.6) with InstrumentationAnalysisTransform
[        ] Transforming asm-commons-9.6.jar (org.ow2.asm:asm-commons:9.6) with MergeInstrumentationAnalysisTransform
[        ] Transforming asm-util-9.6.jar (org.ow2.asm:asm-util:9.6) with InstrumentationAnalysisTransform
[        ] Transforming commons-io-2.13.0.jar (commons-io:commons-io:2.13.0) with ExternalDependencyInstrumentingArtifactTransform
[        ] Transforming asm-commons-9.6.jar (org.ow2.asm:asm-commons:9.6) with ExternalDependencyInstrumentingArtifactTransform
[        ] Transforming asm-util-9.6.jar (org.ow2.asm:asm-util:9.6) with MergeInstrumentationAnalysisTransform
[        ] Transforming asm-analysis-9.6.jar (org.ow2.asm:asm-analysis:9.6) with InstrumentationAnalysisTransform
[        ] Transforming asm-util-9.6.jar (org.ow2.asm:asm-util:9.6) with ExternalDependencyInstrumentingArtifactTransform
[        ] Transforming asm-analysis-9.6.jar (org.ow2.asm:asm-analysis:9.6) with MergeInstrumentationAnalysisTransform
[        ] Transforming asm-tree-9.6.jar (org.ow2.asm:asm-tree:9.6) with InstrumentationAnalysisTransform
[        ] Transforming asm-tree-9.6.jar (org.ow2.asm:asm-tree:9.6) with MergeInstrumentationAnalysisTransform
[        ] Transforming asm-analysis-9.6.jar (org.ow2.asm:asm-analysis:9.6) with ExternalDependencyInstrumentingArtifactTransform
[        ] Transforming asm-9.6.jar (org.ow2.asm:asm:9.6) with InstrumentationAnalysisTransform
[        ] Transforming asm-tree-9.6.jar (org.ow2.asm:asm-tree:9.6) with ExternalDependencyInstrumentingArtifactTransform
[        ] Transforming asm-9.6.jar (org.ow2.asm:asm:9.6) with MergeInstrumentationAnalysisTransform
[        ] Transforming apkzlib-8.7.0.jar (com.android.tools.build:apkzlib:8.7.0) with InstrumentationAnalysisTransform
[        ] Transforming asm-9.6.jar (org.ow2.asm:asm:9.6) with ExternalDependencyInstrumentingArtifactTransform
[        ] Transforming apkzlib-8.7.0.jar (com.android.tools.build:apkzlib:8.7.0) with MergeInstrumentationAnalysisTransform
[        ] Transforming bcpkix-jdk18on-1.77.jar (org.bouncycastle:bcpkix-jdk18on:1.77) with InstrumentationAnalysisTransform
[        ] Transforming bcpkix-jdk18on-1.77.jar (org.bouncycastle:bcpkix-jdk18on:1.77) with MergeInstrumentationAnalysisTransform
[        ] Transforming apkzlib-8.7.0.jar (com.android.tools.build:apkzlib:8.7.0) with ExternalDependencyInstrumentingArtifactTransform
[        ] Transforming jaxb-runtime-2.3.2.jar (org.glassfish.jaxb:jaxb-runtime:2.3.2) with InstrumentationAnalysisTransform
[        ] Transforming bcpkix-jdk18on-1.77.jar (org.bouncycastle:bcpkix-jdk18on:1.77) with ExternalDependencyInstrumentingArtifactTransform
[        ] Transforming jaxb-runtime-2.3.2.jar (org.glassfish.jaxb:jaxb-runtime:2.3.2) with MergeInstrumentationAnalysisTransform
[        ] Transforming jopt-simple-4.9.jar (net.sf.jopt-simple:jopt-simple:4.9) with InstrumentationAnalysisTransform
[        ] Transforming jaxb-runtime-2.3.2.jar (org.glassfish.jaxb:jaxb-runtime:2.3.2) with ExternalDependencyInstrumentingArtifactTransform
[        ] Transforming jopt-simple-4.9.jar (net.sf.jopt-simple:jopt-simple:4.9) with MergeInstrumentationAnalysisTransform
[        ] Transforming javapoet-1.10.0.jar (com.squareup:javapoet:1.10.0) with InstrumentationAnalysisTransform
[        ] Transforming javapoet-1.10.0.jar (com.squareup:javapoet:1.10.0) with MergeInstrumentationAnalysisTransform
[        ] Transforming jopt-simple-4.9.jar (net.sf.jopt-simple:jopt-simple:4.9) with ExternalDependencyInstrumentingArtifactTransform
[        ] Transforming protobuf-java-util-3.22.3.jar (com.google.protobuf:protobuf-java-util:3.22.3) with InstrumentationAnalysisTransform
[        ] Transforming javapoet-1.10.0.jar (com.squareup:javapoet:1.10.0) with ExternalDependencyInstrumentingArtifactTransform
[        ] Transforming protobuf-java-util-3.22.3.jar (com.google.protobuf:protobuf-java-util:3.22.3) with MergeInstrumentationAnalysisTransform
[        ] Transforming grpc-protobuf-1.57.0.jar (io.grpc:grpc-protobuf:1.57.0) with InstrumentationAnalysisTransform
[        ] Transforming grpc-protobuf-1.57.0.jar (io.grpc:grpc-protobuf:1.57.0) with MergeInstrumentationAnalysisTransform
[        ] Transforming protobuf-java-util-3.22.3.jar (com.google.protobuf:protobuf-java-util:3.22.3) with ExternalDependencyInstrumentingArtifactTransform
[        ] Transforming tink-1.7.0.jar (com.google.crypto.tink:tink:1.7.0) with InstrumentationAnalysisTransform
[        ] Transforming grpc-protobuf-1.57.0.jar (io.grpc:grpc-protobuf:1.57.0) with ExternalDependencyInstrumentingArtifactTransform
[        ] Transforming tink-1.7.0.jar (com.google.crypto.tink:tink:1.7.0) with MergeInstrumentationAnalysisTransform
[        ] Transforming protos-31.7.0.jar (com.android.tools.analytics-library:protos:31.7.0) with InstrumentationAnalysisTransform
[        ] Transforming tink-1.7.0.jar (com.google.crypto.tink:tink:1.7.0) with ExternalDependencyInstrumentingArtifactTransform
[        ] Transforming protos-31.7.0.jar (com.android.tools.analytics-library:protos:31.7.0) with MergeInstrumentationAnalysisTransform
[        ] Transforming proto-google-common-protos-2.17.0.jar (com.google.api.grpc:proto-google-common-protos:2.17.0) with InstrumentationAnalysisTransform
[        ] Transforming proto-google-common-protos-2.17.0.jar (com.google.api.grpc:proto-google-common-protos:2.17.0) with MergeInstrumentationAnalysisTransform
[        ] Transforming protobuf-java-3.22.3.jar (com.google.protobuf:protobuf-java:3.22.3) with InstrumentationAnalysisTransform
[        ] Transforming protos-31.7.0.jar (com.android.tools.analytics-library:protos:31.7.0) with ExternalDependencyInstrumentingArtifactTransform
[        ] Transforming proto-google-common-protos-2.17.0.jar (com.google.api.grpc:proto-google-common-protos:2.17.0) with ExternalDependencyInstrumentingArtifactTransform
[        ] Transforming protobuf-java-3.22.3.jar (com.google.protobuf:protobuf-java:3.22.3) with MergeInstrumentationAnalysisTransform
[        ] Transforming grpc-netty-1.57.0.jar (io.grpc:grpc-netty:1.57.0) with InstrumentationAnalysisTransform
[        ] Transforming protobuf-java-3.22.3.jar (com.google.protobuf:protobuf-java:3.22.3) with ExternalDependencyInstrumentingArtifactTransform
[        ] Transforming grpc-netty-1.57.0.jar (io.grpc:grpc-netty:1.57.0) with MergeInstrumentationAnalysisTransform
[        ] Transforming grpc-core-1.57.0.jar (io.grpc:grpc-core:1.57.0) with InstrumentationAnalysisTransform
[        ] Transforming grpc-netty-1.57.0.jar (io.grpc:grpc-netty:1.57.0) with ExternalDependencyInstrumentingArtifactTransform
[        ] Transforming grpc-core-1.57.0.jar (io.grpc:grpc-core:1.57.0) with MergeInstrumentationAnalysisTransform
[        ] Transforming gson-2.10.1.jar (com.google.code.gson:gson:2.10.1) with InstrumentationAnalysisTransform
[        ] Transforming grpc-core-1.57.0.jar (io.grpc:grpc-core:1.57.0) with ExternalDependencyInstrumentingArtifactTransform
[        ] Transforming gson-2.10.1.jar (com.google.code.gson:gson:2.10.1) with MergeInstrumentationAnalysisTransform
[        ] Transforming grpc-stub-1.57.0.jar (io.grpc:grpc-stub:1.57.0) with InstrumentationAnalysisTransform
[        ] Transforming grpc-stub-1.57.0.jar (io.grpc:grpc-stub:1.57.0) with MergeInstrumentationAnalysisTransform
[        ] Transforming gson-2.10.1.jar (com.google.code.gson:gson:2.10.1) with ExternalDependencyInstrumentingArtifactTransform
[        ] Transforming core-proto-0.0.9-alpha02.jar (com.google.testing.platform:core-proto:0.0.9-alpha02) with InstrumentationAnalysisTransform
[        ] Transforming grpc-stub-1.57.0.jar (io.grpc:grpc-stub:1.57.0) with ExternalDependencyInstrumentingArtifactTransform
[        ] Transforming core-proto-0.0.9-alpha02.jar (com.google.testing.platform:core-proto:0.0.9-alpha02) with MergeInstrumentationAnalysisTransform
[        ] Transforming tensorflow-lite-metadata-0.1.0-rc2.jar (org.tensorflow:tensorflow-lite-metadata:0.1.0-rc2) with InstrumentationAnalysisTransform
[        ] Transforming tensorflow-lite-metadata-0.1.0-rc2.jar (org.tensorflow:tensorflow-lite-metadata:0.1.0-rc2) with MergeInstrumentationAnalysisTransform
[        ] Transforming core-proto-0.0.9-alpha02.jar (com.google.testing.platform:core-proto:0.0.9-alpha02) with ExternalDependencyInstrumentingArtifactTransform
[        ] Transforming flatbuffers-java-1.12.0.jar (com.google.flatbuffers:flatbuffers-java:1.12.0) with InstrumentationAnalysisTransform
[        ] Transforming flatbuffers-java-1.12.0.jar (com.google.flatbuffers:flatbuffers-java:1.12.0) with MergeInstrumentationAnalysisTransform
[        ] Transforming tensorflow-lite-metadata-0.1.0-rc2.jar (org.tensorflow:tensorflow-lite-metadata:0.1.0-rc2) with ExternalDependencyInstrumentingArtifactTransform
[        ] Transforming jimfs-1.1.jar (com.google.jimfs:jimfs:1.1) with InstrumentationAnalysisTransform
[        ] Transforming flatbuffers-java-1.12.0.jar (com.google.flatbuffers:flatbuffers-java:1.12.0) with ExternalDependencyInstrumentingArtifactTransform
[        ] Transforming jimfs-1.1.jar (com.google.jimfs:jimfs:1.1) with MergeInstrumentationAnalysisTransform
[        ] Transforming grpc-context-1.57.0.jar (io.grpc:grpc-context:1.57.0) with InstrumentationAnalysisTransform
[        ] Transforming grpc-context-1.57.0.jar (io.grpc:grpc-context:1.57.0) with MergeInstrumentationAnalysisTransform
[        ] Transforming jimfs-1.1.jar (com.google.jimfs:jimfs:1.1) with ExternalDependencyInstrumentingArtifactTransform
[        ] Transforming grpc-protobuf-lite-1.57.0.jar (io.grpc:grpc-protobuf-lite:1.57.0) with InstrumentationAnalysisTransform
[        ] Transforming grpc-context-1.57.0.jar (io.grpc:grpc-context:1.57.0) with ExternalDependencyInstrumentingArtifactTransform
[        ] Transforming grpc-protobuf-lite-1.57.0.jar (io.grpc:grpc-protobuf-lite:1.57.0) with MergeInstrumentationAnalysisTransform
[        ] Transforming grpc-api-1.57.0.jar (io.grpc:grpc-api:1.57.0) with InstrumentationAnalysisTransform
[        ] Transforming grpc-protobuf-lite-1.57.0.jar (io.grpc:grpc-protobuf-lite:1.57.0) with ExternalDependencyInstrumentingArtifactTransform
[        ] Transforming grpc-api-1.57.0.jar (io.grpc:grpc-api:1.57.0) with MergeInstrumentationAnalysisTransform
[        ] Transforming guava-32.0.1-jre.jar (com.google.guava:guava:32.0.1-jre) with InstrumentationAnalysisTransform
[        ] Transforming grpc-api-1.57.0.jar (io.grpc:grpc-api:1.57.0) with ExternalDependencyInstrumentingArtifactTransform
[        ] Transforming guava-32.0.1-jre.jar (com.google.guava:guava:32.0.1-jre) with MergeInstrumentationAnalysisTransform
[        ] Transforming kotlin-gradle-plugin-idea-proto-1.8.22.jar (org.jetbrains.kotlin:kotlin-gradle-plugin-idea-proto:1.8.22) with InstrumentationAnalysisTransform
[        ] Transforming kotlin-gradle-plugin-idea-proto-1.8.22.jar (org.jetbrains.kotlin:kotlin-gradle-plugin-idea-proto:1.8.22) with MergeInstrumentationAnalysisTransform
[        ] Transforming guava-32.0.1-jre.jar (com.google.guava:guava:32.0.1-jre) with ExternalDependencyInstrumentingArtifactTransform
[        ] Transforming kotlin-gradle-plugin-idea-1.8.22.jar (org.jetbrains.kotlin:kotlin-gradle-plugin-idea:1.8.22) with InstrumentationAnalysisTransform
[        ] Transforming kotlin-gradle-plugin-idea-proto-1.8.22.jar (org.jetbrains.kotlin:kotlin-gradle-plugin-idea-proto:1.8.22) with ExternalDependencyInstrumentingArtifactTransform
[        ] Transforming kotlin-gradle-plugin-idea-1.8.22.jar (org.jetbrains.kotlin:kotlin-gradle-plugin-idea:1.8.22) with MergeInstrumentationAnalysisTransform
[        ] Transforming kotlin-project-model-1.8.22.jar (org.jetbrains.kotlin:kotlin-project-model:1.8.22) with InstrumentationAnalysisTransform
[        ] Transforming kotlin-gradle-plugin-idea-1.8.22.jar (org.jetbrains.kotlin:kotlin-gradle-plugin-idea:1.8.22) with ExternalDependencyInstrumentingArtifactTransform
[        ] Transforming kotlin-project-model-1.8.22.jar (org.jetbrains.kotlin:kotlin-project-model:1.8.22) with MergeInstrumentationAnalysisTransform
[        ] Transforming kotlin-tooling-core-1.8.22.jar (org.jetbrains.kotlin:kotlin-tooling-core:1.8.22) with InstrumentationAnalysisTransform
[        ] Transforming kotlin-tooling-core-1.8.22.jar (org.jetbrains.kotlin:kotlin-tooling-core:1.8.22) with MergeInstrumentationAnalysisTransform
[        ] Transforming kotlin-project-model-1.8.22.jar (org.jetbrains.kotlin:kotlin-project-model:1.8.22) with ExternalDependencyInstrumentingArtifactTransform
[        ] Transforming kotlin-util-klib-1.8.22.jar (org.jetbrains.kotlin:kotlin-util-klib:1.8.22) with InstrumentationAnalysisTransform
[        ] Transforming kotlin-tooling-core-1.8.22.jar (org.jetbrains.kotlin:kotlin-tooling-core:1.8.22) with ExternalDependencyInstrumentingArtifactTransform
[        ] Transforming kotlin-util-klib-1.8.22.jar (org.jetbrains.kotlin:kotlin-util-klib:1.8.22) with MergeInstrumentationAnalysisTransform
[        ] Transforming kotlin-klib-commonizer-api-1.8.22.jar (org.jetbrains.kotlin:kotlin-klib-commonizer-api:1.8.22) with InstrumentationAnalysisTransform
[        ] Transforming kotlin-klib-commonizer-api-1.8.22.jar (org.jetbrains.kotlin:kotlin-klib-commonizer-api:1.8.22) with MergeInstrumentationAnalysisTransform
[        ] Transforming kotlin-util-klib-1.8.22.jar (org.jetbrains.kotlin:kotlin-util-klib:1.8.22) with ExternalDependencyInstrumentingArtifactTransform
[        ] Transforming kotlin-annotation-processing-gradle-1.8.22.jar (org.jetbrains.kotlin:kotlin-annotation-processing-gradle:1.8.22) with InstrumentationAnalysisTransform
[        ] Transforming kotlin-klib-commonizer-api-1.8.22.jar (org.jetbrains.kotlin:kotlin-klib-commonizer-api:1.8.22) with ExternalDependencyInstrumentingArtifactTransform
[        ] Transforming kotlin-annotation-processing-gradle-1.8.22.jar (org.jetbrains.kotlin:kotlin-annotation-processing-gradle:1.8.22) with MergeInstrumentationAnalysisTransform
[        ] Transforming kotlin-android-extensions-1.8.22.jar (org.jetbrains.kotlin:kotlin-android-extensions:1.8.22) with InstrumentationAnalysisTransform
[        ] Transforming kotlin-annotation-processing-gradle-1.8.22.jar (org.jetbrains.kotlin:kotlin-annotation-processing-gradle:1.8.22) with ExternalDependencyInstrumentingArtifactTransform
[        ] Transforming kotlin-android-extensions-1.8.22.jar (org.jetbrains.kotlin:kotlin-android-extensions:1.8.22) with MergeInstrumentationAnalysisTransform
[        ] Transforming kotlin-compiler-runner-1.8.22.jar (org.jetbrains.kotlin:kotlin-compiler-runner:1.8.22) with InstrumentationAnalysisTransform
[        ] Transforming kotlin-android-extensions-1.8.22.jar (org.jetbrains.kotlin:kotlin-android-extensions:1.8.22) with ExternalDependencyInstrumentingArtifactTransform
[        ] Transforming kotlin-compiler-runner-1.8.22.jar (org.jetbrains.kotlin:kotlin-compiler-runner:1.8.22) with MergeInstrumentationAnalysisTransform
[        ] Transforming kotlin-compiler-embeddable-1.8.22.jar (org.jetbrains.kotlin:kotlin-compiler-embeddable:1.8.22) with InstrumentationAnalysisTransform
[        ] Transforming kotlin-compiler-embeddable-1.8.22.jar (org.jetbrains.kotlin:kotlin-compiler-embeddable:1.8.22) with MergeInstrumentationAnalysisTransform
[        ] Transforming kotlin-compiler-runner-1.8.22.jar (org.jetbrains.kotlin:kotlin-compiler-runner:1.8.22) with ExternalDependencyInstrumentingArtifactTransform
[        ] Transforming kotlin-scripting-compiler-embeddable-1.8.22.jar (org.jetbrains.kotlin:kotlin-scripting-compiler-embeddable:1.8.22) with InstrumentationAnalysisTransform
[        ] Transforming kotlin-compiler-embeddable-1.8.22.jar (org.jetbrains.kotlin:kotlin-compiler-embeddable:1.8.22) with ExternalDependencyInstrumentingArtifactTransform
[        ] Transforming kotlin-scripting-compiler-embeddable-1.8.22.jar (org.jetbrains.kotlin:kotlin-scripting-compiler-embeddable:1.8.22) with MergeInstrumentationAnalysisTransform
[        ] Transforming kotlin-scripting-compiler-impl-embeddable-1.8.22.jar (org.jetbrains.kotlin:kotlin-scripting-compiler-impl-embeddable:1.8.22) with InstrumentationAnalysisTransform
[        ] Transforming kotlin-scripting-compiler-embeddable-1.8.22.jar (org.jetbrains.kotlin:kotlin-scripting-compiler-embeddable:1.8.22) with ExternalDependencyInstrumentingArtifactTransform
[        ] Transforming kotlin-scripting-compiler-impl-embeddable-1.8.22.jar (org.jetbrains.kotlin:kotlin-scripting-compiler-impl-embeddable:1.8.22) with MergeInstrumentationAnalysisTransform
[        ] Transforming dagger-2.28.3.jar (com.google.dagger:dagger:2.28.3) with InstrumentationAnalysisTransform
[        ] Transforming kotlin-scripting-compiler-impl-embeddable-1.8.22.jar (org.jetbrains.kotlin:kotlin-scripting-compiler-impl-embeddable:1.8.22) with ExternalDependencyInstrumentingArtifactTransform
[        ] Transforming dagger-2.28.3.jar (com.google.dagger:dagger:2.28.3) with MergeInstrumentationAnalysisTransform
[        ] Transforming javax.inject-1.jar (javax.inject:javax.inject:1) with InstrumentationAnalysisTransform
[        ] Transforming dagger-2.28.3.jar (com.google.dagger:dagger:2.28.3) with ExternalDependencyInstrumentingArtifactTransform
[        ] Transforming javax.inject-1.jar (javax.inject:javax.inject:1) with MergeInstrumentationAnalysisTransform
[        ] Transforming kxml2-2.3.0.jar (net.sf.kxml:kxml2:2.3.0) with InstrumentationAnalysisTransform
[        ] Transforming kxml2-2.3.0.jar (net.sf.kxml:kxml2:2.3.0) with MergeInstrumentationAnalysisTransform
[        ] Transforming javax.inject-1.jar (javax.inject:javax.inject:1) with ExternalDependencyInstrumentingArtifactTransform
[        ] Transforming bcutil-jdk18on-1.77.jar (org.bouncycastle:bcutil-jdk18on:1.77) with InstrumentationAnalysisTransform
[        ] Transforming kxml2-2.3.0.jar (net.sf.kxml:kxml2:2.3.0) with ExternalDependencyInstrumentingArtifactTransform
[        ] Transforming bcutil-jdk18on-1.77.jar (org.bouncycastle:bcutil-jdk18on:1.77) with MergeInstrumentationAnalysisTransform
[        ] Transforming bcprov-jdk18on-1.77.jar (org.bouncycastle:bcprov-jdk18on:1.77) with InstrumentationAnalysisTransform
[        ] Transforming bcprov-jdk18on-1.77.jar (org.bouncycastle:bcprov-jdk18on:1.77) with MergeInstrumentationAnalysisTransform
[        ] Transforming bcutil-jdk18on-1.77.jar (org.bouncycastle:bcutil-jdk18on:1.77) with ExternalDependencyInstrumentingArtifactTransform
[        ] Transforming trove4j-1.0.20200330.jar (org.jetbrains.intellij.deps:trove4j:1.0.20200330) with InstrumentationAnalysisTransform
[        ] Transforming bcprov-jdk18on-1.77.jar (org.bouncycastle:bcprov-jdk18on:1.77) with ExternalDependencyInstrumentingArtifactTransform
[        ] Transforming trove4j-1.0.20200330.jar (org.jetbrains.intellij.deps:trove4j:1.0.20200330) with MergeInstrumentationAnalysisTransform
[        ] Transforming commons-compress-1.21.jar (org.apache.commons:commons-compress:1.21) with InstrumentationAnalysisTransform
[        ] Transforming trove4j-1.0.20200330.jar (org.jetbrains.intellij.deps:trove4j:1.0.20200330) with ExternalDependencyInstrumentingArtifactTransform
[        ] Transforming commons-compress-1.21.jar (org.apache.commons:commons-compress:1.21) with MergeInstrumentationAnalysisTransform
[        ] Transforming httpclient-4.5.14.jar (org.apache.httpcomponents:httpclient:4.5.14) with InstrumentationAnalysisTransform
[        ] Transforming httpclient-4.5.14.jar (org.apache.httpcomponents:httpclient:4.5.14) with MergeInstrumentationAnalysisTransform
[        ] Transforming commons-compress-1.21.jar (org.apache.commons:commons-compress:1.21) with ExternalDependencyInstrumentingArtifactTransform
[        ] Transforming httpcore-4.4.16.jar (org.apache.httpcomponents:httpcore:4.4.16) with InstrumentationAnalysisTransform
[        ] Transforming httpclient-4.5.14.jar (org.apache.httpcomponents:httpclient:4.5.14) with ExternalDependencyInstrumentingArtifactTransform
[        ] Transforming httpcore-4.4.16.jar (org.apache.httpcomponents:httpcore:4.4.16) with MergeInstrumentationAnalysisTransform
[        ] Transforming javax.activation-1.2.0.jar (com.sun.activation:javax.activation:1.2.0) with InstrumentationAnalysisTransform
[        ] Transforming httpcore-4.4.16.jar (org.apache.httpcomponents:httpcore:4.4.16) with ExternalDependencyInstrumentingArtifactTransform
[        ] Transforming javax.activation-1.2.0.jar (com.sun.activation:javax.activation:1.2.0) with MergeInstrumentationAnalysisTransform
[        ] Transforming signflinger-8.7.0.jar (com.android:signflinger:8.7.0) with InstrumentationAnalysisTransform
[        ] Transforming javax.activation-1.2.0.jar (com.sun.activation:javax.activation:1.2.0) with ExternalDependencyInstrumentingArtifactTransform
[        ] Transforming signflinger-8.7.0.jar (com.android:signflinger:8.7.0) with MergeInstrumentationAnalysisTransform
[        ] Transforming zipflinger-8.7.0.jar (com.android:zipflinger:8.7.0) with InstrumentationAnalysisTransform
[        ] Transforming signflinger-8.7.0.jar (com.android:signflinger:8.7.0) with ExternalDependencyInstrumentingArtifactTransform
[        ] Transforming zipflinger-8.7.0.jar (com.android:zipflinger:8.7.0) with MergeInstrumentationAnalysisTransform
[        ] Transforming annotations-31.7.0.jar (com.android.tools:annotations:31.7.0) with InstrumentationAnalysisTransform
[        ] Transforming annotations-31.7.0.jar (com.android.tools:annotations:31.7.0) with MergeInstrumentationAnalysisTransform
[        ] Transforming jna-platform-5.6.0.jar (net.java.dev.jna:jna-platform:5.6.0) with InstrumentationAnalysisTransform
[        ] Transforming zipflinger-8.7.0.jar (com.android:zipflinger:8.7.0) with ExternalDependencyInstrumentingArtifactTransform
[        ] Transforming annotations-31.7.0.jar (com.android.tools:annotations:31.7.0) with ExternalDependencyInstrumentingArtifactTransform
[        ] Transforming jna-platform-5.6.0.jar (net.java.dev.jna:jna-platform:5.6.0) with MergeInstrumentationAnalysisTransform
[        ] Transforming juniversalchardet-1.0.3.jar (com.googlecode.juniversalchardet:juniversalchardet:1.0.3) with InstrumentationAnalysisTransform
[        ] Transforming juniversalchardet-1.0.3.jar (com.googlecode.juniversalchardet:juniversalchardet:1.0.3) with MergeInstrumentationAnalysisTransform
[        ] Transforming jna-platform-5.6.0.jar (net.java.dev.jna:jna-platform:5.6.0) with ExternalDependencyInstrumentingArtifactTransform
[        ] Transforming javax.annotation-api-1.3.2.jar (javax.annotation:javax.annotation-api:1.3.2) with InstrumentationAnalysisTransform
[        ] Transforming juniversalchardet-1.0.3.jar (com.googlecode.juniversalchardet:juniversalchardet:1.0.3) with ExternalDependencyInstrumentingArtifactTransform
[        ] Transforming javax.annotation-api-1.3.2.jar (javax.annotation:javax.annotation-api:1.3.2) with MergeInstrumentationAnalysisTransform
[        ] Transforming stax-ex-1.8.1.jar (org.jvnet.staxex:stax-ex:1.8.1) with InstrumentationAnalysisTransform
[        ] Transforming stax-ex-1.8.1.jar (org.jvnet.staxex:stax-ex:1.8.1) with MergeInstrumentationAnalysisTransform
[        ] Transforming jakarta.xml.bind-api-2.3.2.jar (jakarta.xml.bind:jakarta.xml.bind-api:2.3.2) with InstrumentationAnalysisTransform
[        ] Transforming javax.annotation-api-1.3.2.jar (javax.annotation:javax.annotation-api:1.3.2) with ExternalDependencyInstrumentingArtifactTransform
[        ] Transforming stax-ex-1.8.1.jar (org.jvnet.staxex:stax-ex:1.8.1) with ExternalDependencyInstrumentingArtifactTransform
[        ] Transforming jakarta.xml.bind-api-2.3.2.jar (jakarta.xml.bind:jakarta.xml.bind-api:2.3.2) with MergeInstrumentationAnalysisTransform
[        ] Transforming txw2-2.3.2.jar (org.glassfish.jaxb:txw2:2.3.2) with InstrumentationAnalysisTransform
[        ] Transforming jakarta.xml.bind-api-2.3.2.jar (jakarta.xml.bind:jakarta.xml.bind-api:2.3.2) with ExternalDependencyInstrumentingArtifactTransform
[        ] Transforming txw2-2.3.2.jar (org.glassfish.jaxb:txw2:2.3.2) with MergeInstrumentationAnalysisTransform
[        ] Transforming istack-commons-runtime-3.0.8.jar (com.sun.istack:istack-commons-runtime:3.0.8) with InstrumentationAnalysisTransform
[        ] Transforming istack-commons-runtime-3.0.8.jar (com.sun.istack:istack-commons-runtime:3.0.8) with MergeInstrumentationAnalysisTransform
[        ] Transforming txw2-2.3.2.jar (org.glassfish.jaxb:txw2:2.3.2) with ExternalDependencyInstrumentingArtifactTransform
[        ] Transforming FastInfoset-1.2.16.jar (com.sun.xml.fastinfoset:FastInfoset:1.2.16) with InstrumentationAnalysisTransform
[        ] Transforming istack-commons-runtime-3.0.8.jar (com.sun.istack:istack-commons-runtime:3.0.8) with ExternalDependencyInstrumentingArtifactTransform
[        ] Transforming FastInfoset-1.2.16.jar (com.sun.xml.fastinfoset:FastInfoset:1.2.16) with MergeInstrumentationAnalysisTransform
[        ] Transforming jakarta.activation-api-1.2.1.jar (jakarta.activation:jakarta.activation-api:1.2.1) with InstrumentationAnalysisTransform
[        ] Transforming FastInfoset-1.2.16.jar (com.sun.xml.fastinfoset:FastInfoset:1.2.16) with ExternalDependencyInstrumentingArtifactTransform
[        ] Transforming jakarta.activation-api-1.2.1.jar (jakarta.activation:jakarta.activation-api:1.2.1) with MergeInstrumentationAnalysisTransform
[        ] Transforming auto-value-annotations-1.6.2.jar (com.google.auto.value:auto-value-annotations:1.6.2) with InstrumentationAnalysisTransform
[        ] Transforming auto-value-annotations-1.6.2.jar (com.google.auto.value:auto-value-annotations:1.6.2) with MergeInstrumentationAnalysisTransform
[        ] Transforming jakarta.activation-api-1.2.1.jar (jakarta.activation:jakarta.activation-api:1.2.1) with ExternalDependencyInstrumentingArtifactTransform
[        ] Transforming error_prone_annotations-2.18.0.jar (com.google.errorprone:error_prone_annotations:2.18.0) with InstrumentationAnalysisTransform
[        ] Transforming auto-value-annotations-1.6.2.jar (com.google.auto.value:auto-value-annotations:1.6.2) with ExternalDependencyInstrumentingArtifactTransform
[        ] Transforming error_prone_annotations-2.18.0.jar (com.google.errorprone:error_prone_annotations:2.18.0) with MergeInstrumentationAnalysisTransform
[        ] Transforming jose4j-0.9.5.jar (org.bitbucket.b_c:jose4j:0.9.5) with InstrumentationAnalysisTransform
[        ] Transforming error_prone_annotations-2.18.0.jar (com.google.errorprone:error_prone_annotations:2.18.0) with ExternalDependencyInstrumentingArtifactTransform
[        ] Transforming jose4j-0.9.5.jar (org.bitbucket.b_c:jose4j:0.9.5) with MergeInstrumentationAnalysisTransform
[        ] Transforming slf4j-api-1.7.30.jar (org.slf4j:slf4j-api:1.7.30) with InstrumentationAnalysisTransform
[        ] Transforming slf4j-api-1.7.30.jar (org.slf4j:slf4j-api:1.7.30) with MergeInstrumentationAnalysisTransform
[        ] Transforming jdom2-2.0.6.jar (org.jdom:jdom2:2.0.6) with InstrumentationAnalysisTransform
[        ] Transforming jose4j-0.9.5.jar (org.bitbucket.b_c:jose4j:0.9.5) with ExternalDependencyInstrumentingArtifactTransform
[        ] Transforming slf4j-api-1.7.30.jar (org.slf4j:slf4j-api:1.7.30) with ExternalDependencyInstrumentingArtifactTransform
[        ] Transforming jdom2-2.0.6.jar (org.jdom:jdom2:2.0.6) with MergeInstrumentationAnalysisTransform
[        ] Transforming jsr305-3.0.2.jar (com.google.code.findbugs:jsr305:3.0.2) with InstrumentationAnalysisTransform
[        ] Transforming jsr305-3.0.2.jar (com.google.code.findbugs:jsr305:3.0.2) with MergeInstrumentationAnalysisTransform
[        ] Transforming jdom2-2.0.6.jar (org.jdom:jdom2:2.0.6) with ExternalDependencyInstrumentingArtifactTransform
[        ] Transforming j2objc-annotations-2.8.jar (com.google.j2objc:j2objc-annotations:2.8) with InstrumentationAnalysisTransform
[        ] Transforming jsr305-3.0.2.jar (com.google.code.findbugs:jsr305:3.0.2) with ExternalDependencyInstrumentingArtifactTransform
[        ] Transforming j2objc-annotations-2.8.jar (com.google.j2objc:j2objc-annotations:2.8) with MergeInstrumentationAnalysisTransform
[        ] Transforming annotations-4.1.1.4.jar (com.google.android:annotations:4.1.1.4) with InstrumentationAnalysisTransform
[        ] Transforming annotations-4.1.1.4.jar (com.google.android:annotations:4.1.1.4) with MergeInstrumentationAnalysisTransform
[        ] Transforming animal-sniffer-annotations-1.23.jar (org.codehaus.mojo:animal-sniffer-annotations:1.23) with InstrumentationAnalysisTransform
[        ] Transforming j2objc-annotations-2.8.jar (com.google.j2objc:j2objc-annotations:2.8) with ExternalDependencyInstrumentingArtifactTransform
[        ] Transforming annotations-4.1.1.4.jar (com.google.android:annotations:4.1.1.4) with ExternalDependencyInstrumentingArtifactTransform
[        ] Transforming animal-sniffer-annotations-1.23.jar (org.codehaus.mojo:animal-sniffer-annotations:1.23) with MergeInstrumentationAnalysisTransform
[        ] Transforming perfmark-api-0.26.0.jar (io.perfmark:perfmark-api:0.26.0) with InstrumentationAnalysisTransform
[        ] Transforming perfmark-api-0.26.0.jar (io.perfmark:perfmark-api:0.26.0) with MergeInstrumentationAnalysisTransform
[        ] Transforming netty-codec-http2-4.1.93.Final.jar (io.netty:netty-codec-http2:4.1.93.Final) with InstrumentationAnalysisTransform
[        ] Transforming animal-sniffer-annotations-1.23.jar (org.codehaus.mojo:animal-sniffer-annotations:1.23) with ExternalDependencyInstrumentingArtifactTransform
[        ] Transforming netty-codec-http2-4.1.93.Final.jar (io.netty:netty-codec-http2:4.1.93.Final) with MergeInstrumentationAnalysisTransform
[        ] Transforming perfmark-api-0.26.0.jar (io.perfmark:perfmark-api:0.26.0) with ExternalDependencyInstrumentingArtifactTransform
[        ] Transforming netty-handler-proxy-4.1.93.Final.jar (io.netty:netty-handler-proxy:4.1.93.Final) with InstrumentationAnalysisTransform
[        ] Transforming netty-codec-http2-4.1.93.Final.jar (io.netty:netty-codec-http2:4.1.93.Final) with ExternalDependencyInstrumentingArtifactTransform
[        ] Transforming netty-handler-proxy-4.1.93.Final.jar (io.netty:netty-handler-proxy:4.1.93.Final) with MergeInstrumentationAnalysisTransform
[        ] Transforming netty-codec-http-4.1.93.Final.jar (io.netty:netty-codec-http:4.1.93.Final) with InstrumentationAnalysisTransform
[        ] Transforming netty-codec-http-4.1.93.Final.jar (io.netty:netty-codec-http:4.1.93.Final) with MergeInstrumentationAnalysisTransform
[        ] Transforming netty-handler-proxy-4.1.93.Final.jar (io.netty:netty-handler-proxy:4.1.93.Final) with ExternalDependencyInstrumentingArtifactTransform
[        ] Transforming netty-handler-4.1.93.Final.jar (io.netty:netty-handler:4.1.93.Final) with InstrumentationAnalysisTransform
[        ] Transforming netty-codec-http-4.1.93.Final.jar (io.netty:netty-codec-http:4.1.93.Final) with ExternalDependencyInstrumentingArtifactTransform
[        ] Transforming netty-handler-4.1.93.Final.jar (io.netty:netty-handler:4.1.93.Final) with MergeInstrumentationAnalysisTransform
[        ] Transforming netty-transport-native-unix-common-4.1.93.Final.jar (io.netty:netty-transport-native-unix-common:4.1.93.Final) with InstrumentationAnalysisTransform
[        ] Transforming netty-transport-native-unix-common-4.1.93.Final.jar (io.netty:netty-transport-native-unix-common:4.1.93.Final) with MergeInstrumentationAnalysisTransform
[        ] Transforming netty-handler-4.1.93.Final.jar (io.netty:netty-handler:4.1.93.Final) with ExternalDependencyInstrumentingArtifactTransform
[        ] Transforming checker-qual-3.33.0.jar (org.checkerframework:checker-qual:3.33.0) with InstrumentationAnalysisTransform
[        ] Transforming netty-transport-native-unix-common-4.1.93.Final.jar (io.netty:netty-transport-native-unix-common:4.1.93.Final) with ExternalDependencyInstrumentingArtifactTransform
[        ] Transforming checker-qual-3.33.0.jar (org.checkerframework:checker-qual:3.33.0) with MergeInstrumentationAnalysisTransform
[        ] Transforming commons-codec-1.11.jar (commons-codec:commons-codec:1.11) with InstrumentationAnalysisTransform
[        ] Transforming checker-qual-3.33.0.jar (org.checkerframework:checker-qual:3.33.0) with ExternalDependencyInstrumentingArtifactTransform
[        ] Transforming commons-codec-1.11.jar (commons-codec:commons-codec:1.11) with MergeInstrumentationAnalysisTransform
[        ] Transforming apksig-8.7.0.jar (com.android.tools.build:apksig:8.7.0) with InstrumentationAnalysisTransform
[        ] Transforming commons-codec-1.11.jar (commons-codec:commons-codec:1.11) with ExternalDependencyInstrumentingArtifactTransform
[        ] Transforming apksig-8.7.0.jar (com.android.tools.build:apksig:8.7.0) with MergeInstrumentationAnalysisTransform
[        ] Transforming javawriter-2.5.0.jar (com.squareup:javawriter:2.5.0) with InstrumentationAnalysisTransform
[        ] Transforming apksig-8.7.0.jar (com.android.tools.build:apksig:8.7.0) with ExternalDependencyInstrumentingArtifactTransform
[        ] Transforming javawriter-2.5.0.jar (com.squareup:javawriter:2.5.0) with MergeInstrumentationAnalysisTransform
[        ] Transforming kotlin-gradle-plugin-annotations-1.8.22.jar (org.jetbrains.kotlin:kotlin-gradle-plugin-annotations:1.8.22) with InstrumentationAnalysisTransform
[        ] Transforming javawriter-2.5.0.jar (com.squareup:javawriter:2.5.0) with ExternalDependencyInstrumentingArtifactTransform
[        ] Transforming kotlin-gradle-plugin-annotations-1.8.22.jar (org.jetbrains.kotlin:kotlin-gradle-plugin-annotations:1.8.22) with MergeInstrumentationAnalysisTransform
[        ] Transforming kotlin-native-utils-1.8.22.jar (org.jetbrains.kotlin:kotlin-native-utils:1.8.22) with InstrumentationAnalysisTransform
[        ] Transforming kotlin-native-utils-1.8.22.jar (org.jetbrains.kotlin:kotlin-native-utils:1.8.22) with MergeInstrumentationAnalysisTransform
[        ] Transforming kotlin-util-io-1.8.22.jar (org.jetbrains.kotlin:kotlin-util-io:1.8.22) with InstrumentationAnalysisTransform
[        ] Transforming kotlin-gradle-plugin-annotations-1.8.22.jar (org.jetbrains.kotlin:kotlin-gradle-plugin-annotations:1.8.22) with ExternalDependencyInstrumentingArtifactTransform
[        ] Transforming kotlin-native-utils-1.8.22.jar (org.jetbrains.kotlin:kotlin-native-utils:1.8.22) with ExternalDependencyInstrumentingArtifactTransform
[        ] Transforming kotlin-util-io-1.8.22.jar (org.jetbrains.kotlin:kotlin-util-io:1.8.22) with MergeInstrumentationAnalysisTransform
[        ] Transforming kotlin-daemon-embeddable-1.8.22.jar (org.jetbrains.kotlin:kotlin-daemon-embeddable:1.8.22) with InstrumentationAnalysisTransform
[        ] Transforming kotlin-daemon-embeddable-1.8.22.jar (org.jetbrains.kotlin:kotlin-daemon-embeddable:1.8.22) with MergeInstrumentationAnalysisTransform
[        ] Transforming kotlin-util-io-1.8.22.jar (org.jetbrains.kotlin:kotlin-util-io:1.8.22) with ExternalDependencyInstrumentingArtifactTransform
[        ] Transforming jna-5.6.0.jar (net.java.dev.jna:jna:5.6.0) with InstrumentationAnalysisTransform
[        ] Transforming kotlin-daemon-embeddable-1.8.22.jar (org.jetbrains.kotlin:kotlin-daemon-embeddable:1.8.22) with ExternalDependencyInstrumentingArtifactTransform
[        ] Transforming jna-5.6.0.jar (net.java.dev.jna:jna:5.6.0) with MergeInstrumentationAnalysisTransform
[        ] Transforming kotlin-daemon-client-1.8.22.jar (org.jetbrains.kotlin:kotlin-daemon-client:1.8.22) with InstrumentationAnalysisTransform
[        ] Transforming jna-5.6.0.jar (net.java.dev.jna:jna:5.6.0) with ExternalDependencyInstrumentingArtifactTransform
[        ] Transforming kotlin-daemon-client-1.8.22.jar (org.jetbrains.kotlin:kotlin-daemon-client:1.8.22) with MergeInstrumentationAnalysisTransform
[        ] Transforming kotlinx-coroutines-core-jvm-1.5.0.jar (org.jetbrains.kotlinx:kotlinx-coroutines-core-jvm:1.5.0) with InstrumentationAnalysisTransform
[        ] Transforming kotlinx-coroutines-core-jvm-1.5.0.jar (org.jetbrains.kotlinx:kotlinx-coroutines-core-jvm:1.5.0) with MergeInstrumentationAnalysisTransform
[        ] Transforming kotlin-daemon-client-1.8.22.jar (org.jetbrains.kotlin:kotlin-daemon-client:1.8.22) with ExternalDependencyInstrumentingArtifactTransform
[        ] Transforming kotlinx-coroutines-core-jvm-1.5.0.jar (org.jetbrains.kotlinx:kotlinx-coroutines-core-jvm:1.5.0) with ExternalDependencyInstrumentingArtifactTransform
[        ] Transforming kotlin-scripting-jvm-1.8.22.jar (org.jetbrains.kotlin:kotlin-scripting-jvm:1.8.22) with InstrumentationAnalysisTransform
[        ] Transforming kotlin-scripting-jvm-1.8.22.jar (org.jetbrains.kotlin:kotlin-scripting-jvm:1.8.22) with MergeInstrumentationAnalysisTransform
[        ] Transforming kotlin-scripting-common-1.8.22.jar (org.jetbrains.kotlin:kotlin-scripting-common:1.8.22) with InstrumentationAnalysisTransform
[        ] Transforming kotlin-scripting-common-1.8.22.jar (org.jetbrains.kotlin:kotlin-scripting-common:1.8.22) with MergeInstrumentationAnalysisTransform
[        ] Transforming kotlin-scripting-jvm-1.8.22.jar (org.jetbrains.kotlin:kotlin-scripting-jvm:1.8.22) with ExternalDependencyInstrumentingArtifactTransform
[        ] Transforming failureaccess-1.0.1.jar (com.google.guava:failureaccess:1.0.1) with InstrumentationAnalysisTransform
[        ] Transforming kotlin-scripting-common-1.8.22.jar (org.jetbrains.kotlin:kotlin-scripting-common:1.8.22) with ExternalDependencyInstrumentingArtifactTransform
[        ] Transforming failureaccess-1.0.1.jar (com.google.guava:failureaccess:1.0.1) with MergeInstrumentationAnalysisTransform
[        ] Transforming listenablefuture-9999.0-empty-to-avoid-conflict-with-guava.jar (com.google.guava:listenablefuture:9999.0-empty-to-avoid-conflict-with-guava) with InstrumentationAnalysisTransform
[        ] Transforming listenablefuture-9999.0-empty-to-avoid-conflict-with-guava.jar (com.google.guava:listenablefuture:9999.0-empty-to-avoid-conflict-with-guava) with MergeInstrumentationAnalysisTransform
[        ] Transforming failureaccess-1.0.1.jar (com.google.guava:failureaccess:1.0.1) with ExternalDependencyInstrumentingArtifactTransform
[        ] Transforming commons-logging-1.2.jar (commons-logging:commons-logging:1.2) with InstrumentationAnalysisTransform
[        ] Transforming listenablefuture-9999.0-empty-to-avoid-conflict-with-guava.jar (com.google.guava:listenablefuture:9999.0-empty-to-avoid-conflict-with-guava) with ExternalDependencyInstrumentingArtifactTransform
[        ] Transforming commons-logging-1.2.jar (commons-logging:commons-logging:1.2) with MergeInstrumentationAnalysisTransform
[        ] Transforming netty-codec-socks-4.1.93.Final.jar (io.netty:netty-codec-socks:4.1.93.Final) with InstrumentationAnalysisTransform
[        ] Transforming netty-codec-socks-4.1.93.Final.jar (io.netty:netty-codec-socks:4.1.93.Final) with MergeInstrumentationAnalysisTransform
[        ] Transforming commons-logging-1.2.jar (commons-logging:commons-logging:1.2) with ExternalDependencyInstrumentingArtifactTransform
[        ] Transforming netty-codec-4.1.93.Final.jar (io.netty:netty-codec:4.1.93.Final) with InstrumentationAnalysisTransform
[        ] Transforming netty-codec-socks-4.1.93.Final.jar (io.netty:netty-codec-socks:4.1.93.Final) with ExternalDependencyInstrumentingArtifactTransform
[        ] Transforming netty-codec-4.1.93.Final.jar (io.netty:netty-codec:4.1.93.Final) with MergeInstrumentationAnalysisTransform
[        ] Transforming netty-transport-4.1.93.Final.jar (io.netty:netty-transport:4.1.93.Final) with InstrumentationAnalysisTransform
[        ] Transforming netty-transport-4.1.93.Final.jar (io.netty:netty-transport:4.1.93.Final) with MergeInstrumentationAnalysisTransform
[        ] Transforming netty-buffer-4.1.93.Final.jar (io.netty:netty-buffer:4.1.93.Final) with InstrumentationAnalysisTransform
[        ] Transforming netty-codec-4.1.93.Final.jar (io.netty:netty-codec:4.1.93.Final) with ExternalDependencyInstrumentingArtifactTransform
[        ] Transforming netty-buffer-4.1.93.Final.jar (io.netty:netty-buffer:4.1.93.Final) with MergeInstrumentationAnalysisTransform
[        ] Transforming netty-transport-4.1.93.Final.jar (io.netty:netty-transport:4.1.93.Final) with ExternalDependencyInstrumentingArtifactTransform
[        ] Transforming netty-resolver-4.1.93.Final.jar (io.netty:netty-resolver:4.1.93.Final) with InstrumentationAnalysisTransform
[        ] Transforming netty-buffer-4.1.93.Final.jar (io.netty:netty-buffer:4.1.93.Final) with ExternalDependencyInstrumentingArtifactTransform
[        ] Transforming netty-resolver-4.1.93.Final.jar (io.netty:netty-resolver:4.1.93.Final) with MergeInstrumentationAnalysisTransform
[        ] Transforming netty-common-4.1.93.Final.jar (io.netty:netty-common:4.1.93.Final) with InstrumentationAnalysisTransform
[        ] Transforming netty-resolver-4.1.93.Final.jar (io.netty:netty-resolver:4.1.93.Final) with ExternalDependencyInstrumentingArtifactTransform
[        ] Transforming netty-common-4.1.93.Final.jar (io.netty:netty-common:4.1.93.Final) with MergeInstrumentationAnalysisTransform
[        ] Transforming netty-common-4.1.93.Final.jar (io.netty:netty-common:4.1.93.Final) with ExternalDependencyInstrumentingArtifactTransform
[        ] Transforming gradle-1.0.0.jar (project :gradle) with ProjectDependencyInstrumentingArtifactTransform
[        ] Settings evaluated using settings file '/Users/anas/Documents/Code/tijus_academy/android/settings.gradle.kts'.
[        ] Projects loaded. Root project using build file '/Users/anas/Documents/Code/tijus_academy/android/build.gradle.kts'.
[        ] Included projects: [root project 'android', project ':app', project ':firebase_auth', project ':firebase_core', project ':flutter_native_splash', project ':shared_preferences_android', project ':url_launcher_android', project ':webview_flutter_android']
[ +164 ms] > Configure project :app
[        ] Evaluating project ':app' using build file '/Users/anas/Documents/Code/tijus_academy/android/app/build.gradle.kts'.
[        ] Using default execution profile
[        ] Using Kotlin Gradle Plugin gradle76 variant
[        ] Transforming gradle-7.3.0.jar (com.android.tools.build:gradle:7.3.0) with InstrumentationAnalysisTransform
[        ] Transforming kotlin-gradle-plugin-1.7.10-gradle70.jar (org.jetbrains.kotlin:kotlin-gradle-plugin:1.7.10) with InstrumentationAnalysisTransform
[        ] Transforming databinding-compiler-common-7.3.0.jar (androidx.databinding:databinding-compiler-common:7.3.0) with InstrumentationAnalysisTransform
[        ] Transforming jetifier-processor-1.0.0-beta10.jar (com.android.tools.build.jetifier:jetifier-processor:1.0.0-beta10) with InstrumentationAnalysisTransform
[        ] Transforming jetifier-core-1.0.0-beta10.jar (com.android.tools.build.jetifier:jetifier-core:1.0.0-beta10) with InstrumentationAnalysisTransform
[        ] Transforming lint-model-30.3.0.jar (com.android.tools.lint:lint-model:30.3.0) with InstrumentationAnalysisTransform
[        ] Transforming builder-7.3.0.jar (com.android.tools.build:builder:7.3.0) with InstrumentationAnalysisTransform
[        ] Transforming manifest-merger-30.3.0.jar (com.android.tools.build:manifest-merger:30.3.0) with InstrumentationAnalysisTransform
[        ] Transforming sdk-common-30.3.0.jar (com.android.tools:sdk-common:30.3.0) with InstrumentationAnalysisTransform
[        ] Transforming kotlin-reflect-1.9.24.jar (org.jetbrains.kotlin:kotlin-reflect:1.9.24) with InstrumentationAnalysisTransform
[        ] Transforming sdklib-30.3.0.jar (com.android.tools:sdklib:30.3.0) with InstrumentationAnalysisTransform
[        ] Transforming repository-30.3.0.jar (com.android.tools:repository:30.3.0) with InstrumentationAnalysisTransform
[        ] Transforming gradle-api-7.3.0.jar (com.android.tools.build:gradle-api:7.3.0) with InstrumentationAnalysisTransform
[        ] Transforming builder-test-api-7.3.0.jar (com.android.tools.build:builder-test-api:7.3.0) with InstrumentationAnalysisTransform
[        ] Transforming ddmlib-30.3.0.jar (com.android.tools.ddms:ddmlib:30.3.0) with InstrumentationAnalysisTransform
[        ] Transforming aaptcompiler-7.3.0.jar (com.android.tools.build:aaptcompiler:7.3.0) with InstrumentationAnalysisTransform
[        ] Transforming tracker-30.3.0.jar (com.android.tools.analytics-library:tracker:30.3.0) with InstrumentationAnalysisTransform
[        ] Transforming shared-30.3.0.jar (com.android.tools.analytics-library:shared:30.3.0) with InstrumentationAnalysisTransform
[        ] Transforming android-test-plugin-host-retention-proto-30.3.0.jar (com.android.tools.utp:android-test-plugin-host-retention-proto:30.3.0) with InstrumentationAnalysisTransform
[        ] Transforming builder-model-7.3.0.jar (com.android.tools.build:builder-model:7.3.0) with InstrumentationAnalysisTransform
[        ] Transforming layoutlib-api-30.3.0.jar (com.android.tools.layoutlib:layoutlib-api:30.3.0) with InstrumentationAnalysisTransform
[        ] Transforming dvlib-30.3.0.jar (com.android.tools:dvlib:30.3.0) with InstrumentationAnalysisTransform
[        ] Transforming common-30.3.0.jar (com.android.tools:common:30.3.0) with InstrumentationAnalysisTransform
[        ] Transforming kotlin-stdlib-jdk8-1.8.0.jar (org.jetbrains.kotlin:kotlin-stdlib-jdk8:1.8.0) with InstrumentationAnalysisTransform
[        ] Transforming kotlin-stdlib-jdk7-1.8.0.jar (org.jetbrains.kotlin:kotlin-stdlib-jdk7:1.8.0) with InstrumentationAnalysisTransform
[        ] Transforming kotlin-stdlib-1.9.24.jar (org.jetbrains.kotlin:kotlin-stdlib:1.9.24) with InstrumentationAnalysisTransform
[        ] Transforming annotations-13.0.jar (org.jetbrains:annotations:13.0) with InstrumentationAnalysisTransform
[        ] Transforming bundletool-1.9.0.jar (com.android.tools.build:bundletool:1.9.0) with InstrumentationAnalysisTransform
[        ] Transforming aapt2-proto-7.3.0-8691043.jar (com.android.tools.build:aapt2-proto:7.3.0-8691043) with InstrumentationAnalysisTransform
[        ] Transforming crash-30.3.0.jar (com.android.tools.analytics-library:crash:30.3.0) with InstrumentationAnalysisTransform
[        ] Transforming lint-typedef-remover-30.3.0.jar (com.android.tools.lint:lint-typedef-remover:30.3.0) with InstrumentationAnalysisTransform
[        ] Transforming databinding-common-7.3.0.jar (androidx.databinding:databinding-common:7.3.0) with InstrumentationAnalysisTransform
[        ] Transforming baseLibrary-7.3.0.jar (com.android.databinding:baseLibrary:7.3.0) with InstrumentationAnalysisTransform
[        ] Transforming android-device-provider-ddmlib-proto-30.3.0.jar (com.android.tools.utp:android-device-provider-ddmlib-proto:30.3.0) with InstrumentationAnalysisTransform
[        ] Transforming android-device-provider-gradle-proto-30.3.0.jar (com.android.tools.utp:android-device-provider-gradle-proto:30.3.0) with InstrumentationAnalysisTransform
[        ] Transforming android-test-plugin-host-additional-test-output-proto-30.3.0.jar (com.android.tools.utp:android-test-plugin-host-additional-test-output-proto:30.3.0) with InstrumentationAnalysisTransform
[        ] Transforming android-test-plugin-host-coverage-proto-30.3.0.jar (com.android.tools.utp:android-test-plugin-host-coverage-proto:30.3.0) with InstrumentationAnalysisTransform
[        ] Transforming android-test-plugin-result-listener-gradle-proto-30.3.0.jar (com.android.tools.utp:android-test-plugin-result-listener-gradle-proto:30.3.0) with InstrumentationAnalysisTransform
[        ] Transforming transform-api-2.0.0-deprecated-use-gradle-api.jar (com.android.tools.build:transform-api:2.0.0-deprecated-use-gradle-api) with InstrumentationAnalysisTransform
[        ] Transforming httpmime-4.5.6.jar (org.apache.httpcomponents:httpmime:4.5.6) with InstrumentationAnalysisTransform
[        ] Transforming commons-io-2.4.jar (commons-io:commons-io:2.4) with InstrumentationAnalysisTransform
[        ] Transforming asm-commons-9.1.jar (org.ow2.asm:asm-commons:9.1) with InstrumentationAnalysisTransform
[        ] Transforming asm-util-9.1.jar (org.ow2.asm:asm-util:9.1) with InstrumentationAnalysisTransform
[        ] Transforming asm-analysis-9.1.jar (org.ow2.asm:asm-analysis:9.1) with InstrumentationAnalysisTransform
[        ] Transforming asm-tree-9.1.jar (org.ow2.asm:asm-tree:9.1) with InstrumentationAnalysisTransform
[        ] Transforming asm-9.1.jar (org.ow2.asm:asm:9.1) with InstrumentationAnalysisTransform
[        ] Transforming apkzlib-7.3.0.jar (com.android.tools.build:apkzlib:7.3.0) with InstrumentationAnalysisTransform
[        ] Transforming bcpkix-jdk15on-1.67.jar (org.bouncycastle:bcpkix-jdk15on:1.67) with InstrumentationAnalysisTransform
[        ] Transforming jaxb-runtime-2.3.2.jar (org.glassfish.jaxb:jaxb-runtime:2.3.2) with InstrumentationAnalysisTransform
[        ] Transforming jopt-simple-4.9.jar (net.sf.jopt-simple:jopt-simple:4.9) with InstrumentationAnalysisTransform
[        ] Transforming javapoet-1.10.0.jar (com.squareup:javapoet:1.10.0) with InstrumentationAnalysisTransform
[        ] Transforming protobuf-java-util-3.17.2.jar (com.google.protobuf:protobuf-java-util:3.17.2) with InstrumentationAnalysisTransform
[        ] Transforming grpc-protobuf-1.39.0.jar (io.grpc:grpc-protobuf:1.39.0) with InstrumentationAnalysisTransform
[        ] Transforming tink-1.3.0-rc2.jar (com.google.crypto.tink:tink:1.3.0-rc2) with InstrumentationAnalysisTransform
[        ] Transforming protos-30.3.0.jar (com.android.tools.analytics-library:protos:30.3.0) with InstrumentationAnalysisTransform
[        ] Transforming proto-google-common-protos-2.0.1.jar (com.google.api.grpc:proto-google-common-protos:2.0.1) with InstrumentationAnalysisTransform
[        ] Transforming protobuf-java-3.17.2.jar (com.google.protobuf:protobuf-java:3.17.2) with InstrumentationAnalysisTransform
[        ] Transforming grpc-netty-1.39.0.jar (io.grpc:grpc-netty:1.39.0) with InstrumentationAnalysisTransform
[        ] Transforming grpc-core-1.39.0.jar (io.grpc:grpc-core:1.39.0) with InstrumentationAnalysisTransform
[        ] Transforming kotlin-tooling-metadata-1.7.10.jar (org.jetbrains.kotlin:kotlin-tooling-metadata:1.7.10) with InstrumentationAnalysisTransform
[        ] Transforming gson-2.8.9.jar (com.google.code.gson:gson:2.8.9) with InstrumentationAnalysisTransform
[        ] Transforming grpc-stub-1.39.0.jar (io.grpc:grpc-stub:1.39.0) with InstrumentationAnalysisTransform
[        ] Transforming core-proto-0.0.8-alpha07.jar (com.google.testing.platform:core-proto:0.0.8-alpha07) with InstrumentationAnalysisTransform
[        ] Transforming tensorflow-lite-metadata-0.1.0-rc2.jar (org.tensorflow:tensorflow-lite-metadata:0.1.0-rc2) with InstrumentationAnalysisTransform
[        ] Transforming flatbuffers-java-1.12.0.jar (com.google.flatbuffers:flatbuffers-java:1.12.0) with InstrumentationAnalysisTransform
[        ] Transforming kotlin-gradle-plugin-model-1.7.10.jar (org.jetbrains.kotlin:kotlin-gradle-plugin-model:1.7.10) with InstrumentationAnalysisTransform
[        ] Transforming kotlin-gradle-plugin-api-1.7.10-gradle70.jar (org.jetbrains.kotlin:kotlin-gradle-plugin-api:1.7.10) with InstrumentationAnalysisTransform
[        ] Transforming kotlin-gradle-plugin-api-1.7.10.jar (org.jetbrains.kotlin:kotlin-gradle-plugin-api:1.7.10) with InstrumentationAnalysisTransform
[        ] Transforming kotlin-project-model-1.7.10.jar (org.jetbrains.kotlin:kotlin-project-model:1.7.10) with InstrumentationAnalysisTransform
[        ] Transforming kotlin-tooling-core-1.7.10.jar (org.jetbrains.kotlin:kotlin-tooling-core:1.7.10) with InstrumentationAnalysisTransform
[        ] Transforming kotlin-gradle-plugin-idea-1.7.10.jar (org.jetbrains.kotlin:kotlin-gradle-plugin-idea:1.7.10) with InstrumentationAnalysisTransform
[        ] Transforming kotlin-util-klib-1.7.10.jar (org.jetbrains.kotlin:kotlin-util-klib:1.7.10) with InstrumentationAnalysisTransform
[        ] Transforming kotlin-klib-commonizer-api-1.7.10.jar (org.jetbrains.kotlin:kotlin-klib-commonizer-api:1.7.10) with InstrumentationAnalysisTransform
[        ] Transforming jimfs-1.1.jar (com.google.jimfs:jimfs:1.1) with InstrumentationAnalysisTransform
[        ] Transforming grpc-protobuf-lite-1.39.0.jar (io.grpc:grpc-protobuf-lite:1.39.0) with InstrumentationAnalysisTransform
[        ] Transforming grpc-api-1.39.0.jar (io.grpc:grpc-api:1.39.0) with InstrumentationAnalysisTransform
[        ] Transforming guava-30.1-jre.jar (com.google.guava:guava:30.1-jre) with InstrumentationAnalysisTransform
[        ] Transforming gradle-download-task-4.1.1.jar (de.undercouch:gradle-download-task:4.1.1) with InstrumentationAnalysisTransform
[        ] Transforming semver4j-0.16.4-nodeps.jar (com.github.gundy:semver4j:0.16.4) with InstrumentationAnalysisTransform
[        ] Transforming kotlin-annotation-processing-gradle-1.7.10.jar (org.jetbrains.kotlin:kotlin-annotation-processing-gradle:1.7.10) with InstrumentationAnalysisTransform
[        ] Transforming kotlin-android-extensions-1.7.10.jar (org.jetbrains.kotlin:kotlin-android-extensions:1.7.10) with InstrumentationAnalysisTransform
[        ] Transforming kotlin-compiler-runner-1.7.10.jar (org.jetbrains.kotlin:kotlin-compiler-runner:1.7.10) with InstrumentationAnalysisTransform
[        ] Transforming kotlin-compiler-embeddable-1.7.10.jar (org.jetbrains.kotlin:kotlin-compiler-embeddable:1.7.10) with InstrumentationAnalysisTransform
[        ] Transforming kotlin-scripting-compiler-embeddable-1.7.10.jar (org.jetbrains.kotlin:kotlin-scripting-compiler-embeddable:1.7.10) with InstrumentationAnalysisTransform
[        ] Transforming kotlin-scripting-compiler-impl-embeddable-1.7.10.jar (org.jetbrains.kotlin:kotlin-scripting-compiler-impl-embeddable:1.7.10) with InstrumentationAnalysisTransform
[        ] Transforming dagger-2.28.3.jar (com.google.dagger:dagger:2.28.3) with InstrumentationAnalysisTransform
[        ] Transforming javax.inject-1.jar (javax.inject:javax.inject:1) with InstrumentationAnalysisTransform
[        ] Transforming kxml2-2.3.0.jar (net.sf.kxml:kxml2:2.3.0) with InstrumentationAnalysisTransform
[        ] Transforming bcprov-jdk15on-1.67.jar (org.bouncycastle:bcprov-jdk15on:1.67) with InstrumentationAnalysisTransform
[        ] Transforming trove4j-1.0.20200330.jar (org.jetbrains.intellij.deps:trove4j:1.0.20200330) with InstrumentationAnalysisTransform
[        ] Transforming xercesImpl-2.12.0.jar (xerces:xercesImpl:2.12.0) with InstrumentationAnalysisTransform
[        ] Transforming commons-compress-1.20.jar (org.apache.commons:commons-compress:1.20) with InstrumentationAnalysisTransform
[        ] Transforming httpclient-4.5.13.jar (org.apache.httpcomponents:httpclient:4.5.13) with InstrumentationAnalysisTransform
[        ] Transforming httpcore-4.4.13.jar (org.apache.httpcomponents:httpcore:4.4.13) with InstrumentationAnalysisTransform
[        ] Transforming javax.activation-1.2.0.jar (com.sun.activation:javax.activation:1.2.0) with InstrumentationAnalysisTransform
[        ] Transforming signflinger-7.3.0.jar (com.android:signflinger:7.3.0) with InstrumentationAnalysisTransform
[        ] Transforming zipflinger-7.3.0.jar (com.android:zipflinger:7.3.0) with InstrumentationAnalysisTransform
[        ] Transforming annotations-30.3.0.jar (com.android.tools:annotations:30.3.0) with InstrumentationAnalysisTransform
[        ] Transforming jna-platform-5.6.0.jar (net.java.dev.jna:jna-platform:5.6.0) with InstrumentationAnalysisTransform
[        ] Transforming juniversalchardet-1.0.3.jar (com.googlecode.juniversalchardet:juniversalchardet:1.0.3) with InstrumentationAnalysisTransform
[        ] Transforming javax.annotation-api-1.3.2.jar (javax.annotation:javax.annotation-api:1.3.2) with InstrumentationAnalysisTransform
[        ] Transforming stax-ex-1.8.1.jar (org.jvnet.staxex:stax-ex:1.8.1) with InstrumentationAnalysisTransform
[        ] Transforming jakarta.xml.bind-api-2.3.2.jar (jakarta.xml.bind:jakarta.xml.bind-api:2.3.2) with InstrumentationAnalysisTransform
[        ] Transforming txw2-2.3.2.jar (org.glassfish.jaxb:txw2:2.3.2) with InstrumentationAnalysisTransform
[        ] Transforming istack-commons-runtime-3.0.8.jar (com.sun.istack:istack-commons-runtime:3.0.8) with InstrumentationAnalysisTransform
[        ] Transforming FastInfoset-1.2.16.jar (com.sun.xml.fastinfoset:FastInfoset:1.2.16) with InstrumentationAnalysisTransform
[        ] Transforming jakarta.activation-api-1.2.1.jar (jakarta.activation:jakarta.activation-api:1.2.1) with InstrumentationAnalysisTransform
[        ] Transforming auto-value-annotations-1.6.2.jar (com.google.auto.value:auto-value-annotations:1.6.2) with InstrumentationAnalysisTransform
[        ] Transforming error_prone_annotations-2.4.0.jar (com.google.errorprone:error_prone_annotations:2.4.0) with InstrumentationAnalysisTransform
[        ] Transforming jose4j-0.7.0.jar (org.bitbucket.b_c:jose4j:0.7.0) with InstrumentationAnalysisTransform
[        ] Transforming slf4j-api-1.7.30.jar (org.slf4j:slf4j-api:1.7.30) with InstrumentationAnalysisTransform
[        ] Transforming jdom2-2.0.6.jar (org.jdom:jdom2:2.0.6) with InstrumentationAnalysisTransform
[        ] Transforming annotations-4.1.1.4.jar (com.google.android:annotations:4.1.1.4) with InstrumentationAnalysisTransform
[        ] Transforming animal-sniffer-annotations-1.19.jar (org.codehaus.mojo:animal-sniffer-annotations:1.19) with InstrumentationAnalysisTransform
[        ] Transforming perfmark-api-0.23.0.jar (io.perfmark:perfmark-api:0.23.0) with InstrumentationAnalysisTransform
[        ] Transforming netty-codec-http2-4.1.52.Final.jar (io.netty:netty-codec-http2:4.1.52.Final) with InstrumentationAnalysisTransform
[        ] Transforming netty-handler-proxy-4.1.52.Final.jar (io.netty:netty-handler-proxy:4.1.52.Final) with InstrumentationAnalysisTransform
[        ] Transforming jsr305-3.0.2.jar (com.google.code.findbugs:jsr305:3.0.2) with InstrumentationAnalysisTransform
[        ] Transforming json-20180813.jar (org.json:json:20180813) with InstrumentationAnalysisTransform
[        ] Transforming checker-qual-3.5.0.jar (org.checkerframework:checker-qual:3.5.0) with InstrumentationAnalysisTransform
[        ] Transforming commons-codec-1.11.jar (commons-codec:commons-codec:1.11) with InstrumentationAnalysisTransform
[        ] Transforming fastutil-8.4.0.jar (it.unimi.dsi:fastutil:8.4.0) with InstrumentationAnalysisTransform
[        ] Transforming json-simple-1.1.jar (com.googlecode.json-simple:json-simple:1.1) with InstrumentationAnalysisTransform
[        ] Transforming apksig-7.3.0.jar (com.android.tools.build:apksig:7.3.0) with InstrumentationAnalysisTransform
[        ] Transforming javawriter-2.5.0.jar (com.squareup:javawriter:2.5.0) with InstrumentationAnalysisTransform
[        ] Transforming kotlin-native-utils-1.7.10.jar (org.jetbrains.kotlin:kotlin-native-utils:1.7.10) with InstrumentationAnalysisTransform
[        ] Transforming kotlin-util-io-1.7.10.jar (org.jetbrains.kotlin:kotlin-util-io:1.7.10) with InstrumentationAnalysisTransform
[        ] Transforming kotlin-daemon-embeddable-1.7.10.jar (org.jetbrains.kotlin:kotlin-daemon-embeddable:1.7.10) with InstrumentationAnalysisTransform
[        ] Transforming jna-5.6.0.jar (net.java.dev.jna:jna:5.6.0) with InstrumentationAnalysisTransform
[        ] Transforming kotlin-build-common-1.7.10.jar (org.jetbrains.kotlin:kotlin-build-common:1.7.10) with InstrumentationAnalysisTransform
[        ] Transforming kotlin-daemon-client-1.7.10.jar (org.jetbrains.kotlin:kotlin-daemon-client:1.7.10) with InstrumentationAnalysisTransform
[        ] Transforming kotlinx-coroutines-core-jvm-1.5.0.jar (org.jetbrains.kotlinx:kotlinx-coroutines-core-jvm:1.5.0) with InstrumentationAnalysisTransform
[        ] Transforming kotlin-scripting-jvm-1.7.10.jar (org.jetbrains.kotlin:kotlin-scripting-jvm:1.7.10) with InstrumentationAnalysisTransform
[        ] Transforming kotlin-scripting-common-1.7.10.jar (org.jetbrains.kotlin:kotlin-scripting-common:1.7.10) with InstrumentationAnalysisTransform
[        ] Transforming failureaccess-1.0.1.jar (com.google.guava:failureaccess:1.0.1) with InstrumentationAnalysisTransform
[        ] Transforming listenablefuture-9999.0-empty-to-avoid-conflict-with-guava.jar (com.google.guava:listenablefuture:9999.0-empty-to-avoid-conflict-with-guava) with InstrumentationAnalysisTransform
[        ] Transforming j2objc-annotations-1.3.jar (com.google.j2objc:j2objc-annotations:1.3) with InstrumentationAnalysisTransform
[        ] Transforming xml-apis-1.4.01.jar (xml-apis:xml-apis:1.4.01) with InstrumentationAnalysisTransform
[        ] Transforming commons-logging-1.2.jar (commons-logging:commons-logging:1.2) with InstrumentationAnalysisTransform
[        ] Transforming grpc-context-1.39.0.jar (io.grpc:grpc-context:1.39.0) with InstrumentationAnalysisTransform
[        ] Transforming netty-codec-http-4.1.52.Final.jar (io.netty:netty-codec-http:4.1.52.Final) with InstrumentationAnalysisTransform
[        ] Transforming netty-handler-4.1.52.Final.jar (io.netty:netty-handler:4.1.52.Final) with InstrumentationAnalysisTransform
[        ] Transforming netty-codec-socks-4.1.52.Final.jar (io.netty:netty-codec-socks:4.1.52.Final) with InstrumentationAnalysisTransform
[        ] Transforming netty-codec-4.1.52.Final.jar (io.netty:netty-codec:4.1.52.Final) with InstrumentationAnalysisTransform
[        ] Transforming netty-transport-4.1.52.Final.jar (io.netty:netty-transport:4.1.52.Final) with InstrumentationAnalysisTransform
[        ] Transforming netty-buffer-4.1.52.Final.jar (io.netty:netty-buffer:4.1.52.Final) with InstrumentationAnalysisTransform
[        ] Transforming netty-resolver-4.1.52.Final.jar (io.netty:netty-resolver:4.1.52.Final) with InstrumentationAnalysisTransform
[        ] Transforming netty-common-4.1.52.Final.jar (io.netty:netty-common:4.1.52.Final) with InstrumentationAnalysisTransform
[        ] Transforming gradle-7.3.0.jar (com.android.tools.build:gradle:7.3.0) with InstrumentationAnalysisTransform
[        ] Transforming gradle-7.3.0.jar (com.android.tools.build:gradle:7.3.0) with MergeInstrumentationAnalysisTransform
[        ] Transforming kotlin-gradle-plugin-1.7.10-gradle70.jar (org.jetbrains.kotlin:kotlin-gradle-plugin:1.7.10) with InstrumentationAnalysisTransform
[        ] Transforming kotlin-gradle-plugin-1.7.10-gradle70.jar (org.jetbrains.kotlin:kotlin-gradle-plugin:1.7.10) with MergeInstrumentationAnalysisTransform
[        ] Transforming gradle-7.3.0.jar (com.android.tools.build:gradle:7.3.0) with ExternalDependencyInstrumentingArtifactTransform
[        ] Transforming databinding-compiler-common-7.3.0.jar (androidx.databinding:databinding-compiler-common:7.3.0) with InstrumentationAnalysisTransform
[        ] Transforming kotlin-gradle-plugin-1.7.10-gradle70.jar (org.jetbrains.kotlin:kotlin-gradle-plugin:1.7.10) with ExternalDependencyInstrumentingArtifactTransform
[        ] Transforming databinding-compiler-common-7.3.0.jar (androidx.databinding:databinding-compiler-common:7.3.0) with MergeInstrumentationAnalysisTransform
[        ] Transforming jetifier-processor-1.0.0-beta10.jar (com.android.tools.build.jetifier:jetifier-processor:1.0.0-beta10) with InstrumentationAnalysisTransform
[        ] Transforming jetifier-processor-1.0.0-beta10.jar (com.android.tools.build.jetifier:jetifier-processor:1.0.0-beta10) with MergeInstrumentationAnalysisTransform
[        ] Transforming databinding-compiler-common-7.3.0.jar (androidx.databinding:databinding-compiler-common:7.3.0) with ExternalDependencyInstrumentingArtifactTransform
[        ] Transforming jetifier-core-1.0.0-beta10.jar (com.android.tools.build.jetifier:jetifier-core:1.0.0-beta10) with InstrumentationAnalysisTransform
[        ] Transforming jetifier-core-1.0.0-beta10.jar (com.android.tools.build.jetifier:jetifier-core:1.0.0-beta10) with MergeInstrumentationAnalysisTransform
[        ] Transforming jetifier-processor-1.0.0-beta10.jar (com.android.tools.build.jetifier:jetifier-processor:1.0.0-beta10) with ExternalDependencyInstrumentingArtifactTransform
[        ] Transforming lint-model-30.3.0.jar (com.android.tools.lint:lint-model:30.3.0) with InstrumentationAnalysisTransform
[        ] Transforming lint-model-30.3.0.jar (com.android.tools.lint:lint-model:30.3.0) with MergeInstrumentationAnalysisTransform
[        ] Transforming jetifier-core-1.0.0-beta10.jar (com.android.tools.build.jetifier:jetifier-core:1.0.0-beta10) with ExternalDependencyInstrumentingArtifactTransform
[        ] Transforming builder-7.3.0.jar (com.android.tools.build:builder:7.3.0) with InstrumentationAnalysisTransform
[        ] Transforming builder-7.3.0.jar (com.android.tools.build:builder:7.3.0) with MergeInstrumentationAnalysisTransform
[        ] Transforming lint-model-30.3.0.jar (com.android.tools.lint:lint-model:30.3.0) with ExternalDependencyInstrumentingArtifactTransform
[        ] Transforming manifest-merger-30.3.0.jar (com.android.tools.build:manifest-merger:30.3.0) with InstrumentationAnalysisTransform
[        ] Transforming builder-7.3.0.jar (com.android.tools.build:builder:7.3.0) with ExternalDependencyInstrumentingArtifactTransform
[        ] Transforming manifest-merger-30.3.0.jar (com.android.tools.build:manifest-merger:30.3.0) with MergeInstrumentationAnalysisTransform
[        ] Transforming sdk-common-30.3.0.jar (com.android.tools:sdk-common:30.3.0) with InstrumentationAnalysisTransform
[        ] Transforming sdk-common-30.3.0.jar (com.android.tools:sdk-common:30.3.0) with MergeInstrumentationAnalysisTransform
[        ] Transforming manifest-merger-30.3.0.jar (com.android.tools.build:manifest-merger:30.3.0) with ExternalDependencyInstrumentingArtifactTransform
[        ] Transforming kotlin-reflect-1.9.24.jar (org.jetbrains.kotlin:kotlin-reflect:1.9.24) with InstrumentationAnalysisTransform
[        ] Transforming sdk-common-30.3.0.jar (com.android.tools:sdk-common:30.3.0) with ExternalDependencyInstrumentingArtifactTransform
[        ] Transforming kotlin-reflect-1.9.24.jar (org.jetbrains.kotlin:kotlin-reflect:1.9.24) with MergeInstrumentationAnalysisTransform
[        ] Transforming sdklib-30.3.0.jar (com.android.tools:sdklib:30.3.0) with InstrumentationAnalysisTransform
[        ] Transforming sdklib-30.3.0.jar (com.android.tools:sdklib:30.3.0) with MergeInstrumentationAnalysisTransform
[        ] Transforming kotlin-reflect-1.9.24.jar (org.jetbrains.kotlin:kotlin-reflect:1.9.24) with ExternalDependencyInstrumentingArtifactTransform
[        ] Transforming repository-30.3.0.jar (com.android.tools:repository:30.3.0) with InstrumentationAnalysisTransform
[        ] Transforming repository-30.3.0.jar (com.android.tools:repository:30.3.0) with MergeInstrumentationAnalysisTransform
[        ] Transforming sdklib-30.3.0.jar (com.android.tools:sdklib:30.3.0) with ExternalDependencyInstrumentingArtifactTransform
[        ] Transforming gradle-api-7.3.0.jar (com.android.tools.build:gradle-api:7.3.0) with InstrumentationAnalysisTransform
[        ] Transforming gradle-api-7.3.0.jar (com.android.tools.build:gradle-api:7.3.0) with MergeInstrumentationAnalysisTransform
[        ] Transforming repository-30.3.0.jar (com.android.tools:repository:30.3.0) with ExternalDependencyInstrumentingArtifactTransform
[        ] Transforming builder-test-api-7.3.0.jar (com.android.tools.build:builder-test-api:7.3.0) with InstrumentationAnalysisTransform
[        ] Transforming builder-test-api-7.3.0.jar (com.android.tools.build:builder-test-api:7.3.0) with MergeInstrumentationAnalysisTransform
[        ] Transforming gradle-api-7.3.0.jar (com.android.tools.build:gradle-api:7.3.0) with ExternalDependencyInstrumentingArtifactTransform
[        ] Transforming ddmlib-30.3.0.jar (com.android.tools.ddms:ddmlib:30.3.0) with InstrumentationAnalysisTransform
[        ] Transforming ddmlib-30.3.0.jar (com.android.tools.ddms:ddmlib:30.3.0) with MergeInstrumentationAnalysisTransform
[        ] Transforming builder-test-api-7.3.0.jar (com.android.tools.build:builder-test-api:7.3.0) with ExternalDependencyInstrumentingArtifactTransform
[        ] Transforming aaptcompiler-7.3.0.jar (com.android.tools.build:aaptcompiler:7.3.0) with InstrumentationAnalysisTransform
[        ] Transforming aaptcompiler-7.3.0.jar (com.android.tools.build:aaptcompiler:7.3.0) with MergeInstrumentationAnalysisTransform
[        ] Transforming ddmlib-30.3.0.jar (com.android.tools.ddms:ddmlib:30.3.0) with ExternalDependencyInstrumentingArtifactTransform
[        ] Transforming tracker-30.3.0.jar (com.android.tools.analytics-library:tracker:30.3.0) with InstrumentationAnalysisTransform
[        ] Transforming aaptcompiler-7.3.0.jar (com.android.tools.build:aaptcompiler:7.3.0) with ExternalDependencyInstrumentingArtifactTransform
[        ] Transforming tracker-30.3.0.jar (com.android.tools.analytics-library:tracker:30.3.0) with MergeInstrumentationAnalysisTransform
[        ] Transforming shared-30.3.0.jar (com.android.tools.analytics-library:shared:30.3.0) with InstrumentationAnalysisTransform
[        ] Transforming tracker-30.3.0.jar (com.android.tools.analytics-library:tracker:30.3.0) with ExternalDependencyInstrumentingArtifactTransform
[        ] Transforming shared-30.3.0.jar (com.android.tools.analytics-library:shared:30.3.0) with MergeInstrumentationAnalysisTransform
[        ] Transforming android-test-plugin-host-retention-proto-30.3.0.jar (com.android.tools.utp:android-test-plugin-host-retention-proto:30.3.0) with InstrumentationAnalysisTransform
[        ] Transforming shared-30.3.0.jar (com.android.tools.analytics-library:shared:30.3.0) with ExternalDependencyInstrumentingArtifactTransform
[        ] Transforming android-test-plugin-host-retention-proto-30.3.0.jar (com.android.tools.utp:android-test-plugin-host-retention-proto:30.3.0) with MergeInstrumentationAnalysisTransform
[        ] Transforming builder-model-7.3.0.jar (com.android.tools.build:builder-model:7.3.0) with InstrumentationAnalysisTransform
[        ] Transforming builder-model-7.3.0.jar (com.android.tools.build:builder-model:7.3.0) with MergeInstrumentationAnalysisTransform
[        ] Transforming layoutlib-api-30.3.0.jar (com.android.tools.layoutlib:layoutlib-api:30.3.0) with InstrumentationAnalysisTransform
[        ] Transforming android-test-plugin-host-retention-proto-30.3.0.jar (com.android.tools.utp:android-test-plugin-host-retention-proto:30.3.0) with ExternalDependencyInstrumentingArtifactTransform
[        ] Transforming builder-model-7.3.0.jar (com.android.tools.build:builder-model:7.3.0) with ExternalDependencyInstrumentingArtifactTransform
[        ] Transforming layoutlib-api-30.3.0.jar (com.android.tools.layoutlib:layoutlib-api:30.3.0) with MergeInstrumentationAnalysisTransform
[        ] Transforming dvlib-30.3.0.jar (com.android.tools:dvlib:30.3.0) with InstrumentationAnalysisTransform
[        ] Transforming dvlib-30.3.0.jar (com.android.tools:dvlib:30.3.0) with MergeInstrumentationAnalysisTransform
[        ] Transforming layoutlib-api-30.3.0.jar (com.android.tools.layoutlib:layoutlib-api:30.3.0) with ExternalDependencyInstrumentingArtifactTransform
[        ] Transforming common-30.3.0.jar (com.android.tools:common:30.3.0) with InstrumentationAnalysisTransform
[        ] Transforming dvlib-30.3.0.jar (com.android.tools:dvlib:30.3.0) with ExternalDependencyInstrumentingArtifactTransform
[        ] Transforming common-30.3.0.jar (com.android.tools:common:30.3.0) with MergeInstrumentationAnalysisTransform
[        ] Transforming kotlin-stdlib-jdk8-1.8.0.jar (org.jetbrains.kotlin:kotlin-stdlib-jdk8:1.8.0) with InstrumentationAnalysisTransform
[        ] Transforming common-30.3.0.jar (com.android.tools:common:30.3.0) with ExternalDependencyInstrumentingArtifactTransform
[        ] Transforming kotlin-stdlib-jdk8-1.8.0.jar (org.jetbrains.kotlin:kotlin-stdlib-jdk8:1.8.0) with MergeInstrumentationAnalysisTransform
[        ] Transforming kotlin-stdlib-jdk7-1.8.0.jar (org.jetbrains.kotlin:kotlin-stdlib-jdk7:1.8.0) with InstrumentationAnalysisTransform
[        ] Transforming kotlin-stdlib-jdk7-1.8.0.jar (org.jetbrains.kotlin:kotlin-stdlib-jdk7:1.8.0) with MergeInstrumentationAnalysisTransform
[        ] Transforming kotlin-stdlib-1.9.24.jar (org.jetbrains.kotlin:kotlin-stdlib:1.9.24) with InstrumentationAnalysisTransform
[        ] Transforming kotlin-stdlib-jdk8-1.8.0.jar (org.jetbrains.kotlin:kotlin-stdlib-jdk8:1.8.0) with ExternalDependencyInstrumentingArtifactTransform
[        ] Transforming kotlin-stdlib-1.9.24.jar (org.jetbrains.kotlin:kotlin-stdlib:1.9.24) with MergeInstrumentationAnalysisTransform
[        ] Transforming kotlin-stdlib-jdk7-1.8.0.jar (org.jetbrains.kotlin:kotlin-stdlib-jdk7:1.8.0) with ExternalDependencyInstrumentingArtifactTransform
[        ] Transforming annotations-13.0.jar (org.jetbrains:annotations:13.0) with InstrumentationAnalysisTransform
[        ] Transforming kotlin-stdlib-1.9.24.jar (org.jetbrains.kotlin:kotlin-stdlib:1.9.24) with ExternalDependencyInstrumentingArtifactTransform
[        ] Transforming annotations-13.0.jar (org.jetbrains:annotations:13.0) with MergeInstrumentationAnalysisTransform
[        ] Transforming bundletool-1.9.0.jar (com.android.tools.build:bundletool:1.9.0) with InstrumentationAnalysisTransform
[        ] Transforming bundletool-1.9.0.jar (com.android.tools.build:bundletool:1.9.0) with MergeInstrumentationAnalysisTransform
[        ] Transforming annotations-13.0.jar (org.jetbrains:annotations:13.0) with ExternalDependencyInstrumentingArtifactTransform
[        ] Transforming aapt2-proto-7.3.0-8691043.jar (com.android.tools.build:aapt2-proto:7.3.0-8691043) with InstrumentationAnalysisTransform
[        ] Transforming bundletool-1.9.0.jar (com.android.tools.build:bundletool:1.9.0) with ExternalDependencyInstrumentingArtifactTransform
[        ] Transforming aapt2-proto-7.3.0-8691043.jar (com.android.tools.build:aapt2-proto:7.3.0-8691043) with MergeInstrumentationAnalysisTransform
[        ] Transforming crash-30.3.0.jar (com.android.tools.analytics-library:crash:30.3.0) with InstrumentationAnalysisTransform
[        ] Transforming crash-30.3.0.jar (com.android.tools.analytics-library:crash:30.3.0) with MergeInstrumentationAnalysisTransform
[        ] Transforming aapt2-proto-7.3.0-8691043.jar (com.android.tools.build:aapt2-proto:7.3.0-8691043) with ExternalDependencyInstrumentingArtifactTransform
[        ] Transforming lint-typedef-remover-30.3.0.jar (com.android.tools.lint:lint-typedef-remover:30.3.0) with InstrumentationAnalysisTransform
[        ] Transforming crash-30.3.0.jar (com.android.tools.analytics-library:crash:30.3.0) with ExternalDependencyInstrumentingArtifactTransform
[        ] Transforming lint-typedef-remover-30.3.0.jar (com.android.tools.lint:lint-typedef-remover:30.3.0) with MergeInstrumentationAnalysisTransform
[        ] Transforming databinding-common-7.3.0.jar (androidx.databinding:databinding-common:7.3.0) with InstrumentationAnalysisTransform
[        ] Transforming databinding-common-7.3.0.jar (androidx.databinding:databinding-common:7.3.0) with MergeInstrumentationAnalysisTransform
[        ] Transforming baseLibrary-7.3.0.jar (com.android.databinding:baseLibrary:7.3.0) with InstrumentationAnalysisTransform
[        ] Transforming lint-typedef-remover-30.3.0.jar (com.android.tools.lint:lint-typedef-remover:30.3.0) with ExternalDependencyInstrumentingArtifactTransform
[        ] Transforming databinding-common-7.3.0.jar (androidx.databinding:databinding-common:7.3.0) with ExternalDependencyInstrumentingArtifactTransform
[        ] Transforming baseLibrary-7.3.0.jar (com.android.databinding:baseLibrary:7.3.0) with MergeInstrumentationAnalysisTransform
[        ] Transforming android-device-provider-ddmlib-proto-30.3.0.jar (com.android.tools.utp:android-device-provider-ddmlib-proto:30.3.0) with InstrumentationAnalysisTransform
[        ] Transforming baseLibrary-7.3.0.jar (com.android.databinding:baseLibrary:7.3.0) with ExternalDependencyInstrumentingArtifactTransform
[        ] Transforming android-device-provider-ddmlib-proto-30.3.0.jar (com.android.tools.utp:android-device-provider-ddmlib-proto:30.3.0) with MergeInstrumentationAnalysisTransform
[        ] Transforming android-device-provider-gradle-proto-30.3.0.jar (com.android.tools.utp:android-device-provider-gradle-proto:30.3.0) with InstrumentationAnalysisTransform
[        ] Transforming android-device-provider-ddmlib-proto-30.3.0.jar (com.android.tools.utp:android-device-provider-ddmlib-proto:30.3.0) with ExternalDependencyInstrumentingArtifactTransform
[        ] Transforming android-device-provider-gradle-proto-30.3.0.jar (com.android.tools.utp:android-device-provider-gradle-proto:30.3.0) with MergeInstrumentationAnalysisTransform
[        ] Transforming android-test-plugin-host-additional-test-output-proto-30.3.0.jar (com.android.tools.utp:android-test-plugin-host-additional-test-output-proto:30.3.0) with InstrumentationAnalysisTransform
[        ] Transforming android-device-provider-gradle-proto-30.3.0.jar (com.android.tools.utp:android-device-provider-gradle-proto:30.3.0) with ExternalDependencyInstrumentingArtifactTransform
[        ] Transforming android-test-plugin-host-additional-test-output-proto-30.3.0.jar (com.android.tools.utp:android-test-plugin-host-additional-test-output-proto:30.3.0) with MergeInstrumentationAnalysisTransform
[        ] Transforming android-test-plugin-host-coverage-proto-30.3.0.jar (com.android.tools.utp:android-test-plugin-host-coverage-proto:30.3.0) with InstrumentationAnalysisTransform
[        ] Transforming android-test-plugin-host-coverage-proto-30.3.0.jar (com.android.tools.utp:android-test-plugin-host-coverage-proto:30.3.0) with MergeInstrumentationAnalysisTransform
[        ] Transforming android-test-plugin-host-additional-test-output-proto-30.3.0.jar (com.android.tools.utp:android-test-plugin-host-additional-test-output-proto:30.3.0) with ExternalDependencyInstrumentingArtifactTransform
[        ] Transforming android-test-plugin-result-listener-gradle-proto-30.3.0.jar (com.android.tools.utp:android-test-plugin-result-listener-gradle-proto:30.3.0) with InstrumentationAnalysisTransform
[        ] Transforming android-test-plugin-host-coverage-proto-30.3.0.jar (com.android.tools.utp:android-test-plugin-host-coverage-proto:30.3.0) with ExternalDependencyInstrumentingArtifactTransform
[        ] Transforming android-test-plugin-result-listener-gradle-proto-30.3.0.jar (com.android.tools.utp:android-test-plugin-result-listener-gradle-proto:30.3.0) with MergeInstrumentationAnalysisTransform
[        ] Transforming transform-api-2.0.0-deprecated-use-gradle-api.jar (com.android.tools.build:transform-api:2.0.0-deprecated-use-gradle-api) with InstrumentationAnalysisTransform
[        ] Transforming transform-api-2.0.0-deprecated-use-gradle-api.jar (com.android.tools.build:transform-api:2.0.0-deprecated-use-gradle-api) with MergeInstrumentationAnalysisTransform
[        ] Transforming android-test-plugin-result-listener-gradle-proto-30.3.0.jar (com.android.tools.utp:android-test-plugin-result-listener-gradle-proto:30.3.0) with ExternalDependencyInstrumentingArtifactTransform
[        ] Transforming httpmime-4.5.6.jar (org.apache.httpcomponents:httpmime:4.5.6) with InstrumentationAnalysisTransform
[        ] Transforming transform-api-2.0.0-deprecated-use-gradle-api.jar (com.android.tools.build:transform-api:2.0.0-deprecated-use-gradle-api) with ExternalDependencyInstrumentingArtifactTransform
[        ] Transforming httpmime-4.5.6.jar (org.apache.httpcomponents:httpmime:4.5.6) with MergeInstrumentationAnalysisTransform
[        ] Transforming commons-io-2.4.jar (commons-io:commons-io:2.4) with InstrumentationAnalysisTransform
[        ] Transforming httpmime-4.5.6.jar (org.apache.httpcomponents:httpmime:4.5.6) with ExternalDependencyInstrumentingArtifactTransform
[        ] Transforming commons-io-2.4.jar (commons-io:commons-io:2.4) with MergeInstrumentationAnalysisTransform
[        ] Transforming asm-commons-9.1.jar (org.ow2.asm:asm-commons:9.1) with InstrumentationAnalysisTransform
[        ] Transforming commons-io-2.4.jar (commons-io:commons-io:2.4) with ExternalDependencyInstrumentingArtifactTransform
[        ] Transforming asm-commons-9.1.jar (org.ow2.asm:asm-commons:9.1) with MergeInstrumentationAnalysisTransform
[        ] Transforming asm-util-9.1.jar (org.ow2.asm:asm-util:9.1) with InstrumentationAnalysisTransform
[        ] Transforming asm-commons-9.1.jar (org.ow2.asm:asm-commons:9.1) with ExternalDependencyInstrumentingArtifactTransform
[        ] Transforming asm-util-9.1.jar (org.ow2.asm:asm-util:9.1) with MergeInstrumentationAnalysisTransform
[        ] Transforming asm-analysis-9.1.jar (org.ow2.asm:asm-analysis:9.1) with InstrumentationAnalysisTransform
[        ] Transforming asm-util-9.1.jar (org.ow2.asm:asm-util:9.1) with ExternalDependencyInstrumentingArtifactTransform
[        ] Transforming asm-analysis-9.1.jar (org.ow2.asm:asm-analysis:9.1) with MergeInstrumentationAnalysisTransform
[        ] Transforming asm-tree-9.1.jar (org.ow2.asm:asm-tree:9.1) with InstrumentationAnalysisTransform
[        ] Transforming asm-tree-9.1.jar (org.ow2.asm:asm-tree:9.1) with MergeInstrumentationAnalysisTransform
[        ] Transforming asm-9.1.jar (org.ow2.asm:asm:9.1) with InstrumentationAnalysisTransform
[        ] Transforming asm-analysis-9.1.jar (org.ow2.asm:asm-analysis:9.1) with ExternalDependencyInstrumentingArtifactTransform
[        ] Transforming asm-tree-9.1.jar (org.ow2.asm:asm-tree:9.1) with ExternalDependencyInstrumentingArtifactTransform
[        ] Transforming asm-9.1.jar (org.ow2.asm:asm:9.1) with MergeInstrumentationAnalysisTransform
[        ] Transforming apkzlib-7.3.0.jar (com.android.tools.build:apkzlib:7.3.0) with InstrumentationAnalysisTransform
[        ] Transforming apkzlib-7.3.0.jar (com.android.tools.build:apkzlib:7.3.0) with MergeInstrumentationAnalysisTransform
[        ] Transforming asm-9.1.jar (org.ow2.asm:asm:9.1) with ExternalDependencyInstrumentingArtifactTransform
[   +1 ms] Transforming bcpkix-jdk15on-1.67.jar (org.bouncycastle:bcpkix-jdk15on:1.67) with InstrumentationAnalysisTransform
[        ] Transforming apkzlib-7.3.0.jar (com.android.tools.build:apkzlib:7.3.0) with ExternalDependencyInstrumentingArtifactTransform
[        ] Transforming bcpkix-jdk15on-1.67.jar (org.bouncycastle:bcpkix-jdk15on:1.67) with MergeInstrumentationAnalysisTransform
[        ] Transforming jaxb-runtime-2.3.2.jar (org.glassfish.jaxb:jaxb-runtime:2.3.2) with InstrumentationAnalysisTransform
[        ] Transforming bcpkix-jdk15on-1.67.jar (org.bouncycastle:bcpkix-jdk15on:1.67) with ExternalDependencyInstrumentingArtifactTransform
[        ] Transforming jaxb-runtime-2.3.2.jar (org.glassfish.jaxb:jaxb-runtime:2.3.2) with MergeInstrumentationAnalysisTransform
[        ] Transforming jopt-simple-4.9.jar (net.sf.jopt-simple:jopt-simple:4.9) with InstrumentationAnalysisTransform
[        ] Transforming jaxb-runtime-2.3.2.jar (org.glassfish.jaxb:jaxb-runtime:2.3.2) with ExternalDependencyInstrumentingArtifactTransform
[        ] Transforming jopt-simple-4.9.jar (net.sf.jopt-simple:jopt-simple:4.9) with MergeInstrumentationAnalysisTransform
[        ] Transforming javapoet-1.10.0.jar (com.squareup:javapoet:1.10.0) with InstrumentationAnalysisTransform
[        ] Transforming jopt-simple-4.9.jar (net.sf.jopt-simple:jopt-simple:4.9) with ExternalDependencyInstrumentingArtifactTransform
[        ] Transforming javapoet-1.10.0.jar (com.squareup:javapoet:1.10.0) with MergeInstrumentationAnalysisTransform
[        ] Transforming protobuf-java-util-3.17.2.jar (com.google.protobuf:protobuf-java-util:3.17.2) with InstrumentationAnalysisTransform
[        ] Transforming protobuf-java-util-3.17.2.jar (com.google.protobuf:protobuf-java-util:3.17.2) with MergeInstrumentationAnalysisTransform
[        ] Transforming grpc-protobuf-1.39.0.jar (io.grpc:grpc-protobuf:1.39.0) with InstrumentationAnalysisTransform
[        ] Transforming javapoet-1.10.0.jar (com.squareup:javapoet:1.10.0) with ExternalDependencyInstrumentingArtifactTransform
[        ] Transforming protobuf-java-util-3.17.2.jar (com.google.protobuf:protobuf-java-util:3.17.2) with ExternalDependencyInstrumentingArtifactTransform
[        ] Transforming grpc-protobuf-1.39.0.jar (io.grpc:grpc-protobuf:1.39.0) with MergeInstrumentationAnalysisTransform
[        ] Transforming tink-1.3.0-rc2.jar (com.google.crypto.tink:tink:1.3.0-rc2) with InstrumentationAnalysisTransform
[        ] Transforming tink-1.3.0-rc2.jar (com.google.crypto.tink:tink:1.3.0-rc2) with MergeInstrumentationAnalysisTransform
[        ] Transforming grpc-protobuf-1.39.0.jar (io.grpc:grpc-protobuf:1.39.0) with ExternalDependencyInstrumentingArtifactTransform
[        ] Transforming protos-30.3.0.jar (com.android.tools.analytics-library:protos:30.3.0) with InstrumentationAnalysisTransform
[        ] Transforming tink-1.3.0-rc2.jar (com.google.crypto.tink:tink:1.3.0-rc2) with ExternalDependencyInstrumentingArtifactTransform
[        ] Transforming protos-30.3.0.jar (com.android.tools.analytics-library:protos:30.3.0) with MergeInstrumentationAnalysisTransform
[        ] Transforming proto-google-common-protos-2.0.1.jar (com.google.api.grpc:proto-google-common-protos:2.0.1) with InstrumentationAnalysisTransform
[        ] Transforming proto-google-common-protos-2.0.1.jar (com.google.api.grpc:proto-google-common-protos:2.0.1) with MergeInstrumentationAnalysisTransform
[        ] Transforming protos-30.3.0.jar (com.android.tools.analytics-library:protos:30.3.0) with ExternalDependencyInstrumentingArtifactTransform
[        ] Transforming protobuf-java-3.17.2.jar (com.google.protobuf:protobuf-java:3.17.2) with InstrumentationAnalysisTransform
[        ] Transforming proto-google-common-protos-2.0.1.jar (com.google.api.grpc:proto-google-common-protos:2.0.1) with ExternalDependencyInstrumentingArtifactTransform
[        ] Transforming protobuf-java-3.17.2.jar (com.google.protobuf:protobuf-java:3.17.2) with MergeInstrumentationAnalysisTransform
[        ] Transforming grpc-netty-1.39.0.jar (io.grpc:grpc-netty:1.39.0) with InstrumentationAnalysisTransform
[        ] Transforming protobuf-java-3.17.2.jar (com.google.protobuf:protobuf-java:3.17.2) with ExternalDependencyInstrumentingArtifactTransform
[        ] Transforming grpc-netty-1.39.0.jar (io.grpc:grpc-netty:1.39.0) with MergeInstrumentationAnalysisTransform
[        ] Transforming grpc-core-1.39.0.jar (io.grpc:grpc-core:1.39.0) with InstrumentationAnalysisTransform
[        ] Transforming grpc-core-1.39.0.jar (io.grpc:grpc-core:1.39.0) with MergeInstrumentationAnalysisTransform
[        ] Transforming kotlin-tooling-metadata-1.7.10.jar (org.jetbrains.kotlin:kotlin-tooling-metadata:1.7.10) with InstrumentationAnalysisTransform
[        ] Transforming grpc-netty-1.39.0.jar (io.grpc:grpc-netty:1.39.0) with ExternalDependencyInstrumentingArtifactTransform
[        ] Transforming kotlin-tooling-metadata-1.7.10.jar (org.jetbrains.kotlin:kotlin-tooling-metadata:1.7.10) with MergeInstrumentationAnalysisTransform
[        ] Transforming gson-2.8.9.jar (com.google.code.gson:gson:2.8.9) with InstrumentationAnalysisTransform
[        ] Transforming grpc-core-1.39.0.jar (io.grpc:grpc-core:1.39.0) with ExternalDependencyInstrumentingArtifactTransform
[        ] Transforming gson-2.8.9.jar (com.google.code.gson:gson:2.8.9) with MergeInstrumentationAnalysisTransform
[        ] Transforming kotlin-tooling-metadata-1.7.10.jar (org.jetbrains.kotlin:kotlin-tooling-metadata:1.7.10) with ExternalDependencyInstrumentingArtifactTransform
[        ] Transforming grpc-stub-1.39.0.jar (io.grpc:grpc-stub:1.39.0) with InstrumentationAnalysisTransform
[        ] Transforming gson-2.8.9.jar (com.google.code.gson:gson:2.8.9) with ExternalDependencyInstrumentingArtifactTransform
[        ] Transforming grpc-stub-1.39.0.jar (io.grpc:grpc-stub:1.39.0) with MergeInstrumentationAnalysisTransform
[        ] Transforming core-proto-0.0.8-alpha07.jar (com.google.testing.platform:core-proto:0.0.8-alpha07) with InstrumentationAnalysisTransform
[        ] Transforming grpc-stub-1.39.0.jar (io.grpc:grpc-stub:1.39.0) with ExternalDependencyInstrumentingArtifactTransform
[        ] Transforming core-proto-0.0.8-alpha07.jar (com.google.testing.platform:core-proto:0.0.8-alpha07) with MergeInstrumentationAnalysisTransform
[        ] Transforming tensorflow-lite-metadata-0.1.0-rc2.jar (org.tensorflow:tensorflow-lite-metadata:0.1.0-rc2) with InstrumentationAnalysisTransform
[        ] Transforming tensorflow-lite-metadata-0.1.0-rc2.jar (org.tensorflow:tensorflow-lite-metadata:0.1.0-rc2) with MergeInstrumentationAnalysisTransform
[        ] Transforming core-proto-0.0.8-alpha07.jar (com.google.testing.platform:core-proto:0.0.8-alpha07) with ExternalDependencyInstrumentingArtifactTransform
[        ] Transforming flatbuffers-java-1.12.0.jar (com.google.flatbuffers:flatbuffers-java:1.12.0) with InstrumentationAnalysisTransform
[        ] Transforming tensorflow-lite-metadata-0.1.0-rc2.jar (org.tensorflow:tensorflow-lite-metadata:0.1.0-rc2) with ExternalDependencyInstrumentingArtifactTransform
[        ] Transforming flatbuffers-java-1.12.0.jar (com.google.flatbuffers:flatbuffers-java:1.12.0) with MergeInstrumentationAnalysisTransform
[        ] Transforming kotlin-gradle-plugin-model-1.7.10.jar (org.jetbrains.kotlin:kotlin-gradle-plugin-model:1.7.10) with InstrumentationAnalysisTransform
[        ] Transforming kotlin-gradle-plugin-model-1.7.10.jar (org.jetbrains.kotlin:kotlin-gradle-plugin-model:1.7.10) with MergeInstrumentationAnalysisTransform
[        ] Transforming flatbuffers-java-1.12.0.jar (com.google.flatbuffers:flatbuffers-java:1.12.0) with ExternalDependencyInstrumentingArtifactTransform
[        ] Transforming kotlin-gradle-plugin-api-1.7.10-gradle70.jar (org.jetbrains.kotlin:kotlin-gradle-plugin-api:1.7.10) with InstrumentationAnalysisTransform
[        ] Transforming kotlin-gradle-plugin-model-1.7.10.jar (org.jetbrains.kotlin:kotlin-gradle-plugin-model:1.7.10) with ExternalDependencyInstrumentingArtifactTransform
[        ] Transforming kotlin-gradle-plugin-api-1.7.10-gradle70.jar (org.jetbrains.kotlin:kotlin-gradle-plugin-api:1.7.10) with MergeInstrumentationAnalysisTransform
[        ] Transforming kotlin-gradle-plugin-api-1.7.10.jar (org.jetbrains.kotlin:kotlin-gradle-plugin-api:1.7.10) with InstrumentationAnalysisTransform
[        ] Transforming kotlin-gradle-plugin-api-1.7.10-gradle70.jar (org.jetbrains.kotlin:kotlin-gradle-plugin-api:1.7.10) with ExternalDependencyInstrumentingArtifactTransform
[        ] Transforming kotlin-gradle-plugin-api-1.7.10.jar (org.jetbrains.kotlin:kotlin-gradle-plugin-api:1.7.10) with MergeInstrumentationAnalysisTransform
[        ] Transforming kotlin-project-model-1.7.10.jar (org.jetbrains.kotlin:kotlin-project-model:1.7.10) with InstrumentationAnalysisTransform
[        ] Transforming kotlin-project-model-1.7.10.jar (org.jetbrains.kotlin:kotlin-project-model:1.7.10) with MergeInstrumentationAnalysisTransform
[        ] Transforming kotlin-tooling-core-1.7.10.jar (org.jetbrains.kotlin:kotlin-tooling-core:1.7.10) with InstrumentationAnalysisTransform
[        ] Transforming kotlin-gradle-plugin-api-1.7.10.jar (org.jetbrains.kotlin:kotlin-gradle-plugin-api:1.7.10) with ExternalDependencyInstrumentingArtifactTransform
[        ] Transforming kotlin-project-model-1.7.10.jar (org.jetbrains.kotlin:kotlin-project-model:1.7.10) with ExternalDependencyInstrumentingArtifactTransform
[        ] Transforming kotlin-tooling-core-1.7.10.jar (org.jetbrains.kotlin:kotlin-tooling-core:1.7.10) with MergeInstrumentationAnalysisTransform
[        ] Transforming kotlin-gradle-plugin-idea-1.7.10.jar (org.jetbrains.kotlin:kotlin-gradle-plugin-idea:1.7.10) with InstrumentationAnalysisTransform
[        ] Transforming kotlin-tooling-core-1.7.10.jar (org.jetbrains.kotlin:kotlin-tooling-core:1.7.10) with ExternalDependencyInstrumentingArtifactTransform
[        ] Transforming kotlin-gradle-plugin-idea-1.7.10.jar (org.jetbrains.kotlin:kotlin-gradle-plugin-idea:1.7.10) with MergeInstrumentationAnalysisTransform
[        ] Transforming kotlin-util-klib-1.7.10.jar (org.jetbrains.kotlin:kotlin-util-klib:1.7.10) with InstrumentationAnalysisTransform
[        ] Transforming kotlin-util-klib-1.7.10.jar (org.jetbrains.kotlin:kotlin-util-klib:1.7.10) with MergeInstrumentationAnalysisTransform
[        ] Transforming kotlin-klib-commonizer-api-1.7.10.jar (org.jetbrains.kotlin:kotlin-klib-commonizer-api:1.7.10) with InstrumentationAnalysisTransform
[        ] Transforming kotlin-gradle-plugin-idea-1.7.10.jar (org.jetbrains.kotlin:kotlin-gradle-plugin-idea:1.7.10) with ExternalDependencyInstrumentingArtifactTransform
[        ] Transforming kotlin-util-klib-1.7.10.jar (org.jetbrains.kotlin:kotlin-util-klib:1.7.10) with ExternalDependencyInstrumentingArtifactTransform
[        ] Transforming kotlin-klib-commonizer-api-1.7.10.jar (org.jetbrains.kotlin:kotlin-klib-commonizer-api:1.7.10) with MergeInstrumentationAnalysisTransform
[        ] Transforming jimfs-1.1.jar (com.google.jimfs:jimfs:1.1) with InstrumentationAnalysisTransform
[        ] Transforming kotlin-klib-commonizer-api-1.7.10.jar (org.jetbrains.kotlin:kotlin-klib-commonizer-api:1.7.10) with ExternalDependencyInstrumentingArtifactTransform
[        ] Transforming jimfs-1.1.jar (com.google.jimfs:jimfs:1.1) with MergeInstrumentationAnalysisTransform
[        ] Transforming grpc-protobuf-lite-1.39.0.jar (io.grpc:grpc-protobuf-lite:1.39.0) with InstrumentationAnalysisTransform
[        ] Transforming jimfs-1.1.jar (com.google.jimfs:jimfs:1.1) with ExternalDependencyInstrumentingArtifactTransform
[        ] Transforming grpc-protobuf-lite-1.39.0.jar (io.grpc:grpc-protobuf-lite:1.39.0) with MergeInstrumentationAnalysisTransform
[        ] Transforming grpc-api-1.39.0.jar (io.grpc:grpc-api:1.39.0) with InstrumentationAnalysisTransform
[        ] Transforming grpc-api-1.39.0.jar (io.grpc:grpc-api:1.39.0) with MergeInstrumentationAnalysisTransform
[        ] Transforming grpc-protobuf-lite-1.39.0.jar (io.grpc:grpc-protobuf-lite:1.39.0) with ExternalDependencyInstrumentingArtifactTransform
[        ] Transforming guava-30.1-jre.jar (com.google.guava:guava:30.1-jre) with InstrumentationAnalysisTransform
[        ] Transforming guava-30.1-jre.jar (com.google.guava:guava:30.1-jre) with MergeInstrumentationAnalysisTransform
[        ] Transforming grpc-api-1.39.0.jar (io.grpc:grpc-api:1.39.0) with ExternalDependencyInstrumentingArtifactTransform
[        ] Transforming gradle-download-task-4.1.1.jar (de.undercouch:gradle-download-task:4.1.1) with InstrumentationAnalysisTransform
[        ] Transforming guava-30.1-jre.jar (com.google.guava:guava:30.1-jre) with ExternalDependencyInstrumentingArtifactTransform
[        ] Transforming gradle-download-task-4.1.1.jar (de.undercouch:gradle-download-task:4.1.1) with MergeInstrumentationAnalysisTransform
[        ] Transforming semver4j-0.16.4-nodeps.jar (com.github.gundy:semver4j:0.16.4) with InstrumentationAnalysisTransform
[        ] Transforming semver4j-0.16.4-nodeps.jar (com.github.gundy:semver4j:0.16.4) with MergeInstrumentationAnalysisTransform
[        ] Transforming gradle-download-task-4.1.1.jar (de.undercouch:gradle-download-task:4.1.1) with ExternalDependencyInstrumentingArtifactTransform
[        ] Transforming kotlin-annotation-processing-gradle-1.7.10.jar (org.jetbrains.kotlin:kotlin-annotation-processing-gradle:1.7.10) with InstrumentationAnalysisTransform
[        ] Transforming semver4j-0.16.4-nodeps.jar (com.github.gundy:semver4j:0.16.4) with ExternalDependencyInstrumentingArtifactTransform
[        ] Transforming kotlin-annotation-processing-gradle-1.7.10.jar (org.jetbrains.kotlin:kotlin-annotation-processing-gradle:1.7.10) with MergeInstrumentationAnalysisTransform
[        ] Transforming kotlin-android-extensions-1.7.10.jar (org.jetbrains.kotlin:kotlin-android-extensions:1.7.10) with InstrumentationAnalysisTransform
[        ] Transforming kotlin-annotation-processing-gradle-1.7.10.jar (org.jetbrains.kotlin:kotlin-annotation-processing-gradle:1.7.10) with ExternalDependencyInstrumentingArtifactTransform
[        ] Transforming kotlin-android-extensions-1.7.10.jar (org.jetbrains.kotlin:kotlin-android-extensions:1.7.10) with MergeInstrumentationAnalysisTransform
[        ] Transforming kotlin-compiler-runner-1.7.10.jar (org.jetbrains.kotlin:kotlin-compiler-runner:1.7.10) with InstrumentationAnalysisTransform
[        ] Transforming kotlin-compiler-runner-1.7.10.jar (org.jetbrains.kotlin:kotlin-compiler-runner:1.7.10) with MergeInstrumentationAnalysisTransform
[        ] Transforming kotlin-android-extensions-1.7.10.jar (org.jetbrains.kotlin:kotlin-android-extensions:1.7.10) with ExternalDependencyInstrumentingArtifactTransform
[        ] Transforming kotlin-compiler-embeddable-1.7.10.jar (org.jetbrains.kotlin:kotlin-compiler-embeddable:1.7.10) with InstrumentationAnalysisTransform
[        ] Transforming kotlin-compiler-runner-1.7.10.jar (org.jetbrains.kotlin:kotlin-compiler-runner:1.7.10) with ExternalDependencyInstrumentingArtifactTransform
[        ] Transforming kotlin-compiler-embeddable-1.7.10.jar (org.jetbrains.kotlin:kotlin-compiler-embeddable:1.7.10) with MergeInstrumentationAnalysisTransform
[        ] Transforming kotlin-scripting-compiler-embeddable-1.7.10.jar (org.jetbrains.kotlin:kotlin-scripting-compiler-embeddable:1.7.10) with InstrumentationAnalysisTransform
[        ] Transforming kotlin-scripting-compiler-embeddable-1.7.10.jar (org.jetbrains.kotlin:kotlin-scripting-compiler-embeddable:1.7.10) with MergeInstrumentationAnalysisTransform
[        ] Transforming kotlin-compiler-embeddable-1.7.10.jar (org.jetbrains.kotlin:kotlin-compiler-embeddable:1.7.10) with ExternalDependencyInstrumentingArtifactTransform
[        ] Transforming kotlin-scripting-compiler-impl-embeddable-1.7.10.jar (org.jetbrains.kotlin:kotlin-scripting-compiler-impl-embeddable:1.7.10) with InstrumentationAnalysisTransform
[        ] Transforming kotlin-scripting-compiler-embeddable-1.7.10.jar (org.jetbrains.kotlin:kotlin-scripting-compiler-embeddable:1.7.10) with ExternalDependencyInstrumentingArtifactTransform
[        ] Transforming kotlin-scripting-compiler-impl-embeddable-1.7.10.jar (org.jetbrains.kotlin:kotlin-scripting-compiler-impl-embeddable:1.7.10) with MergeInstrumentationAnalysisTransform
[        ] Transforming dagger-2.28.3.jar (com.google.dagger:dagger:2.28.3) with InstrumentationAnalysisTransform
[        ] Transforming dagger-2.28.3.jar (com.google.dagger:dagger:2.28.3) with MergeInstrumentationAnalysisTransform
[        ] Transforming javax.inject-1.jar (javax.inject:javax.inject:1) with InstrumentationAnalysisTransform
[        ] Transforming kotlin-scripting-compiler-impl-embeddable-1.7.10.jar (org.jetbrains.kotlin:kotlin-scripting-compiler-impl-embeddable:1.7.10) with ExternalDependencyInstrumentingArtifactTransform
[        ] Transforming dagger-2.28.3.jar (com.google.dagger:dagger:2.28.3) with ExternalDependencyInstrumentingArtifactTransform
[        ] Transforming javax.inject-1.jar (javax.inject:javax.inject:1) with MergeInstrumentationAnalysisTransform
[        ] Transforming kxml2-2.3.0.jar (net.sf.kxml:kxml2:2.3.0) with InstrumentationAnalysisTransform
[        ] Transforming javax.inject-1.jar (javax.inject:javax.inject:1) with ExternalDependencyInstrumentingArtifactTransform
[        ] Transforming kxml2-2.3.0.jar (net.sf.kxml:kxml2:2.3.0) with MergeInstrumentationAnalysisTransform
[        ] Transforming bcprov-jdk15on-1.67.jar (org.bouncycastle:bcprov-jdk15on:1.67) with InstrumentationAnalysisTransform
[        ] Transforming bcprov-jdk15on-1.67.jar (org.bouncycastle:bcprov-jdk15on:1.67) with MergeInstrumentationAnalysisTransform
[        ] Transforming kxml2-2.3.0.jar (net.sf.kxml:kxml2:2.3.0) with ExternalDependencyInstrumentingArtifactTransform
[        ] Transforming bcprov-jdk15on-1.67.jar (org.bouncycastle:bcprov-jdk15on:1.67) with ExternalDependencyInstrumentingArtifactTransform
[        ] Transforming trove4j-1.0.20200330.jar (org.jetbrains.intellij.deps:trove4j:1.0.20200330) with InstrumentationAnalysisTransform
[        ] Transforming trove4j-1.0.20200330.jar (org.jetbrains.intellij.deps:trove4j:1.0.20200330) with MergeInstrumentationAnalysisTransform
[        ] Transforming xercesImpl-2.12.0.jar (xerces:xercesImpl:2.12.0) with InstrumentationAnalysisTransform
[        ] Transforming xercesImpl-2.12.0.jar (xerces:xercesImpl:2.12.0) with MergeInstrumentationAnalysisTransform
[        ] Transforming commons-compress-1.20.jar (org.apache.commons:commons-compress:1.20) with InstrumentationAnalysisTransform
[        ] Transforming trove4j-1.0.20200330.jar (org.jetbrains.intellij.deps:trove4j:1.0.20200330) with ExternalDependencyInstrumentingArtifactTransform
[        ] Transforming xercesImpl-2.12.0.jar (xerces:xercesImpl:2.12.0) with ExternalDependencyInstrumentingArtifactTransform
[        ] Transforming commons-compress-1.20.jar (org.apache.commons:commons-compress:1.20) with MergeInstrumentationAnalysisTransform
[        ] Transforming httpclient-4.5.13.jar (org.apache.httpcomponents:httpclient:4.5.13) with InstrumentationAnalysisTransform
[        ] Transforming commons-compress-1.20.jar (org.apache.commons:commons-compress:1.20) with ExternalDependencyInstrumentingArtifactTransform
[        ] Transforming httpclient-4.5.13.jar (org.apache.httpcomponents:httpclient:4.5.13) with MergeInstrumentationAnalysisTransform
[        ] Transforming httpcore-4.4.13.jar (org.apache.httpcomponents:httpcore:4.4.13) with InstrumentationAnalysisTransform
[        ] Transforming httpcore-4.4.13.jar (org.apache.httpcomponents:httpcore:4.4.13) with MergeInstrumentationAnalysisTransform
[        ] Transforming httpclient-4.5.13.jar (org.apache.httpcomponents:httpclient:4.5.13) with ExternalDependencyInstrumentingArtifactTransform
[        ] Transforming javax.activation-1.2.0.jar (com.sun.activation:javax.activation:1.2.0) with InstrumentationAnalysisTransform
[        ] Transforming httpcore-4.4.13.jar (org.apache.httpcomponents:httpcore:4.4.13) with ExternalDependencyInstrumentingArtifactTransform
[        ] Transforming javax.activation-1.2.0.jar (com.sun.activation:javax.activation:1.2.0) with MergeInstrumentationAnalysisTransform
[        ] Transforming signflinger-7.3.0.jar (com.android:signflinger:7.3.0) with InstrumentationAnalysisTransform
[        ] Transforming javax.activation-1.2.0.jar (com.sun.activation:javax.activation:1.2.0) with ExternalDependencyInstrumentingArtifactTransform
[        ] Transforming signflinger-7.3.0.jar (com.android:signflinger:7.3.0) with MergeInstrumentationAnalysisTransform
[        ] Transforming zipflinger-7.3.0.jar (com.android:zipflinger:7.3.0) with InstrumentationAnalysisTransform
[        ] Transforming zipflinger-7.3.0.jar (com.android:zipflinger:7.3.0) with MergeInstrumentationAnalysisTransform
[        ] Transforming signflinger-7.3.0.jar (com.android:signflinger:7.3.0) with ExternalDependencyInstrumentingArtifactTransform
[        ] Transforming annotations-30.3.0.jar (com.android.tools:annotations:30.3.0) with InstrumentationAnalysisTransform
[        ] Transforming zipflinger-7.3.0.jar (com.android:zipflinger:7.3.0) with ExternalDependencyInstrumentingArtifactTransform
[        ] Transforming annotations-30.3.0.jar (com.android.tools:annotations:30.3.0) with MergeInstrumentationAnalysisTransform
[        ] Transforming jna-platform-5.6.0.jar (net.java.dev.jna:jna-platform:5.6.0) with InstrumentationAnalysisTransform
[        ] Transforming jna-platform-5.6.0.jar (net.java.dev.jna:jna-platform:5.6.0) with MergeInstrumentationAnalysisTransform
[        ] Transforming juniversalchardet-1.0.3.jar (com.googlecode.juniversalchardet:juniversalchardet:1.0.3) with InstrumentationAnalysisTransform
[        ] Transforming annotations-30.3.0.jar (com.android.tools:annotations:30.3.0) with ExternalDependencyInstrumentingArtifactTransform
[        ] Transforming jna-platform-5.6.0.jar (net.java.dev.jna:jna-platform:5.6.0) with ExternalDependencyInstrumentingArtifactTransform
[        ] Transforming juniversalchardet-1.0.3.jar (com.googlecode.juniversalchardet:juniversalchardet:1.0.3) with MergeInstrumentationAnalysisTransform
[        ] Transforming javax.annotation-api-1.3.2.jar (javax.annotation:javax.annotation-api:1.3.2) with InstrumentationAnalysisTransform
[        ] Transforming javax.annotation-api-1.3.2.jar (javax.annotation:javax.annotation-api:1.3.2) with MergeInstrumentationAnalysisTransform
[        ] Transforming stax-ex-1.8.1.jar (org.jvnet.staxex:stax-ex:1.8.1) with InstrumentationAnalysisTransform
[        ] Transforming juniversalchardet-1.0.3.jar (com.googlecode.juniversalchardet:juniversalchardet:1.0.3) with ExternalDependencyInstrumentingArtifactTransform
[        ] Transforming javax.annotation-api-1.3.2.jar (javax.annotation:javax.annotation-api:1.3.2) with ExternalDependencyInstrumentingArtifactTransform
[        ] Transforming stax-ex-1.8.1.jar (org.jvnet.staxex:stax-ex:1.8.1) with MergeInstrumentationAnalysisTransform
[        ] Transforming jakarta.xml.bind-api-2.3.2.jar (jakarta.xml.bind:jakarta.xml.bind-api:2.3.2) with InstrumentationAnalysisTransform
[        ] Transforming jakarta.xml.bind-api-2.3.2.jar (jakarta.xml.bind:jakarta.xml.bind-api:2.3.2) with MergeInstrumentationAnalysisTransform
[        ] Transforming txw2-2.3.2.jar (org.glassfish.jaxb:txw2:2.3.2) with InstrumentationAnalysisTransform
[        ] Transforming stax-ex-1.8.1.jar (org.jvnet.staxex:stax-ex:1.8.1) with ExternalDependencyInstrumentingArtifactTransform
[        ] Transforming jakarta.xml.bind-api-2.3.2.jar (jakarta.xml.bind:jakarta.xml.bind-api:2.3.2) with ExternalDependencyInstrumentingArtifactTransform
[        ] Transforming txw2-2.3.2.jar (org.glassfish.jaxb:txw2:2.3.2) with MergeInstrumentationAnalysisTransform
[        ] Transforming istack-commons-runtime-3.0.8.jar (com.sun.istack:istack-commons-runtime:3.0.8) with InstrumentationAnalysisTransform
[        ] Transforming istack-commons-runtime-3.0.8.jar (com.sun.istack:istack-commons-runtime:3.0.8) with MergeInstrumentationAnalysisTransform
[        ] Transforming FastInfoset-1.2.16.jar (com.sun.xml.fastinfoset:FastInfoset:1.2.16) with InstrumentationAnalysisTransform
[        ] Transforming txw2-2.3.2.jar (org.glassfish.jaxb:txw2:2.3.2) with ExternalDependencyInstrumentingArtifactTransform
[        ] Transforming FastInfoset-1.2.16.jar (com.sun.xml.fastinfoset:FastInfoset:1.2.16) with MergeInstrumentationAnalysisTransform
[        ] Transforming istack-commons-runtime-3.0.8.jar (com.sun.istack:istack-commons-runtime:3.0.8) with ExternalDependencyInstrumentingArtifactTransform
[        ] Transforming jakarta.activation-api-1.2.1.jar (jakarta.activation:jakarta.activation-api:1.2.1) with InstrumentationAnalysisTransform
[        ] Transforming FastInfoset-1.2.16.jar (com.sun.xml.fastinfoset:FastInfoset:1.2.16) with ExternalDependencyInstrumentingArtifactTransform
[        ] Transforming jakarta.activation-api-1.2.1.jar (jakarta.activation:jakarta.activation-api:1.2.1) with MergeInstrumentationAnalysisTransform
[        ] Transforming auto-value-annotations-1.6.2.jar (com.google.auto.value:auto-value-annotations:1.6.2) with InstrumentationAnalysisTransform
[        ] Transforming auto-value-annotations-1.6.2.jar (com.google.auto.value:auto-value-annotations:1.6.2) with MergeInstrumentationAnalysisTransform
[        ] Transforming error_prone_annotations-2.4.0.jar (com.google.errorprone:error_prone_annotations:2.4.0) with InstrumentationAnalysisTransform
[        ] Transforming error_prone_annotations-2.4.0.jar (com.google.errorprone:error_prone_annotations:2.4.0) with MergeInstrumentationAnalysisTransform
[        ] Transforming jakarta.activation-api-1.2.1.jar (jakarta.activation:jakarta.activation-api:1.2.1) with ExternalDependencyInstrumentingArtifactTransform
[        ] Transforming auto-value-annotations-1.6.2.jar (com.google.auto.value:auto-value-annotations:1.6.2) with ExternalDependencyInstrumentingArtifactTransform
[        ] Transforming jose4j-0.7.0.jar (org.bitbucket.b_c:jose4j:0.7.0) with InstrumentationAnalysisTransform
[        ] Transforming error_prone_annotations-2.4.0.jar (com.google.errorprone:error_prone_annotations:2.4.0) with ExternalDependencyInstrumentingArtifactTransform
[        ] Transforming jose4j-0.7.0.jar (org.bitbucket.b_c:jose4j:0.7.0) with MergeInstrumentationAnalysisTransform
[        ] Transforming slf4j-api-1.7.30.jar (org.slf4j:slf4j-api:1.7.30) with InstrumentationAnalysisTransform
[        ] Transforming slf4j-api-1.7.30.jar (org.slf4j:slf4j-api:1.7.30) with MergeInstrumentationAnalysisTransform
[        ] Transforming jose4j-0.7.0.jar (org.bitbucket.b_c:jose4j:0.7.0) with ExternalDependencyInstrumentingArtifactTransform
[        ] Transforming jdom2-2.0.6.jar (org.jdom:jdom2:2.0.6) with InstrumentationAnalysisTransform
[        ] Transforming slf4j-api-1.7.30.jar (org.slf4j:slf4j-api:1.7.30) with ExternalDependencyInstrumentingArtifactTransform
[        ] Transforming jdom2-2.0.6.jar (org.jdom:jdom2:2.0.6) with MergeInstrumentationAnalysisTransform
[        ] Transforming annotations-4.1.1.4.jar (com.google.android:annotations:4.1.1.4) with InstrumentationAnalysisTransform
[        ] Transforming jdom2-2.0.6.jar (org.jdom:jdom2:2.0.6) with ExternalDependencyInstrumentingArtifactTransform
[        ] Transforming annotations-4.1.1.4.jar (com.google.android:annotations:4.1.1.4) with MergeInstrumentationAnalysisTransform
[        ] Transforming animal-sniffer-annotations-1.19.jar (org.codehaus.mojo:animal-sniffer-annotations:1.19) with InstrumentationAnalysisTransform
[        ] Transforming annotations-4.1.1.4.jar (com.google.android:annotations:4.1.1.4) with ExternalDependencyInstrumentingArtifactTransform
[        ] Transforming animal-sniffer-annotations-1.19.jar (org.codehaus.mojo:animal-sniffer-annotations:1.19) with MergeInstrumentationAnalysisTransform
[        ] Transforming perfmark-api-0.23.0.jar (io.perfmark:perfmark-api:0.23.0) with InstrumentationAnalysisTransform
[        ] Transforming perfmark-api-0.23.0.jar (io.perfmark:perfmark-api:0.23.0) with MergeInstrumentationAnalysisTransform
[        ] Transforming animal-sniffer-annotations-1.19.jar (org.codehaus.mojo:animal-sniffer-annotations:1.19) with ExternalDependencyInstrumentingArtifactTransform
[        ] Transforming netty-codec-http2-4.1.52.Final.jar (io.netty:netty-codec-http2:4.1.52.Final) with InstrumentationAnalysisTransform
[        ] Transforming perfmark-api-0.23.0.jar (io.perfmark:perfmark-api:0.23.0) with ExternalDependencyInstrumentingArtifactTransform
[        ] Transforming netty-codec-http2-4.1.52.Final.jar (io.netty:netty-codec-http2:4.1.52.Final) with MergeInstrumentationAnalysisTransform
[        ] Transforming netty-handler-proxy-4.1.52.Final.jar (io.netty:netty-handler-proxy:4.1.52.Final) with InstrumentationAnalysisTransform
[        ] Transforming netty-codec-http2-4.1.52.Final.jar (io.netty:netty-codec-http2:4.1.52.Final) with ExternalDependencyInstrumentingArtifactTransform
[        ] Transforming netty-handler-proxy-4.1.52.Final.jar (io.netty:netty-handler-proxy:4.1.52.Final) with MergeInstrumentationAnalysisTransform
[        ] Transforming jsr305-3.0.2.jar (com.google.code.findbugs:jsr305:3.0.2) with InstrumentationAnalysisTransform
[        ] Transforming netty-handler-proxy-4.1.52.Final.jar (io.netty:netty-handler-proxy:4.1.52.Final) with ExternalDependencyInstrumentingArtifactTransform
[        ] Transforming jsr305-3.0.2.jar (com.google.code.findbugs:jsr305:3.0.2) with MergeInstrumentationAnalysisTransform
[        ] Transforming json-20180813.jar (org.json:json:20180813) with InstrumentationAnalysisTransform
[        ] Transforming jsr305-3.0.2.jar (com.google.code.findbugs:jsr305:3.0.2) with ExternalDependencyInstrumentingArtifactTransform
[        ] Transforming json-20180813.jar (org.json:json:20180813) with MergeInstrumentationAnalysisTransform
[        ] Transforming checker-qual-3.5.0.jar (org.checkerframework:checker-qual:3.5.0) with InstrumentationAnalysisTransform
[        ] Transforming checker-qual-3.5.0.jar (org.checkerframework:checker-qual:3.5.0) with MergeInstrumentationAnalysisTransform
[        ] Transforming commons-codec-1.11.jar (commons-codec:commons-codec:1.11) with InstrumentationAnalysisTransform
[        ] Transforming json-20180813.jar (org.json:json:20180813) with ExternalDependencyInstrumentingArtifactTransform
[        ] Transforming commons-codec-1.11.jar (commons-codec:commons-codec:1.11) with MergeInstrumentationAnalysisTransform
[        ] Transforming fastutil-8.4.0.jar (it.unimi.dsi:fastutil:8.4.0) with InstrumentationAnalysisTransform
[        ] Transforming commons-codec-1.11.jar (commons-codec:commons-codec:1.11) with ExternalDependencyInstrumentingArtifactTransform
[        ] Transforming checker-qual-3.5.0.jar (org.checkerframework:checker-qual:3.5.0) with ExternalDependencyInstrumentingArtifactTransform
[        ] Transforming fastutil-8.4.0.jar (it.unimi.dsi:fastutil:8.4.0) with MergeInstrumentationAnalysisTransform
[        ] Transforming json-simple-1.1.jar (com.googlecode.json-simple:json-simple:1.1) with InstrumentationAnalysisTransform
[        ] Transforming json-simple-1.1.jar (com.googlecode.json-simple:json-simple:1.1) with MergeInstrumentationAnalysisTransform
[        ] Transforming fastutil-8.4.0.jar (it.unimi.dsi:fastutil:8.4.0) with ExternalDependencyInstrumentingArtifactTransform
[        ] Transforming apksig-7.3.0.jar (com.android.tools.build:apksig:7.3.0) with InstrumentationAnalysisTransform
[        ] Transforming json-simple-1.1.jar (com.googlecode.json-simple:json-simple:1.1) with ExternalDependencyInstrumentingArtifactTransform
[        ] Transforming apksig-7.3.0.jar (com.android.tools.build:apksig:7.3.0) with MergeInstrumentationAnalysisTransform
[        ] Transforming javawriter-2.5.0.jar (com.squareup:javawriter:2.5.0) with InstrumentationAnalysisTransform
[        ] Transforming javawriter-2.5.0.jar (com.squareup:javawriter:2.5.0) with MergeInstrumentationAnalysisTransform
[        ] Transforming apksig-7.3.0.jar (com.android.tools.build:apksig:7.3.0) with ExternalDependencyInstrumentingArtifactTransform
[        ] Transforming kotlin-native-utils-1.7.10.jar (org.jetbrains.kotlin:kotlin-native-utils:1.7.10) with InstrumentationAnalysisTransform
[        ] Transforming javawriter-2.5.0.jar (com.squareup:javawriter:2.5.0) with ExternalDependencyInstrumentingArtifactTransform
[        ] Transforming kotlin-native-utils-1.7.10.jar (org.jetbrains.kotlin:kotlin-native-utils:1.7.10) with MergeInstrumentationAnalysisTransform
[        ] Transforming kotlin-util-io-1.7.10.jar (org.jetbrains.kotlin:kotlin-util-io:1.7.10) with InstrumentationAnalysisTransform
[        ] Transforming kotlin-native-utils-1.7.10.jar (org.jetbrains.kotlin:kotlin-native-utils:1.7.10) with ExternalDependencyInstrumentingArtifactTransform
[        ] Transforming kotlin-util-io-1.7.10.jar (org.jetbrains.kotlin:kotlin-util-io:1.7.10) with MergeInstrumentationAnalysisTransform
[        ] Transforming kotlin-daemon-embeddable-1.7.10.jar (org.jetbrains.kotlin:kotlin-daemon-embeddable:1.7.10) with InstrumentationAnalysisTransform
[        ] Transforming kotlin-util-io-1.7.10.jar (org.jetbrains.kotlin:kotlin-util-io:1.7.10) with ExternalDependencyInstrumentingArtifactTransform
[        ] Transforming kotlin-daemon-embeddable-1.7.10.jar (org.jetbrains.kotlin:kotlin-daemon-embeddable:1.7.10) with MergeInstrumentationAnalysisTransform
[        ] Transforming jna-5.6.0.jar (net.java.dev.jna:jna:5.6.0) with InstrumentationAnalysisTransform
[        ] Transforming jna-5.6.0.jar (net.java.dev.jna:jna:5.6.0) with MergeInstrumentationAnalysisTransform
[        ] Transforming kotlin-build-common-1.7.10.jar (org.jetbrains.kotlin:kotlin-build-common:1.7.10) with InstrumentationAnalysisTransform
[        ] Transforming kotlin-daemon-embeddable-1.7.10.jar (org.jetbrains.kotlin:kotlin-daemon-embeddable:1.7.10) with ExternalDependencyInstrumentingArtifactTransform
[        ] Transforming kotlin-build-common-1.7.10.jar (org.jetbrains.kotlin:kotlin-build-common:1.7.10) with MergeInstrumentationAnalysisTransform
[        ] Transforming jna-5.6.0.jar (net.java.dev.jna:jna:5.6.0) with ExternalDependencyInstrumentingArtifactTransform
[        ] Transforming kotlin-daemon-client-1.7.10.jar (org.jetbrains.kotlin:kotlin-daemon-client:1.7.10) with InstrumentationAnalysisTransform
[        ] Transforming kotlin-build-common-1.7.10.jar (org.jetbrains.kotlin:kotlin-build-common:1.7.10) with ExternalDependencyInstrumentingArtifactTransform
[        ] Transforming kotlin-daemon-client-1.7.10.jar (org.jetbrains.kotlin:kotlin-daemon-client:1.7.10) with MergeInstrumentationAnalysisTransform
[        ] Transforming kotlinx-coroutines-core-jvm-1.5.0.jar (org.jetbrains.kotlinx:kotlinx-coroutines-core-jvm:1.5.0) with InstrumentationAnalysisTransform
[        ] Transforming kotlinx-coroutines-core-jvm-1.5.0.jar (org.jetbrains.kotlinx:kotlinx-coroutines-core-jvm:1.5.0) with MergeInstrumentationAnalysisTransform
[        ] Transforming kotlin-daemon-client-1.7.10.jar (org.jetbrains.kotlin:kotlin-daemon-client:1.7.10) with ExternalDependencyInstrumentingArtifactTransform
[        ] Transforming kotlin-scripting-jvm-1.7.10.jar (org.jetbrains.kotlin:kotlin-scripting-jvm:1.7.10) with InstrumentationAnalysisTransform
[        ] Transforming kotlinx-coroutines-core-jvm-1.5.0.jar (org.jetbrains.kotlinx:kotlinx-coroutines-core-jvm:1.5.0) with ExternalDependencyInstrumentingArtifactTransform
[        ] Transforming kotlin-scripting-jvm-1.7.10.jar (org.jetbrains.kotlin:kotlin-scripting-jvm:1.7.10) with MergeInstrumentationAnalysisTransform
[        ] Transforming kotlin-scripting-common-1.7.10.jar (org.jetbrains.kotlin:kotlin-scripting-common:1.7.10) with InstrumentationAnalysisTransform
[        ] Transforming kotlin-scripting-jvm-1.7.10.jar (org.jetbrains.kotlin:kotlin-scripting-jvm:1.7.10) with ExternalDependencyInstrumentingArtifactTransform
[        ] Transforming kotlin-scripting-common-1.7.10.jar (org.jetbrains.kotlin:kotlin-scripting-common:1.7.10) with MergeInstrumentationAnalysisTransform
[        ] Transforming failureaccess-1.0.1.jar (com.google.guava:failureaccess:1.0.1) with InstrumentationAnalysisTransform
[        ] Transforming failureaccess-1.0.1.jar (com.google.guava:failureaccess:1.0.1) with MergeInstrumentationAnalysisTransform
[        ] Transforming listenablefuture-9999.0-empty-to-avoid-conflict-with-guava.jar (com.google.guava:listenablefuture:9999.0-empty-to-avoid-conflict-with-guava) with InstrumentationAnalysisTransform
[        ] Transforming kotlin-scripting-common-1.7.10.jar (org.jetbrains.kotlin:kotlin-scripting-common:1.7.10) with ExternalDependencyInstrumentingArtifactTransform
[        ] Transforming failureaccess-1.0.1.jar (com.google.guava:failureaccess:1.0.1) with ExternalDependencyInstrumentingArtifactTransform
[        ] Transforming listenablefuture-9999.0-empty-to-avoid-conflict-with-guava.jar (com.google.guava:listenablefuture:9999.0-empty-to-avoid-conflict-with-guava) with MergeInstrumentationAnalysisTransform
[        ] Transforming j2objc-annotations-1.3.jar (com.google.j2objc:j2objc-annotations:1.3) with InstrumentationAnalysisTransform
[        ] Transforming j2objc-annotations-1.3.jar (com.google.j2objc:j2objc-annotations:1.3) with MergeInstrumentationAnalysisTransform
[        ] Transforming listenablefuture-9999.0-empty-to-avoid-conflict-with-guava.jar (com.google.guava:listenablefuture:9999.0-empty-to-avoid-conflict-with-guava) with ExternalDependencyInstrumentingArtifactTransform
[        ] Transforming xml-apis-1.4.01.jar (xml-apis:xml-apis:1.4.01) with InstrumentationAnalysisTransform
[        ] Transforming j2objc-annotations-1.3.jar (com.google.j2objc:j2objc-annotations:1.3) with ExternalDependencyInstrumentingArtifactTransform
[        ] Transforming xml-apis-1.4.01.jar (xml-apis:xml-apis:1.4.01) with MergeInstrumentationAnalysisTransform
[        ] Transforming commons-logging-1.2.jar (commons-logging:commons-logging:1.2) with InstrumentationAnalysisTransform
[        ] Transforming commons-logging-1.2.jar (commons-logging:commons-logging:1.2) with MergeInstrumentationAnalysisTransform
[        ] Transforming xml-apis-1.4.01.jar (xml-apis:xml-apis:1.4.01) with ExternalDependencyInstrumentingArtifactTransform
[        ] Transforming grpc-context-1.39.0.jar (io.grpc:grpc-context:1.39.0) with InstrumentationAnalysisTransform
[        ] Transforming commons-logging-1.2.jar (commons-logging:commons-logging:1.2) with ExternalDependencyInstrumentingArtifactTransform
[        ] Transforming grpc-context-1.39.0.jar (io.grpc:grpc-context:1.39.0) with MergeInstrumentationAnalysisTransform
[        ] Transforming netty-codec-http-4.1.52.Final.jar (io.netty:netty-codec-http:4.1.52.Final) with InstrumentationAnalysisTransform
[        ] Transforming netty-codec-http-4.1.52.Final.jar (io.netty:netty-codec-http:4.1.52.Final) with MergeInstrumentationAnalysisTransform
[        ] Transforming netty-handler-4.1.52.Final.jar (io.netty:netty-handler:4.1.52.Final) with InstrumentationAnalysisTransform
[        ] Transforming grpc-context-1.39.0.jar (io.grpc:grpc-context:1.39.0) with ExternalDependencyInstrumentingArtifactTransform
[        ] Transforming netty-handler-4.1.52.Final.jar (io.netty:netty-handler:4.1.52.Final) with MergeInstrumentationAnalysisTransform
[   +1 ms] Transforming netty-codec-http-4.1.52.Final.jar (io.netty:netty-codec-http:4.1.52.Final) with ExternalDependencyInstrumentingArtifactTransform
[        ] Transforming netty-codec-socks-4.1.52.Final.jar (io.netty:netty-codec-socks:4.1.52.Final) with InstrumentationAnalysisTransform
[        ] Transforming netty-handler-4.1.52.Final.jar (io.netty:netty-handler:4.1.52.Final) with ExternalDependencyInstrumentingArtifactTransform
[        ] Transforming netty-codec-socks-4.1.52.Final.jar (io.netty:netty-codec-socks:4.1.52.Final) with MergeInstrumentationAnalysisTransform
[        ] Transforming netty-codec-4.1.52.Final.jar (io.netty:netty-codec:4.1.52.Final) with InstrumentationAnalysisTransform
[        ] Transforming netty-codec-4.1.52.Final.jar (io.netty:netty-codec:4.1.52.Final) with MergeInstrumentationAnalysisTransform
[        ] Transforming netty-transport-4.1.52.Final.jar (io.netty:netty-transport:4.1.52.Final) with InstrumentationAnalysisTransform
[        ] Transforming netty-codec-socks-4.1.52.Final.jar (io.netty:netty-codec-socks:4.1.52.Final) with ExternalDependencyInstrumentingArtifactTransform
[        ] Transforming netty-codec-4.1.52.Final.jar (io.netty:netty-codec:4.1.52.Final) with ExternalDependencyInstrumentingArtifactTransform
[        ] Transforming netty-transport-4.1.52.Final.jar (io.netty:netty-transport:4.1.52.Final) with MergeInstrumentationAnalysisTransform
[        ] Transforming netty-buffer-4.1.52.Final.jar (io.netty:netty-buffer:4.1.52.Final) with InstrumentationAnalysisTransform
[        ] Transforming netty-transport-4.1.52.Final.jar (io.netty:netty-transport:4.1.52.Final) with ExternalDependencyInstrumentingArtifactTransform
[        ] Transforming netty-buffer-4.1.52.Final.jar (io.netty:netty-buffer:4.1.52.Final) with MergeInstrumentationAnalysisTransform
[        ] Transforming netty-resolver-4.1.52.Final.jar (io.netty:netty-resolver:4.1.52.Final) with InstrumentationAnalysisTransform
[        ] Transforming netty-resolver-4.1.52.Final.jar (io.netty:netty-resolver:4.1.52.Final) with MergeInstrumentationAnalysisTransform
[        ] Transforming netty-common-4.1.52.Final.jar (io.netty:netty-common:4.1.52.Final) with InstrumentationAnalysisTransform
[        ] Transforming netty-buffer-4.1.52.Final.jar (io.netty:netty-buffer:4.1.52.Final) with ExternalDependencyInstrumentingArtifactTransform
[        ] Transforming netty-resolver-4.1.52.Final.jar (io.netty:netty-resolver:4.1.52.Final) with ExternalDependencyInstrumentingArtifactTransform
[        ] Transforming netty-common-4.1.52.Final.jar (io.netty:netty-common:4.1.52.Final) with MergeInstrumentationAnalysisTransform
[        ] Transforming netty-common-4.1.52.Final.jar (io.netty:netty-common:4.1.52.Final) with ExternalDependencyInstrumentingArtifactTransform
[        ] C/C++: android.ndkVersion from module build.gradle is [27.0.12077973]
[        ] C/C++: android.ndkPath from module build.gradle is not set
[        ] C/C++: ndk.dir in local.properties is not set
[        ] C/C++: Not considering ANDROID_NDK_HOME because support was removed after deprecation period.
[        ] C/C++: sdkFolder is /Users/anas/Library/Android/sdk
[        ] C/C++: android.ndkVersion from module build.gradle is [27.0.12077973]
[        ] C/C++: android.ndkPath from module build.gradle is not set
[        ] C/C++: ndk.dir in local.properties is not set
[        ] C/C++: Not considering ANDROID_NDK_HOME because support was removed after deprecation period.
[        ] C/C++: sdkFolder is /Users/anas/Library/Android/sdk
[        ] C/C++: android.ndkVersion from module build.gradle is [27.0.12077973]
[        ] C/C++: android.ndkPath from module build.gradle is not set
[        ] C/C++: ndk.dir in local.properties is not set
[        ] C/C++: Not considering ANDROID_NDK_HOME because support was removed after deprecation period.
[        ] C/C++: sdkFolder is /Users/anas/Library/Android/sdk
[        ] C/C++: android.ndkVersion from module build.gradle is [27.0.12077973]
[        ] C/C++: android.ndkPath from module build.gradle is not set
[        ] C/C++: ndk.dir in local.properties is not set
[        ] C/C++: Not considering ANDROID_NDK_HOME because support was removed after deprecation period.
[        ] C/C++: sdkFolder is /Users/anas/Library/Android/sdk
[        ] C/C++: android.ndkVersion from module build.gradle is [27.0.12077973]
[        ] C/C++: android.ndkPath from module build.gradle is not set
[        ] C/C++: ndk.dir in local.properties is not set
[        ] C/C++: Not considering ANDROID_NDK_HOME because support was removed after deprecation period.
[        ] C/C++: sdkFolder is /Users/anas/Library/Android/sdk
[        ] C/C++: android.ndkVersion from module build.gradle is [27.0.12077973]
[        ] C/C++: android.ndkPath from module build.gradle is not set
[        ] C/C++: ndk.dir in local.properties is not set
[        ] C/C++: Not considering ANDROID_NDK_HOME because support was removed after deprecation period.
[        ] C/C++: sdkFolder is /Users/anas/Library/Android/sdk
[        ] C/C++: android.ndkVersion from module build.gradle is [27.0.12077973]
[        ] C/C++: android.ndkPath from module build.gradle is not set
[        ] C/C++: ndk.dir in local.properties is not set
[        ] C/C++: Not considering ANDROID_NDK_HOME because support was removed after deprecation period.
[        ] C/C++: sdkFolder is /Users/anas/Library/Android/sdk
[        ] C/C++: android.ndkVersion from module build.gradle is [27.0.12077973]
[        ] C/C++: android.ndkPath from module build.gradle is not set
[        ] C/C++: ndk.dir in local.properties is not set
[        ] C/C++: Not considering ANDROID_NDK_HOME because support was removed after deprecation period.
[        ] C/C++: sdkFolder is /Users/anas/Library/Android/sdk
[        ] C/C++: android.ndkVersion from module build.gradle is [27.0.12077973]
[        ] C/C++: android.ndkPath from module build.gradle is not set
[        ] C/C++: ndk.dir in local.properties is not set
[        ] C/C++: Not considering ANDROID_NDK_HOME because support was removed after deprecation period.
[        ] C/C++: sdkFolder is /Users/anas/Library/Android/sdk
[        ] C/C++: android.ndkVersion from module build.gradle is [27.0.12077973]
[        ] C/C++: android.ndkPath from module build.gradle is not set
[        ] C/C++: ndk.dir in local.properties is not set
[        ] C/C++: Not considering ANDROID_NDK_HOME because support was removed after deprecation period.
[        ] C/C++: sdkFolder is /Users/anas/Library/Android/sdk
[        ] C/C++: android.ndkVersion from module build.gradle is [27.0.12077973]
[        ] C/C++: android.ndkPath from module build.gradle is not set
[        ] C/C++: ndk.dir in local.properties is not set
[        ] C/C++: Not considering ANDROID_NDK_HOME because support was removed after deprecation period.
[        ] C/C++: sdkFolder is /Users/anas/Library/Android/sdk
[        ] C/C++: android.ndkVersion from module build.gradle is [27.0.12077973]
[        ] C/C++: android.ndkPath from module build.gradle is not set
[        ] C/C++: ndk.dir in local.properties is not set
[        ] C/C++: Not considering ANDROID_NDK_HOME because support was removed after deprecation period.
[        ] C/C++: sdkFolder is /Users/anas/Library/Android/sdk
[        ] C/C++: android.ndkVersion from module build.gradle is [27.0.12077973]
[        ] C/C++: android.ndkPath from module build.gradle is not set
[        ] C/C++: ndk.dir in local.properties is not set
[        ] C/C++: Not considering ANDROID_NDK_HOME because support was removed after deprecation period.
[        ] C/C++: sdkFolder is /Users/anas/Library/Android/sdk
[        ] C/C++: android.ndkVersion from module build.gradle is [27.0.12077973]
[        ] C/C++: android.ndkPath from module build.gradle is not set
[        ] C/C++: ndk.dir in local.properties is not set
[        ] C/C++: Not considering ANDROID_NDK_HOME because support was removed after deprecation period.
[        ] C/C++: sdkFolder is /Users/anas/Library/Android/sdk
[        ] C/C++: android.ndkVersion from module build.gradle is [27.0.12077973]
[        ] C/C++: android.ndkPath from module build.gradle is not set
[        ] C/C++: ndk.dir in local.properties is not set
[        ] C/C++: Not considering ANDROID_NDK_HOME because support was removed after deprecation period.
[        ] C/C++: sdkFolder is /Users/anas/Library/Android/sdk
[        ] C/C++: android.ndkVersion from module build.gradle is [27.0.12077973]
[        ] C/C++: android.ndkPath from module build.gradle is not set
[        ] C/C++: ndk.dir in local.properties is not set
[        ] C/C++: Not considering ANDROID_NDK_HOME because support was removed after deprecation period.
[        ] C/C++: sdkFolder is /Users/anas/Library/Android/sdk
[        ] C/C++: android.ndkVersion from module build.gradle is [27.0.12077973]
[        ] C/C++: android.ndkPath from module build.gradle is not set
[        ] C/C++: ndk.dir in local.properties is not set
[        ] C/C++: Not considering ANDROID_NDK_HOME because support was removed after deprecation period.
[        ] C/C++: sdkFolder is /Users/anas/Library/Android/sdk
[        ] C/C++: android.ndkVersion from module build.gradle is [27.0.12077973]
[        ] C/C++: android.ndkPath from module build.gradle is not set
[        ] C/C++: ndk.dir in local.properties is not set
[        ] C/C++: Not considering ANDROID_NDK_HOME because support was removed after deprecation period.
[        ] C/C++: sdkFolder is /Users/anas/Library/Android/sdk
[        ] C/C++: android.ndkVersion from module build.gradle is [27.0.12077973]
[        ] C/C++: android.ndkPath from module build.gradle is not set
[        ] C/C++: ndk.dir in local.properties is not set
[        ] C/C++: Not considering ANDROID_NDK_HOME because support was removed after deprecation period.
[        ] C/C++: sdkFolder is /Users/anas/Library/Android/sdk
[        ] > Configure project :
[        ] Evaluating root project 'android' using build file '/Users/anas/Documents/Code/tijus_academy/android/build.gradle.kts'.
[        ] > Configure project :firebase_auth
[        ] Evaluating project ':firebase_auth' using build file '/Users/anas/.pub-cache/hosted/pub.dev/firebase_auth-4.20.0/android/build.gradle'.
[        ] Transforming gradle-8.1.2.jar (com.android.tools.build:gradle:8.1.2) with InstrumentationAnalysisTransform
[        ] Transforming gradle-settings-api-8.1.2.jar (com.android.tools.build:gradle-settings-api:8.1.2) with InstrumentationAnalysisTransform
[        ] Transforming lint-model-31.1.2.jar (com.android.tools.lint:lint-model:31.1.2) with InstrumentationAnalysisTransform
[        ] Transforming builder-8.1.2.jar (com.android.tools.build:builder:8.1.2) with InstrumentationAnalysisTransform
[        ] Transforming manifest-merger-31.1.2.jar (com.android.tools.build:manifest-merger:31.1.2) with InstrumentationAnalysisTransform
[        ] Transforming sdk-common-31.1.2.jar (com.android.tools:sdk-common:31.1.2) with InstrumentationAnalysisTransform
[        ] Transforming sdklib-31.1.2.jar (com.android.tools:sdklib:31.1.2) with InstrumentationAnalysisTransform
[        ] Transforming repository-31.1.2.jar (com.android.tools:repository:31.1.2) with InstrumentationAnalysisTransform
[        ] Transforming gradle-api-8.1.2.jar (com.android.tools.build:gradle-api:8.1.2) with InstrumentationAnalysisTransform
[        ] Transforming builder-test-api-8.1.2.jar (com.android.tools.build:builder-test-api:8.1.2) with InstrumentationAnalysisTransform
[        ] Transforming ddmlib-31.1.2.jar (com.android.tools.ddms:ddmlib:31.1.2) with InstrumentationAnalysisTransform
[        ] Transforming aaptcompiler-8.1.2.jar (com.android.tools.build:aaptcompiler:8.1.2) with InstrumentationAnalysisTransform
[        ] Transforming bundletool-1.14.0.jar (com.android.tools.build:bundletool:1.14.0) with InstrumentationAnalysisTransform
[        ] Transforming aapt2-proto-8.1.2-10154469.jar (com.android.tools.build:aapt2-proto:8.1.2-10154469) with InstrumentationAnalysisTransform
[        ] Transforming crash-31.1.2.jar (com.android.tools.analytics-library:crash:31.1.2) with InstrumentationAnalysisTransform
[        ] Transforming tracker-31.1.2.jar (com.android.tools.analytics-library:tracker:31.1.2) with InstrumentationAnalysisTransform
[        ] Transforming shared-31.1.2.jar (com.android.tools.analytics-library:shared:31.1.2) with InstrumentationAnalysisTransform
[        ] Transforming lint-typedef-remover-31.1.2.jar (com.android.tools.lint:lint-typedef-remover:31.1.2) with InstrumentationAnalysisTransform
[        ] Transforming databinding-compiler-common-8.1.2.jar (androidx.databinding:databinding-compiler-common:8.1.2) with InstrumentationAnalysisTransform
[        ] Transforming databinding-common-8.1.2.jar (androidx.databinding:databinding-common:8.1.2) with InstrumentationAnalysisTransform
[        ] Transforming baseLibrary-8.1.2.jar (com.android.databinding:baseLibrary:8.1.2) with InstrumentationAnalysisTransform
[        ] Transforming layoutlib-api-31.1.2.jar (com.android.tools.layoutlib:layoutlib-api:31.1.2) with InstrumentationAnalysisTransform
[        ] Transforming android-device-provider-ddmlib-proto-31.1.2.jar (com.android.tools.utp:android-device-provider-ddmlib-proto:31.1.2) with InstrumentationAnalysisTransform
[        ] Transforming android-device-provider-gradle-proto-31.1.2.jar (com.android.tools.utp:android-device-provider-gradle-proto:31.1.2) with InstrumentationAnalysisTransform
[        ] Transforming android-test-plugin-host-additional-test-output-proto-31.1.2.jar (com.android.tools.utp:android-test-plugin-host-additional-test-output-proto:31.1.2) with InstrumentationAnalysisTransform
[        ] Transforming android-test-plugin-host-coverage-proto-31.1.2.jar (com.android.tools.utp:android-test-plugin-host-coverage-proto:31.1.2) with InstrumentationAnalysisTransform
[        ] Transforming android-test-plugin-host-emulator-control-proto-31.1.2.jar (com.android.tools.utp:android-test-plugin-host-emulator-control-proto:31.1.2) with InstrumentationAnalysisTransform
[        ] Transforming android-test-plugin-host-logcat-proto-31.1.2.jar (com.android.tools.utp:android-test-plugin-host-logcat-proto:31.1.2) with InstrumentationAnalysisTransform
[        ] Transforming android-test-plugin-host-apk-installer-proto-31.1.2.jar (com.android.tools.utp:android-test-plugin-host-apk-installer-proto:31.1.2) with InstrumentationAnalysisTransform
[        ] Transforming android-test-plugin-host-retention-proto-31.1.2.jar (com.android.tools.utp:android-test-plugin-host-retention-proto:31.1.2) with InstrumentationAnalysisTransform
[        ] Transforming android-test-plugin-result-listener-gradle-proto-31.1.2.jar (com.android.tools.utp:android-test-plugin-result-listener-gradle-proto:31.1.2) with InstrumentationAnalysisTransform
[        ] Transforming builder-model-8.1.2.jar (com.android.tools.build:builder-model:8.1.2) with InstrumentationAnalysisTransform
[        ] Transforming dvlib-31.1.2.jar (com.android.tools:dvlib:31.1.2) with InstrumentationAnalysisTransform
[        ] Transforming common-31.1.2.jar (com.android.tools:common:31.1.2) with InstrumentationAnalysisTransform
[        ] Transforming kotlin-stdlib-jdk8-1.8.20-RC2.jar (org.jetbrains.kotlin:kotlin-stdlib-jdk8:1.8.20-RC2) with InstrumentationAnalysisTransform
[        ] Transforming transform-api-2.0.0-deprecated-use-gradle-api.jar (com.android.tools.build:transform-api:2.0.0-deprecated-use-gradle-api) with InstrumentationAnalysisTransform
[        ] Transforming httpmime-4.5.6.jar (org.apache.httpcomponents:httpmime:4.5.6) with InstrumentationAnalysisTransform
[        ] Transforming commons-io-2.4.jar (commons-io:commons-io:2.4) with InstrumentationAnalysisTransform
[        ] Transforming jetifier-processor-1.0.0-beta10.jar (com.android.tools.build.jetifier:jetifier-processor:1.0.0-beta10) with InstrumentationAnalysisTransform
[        ] Transforming asm-commons-9.2.jar (org.ow2.asm:asm-commons:9.2) with InstrumentationAnalysisTransform
[        ] Transforming asm-util-9.2.jar (org.ow2.asm:asm-util:9.2) with InstrumentationAnalysisTransform
[        ] Transforming asm-analysis-9.2.jar (org.ow2.asm:asm-analysis:9.2) with InstrumentationAnalysisTransform
[        ] Transforming asm-tree-9.2.jar (org.ow2.asm:asm-tree:9.2) with InstrumentationAnalysisTransform
[        ] Transforming asm-9.2.jar (org.ow2.asm:asm:9.2) with InstrumentationAnalysisTransform
[        ] Transforming apkzlib-8.1.2.jar (com.android.tools.build:apkzlib:8.1.2) with InstrumentationAnalysisTransform
[        ] Transforming bcpkix-jdk15on-1.67.jar (org.bouncycastle:bcpkix-jdk15on:1.67) with InstrumentationAnalysisTransform
[        ] Transforming jaxb-runtime-2.3.2.jar (org.glassfish.jaxb:jaxb-runtime:2.3.2) with InstrumentationAnalysisTransform
[        ] Transforming jopt-simple-4.9.jar (net.sf.jopt-simple:jopt-simple:4.9) with InstrumentationAnalysisTransform
[        ] Transforming jetifier-core-1.0.0-beta10.jar (com.android.tools.build.jetifier:jetifier-core:1.0.0-beta10) with InstrumentationAnalysisTransform
[        ] Transforming javapoet-1.10.0.jar (com.squareup:javapoet:1.10.0) with InstrumentationAnalysisTransform
[        ] Transforming protobuf-java-util-3.19.3.jar (com.google.protobuf:protobuf-java-util:3.19.3) with InstrumentationAnalysisTransform
[        ] Transforming grpc-protobuf-1.45.1.jar (io.grpc:grpc-protobuf:1.45.1) with InstrumentationAnalysisTransform
[        ] Transforming tink-1.7.0.jar (com.google.crypto.tink:tink:1.7.0) with InstrumentationAnalysisTransform
[        ] Transforming protos-31.1.2.jar (com.android.tools.analytics-library:protos:31.1.2) with InstrumentationAnalysisTransform
[        ] Transforming proto-google-common-protos-2.0.1.jar (com.google.api.grpc:proto-google-common-protos:2.0.1) with InstrumentationAnalysisTransform
[        ] Transforming protobuf-java-3.19.3.jar (com.google.protobuf:protobuf-java:3.19.3) with InstrumentationAnalysisTransform
[        ] Transforming grpc-netty-1.45.1.jar (io.grpc:grpc-netty:1.45.1) with InstrumentationAnalysisTransform
[        ] Transforming grpc-core-1.45.1.jar (io.grpc:grpc-core:1.45.1) with InstrumentationAnalysisTransform
[        ] Transforming gson-2.8.9.jar (com.google.code.gson:gson:2.8.9) with InstrumentationAnalysisTransform
[        ] Transforming grpc-stub-1.45.1.jar (io.grpc:grpc-stub:1.45.1) with InstrumentationAnalysisTransform
[        ] Transforming core-proto-0.0.8-alpha08.jar (com.google.testing.platform:core-proto:0.0.8-alpha08) with InstrumentationAnalysisTransform
[        ] Transforming tensorflow-lite-metadata-0.1.0-rc2.jar (org.tensorflow:tensorflow-lite-metadata:0.1.0-rc2) with InstrumentationAnalysisTransform
[        ] Transforming flatbuffers-java-1.12.0.jar (com.google.flatbuffers:flatbuffers-java:1.12.0) with InstrumentationAnalysisTransform
[        ] Transforming jimfs-1.1.jar (com.google.jimfs:jimfs:1.1) with InstrumentationAnalysisTransform
[        ] Transforming grpc-protobuf-lite-1.45.1.jar (io.grpc:grpc-protobuf-lite:1.45.1) with InstrumentationAnalysisTransform
[        ] Transforming grpc-api-1.45.1.jar (io.grpc:grpc-api:1.45.1) with InstrumentationAnalysisTransform
[        ] Transforming guava-31.1-jre.jar (com.google.guava:guava:31.1-jre) with InstrumentationAnalysisTransform
[        ] Transforming dagger-2.28.3.jar (com.google.dagger:dagger:2.28.3) with InstrumentationAnalysisTransform
[        ] Transforming javax.inject-1.jar (javax.inject:javax.inject:1) with InstrumentationAnalysisTransform
[        ] Transforming kxml2-2.3.0.jar (net.sf.kxml:kxml2:2.3.0) with InstrumentationAnalysisTransform
[        ] Transforming bcprov-jdk15on-1.67.jar (org.bouncycastle:bcprov-jdk15on:1.67) with InstrumentationAnalysisTransform
[        ] Transforming trove4j-1.0.20200330.jar (org.jetbrains.intellij.deps:trove4j:1.0.20200330) with InstrumentationAnalysisTransform
[        ] Transforming kotlin-reflect-1.8.20-RC2.jar (org.jetbrains.kotlin:kotlin-reflect:1.8.20-RC2) with InstrumentationAnalysisTransform
[        ] Transforming xercesImpl-2.12.0.jar (xerces:xercesImpl:2.12.0) with InstrumentationAnalysisTransform
[        ] Transforming commons-compress-1.21.jar (org.apache.commons:commons-compress:1.21) with InstrumentationAnalysisTransform
[        ] Transforming httpclient-4.5.13.jar (org.apache.httpcomponents:httpclient:4.5.13) with InstrumentationAnalysisTransform
[        ] Transforming httpcore-4.4.15.jar (org.apache.httpcomponents:httpcore:4.4.15) with InstrumentationAnalysisTransform
[        ] Transforming javax.activation-1.2.0.jar (com.sun.activation:javax.activation:1.2.0) with InstrumentationAnalysisTransform
[        ] Transforming kotlin-stdlib-jdk7-1.8.20-RC2.jar (org.jetbrains.kotlin:kotlin-stdlib-jdk7:1.8.20-RC2) with InstrumentationAnalysisTransform
[        ] Transforming kotlin-stdlib-1.8.20-RC2.jar (org.jetbrains.kotlin:kotlin-stdlib:1.8.20-RC2) with InstrumentationAnalysisTransform
[        ] Transforming annotations-13.0.jar (org.jetbrains:annotations:13.0) with InstrumentationAnalysisTransform
[        ] Transforming signflinger-8.1.2.jar (com.android:signflinger:8.1.2) with InstrumentationAnalysisTransform
[        ] Transforming zipflinger-8.1.2.jar (com.android:zipflinger:8.1.2) with InstrumentationAnalysisTransform
[        ] Transforming annotations-31.1.2.jar (com.android.tools:annotations:31.1.2) with InstrumentationAnalysisTransform
[        ] Transforming jna-platform-5.6.0.jar (net.java.dev.jna:jna-platform:5.6.0) with InstrumentationAnalysisTransform
[        ] Transforming juniversalchardet-1.0.3.jar (com.googlecode.juniversalchardet:juniversalchardet:1.0.3) with InstrumentationAnalysisTransform
[        ] Transforming javax.annotation-api-1.3.2.jar (javax.annotation:javax.annotation-api:1.3.2) with InstrumentationAnalysisTransform
[        ] Transforming stax-ex-1.8.1.jar (org.jvnet.staxex:stax-ex:1.8.1) with InstrumentationAnalysisTransform
[        ] Transforming jakarta.xml.bind-api-2.3.2.jar (jakarta.xml.bind:jakarta.xml.bind-api:2.3.2) with InstrumentationAnalysisTransform
[        ] Transforming txw2-2.3.2.jar (org.glassfish.jaxb:txw2:2.3.2) with InstrumentationAnalysisTransform
[        ] Transforming istack-commons-runtime-3.0.8.jar (com.sun.istack:istack-commons-runtime:3.0.8) with InstrumentationAnalysisTransform
[        ] Transforming FastInfoset-1.2.16.jar (com.sun.xml.fastinfoset:FastInfoset:1.2.16) with InstrumentationAnalysisTransform
[        ] Transforming jakarta.activation-api-1.2.1.jar (jakarta.activation:jakarta.activation-api:1.2.1) with InstrumentationAnalysisTransform
[        ] Transforming auto-value-annotations-1.6.2.jar (com.google.auto.value:auto-value-annotations:1.6.2) with InstrumentationAnalysisTransform
[        ] Transforming error_prone_annotations-2.11.0.jar (com.google.errorprone:error_prone_annotations:2.11.0) with InstrumentationAnalysisTransform
[        ] Transforming jose4j-0.7.0.jar (org.bitbucket.b_c:jose4j:0.7.0) with InstrumentationAnalysisTransform
[        ] Transforming slf4j-api-1.7.30.jar (org.slf4j:slf4j-api:1.7.30) with InstrumentationAnalysisTransform
[        ] Transforming jdom2-2.0.6.jar (org.jdom:jdom2:2.0.6) with InstrumentationAnalysisTransform
[        ] Transforming j2objc-annotations-1.3.jar (com.google.j2objc:j2objc-annotations:1.3) with InstrumentationAnalysisTransform
[        ] Transforming jsr305-3.0.2.jar (com.google.code.findbugs:jsr305:3.0.2) with InstrumentationAnalysisTransform
[        ] Transforming annotations-4.1.1.4.jar (com.google.android:annotations:4.1.1.4) with InstrumentationAnalysisTransform
[        ] Transforming animal-sniffer-annotations-1.19.jar (org.codehaus.mojo:animal-sniffer-annotations:1.19) with InstrumentationAnalysisTransform
[        ] Transforming perfmark-api-0.23.0.jar (io.perfmark:perfmark-api:0.23.0) with InstrumentationAnalysisTransform
[        ] Transforming netty-codec-http2-4.1.72.Final.jar (io.netty:netty-codec-http2:4.1.72.Final) with InstrumentationAnalysisTransform
[        ] Transforming netty-handler-proxy-4.1.72.Final.jar (io.netty:netty-handler-proxy:4.1.72.Final) with InstrumentationAnalysisTransform
[        ] Transforming checker-qual-3.12.0.jar (org.checkerframework:checker-qual:3.12.0) with InstrumentationAnalysisTransform
[        ] Transforming commons-codec-1.11.jar (commons-codec:commons-codec:1.11) with InstrumentationAnalysisTransform
[        ] Transforming apksig-8.1.2.jar (com.android.tools.build:apksig:8.1.2) with InstrumentationAnalysisTransform
[        ] Transforming javawriter-2.5.0.jar (com.squareup:javawriter:2.5.0) with InstrumentationAnalysisTransform
[        ] Transforming failureaccess-1.0.1.jar (com.google.guava:failureaccess:1.0.1) with InstrumentationAnalysisTransform
[        ] Transforming listenablefuture-9999.0-empty-to-avoid-conflict-with-guava.jar (com.google.guava:listenablefuture:9999.0-empty-to-avoid-conflict-with-guava) with InstrumentationAnalysisTransform
[        ] Transforming xml-apis-1.4.01.jar (xml-apis:xml-apis:1.4.01) with InstrumentationAnalysisTransform
[        ] Transforming commons-logging-1.2.jar (commons-logging:commons-logging:1.2) with InstrumentationAnalysisTransform
[        ] Transforming jna-5.6.0.jar (net.java.dev.jna:jna:5.6.0) with InstrumentationAnalysisTransform
[        ] Transforming kotlin-stdlib-common-1.8.20-RC2.jar (org.jetbrains.kotlin:kotlin-stdlib-common:1.8.20-RC2) with InstrumentationAnalysisTransform
[        ] Transforming grpc-context-1.45.1.jar (io.grpc:grpc-context:1.45.1) with InstrumentationAnalysisTransform
[        ] Transforming netty-codec-http-4.1.72.Final.jar (io.netty:netty-codec-http:4.1.72.Final) with InstrumentationAnalysisTransform
[        ] Transforming netty-handler-4.1.72.Final.jar (io.netty:netty-handler:4.1.72.Final) with InstrumentationAnalysisTransform
[        ] Transforming netty-codec-socks-4.1.72.Final.jar (io.netty:netty-codec-socks:4.1.72.Final) with InstrumentationAnalysisTransform
[        ] Transforming netty-codec-4.1.72.Final.jar (io.netty:netty-codec:4.1.72.Final) with InstrumentationAnalysisTransform
[        ] Transforming netty-transport-4.1.72.Final.jar (io.netty:netty-transport:4.1.72.Final) with InstrumentationAnalysisTransform
[        ] Transforming netty-buffer-4.1.72.Final.jar (io.netty:netty-buffer:4.1.72.Final) with InstrumentationAnalysisTransform
[        ] Transforming netty-resolver-4.1.72.Final.jar (io.netty:netty-resolver:4.1.72.Final) with InstrumentationAnalysisTransform
[        ] Transforming netty-common-4.1.72.Final.jar (io.netty:netty-common:4.1.72.Final) with InstrumentationAnalysisTransform
[        ] Transforming netty-tcnative-classes-2.0.46.Final.jar (io.netty:netty-tcnative-classes:2.0.46.Final) with InstrumentationAnalysisTransform
[        ] Transforming gradle-8.1.2.jar (com.android.tools.build:gradle:8.1.2) with InstrumentationAnalysisTransform
[        ] Transforming gradle-8.1.2.jar (com.android.tools.build:gradle:8.1.2) with MergeInstrumentationAnalysisTransform
[        ] Transforming gradle-settings-api-8.1.2.jar (com.android.tools.build:gradle-settings-api:8.1.2) with InstrumentationAnalysisTransform
[        ] Transforming gradle-settings-api-8.1.2.jar (com.android.tools.build:gradle-settings-api:8.1.2) with MergeInstrumentationAnalysisTransform
[        ] Transforming gradle-8.1.2.jar (com.android.tools.build:gradle:8.1.2) with ExternalDependencyInstrumentingArtifactTransform
[        ] Transforming lint-model-31.1.2.jar (com.android.tools.lint:lint-model:31.1.2) with InstrumentationAnalysisTransform
[        ] Transforming lint-model-31.1.2.jar (com.android.tools.lint:lint-model:31.1.2) with MergeInstrumentationAnalysisTransform
[        ] Transforming gradle-settings-api-8.1.2.jar (com.android.tools.build:gradle-settings-api:8.1.2) with ExternalDependencyInstrumentingArtifactTransform
[        ] Transforming builder-8.1.2.jar (com.android.tools.build:builder:8.1.2) with InstrumentationAnalysisTransform
[        ] Transforming builder-8.1.2.jar (com.android.tools.build:builder:8.1.2) with MergeInstrumentationAnalysisTransform
[        ] Transforming lint-model-31.1.2.jar (com.android.tools.lint:lint-model:31.1.2) with ExternalDependencyInstrumentingArtifactTransform
[        ] Transforming manifest-merger-31.1.2.jar (com.android.tools.build:manifest-merger:31.1.2) with InstrumentationAnalysisTransform
[        ] Transforming manifest-merger-31.1.2.jar (com.android.tools.build:manifest-merger:31.1.2) with MergeInstrumentationAnalysisTransform
[        ] Transforming builder-8.1.2.jar (com.android.tools.build:builder:8.1.2) with ExternalDependencyInstrumentingArtifactTransform
[        ] Transforming sdk-common-31.1.2.jar (com.android.tools:sdk-common:31.1.2) with InstrumentationAnalysisTransform
[        ] Transforming sdk-common-31.1.2.jar (com.android.tools:sdk-common:31.1.2) with MergeInstrumentationAnalysisTransform
[        ] Transforming manifest-merger-31.1.2.jar (com.android.tools.build:manifest-merger:31.1.2) with ExternalDependencyInstrumentingArtifactTransform
[        ] Transforming sdklib-31.1.2.jar (com.android.tools:sdklib:31.1.2) with InstrumentationAnalysisTransform
[        ] Transforming sdklib-31.1.2.jar (com.android.tools:sdklib:31.1.2) with MergeInstrumentationAnalysisTransform
[        ] Transforming sdk-common-31.1.2.jar (com.android.tools:sdk-common:31.1.2) with ExternalDependencyInstrumentingArtifactTransform
[        ] Transforming repository-31.1.2.jar (com.android.tools:repository:31.1.2) with InstrumentationAnalysisTransform
[        ] Transforming repository-31.1.2.jar (com.android.tools:repository:31.1.2) with MergeInstrumentationAnalysisTransform
[        ] Transforming sdklib-31.1.2.jar (com.android.tools:sdklib:31.1.2) with ExternalDependencyInstrumentingArtifactTransform
[        ] Transforming gradle-api-8.1.2.jar (com.android.tools.build:gradle-api:8.1.2) with InstrumentationAnalysisTransform
[        ] Transforming repository-31.1.2.jar (com.android.tools:repository:31.1.2) with ExternalDependencyInstrumentingArtifactTransform
[        ] Transforming gradle-api-8.1.2.jar (com.android.tools.build:gradle-api:8.1.2) with MergeInstrumentationAnalysisTransform
[        ] Transforming builder-test-api-8.1.2.jar (com.android.tools.build:builder-test-api:8.1.2) with InstrumentationAnalysisTransform
[        ] Transforming builder-test-api-8.1.2.jar (com.android.tools.build:builder-test-api:8.1.2) with MergeInstrumentationAnalysisTransform
[        ] Transforming gradle-api-8.1.2.jar (com.android.tools.build:gradle-api:8.1.2) with ExternalDependencyInstrumentingArtifactTransform
[        ] Transforming ddmlib-31.1.2.jar (com.android.tools.ddms:ddmlib:31.1.2) with InstrumentationAnalysisTransform
[        ] Transforming ddmlib-31.1.2.jar (com.android.tools.ddms:ddmlib:31.1.2) with MergeInstrumentationAnalysisTransform
[        ] Transforming builder-test-api-8.1.2.jar (com.android.tools.build:builder-test-api:8.1.2) with ExternalDependencyInstrumentingArtifactTransform
[        ] Transforming aaptcompiler-8.1.2.jar (com.android.tools.build:aaptcompiler:8.1.2) with InstrumentationAnalysisTransform
[        ] Transforming ddmlib-31.1.2.jar (com.android.tools.ddms:ddmlib:31.1.2) with ExternalDependencyInstrumentingArtifactTransform
[        ] Transforming aaptcompiler-8.1.2.jar (com.android.tools.build:aaptcompiler:8.1.2) with MergeInstrumentationAnalysisTransform
[        ] Transforming bundletool-1.14.0.jar (com.android.tools.build:bundletool:1.14.0) with InstrumentationAnalysisTransform
[        ] Transforming bundletool-1.14.0.jar (com.android.tools.build:bundletool:1.14.0) with MergeInstrumentationAnalysisTransform
[        ] Transforming aaptcompiler-8.1.2.jar (com.android.tools.build:aaptcompiler:8.1.2) with ExternalDependencyInstrumentingArtifactTransform
[        ] Transforming aapt2-proto-8.1.2-10154469.jar (com.android.tools.build:aapt2-proto:8.1.2-10154469) with InstrumentationAnalysisTransform
[        ] Transforming bundletool-1.14.0.jar (com.android.tools.build:bundletool:1.14.0) with ExternalDependencyInstrumentingArtifactTransform
[        ] Transforming aapt2-proto-8.1.2-10154469.jar (com.android.tools.build:aapt2-proto:8.1.2-10154469) with MergeInstrumentationAnalysisTransform
[        ] Transforming crash-31.1.2.jar (com.android.tools.analytics-library:crash:31.1.2) with InstrumentationAnalysisTransform
[        ] Transforming crash-31.1.2.jar (com.android.tools.analytics-library:crash:31.1.2) with MergeInstrumentationAnalysisTransform
[        ] Transforming aapt2-proto-8.1.2-10154469.jar (com.android.tools.build:aapt2-proto:8.1.2-10154469) with ExternalDependencyInstrumentingArtifactTransform
[        ] Transforming tracker-31.1.2.jar (com.android.tools.analytics-library:tracker:31.1.2) with InstrumentationAnalysisTransform
[        ] Transforming tracker-31.1.2.jar (com.android.tools.analytics-library:tracker:31.1.2) with MergeInstrumentationAnalysisTransform
[        ] Transforming shared-31.1.2.jar (com.android.tools.analytics-library:shared:31.1.2) with InstrumentationAnalysisTransform
[        ] Transforming crash-31.1.2.jar (com.android.tools.analytics-library:crash:31.1.2) with ExternalDependencyInstrumentingArtifactTransform
[        ] Transforming tracker-31.1.2.jar (com.android.tools.analytics-library:tracker:31.1.2) with ExternalDependencyInstrumentingArtifactTransform
[        ] Transforming shared-31.1.2.jar (com.android.tools.analytics-library:shared:31.1.2) with MergeInstrumentationAnalysisTransform
[        ] Transforming lint-typedef-remover-31.1.2.jar (com.android.tools.lint:lint-typedef-remover:31.1.2) with InstrumentationAnalysisTransform
[        ] Transforming lint-typedef-remover-31.1.2.jar (com.android.tools.lint:lint-typedef-remover:31.1.2) with MergeInstrumentationAnalysisTransform
[        ] Transforming shared-31.1.2.jar (com.android.tools.analytics-library:shared:31.1.2) with ExternalDependencyInstrumentingArtifactTransform
[        ] Transforming databinding-compiler-common-8.1.2.jar (androidx.databinding:databinding-compiler-common:8.1.2) with InstrumentationAnalysisTransform
[        ] Transforming lint-typedef-remover-31.1.2.jar (com.android.tools.lint:lint-typedef-remover:31.1.2) with ExternalDependencyInstrumentingArtifactTransform
[        ] Transforming databinding-compiler-common-8.1.2.jar (androidx.databinding:databinding-compiler-common:8.1.2) with MergeInstrumentationAnalysisTransform
[        ] Transforming databinding-common-8.1.2.jar (androidx.databinding:databinding-common:8.1.2) with InstrumentationAnalysisTransform
[        ] Transforming databinding-compiler-common-8.1.2.jar (androidx.databinding:databinding-compiler-common:8.1.2) with ExternalDependencyInstrumentingArtifactTransform
[        ] Transforming databinding-common-8.1.2.jar (androidx.databinding:databinding-common:8.1.2) with MergeInstrumentationAnalysisTransform
[        ] Transforming baseLibrary-8.1.2.jar (com.android.databinding:baseLibrary:8.1.2) with InstrumentationAnalysisTransform
[        ] Transforming baseLibrary-8.1.2.jar (com.android.databinding:baseLibrary:8.1.2) with MergeInstrumentationAnalysisTransform
[        ] Transforming databinding-common-8.1.2.jar (androidx.databinding:databinding-common:8.1.2) with ExternalDependencyInstrumentingArtifactTransform
[        ] Transforming layoutlib-api-31.1.2.jar (com.android.tools.layoutlib:layoutlib-api:31.1.2) with InstrumentationAnalysisTransform
[        ] Transforming baseLibrary-8.1.2.jar (com.android.databinding:baseLibrary:8.1.2) with ExternalDependencyInstrumentingArtifactTransform
[        ] Transforming layoutlib-api-31.1.2.jar (com.android.tools.layoutlib:layoutlib-api:31.1.2) with MergeInstrumentationAnalysisTransform
[        ] Transforming android-device-provider-ddmlib-proto-31.1.2.jar (com.android.tools.utp:android-device-provider-ddmlib-proto:31.1.2) with InstrumentationAnalysisTransform
[        ] Transforming layoutlib-api-31.1.2.jar (com.android.tools.layoutlib:layoutlib-api:31.1.2) with ExternalDependencyInstrumentingArtifactTransform
[        ] Transforming android-device-provider-ddmlib-proto-31.1.2.jar (com.android.tools.utp:android-device-provider-ddmlib-proto:31.1.2) with MergeInstrumentationAnalysisTransform
[        ] Transforming android-device-provider-gradle-proto-31.1.2.jar (com.android.tools.utp:android-device-provider-gradle-proto:31.1.2) with InstrumentationAnalysisTransform
[        ] Transforming android-device-provider-ddmlib-proto-31.1.2.jar (com.android.tools.utp:android-device-provider-ddmlib-proto:31.1.2) with ExternalDependencyInstrumentingArtifactTransform
[        ] Transforming android-device-provider-gradle-proto-31.1.2.jar (com.android.tools.utp:android-device-provider-gradle-proto:31.1.2) with MergeInstrumentationAnalysisTransform
[        ] Transforming android-test-plugin-host-additional-test-output-proto-31.1.2.jar (com.android.tools.utp:android-test-plugin-host-additional-test-output-proto:31.1.2) with InstrumentationAnalysisTransform
[        ] Transforming android-test-plugin-host-additional-test-output-proto-31.1.2.jar (com.android.tools.utp:android-test-plugin-host-additional-test-output-proto:31.1.2) with MergeInstrumentationAnalysisTransform
[        ] Transforming android-device-provider-gradle-proto-31.1.2.jar (com.android.tools.utp:android-device-provider-gradle-proto:31.1.2) with ExternalDependencyInstrumentingArtifactTransform
[        ] Transforming android-test-plugin-host-coverage-proto-31.1.2.jar (com.android.tools.utp:android-test-plugin-host-coverage-proto:31.1.2) with InstrumentationAnalysisTransform
[        ] Transforming android-test-plugin-host-coverage-proto-31.1.2.jar (com.android.tools.utp:android-test-plugin-host-coverage-proto:31.1.2) with MergeInstrumentationAnalysisTransform
[        ] Transforming android-test-plugin-host-emulator-control-proto-31.1.2.jar (com.android.tools.utp:android-test-plugin-host-emulator-control-proto:31.1.2) with InstrumentationAnalysisTransform
[        ] Transforming android-test-plugin-host-additional-test-output-proto-31.1.2.jar (com.android.tools.utp:android-test-plugin-host-additional-test-output-proto:31.1.2) with ExternalDependencyInstrumentingArtifactTransform
[        ] Transforming android-test-plugin-host-coverage-proto-31.1.2.jar (com.android.tools.utp:android-test-plugin-host-coverage-proto:31.1.2) with ExternalDependencyInstrumentingArtifactTransform
[        ] Transforming android-test-plugin-host-emulator-control-proto-31.1.2.jar (com.android.tools.utp:android-test-plugin-host-emulator-control-proto:31.1.2) with MergeInstrumentationAnalysisTransform
[        ] Transforming android-test-plugin-host-logcat-proto-31.1.2.jar (com.android.tools.utp:android-test-plugin-host-logcat-proto:31.1.2) with InstrumentationAnalysisTransform
[        ] Transforming android-test-plugin-host-logcat-proto-31.1.2.jar (com.android.tools.utp:android-test-plugin-host-logcat-proto:31.1.2) with MergeInstrumentationAnalysisTransform
[        ] Transforming android-test-plugin-host-emulator-control-proto-31.1.2.jar (com.android.tools.utp:android-test-plugin-host-emulator-control-proto:31.1.2) with ExternalDependencyInstrumentingArtifactTransform
[        ] Transforming android-test-plugin-host-apk-installer-proto-31.1.2.jar (com.android.tools.utp:android-test-plugin-host-apk-installer-proto:31.1.2) with InstrumentationAnalysisTransform
[        ] Transforming android-test-plugin-host-logcat-proto-31.1.2.jar (com.android.tools.utp:android-test-plugin-host-logcat-proto:31.1.2) with ExternalDependencyInstrumentingArtifactTransform
[        ] Transforming android-test-plugin-host-apk-installer-proto-31.1.2.jar (com.android.tools.utp:android-test-plugin-host-apk-installer-proto:31.1.2) with MergeInstrumentationAnalysisTransform
[        ] Transforming android-test-plugin-host-retention-proto-31.1.2.jar (com.android.tools.utp:android-test-plugin-host-retention-proto:31.1.2) with InstrumentationAnalysisTransform
[        ] Transforming android-test-plugin-host-retention-proto-31.1.2.jar (com.android.tools.utp:android-test-plugin-host-retention-proto:31.1.2) with MergeInstrumentationAnalysisTransform
[        ] Transforming android-test-plugin-host-apk-installer-proto-31.1.2.jar (com.android.tools.utp:android-test-plugin-host-apk-installer-proto:31.1.2) with ExternalDependencyInstrumentingArtifactTransform
[        ] Transforming android-test-plugin-result-listener-gradle-proto-31.1.2.jar (com.android.tools.utp:android-test-plugin-result-listener-gradle-proto:31.1.2) with InstrumentationAnalysisTransform
[        ] Transforming android-test-plugin-host-retention-proto-31.1.2.jar (com.android.tools.utp:android-test-plugin-host-retention-proto:31.1.2) with ExternalDependencyInstrumentingArtifactTransform
[        ] Transforming android-test-plugin-result-listener-gradle-proto-31.1.2.jar (com.android.tools.utp:android-test-plugin-result-listener-gradle-proto:31.1.2) with MergeInstrumentationAnalysisTransform
[        ] Transforming builder-model-8.1.2.jar (com.android.tools.build:builder-model:8.1.2) with InstrumentationAnalysisTransform
[        ] Transforming builder-model-8.1.2.jar (com.android.tools.build:builder-model:8.1.2) with MergeInstrumentationAnalysisTransform
[        ] Transforming android-test-plugin-result-listener-gradle-proto-31.1.2.jar (com.android.tools.utp:android-test-plugin-result-listener-gradle-proto:31.1.2) with ExternalDependencyInstrumentingArtifactTransform
[        ] Transforming dvlib-31.1.2.jar (com.android.tools:dvlib:31.1.2) with InstrumentationAnalysisTransform
[        ] Transforming builder-model-8.1.2.jar (com.android.tools.build:builder-model:8.1.2) with ExternalDependencyInstrumentingArtifactTransform
[        ] Transforming dvlib-31.1.2.jar (com.android.tools:dvlib:31.1.2) with MergeInstrumentationAnalysisTransform
[        ] Transforming common-31.1.2.jar (com.android.tools:common:31.1.2) with InstrumentationAnalysisTransform
[        ] Transforming common-31.1.2.jar (com.android.tools:common:31.1.2) with MergeInstrumentationAnalysisTransform
[        ] Transforming kotlin-stdlib-jdk8-1.8.20-RC2.jar (org.jetbrains.kotlin:kotlin-stdlib-jdk8:1.8.20-RC2) with InstrumentationAnalysisTransform
[        ] Transforming dvlib-31.1.2.jar (com.android.tools:dvlib:31.1.2) with ExternalDependencyInstrumentingArtifactTransform
[        ] Transforming kotlin-stdlib-jdk8-1.8.20-RC2.jar (org.jetbrains.kotlin:kotlin-stdlib-jdk8:1.8.20-RC2) with MergeInstrumentationAnalysisTransform
[        ] Transforming common-31.1.2.jar (com.android.tools:common:31.1.2) with ExternalDependencyInstrumentingArtifactTransform
[        ] Transforming transform-api-2.0.0-deprecated-use-gradle-api.jar (com.android.tools.build:transform-api:2.0.0-deprecated-use-gradle-api) with InstrumentationAnalysisTransform
[        ] Transforming kotlin-stdlib-jdk8-1.8.20-RC2.jar (org.jetbrains.kotlin:kotlin-stdlib-jdk8:1.8.20-RC2) with ExternalDependencyInstrumentingArtifactTransform
[        ] Transforming transform-api-2.0.0-deprecated-use-gradle-api.jar (com.android.tools.build:transform-api:2.0.0-deprecated-use-gradle-api) with MergeInstrumentationAnalysisTransform
[        ] Transforming httpmime-4.5.6.jar (org.apache.httpcomponents:httpmime:4.5.6) with InstrumentationAnalysisTransform
[        ] Transforming transform-api-2.0.0-deprecated-use-gradle-api.jar (com.android.tools.build:transform-api:2.0.0-deprecated-use-gradle-api) with ExternalDependencyInstrumentingArtifactTransform
[        ] Transforming httpmime-4.5.6.jar (org.apache.httpcomponents:httpmime:4.5.6) with MergeInstrumentationAnalysisTransform
[        ] Transforming commons-io-2.4.jar (commons-io:commons-io:2.4) with InstrumentationAnalysisTransform
[        ] Transforming commons-io-2.4.jar (commons-io:commons-io:2.4) with MergeInstrumentationAnalysisTransform
[        ] Transforming httpmime-4.5.6.jar (org.apache.httpcomponents:httpmime:4.5.6) with ExternalDependencyInstrumentingArtifactTransform
[        ] Transforming jetifier-processor-1.0.0-beta10.jar (com.android.tools.build.jetifier:jetifier-processor:1.0.0-beta10) with InstrumentationAnalysisTransform
[        ] Transforming commons-io-2.4.jar (commons-io:commons-io:2.4) with ExternalDependencyInstrumentingArtifactTransform
[        ] Transforming jetifier-processor-1.0.0-beta10.jar (com.android.tools.build.jetifier:jetifier-processor:1.0.0-beta10) with MergeInstrumentationAnalysisTransform
[        ] Transforming asm-commons-9.2.jar (org.ow2.asm:asm-commons:9.2) with InstrumentationAnalysisTransform
[        ] Transforming jetifier-processor-1.0.0-beta10.jar (com.android.tools.build.jetifier:jetifier-processor:1.0.0-beta10) with ExternalDependencyInstrumentingArtifactTransform
[        ] Transforming asm-commons-9.2.jar (org.ow2.asm:asm-commons:9.2) with MergeInstrumentationAnalysisTransform
[        ] Transforming asm-util-9.2.jar (org.ow2.asm:asm-util:9.2) with InstrumentationAnalysisTransform
[        ] Transforming asm-commons-9.2.jar (org.ow2.asm:asm-commons:9.2) with ExternalDependencyInstrumentingArtifactTransform
[        ] Transforming asm-util-9.2.jar (org.ow2.asm:asm-util:9.2) with MergeInstrumentationAnalysisTransform
[        ] Transforming asm-analysis-9.2.jar (org.ow2.asm:asm-analysis:9.2) with InstrumentationAnalysisTransform
[        ] Transforming asm-analysis-9.2.jar (org.ow2.asm:asm-analysis:9.2) with MergeInstrumentationAnalysisTransform
[        ] Transforming asm-util-9.2.jar (org.ow2.asm:asm-util:9.2) with ExternalDependencyInstrumentingArtifactTransform
[        ] Transforming asm-tree-9.2.jar (org.ow2.asm:asm-tree:9.2) with InstrumentationAnalysisTransform
[        ] Transforming asm-analysis-9.2.jar (org.ow2.asm:asm-analysis:9.2) with ExternalDependencyInstrumentingArtifactTransform
[        ] Transforming asm-tree-9.2.jar (org.ow2.asm:asm-tree:9.2) with MergeInstrumentationAnalysisTransform
[        ] Transforming asm-9.2.jar (org.ow2.asm:asm:9.2) with InstrumentationAnalysisTransform
[        ] Transforming asm-9.2.jar (org.ow2.asm:asm:9.2) with MergeInstrumentationAnalysisTransform
[        ] Transforming asm-tree-9.2.jar (org.ow2.asm:asm-tree:9.2) with ExternalDependencyInstrumentingArtifactTransform
[        ] Transforming apkzlib-8.1.2.jar (com.android.tools.build:apkzlib:8.1.2) with InstrumentationAnalysisTransform
[        ] Transforming asm-9.2.jar (org.ow2.asm:asm:9.2) with ExternalDependencyInstrumentingArtifactTransform
[        ] Transforming apkzlib-8.1.2.jar (com.android.tools.build:apkzlib:8.1.2) with MergeInstrumentationAnalysisTransform
[        ] Transforming bcpkix-jdk15on-1.67.jar (org.bouncycastle:bcpkix-jdk15on:1.67) with InstrumentationAnalysisTransform
[        ] Transforming apkzlib-8.1.2.jar (com.android.tools.build:apkzlib:8.1.2) with ExternalDependencyInstrumentingArtifactTransform
[        ] Transforming bcpkix-jdk15on-1.67.jar (org.bouncycastle:bcpkix-jdk15on:1.67) with MergeInstrumentationAnalysisTransform
[        ] Transforming jaxb-runtime-2.3.2.jar (org.glassfish.jaxb:jaxb-runtime:2.3.2) with InstrumentationAnalysisTransform
[        ] Transforming bcpkix-jdk15on-1.67.jar (org.bouncycastle:bcpkix-jdk15on:1.67) with ExternalDependencyInstrumentingArtifactTransform
[        ] Transforming jaxb-runtime-2.3.2.jar (org.glassfish.jaxb:jaxb-runtime:2.3.2) with MergeInstrumentationAnalysisTransform
[        ] Transforming jopt-simple-4.9.jar (net.sf.jopt-simple:jopt-simple:4.9) with InstrumentationAnalysisTransform
[        ] Transforming jopt-simple-4.9.jar (net.sf.jopt-simple:jopt-simple:4.9) with MergeInstrumentationAnalysisTransform
[        ] Transforming jaxb-runtime-2.3.2.jar (org.glassfish.jaxb:jaxb-runtime:2.3.2) with ExternalDependencyInstrumentingArtifactTransform
[        ] Transforming jetifier-core-1.0.0-beta10.jar (com.android.tools.build.jetifier:jetifier-core:1.0.0-beta10) with InstrumentationAnalysisTransform
[        ] Transforming jopt-simple-4.9.jar (net.sf.jopt-simple:jopt-simple:4.9) with ExternalDependencyInstrumentingArtifactTransform
[        ] Transforming jetifier-core-1.0.0-beta10.jar (com.android.tools.build.jetifier:jetifier-core:1.0.0-beta10) with MergeInstrumentationAnalysisTransform
[        ] Transforming javapoet-1.10.0.jar (com.squareup:javapoet:1.10.0) with InstrumentationAnalysisTransform
[        ] Transforming javapoet-1.10.0.jar (com.squareup:javapoet:1.10.0) with MergeInstrumentationAnalysisTransform
[        ] Transforming jetifier-core-1.0.0-beta10.jar (com.android.tools.build.jetifier:jetifier-core:1.0.0-beta10) with ExternalDependencyInstrumentingArtifactTransform
[        ] Transforming protobuf-java-util-3.19.3.jar (com.google.protobuf:protobuf-java-util:3.19.3) with InstrumentationAnalysisTransform
[        ] Transforming javapoet-1.10.0.jar (com.squareup:javapoet:1.10.0) with ExternalDependencyInstrumentingArtifactTransform
[        ] Transforming protobuf-java-util-3.19.3.jar (com.google.protobuf:protobuf-java-util:3.19.3) with MergeInstrumentationAnalysisTransform
[        ] Transforming grpc-protobuf-1.45.1.jar (io.grpc:grpc-protobuf:1.45.1) with InstrumentationAnalysisTransform
[        ] Transforming grpc-protobuf-1.45.1.jar (io.grpc:grpc-protobuf:1.45.1) with MergeInstrumentationAnalysisTransform
[        ] Transforming protobuf-java-util-3.19.3.jar (com.google.protobuf:protobuf-java-util:3.19.3) with ExternalDependencyInstrumentingArtifactTransform
[        ] Transforming tink-1.7.0.jar (com.google.crypto.tink:tink:1.7.0) with InstrumentationAnalysisTransform
[        ] Transforming grpc-protobuf-1.45.1.jar (io.grpc:grpc-protobuf:1.45.1) with ExternalDependencyInstrumentingArtifactTransform
[        ] Transforming tink-1.7.0.jar (com.google.crypto.tink:tink:1.7.0) with MergeInstrumentationAnalysisTransform
[        ] Transforming protos-31.1.2.jar (com.android.tools.analytics-library:protos:31.1.2) with InstrumentationAnalysisTransform
[        ] Transforming tink-1.7.0.jar (com.google.crypto.tink:tink:1.7.0) with ExternalDependencyInstrumentingArtifactTransform
[        ] Transforming protos-31.1.2.jar (com.android.tools.analytics-library:protos:31.1.2) with MergeInstrumentationAnalysisTransform
[        ] Transforming proto-google-common-protos-2.0.1.jar (com.google.api.grpc:proto-google-common-protos:2.0.1) with InstrumentationAnalysisTransform
[        ] Transforming proto-google-common-protos-2.0.1.jar (com.google.api.grpc:proto-google-common-protos:2.0.1) with MergeInstrumentationAnalysisTransform
[        ] Transforming protos-31.1.2.jar (com.android.tools.analytics-library:protos:31.1.2) with ExternalDependencyInstrumentingArtifactTransform
[        ] Transforming protobuf-java-3.19.3.jar (com.google.protobuf:protobuf-java:3.19.3) with InstrumentationAnalysisTransform
[        ] Transforming proto-google-common-protos-2.0.1.jar (com.google.api.grpc:proto-google-common-protos:2.0.1) with ExternalDependencyInstrumentingArtifactTransform
[        ] Transforming protobuf-java-3.19.3.jar (com.google.protobuf:protobuf-java:3.19.3) with MergeInstrumentationAnalysisTransform
[        ] Transforming grpc-netty-1.45.1.jar (io.grpc:grpc-netty:1.45.1) with InstrumentationAnalysisTransform
[        ] Transforming grpc-netty-1.45.1.jar (io.grpc:grpc-netty:1.45.1) with MergeInstrumentationAnalysisTransform
[        ] Transforming protobuf-java-3.19.3.jar (com.google.protobuf:protobuf-java:3.19.3) with ExternalDependencyInstrumentingArtifactTransform
[        ] Transforming grpc-core-1.45.1.jar (io.grpc:grpc-core:1.45.1) with InstrumentationAnalysisTransform
[        ] Transforming grpc-netty-1.45.1.jar (io.grpc:grpc-netty:1.45.1) with ExternalDependencyInstrumentingArtifactTransform
[        ] Transforming grpc-core-1.45.1.jar (io.grpc:grpc-core:1.45.1) with MergeInstrumentationAnalysisTransform
[        ] Transforming gson-2.8.9.jar (com.google.code.gson:gson:2.8.9) with InstrumentationAnalysisTransform
[        ] Transforming grpc-core-1.45.1.jar (io.grpc:grpc-core:1.45.1) with ExternalDependencyInstrumentingArtifactTransform
[        ] Transforming gson-2.8.9.jar (com.google.code.gson:gson:2.8.9) with MergeInstrumentationAnalysisTransform
[        ] Transforming grpc-stub-1.45.1.jar (io.grpc:grpc-stub:1.45.1) with InstrumentationAnalysisTransform
[        ] Transforming grpc-stub-1.45.1.jar (io.grpc:grpc-stub:1.45.1) with MergeInstrumentationAnalysisTransform
[        ] Transforming core-proto-0.0.8-alpha08.jar (com.google.testing.platform:core-proto:0.0.8-alpha08) with InstrumentationAnalysisTransform
[        ] Transforming gson-2.8.9.jar (com.google.code.gson:gson:2.8.9) with ExternalDependencyInstrumentingArtifactTransform
[        ] Transforming grpc-stub-1.45.1.jar (io.grpc:grpc-stub:1.45.1) with ExternalDependencyInstrumentingArtifactTransform
[        ] Transforming core-proto-0.0.8-alpha08.jar (com.google.testing.platform:core-proto:0.0.8-alpha08) with MergeInstrumentationAnalysisTransform
[        ] Transforming tensorflow-lite-metadata-0.1.0-rc2.jar (org.tensorflow:tensorflow-lite-metadata:0.1.0-rc2) with InstrumentationAnalysisTransform
[        ] Transforming tensorflow-lite-metadata-0.1.0-rc2.jar (org.tensorflow:tensorflow-lite-metadata:0.1.0-rc2) with MergeInstrumentationAnalysisTransform
[        ] Transforming core-proto-0.0.8-alpha08.jar (com.google.testing.platform:core-proto:0.0.8-alpha08) with ExternalDependencyInstrumentingArtifactTransform
[        ] Transforming flatbuffers-java-1.12.0.jar (com.google.flatbuffers:flatbuffers-java:1.12.0) with InstrumentationAnalysisTransform
[        ] Transforming tensorflow-lite-metadata-0.1.0-rc2.jar (org.tensorflow:tensorflow-lite-metadata:0.1.0-rc2) with ExternalDependencyInstrumentingArtifactTransform
[        ] Transforming flatbuffers-java-1.12.0.jar (com.google.flatbuffers:flatbuffers-java:1.12.0) with MergeInstrumentationAnalysisTransform
[        ] Transforming jimfs-1.1.jar (com.google.jimfs:jimfs:1.1) with InstrumentationAnalysisTransform
[        ] Transforming jimfs-1.1.jar (com.google.jimfs:jimfs:1.1) with MergeInstrumentationAnalysisTransform
[        ] Transforming flatbuffers-java-1.12.0.jar (com.google.flatbuffers:flatbuffers-java:1.12.0) with ExternalDependencyInstrumentingArtifactTransform
[        ] Transforming grpc-protobuf-lite-1.45.1.jar (io.grpc:grpc-protobuf-lite:1.45.1) with InstrumentationAnalysisTransform
[        ] Transforming jimfs-1.1.jar (com.google.jimfs:jimfs:1.1) with ExternalDependencyInstrumentingArtifactTransform
[        ] Transforming grpc-protobuf-lite-1.45.1.jar (io.grpc:grpc-protobuf-lite:1.45.1) with MergeInstrumentationAnalysisTransform
[        ] Transforming grpc-api-1.45.1.jar (io.grpc:grpc-api:1.45.1) with InstrumentationAnalysisTransform
[        ] Transforming grpc-api-1.45.1.jar (io.grpc:grpc-api:1.45.1) with MergeInstrumentationAnalysisTransform
[        ] Transforming grpc-protobuf-lite-1.45.1.jar (io.grpc:grpc-protobuf-lite:1.45.1) with ExternalDependencyInstrumentingArtifactTransform
[        ] Transforming guava-31.1-jre.jar (com.google.guava:guava:31.1-jre) with InstrumentationAnalysisTransform
[        ] Transforming grpc-api-1.45.1.jar (io.grpc:grpc-api:1.45.1) with ExternalDependencyInstrumentingArtifactTransform
[        ] Transforming guava-31.1-jre.jar (com.google.guava:guava:31.1-jre) with MergeInstrumentationAnalysisTransform
[        ] Transforming dagger-2.28.3.jar (com.google.dagger:dagger:2.28.3) with InstrumentationAnalysisTransform
[        ] Transforming dagger-2.28.3.jar (com.google.dagger:dagger:2.28.3) with MergeInstrumentationAnalysisTransform
[        ] Transforming guava-31.1-jre.jar (com.google.guava:guava:31.1-jre) with ExternalDependencyInstrumentingArtifactTransform
[        ] Transforming javax.inject-1.jar (javax.inject:javax.inject:1) with InstrumentationAnalysisTransform
[        ] Transforming dagger-2.28.3.jar (com.google.dagger:dagger:2.28.3) with ExternalDependencyInstrumentingArtifactTransform
[        ] Transforming javax.inject-1.jar (javax.inject:javax.inject:1) with MergeInstrumentationAnalysisTransform
[        ] Transforming kxml2-2.3.0.jar (net.sf.kxml:kxml2:2.3.0) with InstrumentationAnalysisTransform
[        ] Transforming javax.inject-1.jar (javax.inject:javax.inject:1) with ExternalDependencyInstrumentingArtifactTransform
[        ] Transforming kxml2-2.3.0.jar (net.sf.kxml:kxml2:2.3.0) with MergeInstrumentationAnalysisTransform
[        ] Transforming bcprov-jdk15on-1.67.jar (org.bouncycastle:bcprov-jdk15on:1.67) with InstrumentationAnalysisTransform
[        ] Transforming bcprov-jdk15on-1.67.jar (org.bouncycastle:bcprov-jdk15on:1.67) with MergeInstrumentationAnalysisTransform
[        ] Transforming trove4j-1.0.20200330.jar (org.jetbrains.intellij.deps:trove4j:1.0.20200330) with InstrumentationAnalysisTransform
[        ] Transforming kxml2-2.3.0.jar (net.sf.kxml:kxml2:2.3.0) with ExternalDependencyInstrumentingArtifactTransform
[        ] Transforming trove4j-1.0.20200330.jar (org.jetbrains.intellij.deps:trove4j:1.0.20200330) with MergeInstrumentationAnalysisTransform
[        ] Transforming bcprov-jdk15on-1.67.jar (org.bouncycastle:bcprov-jdk15on:1.67) with ExternalDependencyInstrumentingArtifactTransform
[        ] Transforming kotlin-reflect-1.8.20-RC2.jar (org.jetbrains.kotlin:kotlin-reflect:1.8.20-RC2) with InstrumentationAnalysisTransform
[        ] Transforming trove4j-1.0.20200330.jar (org.jetbrains.intellij.deps:trove4j:1.0.20200330) with ExternalDependencyInstrumentingArtifactTransform
[        ] Transforming kotlin-reflect-1.8.20-RC2.jar (org.jetbrains.kotlin:kotlin-reflect:1.8.20-RC2) with MergeInstrumentationAnalysisTransform
[        ] Transforming xercesImpl-2.12.0.jar (xerces:xercesImpl:2.12.0) with InstrumentationAnalysisTransform
[        ] Transforming kotlin-reflect-1.8.20-RC2.jar (org.jetbrains.kotlin:kotlin-reflect:1.8.20-RC2) with ExternalDependencyInstrumentingArtifactTransform
[        ] Transforming xercesImpl-2.12.0.jar (xerces:xercesImpl:2.12.0) with MergeInstrumentationAnalysisTransform
[        ] Transforming commons-compress-1.21.jar (org.apache.commons:commons-compress:1.21) with InstrumentationAnalysisTransform
[        ] Transforming commons-compress-1.21.jar (org.apache.commons:commons-compress:1.21) with MergeInstrumentationAnalysisTransform
[        ] Transforming xercesImpl-2.12.0.jar (xerces:xercesImpl:2.12.0) with ExternalDependencyInstrumentingArtifactTransform
[        ] Transforming httpclient-4.5.13.jar (org.apache.httpcomponents:httpclient:4.5.13) with InstrumentationAnalysisTransform
[        ] Transforming commons-compress-1.21.jar (org.apache.commons:commons-compress:1.21) with ExternalDependencyInstrumentingArtifactTransform
[        ] Transforming httpclient-4.5.13.jar (org.apache.httpcomponents:httpclient:4.5.13) with MergeInstrumentationAnalysisTransform
[        ] Transforming httpcore-4.4.15.jar (org.apache.httpcomponents:httpcore:4.4.15) with InstrumentationAnalysisTransform
[        ] Transforming httpcore-4.4.15.jar (org.apache.httpcomponents:httpcore:4.4.15) with MergeInstrumentationAnalysisTransform
[        ] Transforming javax.activation-1.2.0.jar (com.sun.activation:javax.activation:1.2.0) with InstrumentationAnalysisTransform
[        ] Transforming httpclient-4.5.13.jar (org.apache.httpcomponents:httpclient:4.5.13) with ExternalDependencyInstrumentingArtifactTransform
[        ] Transforming httpcore-4.4.15.jar (org.apache.httpcomponents:httpcore:4.4.15) with ExternalDependencyInstrumentingArtifactTransform
[        ] Transforming javax.activation-1.2.0.jar (com.sun.activation:javax.activation:1.2.0) with MergeInstrumentationAnalysisTransform
[        ] Transforming kotlin-stdlib-jdk7-1.8.20-RC2.jar (org.jetbrains.kotlin:kotlin-stdlib-jdk7:1.8.20-RC2) with InstrumentationAnalysisTransform
[        ] Transforming kotlin-stdlib-jdk7-1.8.20-RC2.jar (org.jetbrains.kotlin:kotlin-stdlib-jdk7:1.8.20-RC2) with MergeInstrumentationAnalysisTransform
[        ] Transforming kotlin-stdlib-1.8.20-RC2.jar (org.jetbrains.kotlin:kotlin-stdlib:1.8.20-RC2) with InstrumentationAnalysisTransform
[        ] Transforming kotlin-stdlib-jdk7-1.8.20-RC2.jar (org.jetbrains.kotlin:kotlin-stdlib-jdk7:1.8.20-RC2) with ExternalDependencyInstrumentingArtifactTransform
[        ] Transforming kotlin-stdlib-1.8.20-RC2.jar (org.jetbrains.kotlin:kotlin-stdlib:1.8.20-RC2) with MergeInstrumentationAnalysisTransform
[        ] Transforming annotations-13.0.jar (org.jetbrains:annotations:13.0) with InstrumentationAnalysisTransform
[        ] Transforming javax.activation-1.2.0.jar (com.sun.activation:javax.activation:1.2.0) with ExternalDependencyInstrumentingArtifactTransform
[        ] Transforming kotlin-stdlib-1.8.20-RC2.jar (org.jetbrains.kotlin:kotlin-stdlib:1.8.20-RC2) with ExternalDependencyInstrumentingArtifactTransform
[        ] Transforming annotations-13.0.jar (org.jetbrains:annotations:13.0) with MergeInstrumentationAnalysisTransform
[        ] Transforming signflinger-8.1.2.jar (com.android:signflinger:8.1.2) with InstrumentationAnalysisTransform
[        ] Transforming annotations-13.0.jar (org.jetbrains:annotations:13.0) with ExternalDependencyInstrumentingArtifactTransform
[        ] Transforming signflinger-8.1.2.jar (com.android:signflinger:8.1.2) with MergeInstrumentationAnalysisTransform
[        ] Transforming zipflinger-8.1.2.jar (com.android:zipflinger:8.1.2) with InstrumentationAnalysisTransform
[        ] Transforming zipflinger-8.1.2.jar (com.android:zipflinger:8.1.2) with MergeInstrumentationAnalysisTransform
[        ] Transforming signflinger-8.1.2.jar (com.android:signflinger:8.1.2) with ExternalDependencyInstrumentingArtifactTransform
[        ] Transforming annotations-31.1.2.jar (com.android.tools:annotations:31.1.2) with InstrumentationAnalysisTransform
[        ] Transforming zipflinger-8.1.2.jar (com.android:zipflinger:8.1.2) with ExternalDependencyInstrumentingArtifactTransform
[        ] Transforming annotations-31.1.2.jar (com.android.tools:annotations:31.1.2) with MergeInstrumentationAnalysisTransform
[        ] Transforming jna-platform-5.6.0.jar (net.java.dev.jna:jna-platform:5.6.0) with InstrumentationAnalysisTransform
[        ] Transforming jna-platform-5.6.0.jar (net.java.dev.jna:jna-platform:5.6.0) with MergeInstrumentationAnalysisTransform
[        ] Transforming juniversalchardet-1.0.3.jar (com.googlecode.juniversalchardet:juniversalchardet:1.0.3) with InstrumentationAnalysisTransform
[        ] Transforming annotations-31.1.2.jar (com.android.tools:annotations:31.1.2) with ExternalDependencyInstrumentingArtifactTransform
[        ] Transforming juniversalchardet-1.0.3.jar (com.googlecode.juniversalchardet:juniversalchardet:1.0.3) with MergeInstrumentationAnalysisTransform
[        ] Transforming jna-platform-5.6.0.jar (net.java.dev.jna:jna-platform:5.6.0) with ExternalDependencyInstrumentingArtifactTransform
[        ] Transforming javax.annotation-api-1.3.2.jar (javax.annotation:javax.annotation-api:1.3.2) with InstrumentationAnalysisTransform
[        ] Transforming juniversalchardet-1.0.3.jar (com.googlecode.juniversalchardet:juniversalchardet:1.0.3) with ExternalDependencyInstrumentingArtifactTransform
[        ] Transforming javax.annotation-api-1.3.2.jar (javax.annotation:javax.annotation-api:1.3.2) with MergeInstrumentationAnalysisTransform
[        ] Transforming stax-ex-1.8.1.jar (org.jvnet.staxex:stax-ex:1.8.1) with InstrumentationAnalysisTransform
[        ] Transforming javax.annotation-api-1.3.2.jar (javax.annotation:javax.annotation-api:1.3.2) with ExternalDependencyInstrumentingArtifactTransform
[        ] Transforming stax-ex-1.8.1.jar (org.jvnet.staxex:stax-ex:1.8.1) with MergeInstrumentationAnalysisTransform
[        ] Transforming jakarta.xml.bind-api-2.3.2.jar (jakarta.xml.bind:jakarta.xml.bind-api:2.3.2) with InstrumentationAnalysisTransform
[        ] Transforming jakarta.xml.bind-api-2.3.2.jar (jakarta.xml.bind:jakarta.xml.bind-api:2.3.2) with MergeInstrumentationAnalysisTransform
[        ] Transforming stax-ex-1.8.1.jar (org.jvnet.staxex:stax-ex:1.8.1) with ExternalDependencyInstrumentingArtifactTransform
[        ] Transforming txw2-2.3.2.jar (org.glassfish.jaxb:txw2:2.3.2) with InstrumentationAnalysisTransform
[        ] Transforming jakarta.xml.bind-api-2.3.2.jar (jakarta.xml.bind:jakarta.xml.bind-api:2.3.2) with ExternalDependencyInstrumentingArtifactTransform
[        ] Transforming txw2-2.3.2.jar (org.glassfish.jaxb:txw2:2.3.2) with MergeInstrumentationAnalysisTransform
[        ] Transforming istack-commons-runtime-3.0.8.jar (com.sun.istack:istack-commons-runtime:3.0.8) with InstrumentationAnalysisTransform
[        ] Transforming txw2-2.3.2.jar (org.glassfish.jaxb:txw2:2.3.2) with ExternalDependencyInstrumentingArtifactTransform
[        ] Transforming istack-commons-runtime-3.0.8.jar (com.sun.istack:istack-commons-runtime:3.0.8) with MergeInstrumentationAnalysisTransform
[        ] Transforming FastInfoset-1.2.16.jar (com.sun.xml.fastinfoset:FastInfoset:1.2.16) with InstrumentationAnalysisTransform
[        ] Transforming FastInfoset-1.2.16.jar (com.sun.xml.fastinfoset:FastInfoset:1.2.16) with MergeInstrumentationAnalysisTransform
[        ] Transforming istack-commons-runtime-3.0.8.jar (com.sun.istack:istack-commons-runtime:3.0.8) with ExternalDependencyInstrumentingArtifactTransform
[        ] Transforming jakarta.activation-api-1.2.1.jar (jakarta.activation:jakarta.activation-api:1.2.1) with InstrumentationAnalysisTransform
[        ] Transforming FastInfoset-1.2.16.jar (com.sun.xml.fastinfoset:FastInfoset:1.2.16) with ExternalDependencyInstrumentingArtifactTransform
[        ] Transforming jakarta.activation-api-1.2.1.jar (jakarta.activation:jakarta.activation-api:1.2.1) with MergeInstrumentationAnalysisTransform
[        ] Transforming auto-value-annotations-1.6.2.jar (com.google.auto.value:auto-value-annotations:1.6.2) with InstrumentationAnalysisTransform
[        ] Transforming jakarta.activation-api-1.2.1.jar (jakarta.activation:jakarta.activation-api:1.2.1) with ExternalDependencyInstrumentingArtifactTransform
[        ] Transforming auto-value-annotations-1.6.2.jar (com.google.auto.value:auto-value-annotations:1.6.2) with MergeInstrumentationAnalysisTransform
[        ] Transforming error_prone_annotations-2.11.0.jar (com.google.errorprone:error_prone_annotations:2.11.0) with InstrumentationAnalysisTransform
[        ] Transforming error_prone_annotations-2.11.0.jar (com.google.errorprone:error_prone_annotations:2.11.0) with MergeInstrumentationAnalysisTransform
[        ] Transforming jose4j-0.7.0.jar (org.bitbucket.b_c:jose4j:0.7.0) with InstrumentationAnalysisTransform
[        ] Transforming auto-value-annotations-1.6.2.jar (com.google.auto.value:auto-value-annotations:1.6.2) with ExternalDependencyInstrumentingArtifactTransform
[        ] Transforming error_prone_annotations-2.11.0.jar (com.google.errorprone:error_prone_annotations:2.11.0) with ExternalDependencyInstrumentingArtifactTransform
[        ] Transforming jose4j-0.7.0.jar (org.bitbucket.b_c:jose4j:0.7.0) with MergeInstrumentationAnalysisTransform
[        ] Transforming slf4j-api-1.7.30.jar (org.slf4j:slf4j-api:1.7.30) with InstrumentationAnalysisTransform
[        ] Transforming slf4j-api-1.7.30.jar (org.slf4j:slf4j-api:1.7.30) with MergeInstrumentationAnalysisTransform
[        ] Transforming jose4j-0.7.0.jar (org.bitbucket.b_c:jose4j:0.7.0) with ExternalDependencyInstrumentingArtifactTransform
[        ] Transforming jdom2-2.0.6.jar (org.jdom:jdom2:2.0.6) with InstrumentationAnalysisTransform
[        ] Transforming slf4j-api-1.7.30.jar (org.slf4j:slf4j-api:1.7.30) with ExternalDependencyInstrumentingArtifactTransform
[        ] Transforming jdom2-2.0.6.jar (org.jdom:jdom2:2.0.6) with MergeInstrumentationAnalysisTransform
[        ] Transforming j2objc-annotations-1.3.jar (com.google.j2objc:j2objc-annotations:1.3) with InstrumentationAnalysisTransform
[        ] Transforming j2objc-annotations-1.3.jar (com.google.j2objc:j2objc-annotations:1.3) with MergeInstrumentationAnalysisTransform
[        ] Transforming jdom2-2.0.6.jar (org.jdom:jdom2:2.0.6) with ExternalDependencyInstrumentingArtifactTransform
[        ] Transforming jsr305-3.0.2.jar (com.google.code.findbugs:jsr305:3.0.2) with InstrumentationAnalysisTransform
[        ] Transforming j2objc-annotations-1.3.jar (com.google.j2objc:j2objc-annotations:1.3) with ExternalDependencyInstrumentingArtifactTransform
[        ] Transforming jsr305-3.0.2.jar (com.google.code.findbugs:jsr305:3.0.2) with MergeInstrumentationAnalysisTransform
[        ] Transforming annotations-4.1.1.4.jar (com.google.android:annotations:4.1.1.4) with InstrumentationAnalysisTransform
[        ] Transforming annotations-4.1.1.4.jar (com.google.android:annotations:4.1.1.4) with MergeInstrumentationAnalysisTransform
[        ] Transforming animal-sniffer-annotations-1.19.jar (org.codehaus.mojo:animal-sniffer-annotations:1.19) with InstrumentationAnalysisTransform
[        ] Transforming jsr305-3.0.2.jar (com.google.code.findbugs:jsr305:3.0.2) with ExternalDependencyInstrumentingArtifactTransform
[        ] Transforming annotations-4.1.1.4.jar (com.google.android:annotations:4.1.1.4) with ExternalDependencyInstrumentingArtifactTransform
[        ] Transforming animal-sniffer-annotations-1.19.jar (org.codehaus.mojo:animal-sniffer-annotations:1.19) with MergeInstrumentationAnalysisTransform
[        ] Transforming perfmark-api-0.23.0.jar (io.perfmark:perfmark-api:0.23.0) with InstrumentationAnalysisTransform
[        ] Transforming perfmark-api-0.23.0.jar (io.perfmark:perfmark-api:0.23.0) with MergeInstrumentationAnalysisTransform
[        ] Transforming netty-codec-http2-4.1.72.Final.jar (io.netty:netty-codec-http2:4.1.72.Final) with InstrumentationAnalysisTransform
[        ] Transforming animal-sniffer-annotations-1.19.jar (org.codehaus.mojo:animal-sniffer-annotations:1.19) with ExternalDependencyInstrumentingArtifactTransform
[        ] Transforming perfmark-api-0.23.0.jar (io.perfmark:perfmark-api:0.23.0) with ExternalDependencyInstrumentingArtifactTransform
[        ] Transforming netty-codec-http2-4.1.72.Final.jar (io.netty:netty-codec-http2:4.1.72.Final) with MergeInstrumentationAnalysisTransform
[        ] Transforming netty-handler-proxy-4.1.72.Final.jar (io.netty:netty-handler-proxy:4.1.72.Final) with InstrumentationAnalysisTransform
[        ] Transforming netty-handler-proxy-4.1.72.Final.jar (io.netty:netty-handler-proxy:4.1.72.Final) with MergeInstrumentationAnalysisTransform
[        ] Transforming checker-qual-3.12.0.jar (org.checkerframework:checker-qual:3.12.0) with InstrumentationAnalysisTransform
[        ] Transforming netty-codec-http2-4.1.72.Final.jar (io.netty:netty-codec-http2:4.1.72.Final) with ExternalDependencyInstrumentingArtifactTransform
[        ] Transforming checker-qual-3.12.0.jar (org.checkerframework:checker-qual:3.12.0) with MergeInstrumentationAnalysisTransform
[        ] Transforming commons-codec-1.11.jar (commons-codec:commons-codec:1.11) with InstrumentationAnalysisTransform
[        ] Transforming netty-handler-proxy-4.1.72.Final.jar (io.netty:netty-handler-proxy:4.1.72.Final) with ExternalDependencyInstrumentingArtifactTransform
[        ] Transforming commons-codec-1.11.jar (commons-codec:commons-codec:1.11) with MergeInstrumentationAnalysisTransform
[        ] Transforming checker-qual-3.12.0.jar (org.checkerframework:checker-qual:3.12.0) with ExternalDependencyInstrumentingArtifactTransform
[   +1 ms] Transforming commons-codec-1.11.jar (commons-codec:commons-codec:1.11) with ExternalDependencyInstrumentingArtifactTransform
[        ] Transforming apksig-8.1.2.jar (com.android.tools.build:apksig:8.1.2) with InstrumentationAnalysisTransform
[        ] Transforming apksig-8.1.2.jar (com.android.tools.build:apksig:8.1.2) with MergeInstrumentationAnalysisTransform
[        ] Transforming javawriter-2.5.0.jar (com.squareup:javawriter:2.5.0) with InstrumentationAnalysisTransform
[        ] Transforming javawriter-2.5.0.jar (com.squareup:javawriter:2.5.0) with MergeInstrumentationAnalysisTransform
[        ] Transforming failureaccess-1.0.1.jar (com.google.guava:failureaccess:1.0.1) with InstrumentationAnalysisTransform
[        ] Transforming apksig-8.1.2.jar (com.android.tools.build:apksig:8.1.2) with ExternalDependencyInstrumentingArtifactTransform
[        ] Transforming failureaccess-1.0.1.jar (com.google.guava:failureaccess:1.0.1) with MergeInstrumentationAnalysisTransform
[        ] Transforming listenablefuture-9999.0-empty-to-avoid-conflict-with-guava.jar (com.google.guava:listenablefuture:9999.0-empty-to-avoid-conflict-with-guava) with InstrumentationAnalysisTransform
[        ] Transforming javawriter-2.5.0.jar (com.squareup:javawriter:2.5.0) with ExternalDependencyInstrumentingArtifactTransform
[        ] Transforming listenablefuture-9999.0-empty-to-avoid-conflict-with-guava.jar (com.google.guava:listenablefuture:9999.0-empty-to-avoid-conflict-with-guava) with MergeInstrumentationAnalysisTransform
[        ] Transforming failureaccess-1.0.1.jar (com.google.guava:failureaccess:1.0.1) with ExternalDependencyInstrumentingArtifactTransform
[        ] Transforming xml-apis-1.4.01.jar (xml-apis:xml-apis:1.4.01) with InstrumentationAnalysisTransform
[        ] Transforming listenablefuture-9999.0-empty-to-avoid-conflict-with-guava.jar (com.google.guava:listenablefuture:9999.0-empty-to-avoid-conflict-with-guava) with ExternalDependencyInstrumentingArtifactTransform
[        ] Transforming xml-apis-1.4.01.jar (xml-apis:xml-apis:1.4.01) with MergeInstrumentationAnalysisTransform
[        ] Transforming commons-logging-1.2.jar (commons-logging:commons-logging:1.2) with InstrumentationAnalysisTransform
[        ] Transforming commons-logging-1.2.jar (commons-logging:commons-logging:1.2) with MergeInstrumentationAnalysisTransform
[        ] Transforming xml-apis-1.4.01.jar (xml-apis:xml-apis:1.4.01) with ExternalDependencyInstrumentingArtifactTransform
[        ] Transforming commons-logging-1.2.jar (commons-logging:commons-logging:1.2) with ExternalDependencyInstrumentingArtifactTransform
[        ] Transforming jna-5.6.0.jar (net.java.dev.jna:jna:5.6.0) with InstrumentationAnalysisTransform
[        ] Transforming jna-5.6.0.jar (net.java.dev.jna:jna:5.6.0) with MergeInstrumentationAnalysisTransform
[        ] Transforming kotlin-stdlib-common-1.8.20-RC2.jar (org.jetbrains.kotlin:kotlin-stdlib-common:1.8.20-RC2) with InstrumentationAnalysisTransform
[        ] Transforming kotlin-stdlib-common-1.8.20-RC2.jar (org.jetbrains.kotlin:kotlin-stdlib-common:1.8.20-RC2) with MergeInstrumentationAnalysisTransform
[        ] Transforming jna-5.6.0.jar (net.java.dev.jna:jna:5.6.0) with ExternalDependencyInstrumentingArtifactTransform
[        ] Transforming grpc-context-1.45.1.jar (io.grpc:grpc-context:1.45.1) with InstrumentationAnalysisTransform
[        ] Transforming kotlin-stdlib-common-1.8.20-RC2.jar (org.jetbrains.kotlin:kotlin-stdlib-common:1.8.20-RC2) with ExternalDependencyInstrumentingArtifactTransform
[        ] Transforming grpc-context-1.45.1.jar (io.grpc:grpc-context:1.45.1) with MergeInstrumentationAnalysisTransform
[        ] Transforming netty-codec-http-4.1.72.Final.jar (io.netty:netty-codec-http:4.1.72.Final) with InstrumentationAnalysisTransform
[        ] Transforming netty-codec-http-4.1.72.Final.jar (io.netty:netty-codec-http:4.1.72.Final) with MergeInstrumentationAnalysisTransform
[        ] Transforming grpc-context-1.45.1.jar (io.grpc:grpc-context:1.45.1) with ExternalDependencyInstrumentingArtifactTransform
[        ] Transforming netty-handler-4.1.72.Final.jar (io.netty:netty-handler:4.1.72.Final) with InstrumentationAnalysisTransform
[        ] Transforming netty-codec-http-4.1.72.Final.jar (io.netty:netty-codec-http:4.1.72.Final) with ExternalDependencyInstrumentingArtifactTransform
[        ] Transforming netty-handler-4.1.72.Final.jar (io.netty:netty-handler:4.1.72.Final) with MergeInstrumentationAnalysisTransform
[        ] Transforming netty-codec-socks-4.1.72.Final.jar (io.netty:netty-codec-socks:4.1.72.Final) with InstrumentationAnalysisTransform
[        ] Transforming netty-codec-socks-4.1.72.Final.jar (io.netty:netty-codec-socks:4.1.72.Final) with MergeInstrumentationAnalysisTransform
[        ] Transforming netty-handler-4.1.72.Final.jar (io.netty:netty-handler:4.1.72.Final) with ExternalDependencyInstrumentingArtifactTransform
[        ] Transforming netty-codec-4.1.72.Final.jar (io.netty:netty-codec:4.1.72.Final) with InstrumentationAnalysisTransform
[        ] Transforming netty-codec-socks-4.1.72.Final.jar (io.netty:netty-codec-socks:4.1.72.Final) with ExternalDependencyInstrumentingArtifactTransform
[        ] Transforming netty-codec-4.1.72.Final.jar (io.netty:netty-codec:4.1.72.Final) with MergeInstrumentationAnalysisTransform
[        ] Transforming netty-transport-4.1.72.Final.jar (io.netty:netty-transport:4.1.72.Final) with InstrumentationAnalysisTransform
[        ] Transforming netty-codec-4.1.72.Final.jar (io.netty:netty-codec:4.1.72.Final) with ExternalDependencyInstrumentingArtifactTransform
[        ] Transforming netty-transport-4.1.72.Final.jar (io.netty:netty-transport:4.1.72.Final) with MergeInstrumentationAnalysisTransform
[        ] Transforming netty-buffer-4.1.72.Final.jar (io.netty:netty-buffer:4.1.72.Final) with InstrumentationAnalysisTransform
[        ] Transforming netty-transport-4.1.72.Final.jar (io.netty:netty-transport:4.1.72.Final) with ExternalDependencyInstrumentingArtifactTransform
[        ] Transforming netty-buffer-4.1.72.Final.jar (io.netty:netty-buffer:4.1.72.Final) with MergeInstrumentationAnalysisTransform
[        ] Transforming netty-resolver-4.1.72.Final.jar (io.netty:netty-resolver:4.1.72.Final) with InstrumentationAnalysisTransform
[        ] Transforming netty-resolver-4.1.72.Final.jar (io.netty:netty-resolver:4.1.72.Final) with MergeInstrumentationAnalysisTransform
[        ] Transforming netty-common-4.1.72.Final.jar (io.netty:netty-common:4.1.72.Final) with InstrumentationAnalysisTransform
[        ] Transforming netty-buffer-4.1.72.Final.jar (io.netty:netty-buffer:4.1.72.Final) with ExternalDependencyInstrumentingArtifactTransform
[        ] Transforming netty-resolver-4.1.72.Final.jar (io.netty:netty-resolver:4.1.72.Final) with ExternalDependencyInstrumentingArtifactTransform
[        ] Transforming netty-common-4.1.72.Final.jar (io.netty:netty-common:4.1.72.Final) with MergeInstrumentationAnalysisTransform
[        ] Transforming netty-tcnative-classes-2.0.46.Final.jar (io.netty:netty-tcnative-classes:2.0.46.Final) with InstrumentationAnalysisTransform
[        ] Transforming netty-common-4.1.72.Final.jar (io.netty:netty-common:4.1.72.Final) with ExternalDependencyInstrumentingArtifactTransform
[        ] Transforming netty-tcnative-classes-2.0.46.Final.jar (io.netty:netty-tcnative-classes:2.0.46.Final) with MergeInstrumentationAnalysisTransform
[        ] Transforming netty-tcnative-classes-2.0.46.Final.jar (io.netty:netty-tcnative-classes:2.0.46.Final) with ExternalDependencyInstrumentingArtifactTransform
[        ] Using default execution profile
[  +11 ms] > Configure project :firebase_core
[        ] Evaluating project ':firebase_core' using build file '/Users/anas/.pub-cache/hosted/pub.dev/firebase_core-2.32.0/android/build.gradle'.
[        ] Transforming gradle-8.1.2.jar (com.android.tools.build:gradle:8.1.2) with InstrumentationAnalysisTransform
[        ] Transforming gradle-settings-api-8.1.2.jar (com.android.tools.build:gradle-settings-api:8.1.2) with InstrumentationAnalysisTransform
[        ] Transforming lint-model-31.1.2.jar (com.android.tools.lint:lint-model:31.1.2) with InstrumentationAnalysisTransform
[        ] Transforming builder-8.1.2.jar (com.android.tools.build:builder:8.1.2) with InstrumentationAnalysisTransform
[        ] Transforming manifest-merger-31.1.2.jar (com.android.tools.build:manifest-merger:31.1.2) with InstrumentationAnalysisTransform
[        ] Transforming sdk-common-31.1.2.jar (com.android.tools:sdk-common:31.1.2) with InstrumentationAnalysisTransform
[        ] Transforming sdklib-31.1.2.jar (com.android.tools:sdklib:31.1.2) with InstrumentationAnalysisTransform
[        ] Transforming repository-31.1.2.jar (com.android.tools:repository:31.1.2) with InstrumentationAnalysisTransform
[        ] Transforming gradle-api-8.1.2.jar (com.android.tools.build:gradle-api:8.1.2) with InstrumentationAnalysisTransform
[        ] Transforming builder-test-api-8.1.2.jar (com.android.tools.build:builder-test-api:8.1.2) with InstrumentationAnalysisTransform
[        ] Transforming ddmlib-31.1.2.jar (com.android.tools.ddms:ddmlib:31.1.2) with InstrumentationAnalysisTransform
[        ] Transforming aaptcompiler-8.1.2.jar (com.android.tools.build:aaptcompiler:8.1.2) with InstrumentationAnalysisTransform
[        ] Transforming bundletool-1.14.0.jar (com.android.tools.build:bundletool:1.14.0) with InstrumentationAnalysisTransform
[        ] Transforming aapt2-proto-8.1.2-10154469.jar (com.android.tools.build:aapt2-proto:8.1.2-10154469) with InstrumentationAnalysisTransform
[        ] Transforming crash-31.1.2.jar (com.android.tools.analytics-library:crash:31.1.2) with InstrumentationAnalysisTransform
[        ] Transforming tracker-31.1.2.jar (com.android.tools.analytics-library:tracker:31.1.2) with InstrumentationAnalysisTransform
[        ] Transforming shared-31.1.2.jar (com.android.tools.analytics-library:shared:31.1.2) with InstrumentationAnalysisTransform
[        ] Transforming lint-typedef-remover-31.1.2.jar (com.android.tools.lint:lint-typedef-remover:31.1.2) with InstrumentationAnalysisTransform
[        ] Transforming databinding-compiler-common-8.1.2.jar (androidx.databinding:databinding-compiler-common:8.1.2) with InstrumentationAnalysisTransform
[        ] Transforming databinding-common-8.1.2.jar (androidx.databinding:databinding-common:8.1.2) with InstrumentationAnalysisTransform
[        ] Transforming baseLibrary-8.1.2.jar (com.android.databinding:baseLibrary:8.1.2) with InstrumentationAnalysisTransform
[        ] Transforming layoutlib-api-31.1.2.jar (com.android.tools.layoutlib:layoutlib-api:31.1.2) with InstrumentationAnalysisTransform
[        ] Transforming android-device-provider-ddmlib-proto-31.1.2.jar (com.android.tools.utp:android-device-provider-ddmlib-proto:31.1.2) with InstrumentationAnalysisTransform
[        ] Transforming android-device-provider-gradle-proto-31.1.2.jar (com.android.tools.utp:android-device-provider-gradle-proto:31.1.2) with InstrumentationAnalysisTransform
[        ] Transforming android-test-plugin-host-additional-test-output-proto-31.1.2.jar (com.android.tools.utp:android-test-plugin-host-additional-test-output-proto:31.1.2) with InstrumentationAnalysisTransform
[        ] Transforming android-test-plugin-host-coverage-proto-31.1.2.jar (com.android.tools.utp:android-test-plugin-host-coverage-proto:31.1.2) with InstrumentationAnalysisTransform
[        ] Transforming android-test-plugin-host-emulator-control-proto-31.1.2.jar (com.android.tools.utp:android-test-plugin-host-emulator-control-proto:31.1.2) with InstrumentationAnalysisTransform
[        ] Transforming android-test-plugin-host-logcat-proto-31.1.2.jar (com.android.tools.utp:android-test-plugin-host-logcat-proto:31.1.2) with InstrumentationAnalysisTransform
[        ] Transforming android-test-plugin-host-apk-installer-proto-31.1.2.jar (com.android.tools.utp:android-test-plugin-host-apk-installer-proto:31.1.2) with InstrumentationAnalysisTransform
[        ] Transforming android-test-plugin-host-retention-proto-31.1.2.jar (com.android.tools.utp:android-test-plugin-host-retention-proto:31.1.2) with InstrumentationAnalysisTransform
[        ] Transforming android-test-plugin-result-listener-gradle-proto-31.1.2.jar (com.android.tools.utp:android-test-plugin-result-listener-gradle-proto:31.1.2) with InstrumentationAnalysisTransform
[        ] Transforming builder-model-8.1.2.jar (com.android.tools.build:builder-model:8.1.2) with InstrumentationAnalysisTransform
[        ] Transforming dvlib-31.1.2.jar (com.android.tools:dvlib:31.1.2) with InstrumentationAnalysisTransform
[        ] Transforming common-31.1.2.jar (com.android.tools:common:31.1.2) with InstrumentationAnalysisTransform
[        ] Transforming kotlin-stdlib-jdk8-1.8.20-RC2.jar (org.jetbrains.kotlin:kotlin-stdlib-jdk8:1.8.20-RC2) with InstrumentationAnalysisTransform
[        ] Transforming transform-api-2.0.0-deprecated-use-gradle-api.jar (com.android.tools.build:transform-api:2.0.0-deprecated-use-gradle-api) with InstrumentationAnalysisTransform
[        ] Transforming httpmime-4.5.6.jar (org.apache.httpcomponents:httpmime:4.5.6) with InstrumentationAnalysisTransform
[        ] Transforming commons-io-2.4.jar (commons-io:commons-io:2.4) with InstrumentationAnalysisTransform
[        ] Transforming jetifier-processor-1.0.0-beta10.jar (com.android.tools.build.jetifier:jetifier-processor:1.0.0-beta10) with InstrumentationAnalysisTransform
[        ] Transforming asm-commons-9.2.jar (org.ow2.asm:asm-commons:9.2) with InstrumentationAnalysisTransform
[        ] Transforming asm-util-9.2.jar (org.ow2.asm:asm-util:9.2) with InstrumentationAnalysisTransform
[        ] Transforming asm-analysis-9.2.jar (org.ow2.asm:asm-analysis:9.2) with InstrumentationAnalysisTransform
[        ] Transforming asm-tree-9.2.jar (org.ow2.asm:asm-tree:9.2) with InstrumentationAnalysisTransform
[        ] Transforming asm-9.2.jar (org.ow2.asm:asm:9.2) with InstrumentationAnalysisTransform
[        ] Transforming apkzlib-8.1.2.jar (com.android.tools.build:apkzlib:8.1.2) with InstrumentationAnalysisTransform
[        ] Transforming bcpkix-jdk15on-1.67.jar (org.bouncycastle:bcpkix-jdk15on:1.67) with InstrumentationAnalysisTransform
[        ] Transforming jaxb-runtime-2.3.2.jar (org.glassfish.jaxb:jaxb-runtime:2.3.2) with InstrumentationAnalysisTransform
[        ] Transforming jopt-simple-4.9.jar (net.sf.jopt-simple:jopt-simple:4.9) with InstrumentationAnalysisTransform
[        ] Transforming jetifier-core-1.0.0-beta10.jar (com.android.tools.build.jetifier:jetifier-core:1.0.0-beta10) with InstrumentationAnalysisTransform
[        ] Transforming javapoet-1.10.0.jar (com.squareup:javapoet:1.10.0) with InstrumentationAnalysisTransform
[        ] Transforming protobuf-java-util-3.19.3.jar (com.google.protobuf:protobuf-java-util:3.19.3) with InstrumentationAnalysisTransform
[        ] Transforming grpc-protobuf-1.45.1.jar (io.grpc:grpc-protobuf:1.45.1) with InstrumentationAnalysisTransform
[        ] Transforming tink-1.7.0.jar (com.google.crypto.tink:tink:1.7.0) with InstrumentationAnalysisTransform
[        ] Transforming protos-31.1.2.jar (com.android.tools.analytics-library:protos:31.1.2) with InstrumentationAnalysisTransform
[        ] Transforming proto-google-common-protos-2.0.1.jar (com.google.api.grpc:proto-google-common-protos:2.0.1) with InstrumentationAnalysisTransform
[        ] Transforming protobuf-java-3.19.3.jar (com.google.protobuf:protobuf-java:3.19.3) with InstrumentationAnalysisTransform
[        ] Transforming grpc-netty-1.45.1.jar (io.grpc:grpc-netty:1.45.1) with InstrumentationAnalysisTransform
[        ] Transforming grpc-core-1.45.1.jar (io.grpc:grpc-core:1.45.1) with InstrumentationAnalysisTransform
[        ] Transforming gson-2.8.9.jar (com.google.code.gson:gson:2.8.9) with InstrumentationAnalysisTransform
[        ] Transforming grpc-stub-1.45.1.jar (io.grpc:grpc-stub:1.45.1) with InstrumentationAnalysisTransform
[        ] Transforming core-proto-0.0.8-alpha08.jar (com.google.testing.platform:core-proto:0.0.8-alpha08) with InstrumentationAnalysisTransform
[        ] Transforming tensorflow-lite-metadata-0.1.0-rc2.jar (org.tensorflow:tensorflow-lite-metadata:0.1.0-rc2) with InstrumentationAnalysisTransform
[        ] Transforming flatbuffers-java-1.12.0.jar (com.google.flatbuffers:flatbuffers-java:1.12.0) with InstrumentationAnalysisTransform
[        ] Transforming jimfs-1.1.jar (com.google.jimfs:jimfs:1.1) with InstrumentationAnalysisTransform
[        ] Transforming grpc-protobuf-lite-1.45.1.jar (io.grpc:grpc-protobuf-lite:1.45.1) with InstrumentationAnalysisTransform
[        ] Transforming grpc-api-1.45.1.jar (io.grpc:grpc-api:1.45.1) with InstrumentationAnalysisTransform
[        ] Transforming guava-31.1-jre.jar (com.google.guava:guava:31.1-jre) with InstrumentationAnalysisTransform
[        ] Transforming dagger-2.28.3.jar (com.google.dagger:dagger:2.28.3) with InstrumentationAnalysisTransform
[        ] Transforming javax.inject-1.jar (javax.inject:javax.inject:1) with InstrumentationAnalysisTransform
[        ] Transforming kxml2-2.3.0.jar (net.sf.kxml:kxml2:2.3.0) with InstrumentationAnalysisTransform
[        ] Transforming bcprov-jdk15on-1.67.jar (org.bouncycastle:bcprov-jdk15on:1.67) with InstrumentationAnalysisTransform
[        ] Transforming trove4j-1.0.20200330.jar (org.jetbrains.intellij.deps:trove4j:1.0.20200330) with InstrumentationAnalysisTransform
[        ] Transforming kotlin-reflect-1.8.20-RC2.jar (org.jetbrains.kotlin:kotlin-reflect:1.8.20-RC2) with InstrumentationAnalysisTransform
[        ] Transforming xercesImpl-2.12.0.jar (xerces:xercesImpl:2.12.0) with InstrumentationAnalysisTransform
[        ] Transforming commons-compress-1.21.jar (org.apache.commons:commons-compress:1.21) with InstrumentationAnalysisTransform
[        ] Transforming httpclient-4.5.13.jar (org.apache.httpcomponents:httpclient:4.5.13) with InstrumentationAnalysisTransform
[        ] Transforming httpcore-4.4.15.jar (org.apache.httpcomponents:httpcore:4.4.15) with InstrumentationAnalysisTransform
[        ] Transforming javax.activation-1.2.0.jar (com.sun.activation:javax.activation:1.2.0) with InstrumentationAnalysisTransform
[        ] Transforming kotlin-stdlib-jdk7-1.8.20-RC2.jar (org.jetbrains.kotlin:kotlin-stdlib-jdk7:1.8.20-RC2) with InstrumentationAnalysisTransform
[        ] Transforming kotlin-stdlib-1.8.20-RC2.jar (org.jetbrains.kotlin:kotlin-stdlib:1.8.20-RC2) with InstrumentationAnalysisTransform
[        ] Transforming annotations-13.0.jar (org.jetbrains:annotations:13.0) with InstrumentationAnalysisTransform
[        ] Transforming signflinger-8.1.2.jar (com.android:signflinger:8.1.2) with InstrumentationAnalysisTransform
[        ] Transforming zipflinger-8.1.2.jar (com.android:zipflinger:8.1.2) with InstrumentationAnalysisTransform
[        ] Transforming annotations-31.1.2.jar (com.android.tools:annotations:31.1.2) with InstrumentationAnalysisTransform
[        ] Transforming jna-platform-5.6.0.jar (net.java.dev.jna:jna-platform:5.6.0) with InstrumentationAnalysisTransform
[        ] Transforming juniversalchardet-1.0.3.jar (com.googlecode.juniversalchardet:juniversalchardet:1.0.3) with InstrumentationAnalysisTransform
[        ] Transforming javax.annotation-api-1.3.2.jar (javax.annotation:javax.annotation-api:1.3.2) with InstrumentationAnalysisTransform
[        ] Transforming stax-ex-1.8.1.jar (org.jvnet.staxex:stax-ex:1.8.1) with InstrumentationAnalysisTransform
[        ] Transforming jakarta.xml.bind-api-2.3.2.jar (jakarta.xml.bind:jakarta.xml.bind-api:2.3.2) with InstrumentationAnalysisTransform
[        ] Transforming txw2-2.3.2.jar (org.glassfish.jaxb:txw2:2.3.2) with InstrumentationAnalysisTransform
[        ] Transforming istack-commons-runtime-3.0.8.jar (com.sun.istack:istack-commons-runtime:3.0.8) with InstrumentationAnalysisTransform
[        ] Transforming FastInfoset-1.2.16.jar (com.sun.xml.fastinfoset:FastInfoset:1.2.16) with InstrumentationAnalysisTransform
[        ] Transforming jakarta.activation-api-1.2.1.jar (jakarta.activation:jakarta.activation-api:1.2.1) with InstrumentationAnalysisTransform
[        ] Transforming auto-value-annotations-1.6.2.jar (com.google.auto.value:auto-value-annotations:1.6.2) with InstrumentationAnalysisTransform
[        ] Transforming error_prone_annotations-2.11.0.jar (com.google.errorprone:error_prone_annotations:2.11.0) with InstrumentationAnalysisTransform
[        ] Transforming jose4j-0.7.0.jar (org.bitbucket.b_c:jose4j:0.7.0) with InstrumentationAnalysisTransform
[        ] Transforming slf4j-api-1.7.30.jar (org.slf4j:slf4j-api:1.7.30) with InstrumentationAnalysisTransform
[        ] Transforming jdom2-2.0.6.jar (org.jdom:jdom2:2.0.6) with InstrumentationAnalysisTransform
[        ] Transforming j2objc-annotations-1.3.jar (com.google.j2objc:j2objc-annotations:1.3) with InstrumentationAnalysisTransform
[        ] Transforming jsr305-3.0.2.jar (com.google.code.findbugs:jsr305:3.0.2) with InstrumentationAnalysisTransform
[        ] Transforming annotations-4.1.1.4.jar (com.google.android:annotations:4.1.1.4) with InstrumentationAnalysisTransform
[        ] Transforming animal-sniffer-annotations-1.19.jar (org.codehaus.mojo:animal-sniffer-annotations:1.19) with InstrumentationAnalysisTransform
[        ] Transforming perfmark-api-0.23.0.jar (io.perfmark:perfmark-api:0.23.0) with InstrumentationAnalysisTransform
[        ] Transforming netty-codec-http2-4.1.72.Final.jar (io.netty:netty-codec-http2:4.1.72.Final) with InstrumentationAnalysisTransform
[        ] Transforming netty-handler-proxy-4.1.72.Final.jar (io.netty:netty-handler-proxy:4.1.72.Final) with InstrumentationAnalysisTransform
[        ] Transforming checker-qual-3.12.0.jar (org.checkerframework:checker-qual:3.12.0) with InstrumentationAnalysisTransform
[        ] Transforming commons-codec-1.11.jar (commons-codec:commons-codec:1.11) with InstrumentationAnalysisTransform
[        ] Transforming apksig-8.1.2.jar (com.android.tools.build:apksig:8.1.2) with InstrumentationAnalysisTransform
[        ] Transforming javawriter-2.5.0.jar (com.squareup:javawriter:2.5.0) with InstrumentationAnalysisTransform
[        ] Transforming failureaccess-1.0.1.jar (com.google.guava:failureaccess:1.0.1) with InstrumentationAnalysisTransform
[        ] Transforming listenablefuture-9999.0-empty-to-avoid-conflict-with-guava.jar (com.google.guava:listenablefuture:9999.0-empty-to-avoid-conflict-with-guava) with InstrumentationAnalysisTransform
[        ] Transforming xml-apis-1.4.01.jar (xml-apis:xml-apis:1.4.01) with InstrumentationAnalysisTransform
[        ] Transforming commons-logging-1.2.jar (commons-logging:commons-logging:1.2) with InstrumentationAnalysisTransform
[        ] Transforming jna-5.6.0.jar (net.java.dev.jna:jna:5.6.0) with InstrumentationAnalysisTransform
[        ] Transforming kotlin-stdlib-common-1.8.20-RC2.jar (org.jetbrains.kotlin:kotlin-stdlib-common:1.8.20-RC2) with InstrumentationAnalysisTransform
[        ] Transforming grpc-context-1.45.1.jar (io.grpc:grpc-context:1.45.1) with InstrumentationAnalysisTransform
[        ] Transforming netty-codec-http-4.1.72.Final.jar (io.netty:netty-codec-http:4.1.72.Final) with InstrumentationAnalysisTransform
[        ] Transforming netty-handler-4.1.72.Final.jar (io.netty:netty-handler:4.1.72.Final) with InstrumentationAnalysisTransform
[        ] Transforming netty-codec-socks-4.1.72.Final.jar (io.netty:netty-codec-socks:4.1.72.Final) with InstrumentationAnalysisTransform
[        ] Transforming netty-codec-4.1.72.Final.jar (io.netty:netty-codec:4.1.72.Final) with InstrumentationAnalysisTransform
[        ] Transforming netty-transport-4.1.72.Final.jar (io.netty:netty-transport:4.1.72.Final) with InstrumentationAnalysisTransform
[        ] Transforming netty-buffer-4.1.72.Final.jar (io.netty:netty-buffer:4.1.72.Final) with InstrumentationAnalysisTransform
[        ] Transforming netty-resolver-4.1.72.Final.jar (io.netty:netty-resolver:4.1.72.Final) with InstrumentationAnalysisTransform
[        ] Transforming netty-common-4.1.72.Final.jar (io.netty:netty-common:4.1.72.Final) with InstrumentationAnalysisTransform
[        ] Transforming netty-tcnative-classes-2.0.46.Final.jar (io.netty:netty-tcnative-classes:2.0.46.Final) with InstrumentationAnalysisTransform
[        ] Transforming gradle-8.1.2.jar (com.android.tools.build:gradle:8.1.2) with InstrumentationAnalysisTransform
[        ] Transforming gradle-8.1.2.jar (com.android.tools.build:gradle:8.1.2) with MergeInstrumentationAnalysisTransform
[        ] Transforming gradle-settings-api-8.1.2.jar (com.android.tools.build:gradle-settings-api:8.1.2) with InstrumentationAnalysisTransform
[        ] Transforming gradle-settings-api-8.1.2.jar (com.android.tools.build:gradle-settings-api:8.1.2) with MergeInstrumentationAnalysisTransform
[        ] Transforming gradle-8.1.2.jar (com.android.tools.build:gradle:8.1.2) with ExternalDependencyInstrumentingArtifactTransform
[        ] Transforming lint-model-31.1.2.jar (com.android.tools.lint:lint-model:31.1.2) with InstrumentationAnalysisTransform
[        ] Transforming lint-model-31.1.2.jar (com.android.tools.lint:lint-model:31.1.2) with MergeInstrumentationAnalysisTransform
[        ] Transforming gradle-settings-api-8.1.2.jar (com.android.tools.build:gradle-settings-api:8.1.2) with ExternalDependencyInstrumentingArtifactTransform
[        ] Transforming builder-8.1.2.jar (com.android.tools.build:builder:8.1.2) with InstrumentationAnalysisTransform
[        ] Transforming builder-8.1.2.jar (com.android.tools.build:builder:8.1.2) with MergeInstrumentationAnalysisTransform
[        ] Transforming lint-model-31.1.2.jar (com.android.tools.lint:lint-model:31.1.2) with ExternalDependencyInstrumentingArtifactTransform
[        ] Transforming manifest-merger-31.1.2.jar (com.android.tools.build:manifest-merger:31.1.2) with InstrumentationAnalysisTransform
[        ] Transforming manifest-merger-31.1.2.jar (com.android.tools.build:manifest-merger:31.1.2) with MergeInstrumentationAnalysisTransform
[        ] Transforming builder-8.1.2.jar (com.android.tools.build:builder:8.1.2) with ExternalDependencyInstrumentingArtifactTransform
[        ] Transforming sdk-common-31.1.2.jar (com.android.tools:sdk-common:31.1.2) with InstrumentationAnalysisTransform
[        ] Transforming sdk-common-31.1.2.jar (com.android.tools:sdk-common:31.1.2) with MergeInstrumentationAnalysisTransform
[        ] Transforming manifest-merger-31.1.2.jar (com.android.tools.build:manifest-merger:31.1.2) with ExternalDependencyInstrumentingArtifactTransform
[        ] Transforming sdklib-31.1.2.jar (com.android.tools:sdklib:31.1.2) with InstrumentationAnalysisTransform
[        ] Transforming sdklib-31.1.2.jar (com.android.tools:sdklib:31.1.2) with MergeInstrumentationAnalysisTransform
[        ] Transforming sdk-common-31.1.2.jar (com.android.tools:sdk-common:31.1.2) with ExternalDependencyInstrumentingArtifactTransform
[        ] Transforming repository-31.1.2.jar (com.android.tools:repository:31.1.2) with InstrumentationAnalysisTransform
[        ] Transforming repository-31.1.2.jar (com.android.tools:repository:31.1.2) with MergeInstrumentationAnalysisTransform
[        ] Transforming sdklib-31.1.2.jar (com.android.tools:sdklib:31.1.2) with ExternalDependencyInstrumentingArtifactTransform
[        ] Transforming gradle-api-8.1.2.jar (com.android.tools.build:gradle-api:8.1.2) with InstrumentationAnalysisTransform
[        ] Transforming gradle-api-8.1.2.jar (com.android.tools.build:gradle-api:8.1.2) with MergeInstrumentationAnalysisTransform
[        ] Transforming repository-31.1.2.jar (com.android.tools:repository:31.1.2) with ExternalDependencyInstrumentingArtifactTransform
[        ] Transforming builder-test-api-8.1.2.jar (com.android.tools.build:builder-test-api:8.1.2) with InstrumentationAnalysisTransform
[        ] Transforming builder-test-api-8.1.2.jar (com.android.tools.build:builder-test-api:8.1.2) with MergeInstrumentationAnalysisTransform
[        ] Transforming gradle-api-8.1.2.jar (com.android.tools.build:gradle-api:8.1.2) with ExternalDependencyInstrumentingArtifactTransform
[        ] Transforming ddmlib-31.1.2.jar (com.android.tools.ddms:ddmlib:31.1.2) with InstrumentationAnalysisTransform
[        ] Transforming ddmlib-31.1.2.jar (com.android.tools.ddms:ddmlib:31.1.2) with MergeInstrumentationAnalysisTransform
[        ] Transforming builder-test-api-8.1.2.jar (com.android.tools.build:builder-test-api:8.1.2) with ExternalDependencyInstrumentingArtifactTransform
[        ] Transforming aaptcompiler-8.1.2.jar (com.android.tools.build:aaptcompiler:8.1.2) with InstrumentationAnalysisTransform
[        ] Transforming ddmlib-31.1.2.jar (com.android.tools.ddms:ddmlib:31.1.2) with ExternalDependencyInstrumentingArtifactTransform
[        ] Transforming aaptcompiler-8.1.2.jar (com.android.tools.build:aaptcompiler:8.1.2) with MergeInstrumentationAnalysisTransform
[        ] Transforming bundletool-1.14.0.jar (com.android.tools.build:bundletool:1.14.0) with InstrumentationAnalysisTransform
[        ] Transforming bundletool-1.14.0.jar (com.android.tools.build:bundletool:1.14.0) with MergeInstrumentationAnalysisTransform
[        ] Transforming aaptcompiler-8.1.2.jar (com.android.tools.build:aaptcompiler:8.1.2) with ExternalDependencyInstrumentingArtifactTransform
[        ] Transforming aapt2-proto-8.1.2-10154469.jar (com.android.tools.build:aapt2-proto:8.1.2-10154469) with InstrumentationAnalysisTransform
[        ] Transforming aapt2-proto-8.1.2-10154469.jar (com.android.tools.build:aapt2-proto:8.1.2-10154469) with MergeInstrumentationAnalysisTransform
[        ] Transforming bundletool-1.14.0.jar (com.android.tools.build:bundletool:1.14.0) with ExternalDependencyInstrumentingArtifactTransform
[        ] Transforming crash-31.1.2.jar (com.android.tools.analytics-library:crash:31.1.2) with InstrumentationAnalysisTransform
[        ] Transforming crash-31.1.2.jar (com.android.tools.analytics-library:crash:31.1.2) with MergeInstrumentationAnalysisTransform
[        ] Transforming aapt2-proto-8.1.2-10154469.jar (com.android.tools.build:aapt2-proto:8.1.2-10154469) with ExternalDependencyInstrumentingArtifactTransform
[        ] Transforming tracker-31.1.2.jar (com.android.tools.analytics-library:tracker:31.1.2) with InstrumentationAnalysisTransform
[        ] Transforming tracker-31.1.2.jar (com.android.tools.analytics-library:tracker:31.1.2) with MergeInstrumentationAnalysisTransform
[        ] Transforming shared-31.1.2.jar (com.android.tools.analytics-library:shared:31.1.2) with InstrumentationAnalysisTransform
[        ] Transforming crash-31.1.2.jar (com.android.tools.analytics-library:crash:31.1.2) with ExternalDependencyInstrumentingArtifactTransform
[        ] Transforming tracker-31.1.2.jar (com.android.tools.analytics-library:tracker:31.1.2) with ExternalDependencyInstrumentingArtifactTransform
[        ] Transforming shared-31.1.2.jar (com.android.tools.analytics-library:shared:31.1.2) with MergeInstrumentationAnalysisTransform
[        ] Transforming lint-typedef-remover-31.1.2.jar (com.android.tools.lint:lint-typedef-remover:31.1.2) with InstrumentationAnalysisTransform
[        ] Transforming lint-typedef-remover-31.1.2.jar (com.android.tools.lint:lint-typedef-remover:31.1.2) with MergeInstrumentationAnalysisTransform
[        ] Transforming databinding-compiler-common-8.1.2.jar (androidx.databinding:databinding-compiler-common:8.1.2) with InstrumentationAnalysisTransform
[        ] Transforming shared-31.1.2.jar (com.android.tools.analytics-library:shared:31.1.2) with ExternalDependencyInstrumentingArtifactTransform
[        ] Transforming lint-typedef-remover-31.1.2.jar (com.android.tools.lint:lint-typedef-remover:31.1.2) with ExternalDependencyInstrumentingArtifactTransform
[        ] Transforming databinding-compiler-common-8.1.2.jar (androidx.databinding:databinding-compiler-common:8.1.2) with MergeInstrumentationAnalysisTransform
[        ] Transforming databinding-common-8.1.2.jar (androidx.databinding:databinding-common:8.1.2) with InstrumentationAnalysisTransform
[        ] Transforming databinding-common-8.1.2.jar (androidx.databinding:databinding-common:8.1.2) with MergeInstrumentationAnalysisTransform
[        ] Transforming baseLibrary-8.1.2.jar (com.android.databinding:baseLibrary:8.1.2) with InstrumentationAnalysisTransform
[        ] Transforming databinding-compiler-common-8.1.2.jar (androidx.databinding:databinding-compiler-common:8.1.2) with ExternalDependencyInstrumentingArtifactTransform
[        ] Transforming baseLibrary-8.1.2.jar (com.android.databinding:baseLibrary:8.1.2) with MergeInstrumentationAnalysisTransform
[        ] Transforming databinding-common-8.1.2.jar (androidx.databinding:databinding-common:8.1.2) with ExternalDependencyInstrumentingArtifactTransform
[        ] Transforming layoutlib-api-31.1.2.jar (com.android.tools.layoutlib:layoutlib-api:31.1.2) with InstrumentationAnalysisTransform
[        ] Transforming baseLibrary-8.1.2.jar (com.android.databinding:baseLibrary:8.1.2) with ExternalDependencyInstrumentingArtifactTransform
[        ] Transforming layoutlib-api-31.1.2.jar (com.android.tools.layoutlib:layoutlib-api:31.1.2) with MergeInstrumentationAnalysisTransform
[        ] Transforming android-device-provider-ddmlib-proto-31.1.2.jar (com.android.tools.utp:android-device-provider-ddmlib-proto:31.1.2) with InstrumentationAnalysisTransform
[        ] Transforming android-device-provider-ddmlib-proto-31.1.2.jar (com.android.tools.utp:android-device-provider-ddmlib-proto:31.1.2) with MergeInstrumentationAnalysisTransform
[        ] Transforming layoutlib-api-31.1.2.jar (com.android.tools.layoutlib:layoutlib-api:31.1.2) with ExternalDependencyInstrumentingArtifactTransform
[        ] Transforming android-device-provider-gradle-proto-31.1.2.jar (com.android.tools.utp:android-device-provider-gradle-proto:31.1.2) with InstrumentationAnalysisTransform
[        ] Transforming android-device-provider-ddmlib-proto-31.1.2.jar (com.android.tools.utp:android-device-provider-ddmlib-proto:31.1.2) with ExternalDependencyInstrumentingArtifactTransform
[        ] Transforming android-device-provider-gradle-proto-31.1.2.jar (com.android.tools.utp:android-device-provider-gradle-proto:31.1.2) with MergeInstrumentationAnalysisTransform
[        ] Transforming android-test-plugin-host-additional-test-output-proto-31.1.2.jar (com.android.tools.utp:android-test-plugin-host-additional-test-output-proto:31.1.2) with InstrumentationAnalysisTransform
[        ] Transforming android-device-provider-gradle-proto-31.1.2.jar (com.android.tools.utp:android-device-provider-gradle-proto:31.1.2) with ExternalDependencyInstrumentingArtifactTransform
[        ] Transforming android-test-plugin-host-additional-test-output-proto-31.1.2.jar (com.android.tools.utp:android-test-plugin-host-additional-test-output-proto:31.1.2) with MergeInstrumentationAnalysisTransform
[        ] Transforming android-test-plugin-host-coverage-proto-31.1.2.jar (com.android.tools.utp:android-test-plugin-host-coverage-proto:31.1.2) with InstrumentationAnalysisTransform
[        ] Transforming android-test-plugin-host-coverage-proto-31.1.2.jar (com.android.tools.utp:android-test-plugin-host-coverage-proto:31.1.2) with MergeInstrumentationAnalysisTransform
[        ] Transforming android-test-plugin-host-additional-test-output-proto-31.1.2.jar (com.android.tools.utp:android-test-plugin-host-additional-test-output-proto:31.1.2) with ExternalDependencyInstrumentingArtifactTransform
[        ] Transforming android-test-plugin-host-emulator-control-proto-31.1.2.jar (com.android.tools.utp:android-test-plugin-host-emulator-control-proto:31.1.2) with InstrumentationAnalysisTransform
[        ] Transforming android-test-plugin-host-coverage-proto-31.1.2.jar (com.android.tools.utp:android-test-plugin-host-coverage-proto:31.1.2) with ExternalDependencyInstrumentingArtifactTransform
[        ] Transforming android-test-plugin-host-emulator-control-proto-31.1.2.jar (com.android.tools.utp:android-test-plugin-host-emulator-control-proto:31.1.2) with MergeInstrumentationAnalysisTransform
[        ] Transforming android-test-plugin-host-logcat-proto-31.1.2.jar (com.android.tools.utp:android-test-plugin-host-logcat-proto:31.1.2) with InstrumentationAnalysisTransform
[        ] Transforming android-test-plugin-host-emulator-control-proto-31.1.2.jar (com.android.tools.utp:android-test-plugin-host-emulator-control-proto:31.1.2) with ExternalDependencyInstrumentingArtifactTransform
[        ] Transforming android-test-plugin-host-logcat-proto-31.1.2.jar (com.android.tools.utp:android-test-plugin-host-logcat-proto:31.1.2) with MergeInstrumentationAnalysisTransform
[        ] Transforming android-test-plugin-host-apk-installer-proto-31.1.2.jar (com.android.tools.utp:android-test-plugin-host-apk-installer-proto:31.1.2) with InstrumentationAnalysisTransform
[        ] Transforming android-test-plugin-host-apk-installer-proto-31.1.2.jar (com.android.tools.utp:android-test-plugin-host-apk-installer-proto:31.1.2) with MergeInstrumentationAnalysisTransform
[        ] Transforming android-test-plugin-host-logcat-proto-31.1.2.jar (com.android.tools.utp:android-test-plugin-host-logcat-proto:31.1.2) with ExternalDependencyInstrumentingArtifactTransform
[        ] Transforming android-test-plugin-host-retention-proto-31.1.2.jar (com.android.tools.utp:android-test-plugin-host-retention-proto:31.1.2) with InstrumentationAnalysisTransform
[        ] Transforming android-test-plugin-host-apk-installer-proto-31.1.2.jar (com.android.tools.utp:android-test-plugin-host-apk-installer-proto:31.1.2) with ExternalDependencyInstrumentingArtifactTransform
[        ] Transforming android-test-plugin-host-retention-proto-31.1.2.jar (com.android.tools.utp:android-test-plugin-host-retention-proto:31.1.2) with MergeInstrumentationAnalysisTransform
[        ] Transforming android-test-plugin-result-listener-gradle-proto-31.1.2.jar (com.android.tools.utp:android-test-plugin-result-listener-gradle-proto:31.1.2) with InstrumentationAnalysisTransform
[        ] Transforming android-test-plugin-result-listener-gradle-proto-31.1.2.jar (com.android.tools.utp:android-test-plugin-result-listener-gradle-proto:31.1.2) with MergeInstrumentationAnalysisTransform
[        ] Transforming builder-model-8.1.2.jar (com.android.tools.build:builder-model:8.1.2) with InstrumentationAnalysisTransform
[        ] Transforming android-test-plugin-host-retention-proto-31.1.2.jar (com.android.tools.utp:android-test-plugin-host-retention-proto:31.1.2) with ExternalDependencyInstrumentingArtifactTransform
[        ] Transforming android-test-plugin-result-listener-gradle-proto-31.1.2.jar (com.android.tools.utp:android-test-plugin-result-listener-gradle-proto:31.1.2) with ExternalDependencyInstrumentingArtifactTransform
[        ] Transforming builder-model-8.1.2.jar (com.android.tools.build:builder-model:8.1.2) with MergeInstrumentationAnalysisTransform
[        ] Transforming dvlib-31.1.2.jar (com.android.tools:dvlib:31.1.2) with InstrumentationAnalysisTransform
[        ] Transforming dvlib-31.1.2.jar (com.android.tools:dvlib:31.1.2) with MergeInstrumentationAnalysisTransform
[        ] Transforming common-31.1.2.jar (com.android.tools:common:31.1.2) with InstrumentationAnalysisTransform
[        ] Transforming builder-model-8.1.2.jar (com.android.tools.build:builder-model:8.1.2) with ExternalDependencyInstrumentingArtifactTransform
[        ] Transforming common-31.1.2.jar (com.android.tools:common:31.1.2) with MergeInstrumentationAnalysisTransform
[        ] Transforming dvlib-31.1.2.jar (com.android.tools:dvlib:31.1.2) with ExternalDependencyInstrumentingArtifactTransform
[        ] Transforming kotlin-stdlib-jdk8-1.8.20-RC2.jar (org.jetbrains.kotlin:kotlin-stdlib-jdk8:1.8.20-RC2) with InstrumentationAnalysisTransform
[        ] Transforming common-31.1.2.jar (com.android.tools:common:31.1.2) with ExternalDependencyInstrumentingArtifactTransform
[        ] Transforming kotlin-stdlib-jdk8-1.8.20-RC2.jar (org.jetbrains.kotlin:kotlin-stdlib-jdk8:1.8.20-RC2) with MergeInstrumentationAnalysisTransform
[        ] Transforming transform-api-2.0.0-deprecated-use-gradle-api.jar (com.android.tools.build:transform-api:2.0.0-deprecated-use-gradle-api) with InstrumentationAnalysisTransform
[        ] Transforming transform-api-2.0.0-deprecated-use-gradle-api.jar (com.android.tools.build:transform-api:2.0.0-deprecated-use-gradle-api) with MergeInstrumentationAnalysisTransform
[        ] Transforming httpmime-4.5.6.jar (org.apache.httpcomponents:httpmime:4.5.6) with InstrumentationAnalysisTransform
[        ] Transforming kotlin-stdlib-jdk8-1.8.20-RC2.jar (org.jetbrains.kotlin:kotlin-stdlib-jdk8:1.8.20-RC2) with ExternalDependencyInstrumentingArtifactTransform
[        ] Transforming transform-api-2.0.0-deprecated-use-gradle-api.jar (com.android.tools.build:transform-api:2.0.0-deprecated-use-gradle-api) with ExternalDependencyInstrumentingArtifactTransform
[        ] Transforming httpmime-4.5.6.jar (org.apache.httpcomponents:httpmime:4.5.6) with MergeInstrumentationAnalysisTransform
[        ] Transforming commons-io-2.4.jar (commons-io:commons-io:2.4) with InstrumentationAnalysisTransform
[        ] Transforming commons-io-2.4.jar (commons-io:commons-io:2.4) with MergeInstrumentationAnalysisTransform
[        ] Transforming jetifier-processor-1.0.0-beta10.jar (com.android.tools.build.jetifier:jetifier-processor:1.0.0-beta10) with InstrumentationAnalysisTransform
[        ] Transforming httpmime-4.5.6.jar (org.apache.httpcomponents:httpmime:4.5.6) with ExternalDependencyInstrumentingArtifactTransform
[        ] Transforming jetifier-processor-1.0.0-beta10.jar (com.android.tools.build.jetifier:jetifier-processor:1.0.0-beta10) with MergeInstrumentationAnalysisTransform
[        ] Transforming commons-io-2.4.jar (commons-io:commons-io:2.4) with ExternalDependencyInstrumentingArtifactTransform
[        ] Transforming asm-commons-9.2.jar (org.ow2.asm:asm-commons:9.2) with InstrumentationAnalysisTransform
[        ] Transforming jetifier-processor-1.0.0-beta10.jar (com.android.tools.build.jetifier:jetifier-processor:1.0.0-beta10) with ExternalDependencyInstrumentingArtifactTransform
[        ] Transforming asm-commons-9.2.jar (org.ow2.asm:asm-commons:9.2) with MergeInstrumentationAnalysisTransform
[        ] Transforming asm-util-9.2.jar (org.ow2.asm:asm-util:9.2) with InstrumentationAnalysisTransform
[        ] Transforming asm-util-9.2.jar (org.ow2.asm:asm-util:9.2) with MergeInstrumentationAnalysisTransform
[        ] Transforming asm-analysis-9.2.jar (org.ow2.asm:asm-analysis:9.2) with InstrumentationAnalysisTransform
[        ] Transforming asm-commons-9.2.jar (org.ow2.asm:asm-commons:9.2) with ExternalDependencyInstrumentingArtifactTransform
[        ] Transforming asm-util-9.2.jar (org.ow2.asm:asm-util:9.2) with ExternalDependencyInstrumentingArtifactTransform
[        ] Transforming asm-analysis-9.2.jar (org.ow2.asm:asm-analysis:9.2) with MergeInstrumentationAnalysisTransform
[        ] Transforming asm-tree-9.2.jar (org.ow2.asm:asm-tree:9.2) with InstrumentationAnalysisTransform
[        ] Transforming asm-analysis-9.2.jar (org.ow2.asm:asm-analysis:9.2) with ExternalDependencyInstrumentingArtifactTransform
[        ] Transforming asm-tree-9.2.jar (org.ow2.asm:asm-tree:9.2) with MergeInstrumentationAnalysisTransform
[        ] Transforming asm-9.2.jar (org.ow2.asm:asm:9.2) with InstrumentationAnalysisTransform
[        ] Transforming asm-9.2.jar (org.ow2.asm:asm:9.2) with MergeInstrumentationAnalysisTransform
[        ] Transforming asm-tree-9.2.jar (org.ow2.asm:asm-tree:9.2) with ExternalDependencyInstrumentingArtifactTransform
[        ] Transforming apkzlib-8.1.2.jar (com.android.tools.build:apkzlib:8.1.2) with InstrumentationAnalysisTransform
[        ] Transforming asm-9.2.jar (org.ow2.asm:asm:9.2) with ExternalDependencyInstrumentingArtifactTransform
[        ] Transforming apkzlib-8.1.2.jar (com.android.tools.build:apkzlib:8.1.2) with MergeInstrumentationAnalysisTransform
[        ] Transforming bcpkix-jdk15on-1.67.jar (org.bouncycastle:bcpkix-jdk15on:1.67) with InstrumentationAnalysisTransform
[        ] Transforming bcpkix-jdk15on-1.67.jar (org.bouncycastle:bcpkix-jdk15on:1.67) with MergeInstrumentationAnalysisTransform
[        ] Transforming jaxb-runtime-2.3.2.jar (org.glassfish.jaxb:jaxb-runtime:2.3.2) with InstrumentationAnalysisTransform
[        ] Transforming apkzlib-8.1.2.jar (com.android.tools.build:apkzlib:8.1.2) with ExternalDependencyInstrumentingArtifactTransform
[        ] Transforming bcpkix-jdk15on-1.67.jar (org.bouncycastle:bcpkix-jdk15on:1.67) with ExternalDependencyInstrumentingArtifactTransform
[        ] Transforming jaxb-runtime-2.3.2.jar (org.glassfish.jaxb:jaxb-runtime:2.3.2) with MergeInstrumentationAnalysisTransform
[        ] Transforming jopt-simple-4.9.jar (net.sf.jopt-simple:jopt-simple:4.9) with InstrumentationAnalysisTransform
[        ] Transforming jopt-simple-4.9.jar (net.sf.jopt-simple:jopt-simple:4.9) with MergeInstrumentationAnalysisTransform
[        ] Transforming jaxb-runtime-2.3.2.jar (org.glassfish.jaxb:jaxb-runtime:2.3.2) with ExternalDependencyInstrumentingArtifactTransform
[        ] Transforming jetifier-core-1.0.0-beta10.jar (com.android.tools.build.jetifier:jetifier-core:1.0.0-beta10) with InstrumentationAnalysisTransform
[        ] Transforming jetifier-core-1.0.0-beta10.jar (com.android.tools.build.jetifier:jetifier-core:1.0.0-beta10) with MergeInstrumentationAnalysisTransform
[        ] Transforming jopt-simple-4.9.jar (net.sf.jopt-simple:jopt-simple:4.9) with ExternalDependencyInstrumentingArtifactTransform
[        ] Transforming javapoet-1.10.0.jar (com.squareup:javapoet:1.10.0) with InstrumentationAnalysisTransform
[        ] Transforming jetifier-core-1.0.0-beta10.jar (com.android.tools.build.jetifier:jetifier-core:1.0.0-beta10) with ExternalDependencyInstrumentingArtifactTransform
[        ] Transforming javapoet-1.10.0.jar (com.squareup:javapoet:1.10.0) with MergeInstrumentationAnalysisTransform
[        ] Transforming protobuf-java-util-3.19.3.jar (com.google.protobuf:protobuf-java-util:3.19.3) with InstrumentationAnalysisTransform
[        ] Transforming protobuf-java-util-3.19.3.jar (com.google.protobuf:protobuf-java-util:3.19.3) with MergeInstrumentationAnalysisTransform
[        ] Transforming javapoet-1.10.0.jar (com.squareup:javapoet:1.10.0) with ExternalDependencyInstrumentingArtifactTransform
[        ] Transforming grpc-protobuf-1.45.1.jar (io.grpc:grpc-protobuf:1.45.1) with InstrumentationAnalysisTransform
[        ] Transforming protobuf-java-util-3.19.3.jar (com.google.protobuf:protobuf-java-util:3.19.3) with ExternalDependencyInstrumentingArtifactTransform
[        ] Transforming grpc-protobuf-1.45.1.jar (io.grpc:grpc-protobuf:1.45.1) with MergeInstrumentationAnalysisTransform
[        ] Transforming tink-1.7.0.jar (com.google.crypto.tink:tink:1.7.0) with InstrumentationAnalysisTransform
[        ] Transforming tink-1.7.0.jar (com.google.crypto.tink:tink:1.7.0) with MergeInstrumentationAnalysisTransform
[        ] Transforming grpc-protobuf-1.45.1.jar (io.grpc:grpc-protobuf:1.45.1) with ExternalDependencyInstrumentingArtifactTransform
[        ] Transforming tink-1.7.0.jar (com.google.crypto.tink:tink:1.7.0) with ExternalDependencyInstrumentingArtifactTransform
[        ] Transforming protos-31.1.2.jar (com.android.tools.analytics-library:protos:31.1.2) with InstrumentationAnalysisTransform
[        ] Transforming protos-31.1.2.jar (com.android.tools.analytics-library:protos:31.1.2) with MergeInstrumentationAnalysisTransform
[        ] Transforming proto-google-common-protos-2.0.1.jar (com.google.api.grpc:proto-google-common-protos:2.0.1) with InstrumentationAnalysisTransform
[        ] Transforming proto-google-common-protos-2.0.1.jar (com.google.api.grpc:proto-google-common-protos:2.0.1) with MergeInstrumentationAnalysisTransform
[        ] Transforming protos-31.1.2.jar (com.android.tools.analytics-library:protos:31.1.2) with ExternalDependencyInstrumentingArtifactTransform
[        ] Transforming protobuf-java-3.19.3.jar (com.google.protobuf:protobuf-java:3.19.3) with InstrumentationAnalysisTransform
[        ] Transforming proto-google-common-protos-2.0.1.jar (com.google.api.grpc:proto-google-common-protos:2.0.1) with ExternalDependencyInstrumentingArtifactTransform
[        ] Transforming protobuf-java-3.19.3.jar (com.google.protobuf:protobuf-java:3.19.3) with MergeInstrumentationAnalysisTransform
[        ] Transforming grpc-netty-1.45.1.jar (io.grpc:grpc-netty:1.45.1) with InstrumentationAnalysisTransform
[        ] Transforming grpc-netty-1.45.1.jar (io.grpc:grpc-netty:1.45.1) with MergeInstrumentationAnalysisTransform
[        ] Transforming grpc-core-1.45.1.jar (io.grpc:grpc-core:1.45.1) with InstrumentationAnalysisTransform
[        ] Transforming protobuf-java-3.19.3.jar (com.google.protobuf:protobuf-java:3.19.3) with ExternalDependencyInstrumentingArtifactTransform
[        ] Transforming grpc-netty-1.45.1.jar (io.grpc:grpc-netty:1.45.1) with ExternalDependencyInstrumentingArtifactTransform
[        ] Transforming grpc-core-1.45.1.jar (io.grpc:grpc-core:1.45.1) with MergeInstrumentationAnalysisTransform
[        ] Transforming gson-2.8.9.jar (com.google.code.gson:gson:2.8.9) with InstrumentationAnalysisTransform
[        ] Transforming gson-2.8.9.jar (com.google.code.gson:gson:2.8.9) with MergeInstrumentationAnalysisTransform
[        ] Transforming grpc-stub-1.45.1.jar (io.grpc:grpc-stub:1.45.1) with InstrumentationAnalysisTransform
[        ] Transforming grpc-core-1.45.1.jar (io.grpc:grpc-core:1.45.1) with ExternalDependencyInstrumentingArtifactTransform
[        ] Transforming gson-2.8.9.jar (com.google.code.gson:gson:2.8.9) with ExternalDependencyInstrumentingArtifactTransform
[        ] Transforming grpc-stub-1.45.1.jar (io.grpc:grpc-stub:1.45.1) with MergeInstrumentationAnalysisTransform
[        ] Transforming core-proto-0.0.8-alpha08.jar (com.google.testing.platform:core-proto:0.0.8-alpha08) with InstrumentationAnalysisTransform
[        ] Transforming grpc-stub-1.45.1.jar (io.grpc:grpc-stub:1.45.1) with ExternalDependencyInstrumentingArtifactTransform
[        ] Transforming core-proto-0.0.8-alpha08.jar (com.google.testing.platform:core-proto:0.0.8-alpha08) with MergeInstrumentationAnalysisTransform
[        ] Transforming tensorflow-lite-metadata-0.1.0-rc2.jar (org.tensorflow:tensorflow-lite-metadata:0.1.0-rc2) with InstrumentationAnalysisTransform
[        ] Transforming tensorflow-lite-metadata-0.1.0-rc2.jar (org.tensorflow:tensorflow-lite-metadata:0.1.0-rc2) with MergeInstrumentationAnalysisTransform
[        ] Transforming flatbuffers-java-1.12.0.jar (com.google.flatbuffers:flatbuffers-java:1.12.0) with InstrumentationAnalysisTransform
[        ] Transforming core-proto-0.0.8-alpha08.jar (com.google.testing.platform:core-proto:0.0.8-alpha08) with ExternalDependencyInstrumentingArtifactTransform
[        ] Transforming tensorflow-lite-metadata-0.1.0-rc2.jar (org.tensorflow:tensorflow-lite-metadata:0.1.0-rc2) with ExternalDependencyInstrumentingArtifactTransform
[        ] Transforming flatbuffers-java-1.12.0.jar (com.google.flatbuffers:flatbuffers-java:1.12.0) with MergeInstrumentationAnalysisTransform
[        ] Transforming jimfs-1.1.jar (com.google.jimfs:jimfs:1.1) with InstrumentationAnalysisTransform
[        ] Transforming jimfs-1.1.jar (com.google.jimfs:jimfs:1.1) with MergeInstrumentationAnalysisTransform
[        ] Transforming flatbuffers-java-1.12.0.jar (com.google.flatbuffers:flatbuffers-java:1.12.0) with ExternalDependencyInstrumentingArtifactTransform
[        ] Transforming grpc-protobuf-lite-1.45.1.jar (io.grpc:grpc-protobuf-lite:1.45.1) with InstrumentationAnalysisTransform
[        ] Transforming jimfs-1.1.jar (com.google.jimfs:jimfs:1.1) with ExternalDependencyInstrumentingArtifactTransform
[        ] Transforming grpc-protobuf-lite-1.45.1.jar (io.grpc:grpc-protobuf-lite:1.45.1) with MergeInstrumentationAnalysisTransform
[        ] Transforming grpc-api-1.45.1.jar (io.grpc:grpc-api:1.45.1) with InstrumentationAnalysisTransform
[        ] Transforming grpc-api-1.45.1.jar (io.grpc:grpc-api:1.45.1) with MergeInstrumentationAnalysisTransform
[        ] Transforming grpc-protobuf-lite-1.45.1.jar (io.grpc:grpc-protobuf-lite:1.45.1) with ExternalDependencyInstrumentingArtifactTransform
[        ] Transforming guava-31.1-jre.jar (com.google.guava:guava:31.1-jre) with InstrumentationAnalysisTransform
[        ] Transforming grpc-api-1.45.1.jar (io.grpc:grpc-api:1.45.1) with ExternalDependencyInstrumentingArtifactTransform
[        ] Transforming guava-31.1-jre.jar (com.google.guava:guava:31.1-jre) with MergeInstrumentationAnalysisTransform
[        ] Transforming dagger-2.28.3.jar (com.google.dagger:dagger:2.28.3) with InstrumentationAnalysisTransform
[        ] Transforming guava-31.1-jre.jar (com.google.guava:guava:31.1-jre) with ExternalDependencyInstrumentingArtifactTransform
[        ] Transforming dagger-2.28.3.jar (com.google.dagger:dagger:2.28.3) with MergeInstrumentationAnalysisTransform
[        ] Transforming javax.inject-1.jar (javax.inject:javax.inject:1) with InstrumentationAnalysisTransform
[        ] Transforming javax.inject-1.jar (javax.inject:javax.inject:1) with MergeInstrumentationAnalysisTransform
[        ] Transforming kxml2-2.3.0.jar (net.sf.kxml:kxml2:2.3.0) with InstrumentationAnalysisTransform
[        ] Transforming dagger-2.28.3.jar (com.google.dagger:dagger:2.28.3) with ExternalDependencyInstrumentingArtifactTransform
[        ] Transforming kxml2-2.3.0.jar (net.sf.kxml:kxml2:2.3.0) with MergeInstrumentationAnalysisTransform
[        ] Transforming javax.inject-1.jar (javax.inject:javax.inject:1) with ExternalDependencyInstrumentingArtifactTransform
[        ] Transforming bcprov-jdk15on-1.67.jar (org.bouncycastle:bcprov-jdk15on:1.67) with InstrumentationAnalysisTransform
[        ] Transforming kxml2-2.3.0.jar (net.sf.kxml:kxml2:2.3.0) with ExternalDependencyInstrumentingArtifactTransform
[        ] Transforming bcprov-jdk15on-1.67.jar (org.bouncycastle:bcprov-jdk15on:1.67) with MergeInstrumentationAnalysisTransform
[        ] Transforming trove4j-1.0.20200330.jar (org.jetbrains.intellij.deps:trove4j:1.0.20200330) with InstrumentationAnalysisTransform
[        ] Transforming trove4j-1.0.20200330.jar (org.jetbrains.intellij.deps:trove4j:1.0.20200330) with MergeInstrumentationAnalysisTransform
[        ] Transforming bcprov-jdk15on-1.67.jar (org.bouncycastle:bcprov-jdk15on:1.67) with ExternalDependencyInstrumentingArtifactTransform
[        ] Transforming kotlin-reflect-1.8.20-RC2.jar (org.jetbrains.kotlin:kotlin-reflect:1.8.20-RC2) with InstrumentationAnalysisTransform
[        ] Transforming trove4j-1.0.20200330.jar (org.jetbrains.intellij.deps:trove4j:1.0.20200330) with ExternalDependencyInstrumentingArtifactTransform
[        ] Transforming kotlin-reflect-1.8.20-RC2.jar (org.jetbrains.kotlin:kotlin-reflect:1.8.20-RC2) with MergeInstrumentationAnalysisTransform
[        ] Transforming xercesImpl-2.12.0.jar (xerces:xercesImpl:2.12.0) with InstrumentationAnalysisTransform
[        ] Transforming xercesImpl-2.12.0.jar (xerces:xercesImpl:2.12.0) with MergeInstrumentationAnalysisTransform
[        ] Transforming commons-compress-1.21.jar (org.apache.commons:commons-compress:1.21) with InstrumentationAnalysisTransform
[        ] Transforming kotlin-reflect-1.8.20-RC2.jar (org.jetbrains.kotlin:kotlin-reflect:1.8.20-RC2) with ExternalDependencyInstrumentingArtifactTransform
[        ] Transforming xercesImpl-2.12.0.jar (xerces:xercesImpl:2.12.0) with ExternalDependencyInstrumentingArtifactTransform
[        ] Transforming commons-compress-1.21.jar (org.apache.commons:commons-compress:1.21) with MergeInstrumentationAnalysisTransform
[        ] Transforming httpclient-4.5.13.jar (org.apache.httpcomponents:httpclient:4.5.13) with InstrumentationAnalysisTransform
[        ] Transforming commons-compress-1.21.jar (org.apache.commons:commons-compress:1.21) with ExternalDependencyInstrumentingArtifactTransform
[        ] Transforming httpclient-4.5.13.jar (org.apache.httpcomponents:httpclient:4.5.13) with MergeInstrumentationAnalysisTransform
[        ] Transforming httpcore-4.4.15.jar (org.apache.httpcomponents:httpcore:4.4.15) with InstrumentationAnalysisTransform
[        ] Transforming httpcore-4.4.15.jar (org.apache.httpcomponents:httpcore:4.4.15) with MergeInstrumentationAnalysisTransform
[        ] Transforming javax.activation-1.2.0.jar (com.sun.activation:javax.activation:1.2.0) with InstrumentationAnalysisTransform
[        ] Transforming httpclient-4.5.13.jar (org.apache.httpcomponents:httpclient:4.5.13) with ExternalDependencyInstrumentingArtifactTransform
[        ] Transforming httpcore-4.4.15.jar (org.apache.httpcomponents:httpcore:4.4.15) with ExternalDependencyInstrumentingArtifactTransform
[        ] Transforming javax.activation-1.2.0.jar (com.sun.activation:javax.activation:1.2.0) with MergeInstrumentationAnalysisTransform
[        ] Transforming kotlin-stdlib-jdk7-1.8.20-RC2.jar (org.jetbrains.kotlin:kotlin-stdlib-jdk7:1.8.20-RC2) with InstrumentationAnalysisTransform
[        ] Transforming javax.activation-1.2.0.jar (com.sun.activation:javax.activation:1.2.0) with ExternalDependencyInstrumentingArtifactTransform
[        ] Transforming kotlin-stdlib-jdk7-1.8.20-RC2.jar (org.jetbrains.kotlin:kotlin-stdlib-jdk7:1.8.20-RC2) with MergeInstrumentationAnalysisTransform
[        ] Transforming kotlin-stdlib-1.8.20-RC2.jar (org.jetbrains.kotlin:kotlin-stdlib:1.8.20-RC2) with InstrumentationAnalysisTransform
[        ] Transforming kotlin-stdlib-1.8.20-RC2.jar (org.jetbrains.kotlin:kotlin-stdlib:1.8.20-RC2) with MergeInstrumentationAnalysisTransform
[        ] Transforming kotlin-stdlib-jdk7-1.8.20-RC2.jar (org.jetbrains.kotlin:kotlin-stdlib-jdk7:1.8.20-RC2) with ExternalDependencyInstrumentingArtifactTransform
[        ] Transforming annotations-13.0.jar (org.jetbrains:annotations:13.0) with InstrumentationAnalysisTransform
[        ] Transforming kotlin-stdlib-1.8.20-RC2.jar (org.jetbrains.kotlin:kotlin-stdlib:1.8.20-RC2) with ExternalDependencyInstrumentingArtifactTransform
[        ] Transforming annotations-13.0.jar (org.jetbrains:annotations:13.0) with MergeInstrumentationAnalysisTransform
[        ] Transforming signflinger-8.1.2.jar (com.android:signflinger:8.1.2) with InstrumentationAnalysisTransform
[        ] Transforming signflinger-8.1.2.jar (com.android:signflinger:8.1.2) with MergeInstrumentationAnalysisTransform
[        ] Transforming annotations-13.0.jar (org.jetbrains:annotations:13.0) with ExternalDependencyInstrumentingArtifactTransform
[        ] Transforming zipflinger-8.1.2.jar (com.android:zipflinger:8.1.2) with InstrumentationAnalysisTransform
[        ] Transforming signflinger-8.1.2.jar (com.android:signflinger:8.1.2) with ExternalDependencyInstrumentingArtifactTransform
[        ] Transforming zipflinger-8.1.2.jar (com.android:zipflinger:8.1.2) with MergeInstrumentationAnalysisTransform
[        ] Transforming annotations-31.1.2.jar (com.android.tools:annotations:31.1.2) with InstrumentationAnalysisTransform
[        ] Transforming zipflinger-8.1.2.jar (com.android:zipflinger:8.1.2) with ExternalDependencyInstrumentingArtifactTransform
[        ] Transforming annotations-31.1.2.jar (com.android.tools:annotations:31.1.2) with MergeInstrumentationAnalysisTransform
[        ] Transforming jna-platform-5.6.0.jar (net.java.dev.jna:jna-platform:5.6.0) with InstrumentationAnalysisTransform
[        ] Transforming jna-platform-5.6.0.jar (net.java.dev.jna:jna-platform:5.6.0) with MergeInstrumentationAnalysisTransform
[        ] Transforming annotations-31.1.2.jar (com.android.tools:annotations:31.1.2) with ExternalDependencyInstrumentingArtifactTransform
[        ] Transforming juniversalchardet-1.0.3.jar (com.googlecode.juniversalchardet:juniversalchardet:1.0.3) with InstrumentationAnalysisTransform
[        ] Transforming jna-platform-5.6.0.jar (net.java.dev.jna:jna-platform:5.6.0) with ExternalDependencyInstrumentingArtifactTransform
[        ] Transforming juniversalchardet-1.0.3.jar (com.googlecode.juniversalchardet:juniversalchardet:1.0.3) with MergeInstrumentationAnalysisTransform
[        ] Transforming javax.annotation-api-1.3.2.jar (javax.annotation:javax.annotation-api:1.3.2) with InstrumentationAnalysisTransform
[        ] Transforming javax.annotation-api-1.3.2.jar (javax.annotation:javax.annotation-api:1.3.2) with MergeInstrumentationAnalysisTransform
[        ] Transforming juniversalchardet-1.0.3.jar (com.googlecode.juniversalchardet:juniversalchardet:1.0.3) with ExternalDependencyInstrumentingArtifactTransform
[        ] Transforming stax-ex-1.8.1.jar (org.jvnet.staxex:stax-ex:1.8.1) with InstrumentationAnalysisTransform
[        ] Transforming javax.annotation-api-1.3.2.jar (javax.annotation:javax.annotation-api:1.3.2) with ExternalDependencyInstrumentingArtifactTransform
[        ] Transforming stax-ex-1.8.1.jar (org.jvnet.staxex:stax-ex:1.8.1) with MergeInstrumentationAnalysisTransform
[        ] Transforming jakarta.xml.bind-api-2.3.2.jar (jakarta.xml.bind:jakarta.xml.bind-api:2.3.2) with InstrumentationAnalysisTransform
[        ] Transforming stax-ex-1.8.1.jar (org.jvnet.staxex:stax-ex:1.8.1) with ExternalDependencyInstrumentingArtifactTransform
[        ] Transforming jakarta.xml.bind-api-2.3.2.jar (jakarta.xml.bind:jakarta.xml.bind-api:2.3.2) with MergeInstrumentationAnalysisTransform
[        ] Transforming txw2-2.3.2.jar (org.glassfish.jaxb:txw2:2.3.2) with InstrumentationAnalysisTransform
[        ] Transforming txw2-2.3.2.jar (org.glassfish.jaxb:txw2:2.3.2) with MergeInstrumentationAnalysisTransform
[        ] Transforming jakarta.xml.bind-api-2.3.2.jar (jakarta.xml.bind:jakarta.xml.bind-api:2.3.2) with ExternalDependencyInstrumentingArtifactTransform
[        ] Transforming istack-commons-runtime-3.0.8.jar (com.sun.istack:istack-commons-runtime:3.0.8) with InstrumentationAnalysisTransform
[        ] Transforming txw2-2.3.2.jar (org.glassfish.jaxb:txw2:2.3.2) with ExternalDependencyInstrumentingArtifactTransform
[        ] Transforming istack-commons-runtime-3.0.8.jar (com.sun.istack:istack-commons-runtime:3.0.8) with MergeInstrumentationAnalysisTransform
[        ] Transforming FastInfoset-1.2.16.jar (com.sun.xml.fastinfoset:FastInfoset:1.2.16) with InstrumentationAnalysisTransform
[        ] Transforming FastInfoset-1.2.16.jar (com.sun.xml.fastinfoset:FastInfoset:1.2.16) with MergeInstrumentationAnalysisTransform
[        ] Transforming istack-commons-runtime-3.0.8.jar (com.sun.istack:istack-commons-runtime:3.0.8) with ExternalDependencyInstrumentingArtifactTransform
[        ] Transforming jakarta.activation-api-1.2.1.jar (jakarta.activation:jakarta.activation-api:1.2.1) with InstrumentationAnalysisTransform
[        ] Transforming FastInfoset-1.2.16.jar (com.sun.xml.fastinfoset:FastInfoset:1.2.16) with ExternalDependencyInstrumentingArtifactTransform
[        ] Transforming jakarta.activation-api-1.2.1.jar (jakarta.activation:jakarta.activation-api:1.2.1) with MergeInstrumentationAnalysisTransform
[        ] Transforming auto-value-annotations-1.6.2.jar (com.google.auto.value:auto-value-annotations:1.6.2) with InstrumentationAnalysisTransform
[        ] Transforming auto-value-annotations-1.6.2.jar (com.google.auto.value:auto-value-annotations:1.6.2) with MergeInstrumentationAnalysisTransform
[        ] Transforming jakarta.activation-api-1.2.1.jar (jakarta.activation:jakarta.activation-api:1.2.1) with ExternalDependencyInstrumentingArtifactTransform
[        ] Transforming error_prone_annotations-2.11.0.jar (com.google.errorprone:error_prone_annotations:2.11.0) with InstrumentationAnalysisTransform
[        ] Transforming auto-value-annotations-1.6.2.jar (com.google.auto.value:auto-value-annotations:1.6.2) with ExternalDependencyInstrumentingArtifactTransform
[        ] Transforming error_prone_annotations-2.11.0.jar (com.google.errorprone:error_prone_annotations:2.11.0) with MergeInstrumentationAnalysisTransform
[        ] Transforming jose4j-0.7.0.jar (org.bitbucket.b_c:jose4j:0.7.0) with InstrumentationAnalysisTransform
[        ] Transforming error_prone_annotations-2.11.0.jar (com.google.errorprone:error_prone_annotations:2.11.0) with ExternalDependencyInstrumentingArtifactTransform
[        ] Transforming jose4j-0.7.0.jar (org.bitbucket.b_c:jose4j:0.7.0) with MergeInstrumentationAnalysisTransform
[        ] Transforming slf4j-api-1.7.30.jar (org.slf4j:slf4j-api:1.7.30) with InstrumentationAnalysisTransform
[        ] Transforming slf4j-api-1.7.30.jar (org.slf4j:slf4j-api:1.7.30) with MergeInstrumentationAnalysisTransform
[        ] Transforming jose4j-0.7.0.jar (org.bitbucket.b_c:jose4j:0.7.0) with ExternalDependencyInstrumentingArtifactTransform
[        ] Transforming jdom2-2.0.6.jar (org.jdom:jdom2:2.0.6) with InstrumentationAnalysisTransform
[        ] Transforming slf4j-api-1.7.30.jar (org.slf4j:slf4j-api:1.7.30) with ExternalDependencyInstrumentingArtifactTransform
[        ] Transforming jdom2-2.0.6.jar (org.jdom:jdom2:2.0.6) with MergeInstrumentationAnalysisTransform
[        ] Transforming j2objc-annotations-1.3.jar (com.google.j2objc:j2objc-annotations:1.3) with InstrumentationAnalysisTransform
[        ] Transforming j2objc-annotations-1.3.jar (com.google.j2objc:j2objc-annotations:1.3) with MergeInstrumentationAnalysisTransform
[        ] Transforming jdom2-2.0.6.jar (org.jdom:jdom2:2.0.6) with ExternalDependencyInstrumentingArtifactTransform
[        ] Transforming jsr305-3.0.2.jar (com.google.code.findbugs:jsr305:3.0.2) with InstrumentationAnalysisTransform
[        ] Transforming j2objc-annotations-1.3.jar (com.google.j2objc:j2objc-annotations:1.3) with ExternalDependencyInstrumentingArtifactTransform
[        ] Transforming jsr305-3.0.2.jar (com.google.code.findbugs:jsr305:3.0.2) with MergeInstrumentationAnalysisTransform
[        ] Transforming annotations-4.1.1.4.jar (com.google.android:annotations:4.1.1.4) with InstrumentationAnalysisTransform
[        ] Transforming annotations-4.1.1.4.jar (com.google.android:annotations:4.1.1.4) with MergeInstrumentationAnalysisTransform
[        ] Transforming animal-sniffer-annotations-1.19.jar (org.codehaus.mojo:animal-sniffer-annotations:1.19) with InstrumentationAnalysisTransform
[        ] Transforming jsr305-3.0.2.jar (com.google.code.findbugs:jsr305:3.0.2) with ExternalDependencyInstrumentingArtifactTransform
[        ] Transforming animal-sniffer-annotations-1.19.jar (org.codehaus.mojo:animal-sniffer-annotations:1.19) with MergeInstrumentationAnalysisTransform
[        ] Transforming annotations-4.1.1.4.jar (com.google.android:annotations:4.1.1.4) with ExternalDependencyInstrumentingArtifactTransform
[        ] Transforming perfmark-api-0.23.0.jar (io.perfmark:perfmark-api:0.23.0) with InstrumentationAnalysisTransform
[        ] Transforming animal-sniffer-annotations-1.19.jar (org.codehaus.mojo:animal-sniffer-annotations:1.19) with ExternalDependencyInstrumentingArtifactTransform
[        ] Transforming perfmark-api-0.23.0.jar (io.perfmark:perfmark-api:0.23.0) with MergeInstrumentationAnalysisTransform
[        ] Transforming netty-codec-http2-4.1.72.Final.jar (io.netty:netty-codec-http2:4.1.72.Final) with InstrumentationAnalysisTransform
[        ] Transforming netty-codec-http2-4.1.72.Final.jar (io.netty:netty-codec-http2:4.1.72.Final) with MergeInstrumentationAnalysisTransform
[        ] Transforming perfmark-api-0.23.0.jar (io.perfmark:perfmark-api:0.23.0) with ExternalDependencyInstrumentingArtifactTransform
[        ] Transforming netty-handler-proxy-4.1.72.Final.jar (io.netty:netty-handler-proxy:4.1.72.Final) with InstrumentationAnalysisTransform
[        ] Transforming netty-codec-http2-4.1.72.Final.jar (io.netty:netty-codec-http2:4.1.72.Final) with ExternalDependencyInstrumentingArtifactTransform
[        ] Transforming netty-handler-proxy-4.1.72.Final.jar (io.netty:netty-handler-proxy:4.1.72.Final) with MergeInstrumentationAnalysisTransform
[        ] Transforming checker-qual-3.12.0.jar (org.checkerframework:checker-qual:3.12.0) with InstrumentationAnalysisTransform
[        ] Transforming checker-qual-3.12.0.jar (org.checkerframework:checker-qual:3.12.0) with MergeInstrumentationAnalysisTransform
[        ] Transforming commons-codec-1.11.jar (commons-codec:commons-codec:1.11) with InstrumentationAnalysisTransform
[        ] Transforming netty-handler-proxy-4.1.72.Final.jar (io.netty:netty-handler-proxy:4.1.72.Final) with ExternalDependencyInstrumentingArtifactTransform
[        ] Transforming checker-qual-3.12.0.jar (org.checkerframework:checker-qual:3.12.0) with ExternalDependencyInstrumentingArtifactTransform
[        ] Transforming commons-codec-1.11.jar (commons-codec:commons-codec:1.11) with MergeInstrumentationAnalysisTransform
[        ] Transforming apksig-8.1.2.jar (com.android.tools.build:apksig:8.1.2) with InstrumentationAnalysisTransform
[        ] Transforming apksig-8.1.2.jar (com.android.tools.build:apksig:8.1.2) with MergeInstrumentationAnalysisTransform
[        ] Transforming commons-codec-1.11.jar (commons-codec:commons-codec:1.11) with ExternalDependencyInstrumentingArtifactTransform
[        ] Transforming javawriter-2.5.0.jar (com.squareup:javawriter:2.5.0) with InstrumentationAnalysisTransform
[        ] Transforming apksig-8.1.2.jar (com.android.tools.build:apksig:8.1.2) with ExternalDependencyInstrumentingArtifactTransform
[        ] Transforming javawriter-2.5.0.jar (com.squareup:javawriter:2.5.0) with MergeInstrumentationAnalysisTransform
[        ] Transforming failureaccess-1.0.1.jar (com.google.guava:failureaccess:1.0.1) with InstrumentationAnalysisTransform
[        ] Transforming failureaccess-1.0.1.jar (com.google.guava:failureaccess:1.0.1) with MergeInstrumentationAnalysisTransform
[        ] Transforming listenablefuture-9999.0-empty-to-avoid-conflict-with-guava.jar (com.google.guava:listenablefuture:9999.0-empty-to-avoid-conflict-with-guava) with InstrumentationAnalysisTransform
[        ] Transforming javawriter-2.5.0.jar (com.squareup:javawriter:2.5.0) with ExternalDependencyInstrumentingArtifactTransform
[        ] Transforming failureaccess-1.0.1.jar (com.google.guava:failureaccess:1.0.1) with ExternalDependencyInstrumentingArtifactTransform
[        ] Transforming listenablefuture-9999.0-empty-to-avoid-conflict-with-guava.jar (com.google.guava:listenablefuture:9999.0-empty-to-avoid-conflict-with-guava) with MergeInstrumentationAnalysisTransform
[        ] Transforming xml-apis-1.4.01.jar (xml-apis:xml-apis:1.4.01) with InstrumentationAnalysisTransform
[        ] Transforming listenablefuture-9999.0-empty-to-avoid-conflict-with-guava.jar (com.google.guava:listenablefuture:9999.0-empty-to-avoid-conflict-with-guava) with ExternalDependencyInstrumentingArtifactTransform
[        ] Transforming xml-apis-1.4.01.jar (xml-apis:xml-apis:1.4.01) with MergeInstrumentationAnalysisTransform
[        ] Transforming commons-logging-1.2.jar (commons-logging:commons-logging:1.2) with InstrumentationAnalysisTransform
[        ] Transforming commons-logging-1.2.jar (commons-logging:commons-logging:1.2) with MergeInstrumentationAnalysisTransform
[        ] Transforming jna-5.6.0.jar (net.java.dev.jna:jna:5.6.0) with InstrumentationAnalysisTransform
[        ] Transforming xml-apis-1.4.01.jar (xml-apis:xml-apis:1.4.01) with ExternalDependencyInstrumentingArtifactTransform
[        ] Transforming commons-logging-1.2.jar (commons-logging:commons-logging:1.2) with ExternalDependencyInstrumentingArtifactTransform
[        ] Transforming jna-5.6.0.jar (net.java.dev.jna:jna:5.6.0) with MergeInstrumentationAnalysisTransform
[        ] Transforming kotlin-stdlib-common-1.8.20-RC2.jar (org.jetbrains.kotlin:kotlin-stdlib-common:1.8.20-RC2) with InstrumentationAnalysisTransform
[        ] Transforming kotlin-stdlib-common-1.8.20-RC2.jar (org.jetbrains.kotlin:kotlin-stdlib-common:1.8.20-RC2) with MergeInstrumentationAnalysisTransform
[        ] Transforming grpc-context-1.45.1.jar (io.grpc:grpc-context:1.45.1) with InstrumentationAnalysisTransform
[        ] Transforming jna-5.6.0.jar (net.java.dev.jna:jna:5.6.0) with ExternalDependencyInstrumentingArtifactTransform
[        ] Transforming kotlin-stdlib-common-1.8.20-RC2.jar (org.jetbrains.kotlin:kotlin-stdlib-common:1.8.20-RC2) with ExternalDependencyInstrumentingArtifactTransform
[        ] Transforming grpc-context-1.45.1.jar (io.grpc:grpc-context:1.45.1) with MergeInstrumentationAnalysisTransform
[        ] Transforming netty-codec-http-4.1.72.Final.jar (io.netty:netty-codec-http:4.1.72.Final) with InstrumentationAnalysisTransform
[        ] Transforming netty-codec-http-4.1.72.Final.jar (io.netty:netty-codec-http:4.1.72.Final) with MergeInstrumentationAnalysisTransform
[        ] Transforming netty-handler-4.1.72.Final.jar (io.netty:netty-handler:4.1.72.Final) with InstrumentationAnalysisTransform
[        ] Transforming netty-handler-4.1.72.Final.jar (io.netty:netty-handler:4.1.72.Final) with MergeInstrumentationAnalysisTransform
[        ] Transforming netty-codec-http-4.1.72.Final.jar (io.netty:netty-codec-http:4.1.72.Final) with ExternalDependencyInstrumentingArtifactTransform
[        ] Transforming grpc-context-1.45.1.jar (io.grpc:grpc-context:1.45.1) with ExternalDependencyInstrumentingArtifactTransform
[        ] Transforming netty-handler-4.1.72.Final.jar (io.netty:netty-handler:4.1.72.Final) with ExternalDependencyInstrumentingArtifactTransform
[        ] Transforming netty-codec-socks-4.1.72.Final.jar (io.netty:netty-codec-socks:4.1.72.Final) with InstrumentationAnalysisTransform
[        ] Transforming netty-codec-socks-4.1.72.Final.jar (io.netty:netty-codec-socks:4.1.72.Final) with MergeInstrumentationAnalysisTransform
[        ] Transforming netty-codec-4.1.72.Final.jar (io.netty:netty-codec:4.1.72.Final) with InstrumentationAnalysisTransform
[        ] Transforming netty-codec-4.1.72.Final.jar (io.netty:netty-codec:4.1.72.Final) with MergeInstrumentationAnalysisTransform
[        ] Transforming netty-transport-4.1.72.Final.jar (io.netty:netty-transport:4.1.72.Final) with InstrumentationAnalysisTransform
[        ] Transforming netty-codec-socks-4.1.72.Final.jar (io.netty:netty-codec-socks:4.1.72.Final) with ExternalDependencyInstrumentingArtifactTransform
[        ] Transforming netty-codec-4.1.72.Final.jar (io.netty:netty-codec:4.1.72.Final) with ExternalDependencyInstrumentingArtifactTransform
[        ] Transforming netty-transport-4.1.72.Final.jar (io.netty:netty-transport:4.1.72.Final) with MergeInstrumentationAnalysisTransform
[        ] Transforming netty-buffer-4.1.72.Final.jar (io.netty:netty-buffer:4.1.72.Final) with InstrumentationAnalysisTransform
[        ] Transforming netty-transport-4.1.72.Final.jar (io.netty:netty-transport:4.1.72.Final) with ExternalDependencyInstrumentingArtifactTransform
[        ] Transforming netty-buffer-4.1.72.Final.jar (io.netty:netty-buffer:4.1.72.Final) with MergeInstrumentationAnalysisTransform
[        ] Transforming netty-resolver-4.1.72.Final.jar (io.netty:netty-resolver:4.1.72.Final) with InstrumentationAnalysisTransform
[        ] Transforming netty-resolver-4.1.72.Final.jar (io.netty:netty-resolver:4.1.72.Final) with MergeInstrumentationAnalysisTransform
[        ] Transforming netty-buffer-4.1.72.Final.jar (io.netty:netty-buffer:4.1.72.Final) with ExternalDependencyInstrumentingArtifactTransform
[        ] Transforming netty-common-4.1.72.Final.jar (io.netty:netty-common:4.1.72.Final) with InstrumentationAnalysisTransform
[        ] Transforming netty-resolver-4.1.72.Final.jar (io.netty:netty-resolver:4.1.72.Final) with ExternalDependencyInstrumentingArtifactTransform
[        ] Transforming netty-common-4.1.72.Final.jar (io.netty:netty-common:4.1.72.Final) with MergeInstrumentationAnalysisTransform
[        ] Transforming netty-tcnative-classes-2.0.46.Final.jar (io.netty:netty-tcnative-classes:2.0.46.Final) with InstrumentationAnalysisTransform
[        ] Transforming netty-tcnative-classes-2.0.46.Final.jar (io.netty:netty-tcnative-classes:2.0.46.Final) with MergeInstrumentationAnalysisTransform
[        ] Transforming netty-common-4.1.72.Final.jar (io.netty:netty-common:4.1.72.Final) with ExternalDependencyInstrumentingArtifactTransform
[        ] Transforming netty-tcnative-classes-2.0.46.Final.jar (io.netty:netty-tcnative-classes:2.0.46.Final) with ExternalDependencyInstrumentingArtifactTransform
[        ] Using default execution profile
[  +66 ms] > Configure project :flutter_native_splash
[        ] Evaluating project ':flutter_native_splash' using build file '/Users/anas/.pub-cache/hosted/pub.dev/flutter_native_splash-2.4.5/android/build.gradle'.
[        ] Transforming gradle-7.1.2.jar (com.android.tools.build:gradle:7.1.2) with InstrumentationAnalysisTransform
[        ] Transforming lint-model-30.1.2.jar (com.android.tools.lint:lint-model:30.1.2) with InstrumentationAnalysisTransform
[        ] Transforming builder-7.1.2.jar (com.android.tools.build:builder:7.1.2) with InstrumentationAnalysisTransform
[        ] Transforming manifest-merger-30.1.2.jar (com.android.tools.build:manifest-merger:30.1.2) with InstrumentationAnalysisTransform
[        ] Transforming sdk-common-30.1.2.jar (com.android.tools:sdk-common:30.1.2) with InstrumentationAnalysisTransform
[        ] Transforming sdklib-30.1.2.jar (com.android.tools:sdklib:30.1.2) with InstrumentationAnalysisTransform
[        ] Transforming repository-30.1.2.jar (com.android.tools:repository:30.1.2) with InstrumentationAnalysisTransform
[        ] Transforming gradle-api-7.1.2.jar (com.android.tools.build:gradle-api:7.1.2) with InstrumentationAnalysisTransform
[        ] Transforming builder-test-api-7.1.2.jar (com.android.tools.build:builder-test-api:7.1.2) with InstrumentationAnalysisTransform
[        ] Transforming ddmlib-30.1.2.jar (com.android.tools.ddms:ddmlib:30.1.2) with InstrumentationAnalysisTransform
[        ] Transforming aaptcompiler-7.1.2.jar (com.android.tools.build:aaptcompiler:7.1.2) with InstrumentationAnalysisTransform
[        ] Transforming bundletool-1.8.0.jar (com.android.tools.build:bundletool:1.8.0) with InstrumentationAnalysisTransform
[        ] Transforming aapt2-proto-7.1.2-7984345.jar (com.android.tools.build:aapt2-proto:7.1.2-7984345) with InstrumentationAnalysisTransform
[        ] Transforming crash-30.1.2.jar (com.android.tools.analytics-library:crash:30.1.2) with InstrumentationAnalysisTransform
[        ] Transforming tracker-30.1.2.jar (com.android.tools.analytics-library:tracker:30.1.2) with InstrumentationAnalysisTransform
[        ] Transforming shared-30.1.2.jar (com.android.tools.analytics-library:shared:30.1.2) with InstrumentationAnalysisTransform
[        ] Transforming databinding-compiler-common-7.1.2.jar (androidx.databinding:databinding-compiler-common:7.1.2) with InstrumentationAnalysisTransform
[        ] Transforming databinding-common-7.1.2.jar (androidx.databinding:databinding-common:7.1.2) with InstrumentationAnalysisTransform
[        ] Transforming baseLibrary-7.1.2.jar (com.android.databinding:baseLibrary:7.1.2) with InstrumentationAnalysisTransform
[        ] Transforming layoutlib-api-30.1.2.jar (com.android.tools.layoutlib:layoutlib-api:30.1.2) with InstrumentationAnalysisTransform
[        ] Transforming android-device-provider-ddmlib-proto-30.1.2.jar (com.android.tools.utp:android-device-provider-ddmlib-proto:30.1.2) with InstrumentationAnalysisTransform
[        ] Transforming android-device-provider-gradle-proto-30.1.2.jar (com.android.tools.utp:android-device-provider-gradle-proto:30.1.2) with InstrumentationAnalysisTransform
[        ] Transforming android-test-plugin-host-additional-test-output-proto-30.1.2.jar (com.android.tools.utp:android-test-plugin-host-additional-test-output-proto:30.1.2) with InstrumentationAnalysisTransform
[        ] Transforming android-test-plugin-host-coverage-proto-30.1.2.jar (com.android.tools.utp:android-test-plugin-host-coverage-proto:30.1.2) with InstrumentationAnalysisTransform
[        ] Transforming android-test-plugin-host-retention-proto-30.1.2.jar (com.android.tools.utp:android-test-plugin-host-retention-proto:30.1.2) with InstrumentationAnalysisTransform
[        ] Transforming android-test-plugin-result-listener-gradle-proto-30.1.2.jar (com.android.tools.utp:android-test-plugin-result-listener-gradle-proto:30.1.2) with InstrumentationAnalysisTransform
[        ] Transforming dokka-core-1.4.32.jar (org.jetbrains.dokka:dokka-core:1.4.32) with InstrumentationAnalysisTransform
[        ] Transforming builder-model-7.1.2.jar (com.android.tools.build:builder-model:7.1.2) with InstrumentationAnalysisTransform
[        ] Transforming dvlib-30.1.2.jar (com.android.tools:dvlib:30.1.2) with InstrumentationAnalysisTransform
[        ] Transforming common-30.1.2.jar (com.android.tools:common:30.1.2) with InstrumentationAnalysisTransform
[        ] Transforming kotlin-stdlib-jdk8-1.4.32.jar (org.jetbrains.kotlin:kotlin-stdlib-jdk8:1.4.32) with InstrumentationAnalysisTransform
[        ] Transforming transform-api-2.0.0-deprecated-use-gradle-api.jar (com.android.tools.build:transform-api:2.0.0-deprecated-use-gradle-api) with InstrumentationAnalysisTransform
[        ] Transforming httpmime-4.5.6.jar (org.apache.httpcomponents:httpmime:4.5.6) with InstrumentationAnalysisTransform
[        ] Transforming commons-io-2.4.jar (commons-io:commons-io:2.4) with InstrumentationAnalysisTransform
[        ] Transforming jetifier-processor-1.0.0-beta09.jar (com.android.tools.build.jetifier:jetifier-processor:1.0.0-beta09) with InstrumentationAnalysisTransform
[        ] Transforming asm-commons-9.1.jar (org.ow2.asm:asm-commons:9.1) with InstrumentationAnalysisTransform
[        ] Transforming asm-util-9.1.jar (org.ow2.asm:asm-util:9.1) with InstrumentationAnalysisTransform
[        ] Transforming asm-analysis-9.1.jar (org.ow2.asm:asm-analysis:9.1) with InstrumentationAnalysisTransform
[        ] Transforming asm-tree-9.1.jar (org.ow2.asm:asm-tree:9.1) with InstrumentationAnalysisTransform
[        ] Transforming asm-9.1.jar (org.ow2.asm:asm:9.1) with InstrumentationAnalysisTransform
[        ] Transforming apkzlib-7.1.2.jar (com.android.tools.build:apkzlib:7.1.2) with InstrumentationAnalysisTransform
[        ] Transforming bcpkix-jdk15on-1.56.jar (org.bouncycastle:bcpkix-jdk15on:1.56) with InstrumentationAnalysisTransform
[        ] Transforming jaxb-runtime-2.3.2.jar (org.glassfish.jaxb:jaxb-runtime:2.3.2) with InstrumentationAnalysisTransform
[        ] Transforming jopt-simple-4.9.jar (net.sf.jopt-simple:jopt-simple:4.9) with InstrumentationAnalysisTransform
[        ] Transforming jetifier-core-1.0.0-beta09.jar (com.android.tools.build.jetifier:jetifier-core:1.0.0-beta09) with InstrumentationAnalysisTransform
[        ] Transforming javapoet-1.10.0.jar (com.squareup:javapoet:1.10.0) with InstrumentationAnalysisTransform
[        ] Transforming protobuf-java-util-3.10.0.jar (com.google.protobuf:protobuf-java-util:3.10.0) with InstrumentationAnalysisTransform
[        ] Transforming grpc-protobuf-1.21.1.jar (io.grpc:grpc-protobuf:1.21.1) with InstrumentationAnalysisTransform
[        ] Transforming tink-1.3.0-rc2.jar (com.google.crypto.tink:tink:1.3.0-rc2) with InstrumentationAnalysisTransform
[        ] Transforming protos-30.1.2.jar (com.android.tools.analytics-library:protos:30.1.2) with InstrumentationAnalysisTransform
[        ] Transforming protobuf-java-3.10.0.jar (com.google.protobuf:protobuf-java:3.10.0) with InstrumentationAnalysisTransform
[        ] Transforming grpc-netty-1.21.1.jar (io.grpc:grpc-netty:1.21.1) with InstrumentationAnalysisTransform
[        ] Transforming grpc-core-1.21.1.jar (io.grpc:grpc-core:1.21.1) with InstrumentationAnalysisTransform
[        ] Transforming gson-2.8.6.jar (com.google.code.gson:gson:2.8.6) with InstrumentationAnalysisTransform
[        ] Transforming grpc-stub-1.21.1.jar (io.grpc:grpc-stub:1.21.1) with InstrumentationAnalysisTransform
[        ] Transforming core-proto-0.0.8-alpha07.jar (com.google.testing.platform:core-proto:0.0.8-alpha07) with InstrumentationAnalysisTransform
[        ] Transforming tensorflow-lite-metadata-0.1.0-rc2.jar (org.tensorflow:tensorflow-lite-metadata:0.1.0-rc2) with InstrumentationAnalysisTransform
[        ] Transforming flatbuffers-java-1.12.0.jar (com.google.flatbuffers:flatbuffers-java:1.12.0) with InstrumentationAnalysisTransform
[        ] Transforming bcprov-jdk15on-1.56.jar (org.bouncycastle:bcprov-jdk15on:1.56) with InstrumentationAnalysisTransform
[        ] Transforming jimfs-1.1.jar (com.google.jimfs:jimfs:1.1) with InstrumentationAnalysisTransform
[        ] Transforming grpc-protobuf-lite-1.21.1.jar (io.grpc:grpc-protobuf-lite:1.21.1) with InstrumentationAnalysisTransform
[        ] Transforming grpc-api-1.21.1.jar (io.grpc:grpc-api:1.21.1) with InstrumentationAnalysisTransform
[        ] Transforming guava-30.1-jre.jar (com.google.guava:guava:30.1-jre) with InstrumentationAnalysisTransform
[        ] Transforming jackson-module-kotlin-2.11.1.jar (com.fasterxml.jackson.module:jackson-module-kotlin:2.11.1) with InstrumentationAnalysisTransform
[        ] Transforming kotlin-reflect-1.4.32.jar (org.jetbrains.kotlin:kotlin-reflect:1.4.32) with InstrumentationAnalysisTransform
[        ] Transforming dagger-2.28.3.jar (com.google.dagger:dagger:2.28.3) with InstrumentationAnalysisTransform
[        ] Transforming javax.inject-1.jar (javax.inject:javax.inject:1) with InstrumentationAnalysisTransform
[        ] Transforming kxml2-2.3.0.jar (net.sf.kxml:kxml2:2.3.0) with InstrumentationAnalysisTransform
[        ] Transforming trove4j-1.0.20181211.jar (org.jetbrains.intellij.deps:trove4j:1.0.20181211) with InstrumentationAnalysisTransform
[        ] Transforming xercesImpl-2.12.0.jar (xerces:xercesImpl:2.12.0) with InstrumentationAnalysisTransform
[        ] Transforming commons-compress-1.20.jar (org.apache.commons:commons-compress:1.20) with InstrumentationAnalysisTransform
[        ] Transforming httpclient-4.5.6.jar (org.apache.httpcomponents:httpclient:4.5.6) with InstrumentationAnalysisTransform
[        ] Transforming httpcore-4.4.10.jar (org.apache.httpcomponents:httpcore:4.4.10) with InstrumentationAnalysisTransform
[        ] Transforming javax.activation-1.2.0.jar (com.sun.activation:javax.activation:1.2.0) with InstrumentationAnalysisTransform
[        ] Transforming signflinger-7.1.2.jar (com.android:signflinger:7.1.2) with InstrumentationAnalysisTransform
[        ] Transforming zipflinger-7.1.2.jar (com.android:zipflinger:7.1.2) with InstrumentationAnalysisTransform
[        ] Transforming annotations-30.1.2.jar (com.android.tools:annotations:30.1.2) with InstrumentationAnalysisTransform
[        ] Transforming jna-platform-5.6.0.jar (net.java.dev.jna:jna-platform:5.6.0) with InstrumentationAnalysisTransform
[        ] Transforming antlr4-4.5.3.jar (org.antlr:antlr4:4.5.3) with InstrumentationAnalysisTransform
[        ] Transforming juniversalchardet-1.0.3.jar (com.googlecode.juniversalchardet:juniversalchardet:1.0.3) with InstrumentationAnalysisTransform
[        ] Transforming kotlin-stdlib-jdk7-1.4.32.jar (org.jetbrains.kotlin:kotlin-stdlib-jdk7:1.4.32) with InstrumentationAnalysisTransform
[        ] Transforming kotlinx-coroutines-core-jvm-1.4.1.jar (org.jetbrains.kotlinx:kotlinx-coroutines-core-jvm:1.4.1) with InstrumentationAnalysisTransform
[        ] Transforming markdown-jvm-0.2.1.jar (org.jetbrains:markdown-jvm:0.2.1) with InstrumentationAnalysisTransform
[        ] Transforming kotlin-stdlib-1.4.32.jar (org.jetbrains.kotlin:kotlin-stdlib:1.4.32) with InstrumentationAnalysisTransform
[        ] Transforming annotations-13.0.jar (org.jetbrains:annotations:13.0) with InstrumentationAnalysisTransform
[        ] Transforming stax-ex-1.8.1.jar (org.jvnet.staxex:stax-ex:1.8.1) with InstrumentationAnalysisTransform
[        ] Transforming jackson-dataformat-xml-2.11.1.jar (com.fasterxml.jackson.dataformat:jackson-dataformat-xml:2.11.1) with InstrumentationAnalysisTransform
[        ] Transforming jackson-module-jaxb-annotations-2.11.1.jar (com.fasterxml.jackson.module:jackson-module-jaxb-annotations:2.11.1) with InstrumentationAnalysisTransform
[        ] Transforming jakarta.xml.bind-api-2.3.2.jar (jakarta.xml.bind:jakarta.xml.bind-api:2.3.2) with InstrumentationAnalysisTransform
[        ] Transforming txw2-2.3.2.jar (org.glassfish.jaxb:txw2:2.3.2) with InstrumentationAnalysisTransform
[        ] Transforming istack-commons-runtime-3.0.8.jar (com.sun.istack:istack-commons-runtime:3.0.8) with InstrumentationAnalysisTransform
[        ] Transforming FastInfoset-1.2.16.jar (com.sun.xml.fastinfoset:FastInfoset:1.2.16) with InstrumentationAnalysisTransform
[        ] Transforming jakarta.activation-api-1.2.1.jar (jakarta.activation:jakarta.activation-api:1.2.1) with InstrumentationAnalysisTransform
[        ] Transforming auto-value-annotations-1.6.2.jar (com.google.auto.value:auto-value-annotations:1.6.2) with InstrumentationAnalysisTransform
[        ] Transforming error_prone_annotations-2.3.4.jar (com.google.errorprone:error_prone_annotations:2.3.4) with InstrumentationAnalysisTransform
[        ] Transforming jose4j-0.7.0.jar (org.bitbucket.b_c:jose4j:0.7.0) with InstrumentationAnalysisTransform
[        ] Transforming slf4j-api-1.7.30.jar (org.slf4j:slf4j-api:1.7.30) with InstrumentationAnalysisTransform
[        ] Transforming jdom2-2.0.6.jar (org.jdom:jdom2:2.0.6) with InstrumentationAnalysisTransform
[        ] Transforming opencensus-contrib-grpc-metrics-0.21.0.jar (io.opencensus:opencensus-contrib-grpc-metrics:0.21.0) with InstrumentationAnalysisTransform
[        ] Transforming opencensus-api-0.21.0.jar (io.opencensus:opencensus-api:0.21.0) with InstrumentationAnalysisTransform
[        ] Transforming annotations-4.1.1.4.jar (com.google.android:annotations:4.1.1.4) with InstrumentationAnalysisTransform
[        ] Transforming netty-codec-http2-4.1.34.Final.jar (io.netty:netty-codec-http2:4.1.34.Final) with InstrumentationAnalysisTransform
[        ] Transforming netty-handler-proxy-4.1.34.Final.jar (io.netty:netty-handler-proxy:4.1.34.Final) with InstrumentationAnalysisTransform
[        ] Transforming proto-google-common-protos-1.12.0.jar (com.google.api.grpc:proto-google-common-protos:1.12.0) with InstrumentationAnalysisTransform
[        ] Transforming json-20180813.jar (org.json:json:20180813) with InstrumentationAnalysisTransform
[        ] Transforming jsoup-1.13.1.jar (org.jsoup:jsoup:1.13.1) with InstrumentationAnalysisTransform
[        ] Transforming checker-qual-3.5.0.jar (org.checkerframework:checker-qual:3.5.0) with InstrumentationAnalysisTransform
[        ] Transforming commons-codec-1.10.jar (commons-codec:commons-codec:1.10) with InstrumentationAnalysisTransform
[        ] Transforming fastutil-8.4.0.jar (it.unimi.dsi:fastutil:8.4.0) with InstrumentationAnalysisTransform
[        ] Transforming json-simple-1.1.jar (com.googlecode.json-simple:json-simple:1.1) with InstrumentationAnalysisTransform
[        ] Transforming apksig-7.1.2.jar (com.android.tools.build:apksig:7.1.2) with InstrumentationAnalysisTransform
[        ] Transforming javawriter-2.5.0.jar (com.squareup:javawriter:2.5.0) with InstrumentationAnalysisTransform
[        ] Transforming failureaccess-1.0.1.jar (com.google.guava:failureaccess:1.0.1) with InstrumentationAnalysisTransform
[        ] Transforming listenablefuture-9999.0-empty-to-avoid-conflict-with-guava.jar (com.google.guava:listenablefuture:9999.0-empty-to-avoid-conflict-with-guava) with InstrumentationAnalysisTransform
[        ] Transforming jsr305-3.0.2.jar (com.google.code.findbugs:jsr305:3.0.2) with InstrumentationAnalysisTransform
[        ] Transforming j2objc-annotations-1.3.jar (com.google.j2objc:j2objc-annotations:1.3) with InstrumentationAnalysisTransform
[        ] Transforming xml-apis-1.4.01.jar (xml-apis:xml-apis:1.4.01) with InstrumentationAnalysisTransform
[        ] Transforming commons-logging-1.2.jar (commons-logging:commons-logging:1.2) with InstrumentationAnalysisTransform
[        ] Transforming jna-5.6.0.jar (net.java.dev.jna:jna:5.6.0) with InstrumentationAnalysisTransform
[        ] Transforming kotlin-stdlib-common-1.4.32.jar (org.jetbrains.kotlin:kotlin-stdlib-common:1.4.32) with InstrumentationAnalysisTransform
[        ] Transforming grpc-context-1.21.1.jar (io.grpc:grpc-context:1.21.1) with InstrumentationAnalysisTransform
[        ] Transforming animal-sniffer-annotations-1.17.jar (org.codehaus.mojo:animal-sniffer-annotations:1.17) with InstrumentationAnalysisTransform
[        ] Transforming netty-codec-http-4.1.34.Final.jar (io.netty:netty-codec-http:4.1.34.Final) with InstrumentationAnalysisTransform
[        ] Transforming netty-handler-4.1.34.Final.jar (io.netty:netty-handler:4.1.34.Final) with InstrumentationAnalysisTransform
[        ] Transforming netty-codec-socks-4.1.34.Final.jar (io.netty:netty-codec-socks:4.1.34.Final) with InstrumentationAnalysisTransform
[        ] Transforming netty-codec-4.1.34.Final.jar (io.netty:netty-codec:4.1.34.Final) with InstrumentationAnalysisTransform
[        ] Transforming netty-transport-4.1.34.Final.jar (io.netty:netty-transport:4.1.34.Final) with InstrumentationAnalysisTransform
[        ] Transforming netty-buffer-4.1.34.Final.jar (io.netty:netty-buffer:4.1.34.Final) with InstrumentationAnalysisTransform
[        ] Transforming netty-resolver-4.1.34.Final.jar (io.netty:netty-resolver:4.1.34.Final) with InstrumentationAnalysisTransform
[        ] Transforming netty-common-4.1.34.Final.jar (io.netty:netty-common:4.1.34.Final) with InstrumentationAnalysisTransform
[        ] Transforming jackson-databind-2.11.1.jar (com.fasterxml.jackson.core:jackson-databind:2.11.1) with InstrumentationAnalysisTransform
[        ] Transforming jackson-annotations-2.11.1.jar (com.fasterxml.jackson.core:jackson-annotations:2.11.1) with InstrumentationAnalysisTransform
[        ] Transforming jackson-core-2.11.1.jar (com.fasterxml.jackson.core:jackson-core:2.11.1) with InstrumentationAnalysisTransform
[        ] Transforming woodstox-core-6.2.1.jar (com.fasterxml.woodstox:woodstox-core:6.2.1) with InstrumentationAnalysisTransform
[        ] Transforming stax2-api-4.2.1.jar (org.codehaus.woodstox:stax2-api:4.2.1) with InstrumentationAnalysisTransform
[        ] Transforming gradle-7.1.2.jar (com.android.tools.build:gradle:7.1.2) with InstrumentationAnalysisTransform
[        ] Transforming gradle-7.1.2.jar (com.android.tools.build:gradle:7.1.2) with MergeInstrumentationAnalysisTransform
[        ] Transforming lint-model-30.1.2.jar (com.android.tools.lint:lint-model:30.1.2) with InstrumentationAnalysisTransform
[        ] Transforming lint-model-30.1.2.jar (com.android.tools.lint:lint-model:30.1.2) with MergeInstrumentationAnalysisTransform
[        ] Transforming builder-7.1.2.jar (com.android.tools.build:builder:7.1.2) with InstrumentationAnalysisTransform
[        ] Transforming builder-7.1.2.jar (com.android.tools.build:builder:7.1.2) with MergeInstrumentationAnalysisTransform
[        ] Transforming gradle-7.1.2.jar (com.android.tools.build:gradle:7.1.2) with ExternalDependencyInstrumentingArtifactTransform
[        ] Transforming manifest-merger-30.1.2.jar (com.android.tools.build:manifest-merger:30.1.2) with InstrumentationAnalysisTransform
[        ] Transforming builder-7.1.2.jar (com.android.tools.build:builder:7.1.2) with ExternalDependencyInstrumentingArtifactTransform
[        ] Transforming lint-model-30.1.2.jar (com.android.tools.lint:lint-model:30.1.2) with ExternalDependencyInstrumentingArtifactTransform
[        ] Transforming manifest-merger-30.1.2.jar (com.android.tools.build:manifest-merger:30.1.2) with MergeInstrumentationAnalysisTransform
[        ] Transforming sdk-common-30.1.2.jar (com.android.tools:sdk-common:30.1.2) with InstrumentationAnalysisTransform
[        ] Transforming sdk-common-30.1.2.jar (com.android.tools:sdk-common:30.1.2) with MergeInstrumentationAnalysisTransform
[        ] Transforming manifest-merger-30.1.2.jar (com.android.tools.build:manifest-merger:30.1.2) with ExternalDependencyInstrumentingArtifactTransform
[        ] Transforming sdklib-30.1.2.jar (com.android.tools:sdklib:30.1.2) with InstrumentationAnalysisTransform
[        ] Transforming sdk-common-30.1.2.jar (com.android.tools:sdk-common:30.1.2) with ExternalDependencyInstrumentingArtifactTransform
[        ] Transforming sdklib-30.1.2.jar (com.android.tools:sdklib:30.1.2) with MergeInstrumentationAnalysisTransform
[        ] Transforming repository-30.1.2.jar (com.android.tools:repository:30.1.2) with InstrumentationAnalysisTransform
[        ] Transforming repository-30.1.2.jar (com.android.tools:repository:30.1.2) with MergeInstrumentationAnalysisTransform
[        ] Transforming sdklib-30.1.2.jar (com.android.tools:sdklib:30.1.2) with ExternalDependencyInstrumentingArtifactTransform
[        ] Transforming gradle-api-7.1.2.jar (com.android.tools.build:gradle-api:7.1.2) with InstrumentationAnalysisTransform
[        ] Transforming repository-30.1.2.jar (com.android.tools:repository:30.1.2) with ExternalDependencyInstrumentingArtifactTransform
[        ] Transforming gradle-api-7.1.2.jar (com.android.tools.build:gradle-api:7.1.2) with MergeInstrumentationAnalysisTransform
[        ] Transforming builder-test-api-7.1.2.jar (com.android.tools.build:builder-test-api:7.1.2) with InstrumentationAnalysisTransform
[        ] Transforming builder-test-api-7.1.2.jar (com.android.tools.build:builder-test-api:7.1.2) with MergeInstrumentationAnalysisTransform
[        ] Transforming gradle-api-7.1.2.jar (com.android.tools.build:gradle-api:7.1.2) with ExternalDependencyInstrumentingArtifactTransform
[        ] Transforming ddmlib-30.1.2.jar (com.android.tools.ddms:ddmlib:30.1.2) with InstrumentationAnalysisTransform
[        ] Transforming builder-test-api-7.1.2.jar (com.android.tools.build:builder-test-api:7.1.2) with ExternalDependencyInstrumentingArtifactTransform
[        ] Transforming ddmlib-30.1.2.jar (com.android.tools.ddms:ddmlib:30.1.2) with MergeInstrumentationAnalysisTransform
[        ] Transforming aaptcompiler-7.1.2.jar (com.android.tools.build:aaptcompiler:7.1.2) with InstrumentationAnalysisTransform
[        ] Transforming aaptcompiler-7.1.2.jar (com.android.tools.build:aaptcompiler:7.1.2) with MergeInstrumentationAnalysisTransform
[        ] Transforming ddmlib-30.1.2.jar (com.android.tools.ddms:ddmlib:30.1.2) with ExternalDependencyInstrumentingArtifactTransform
[        ] Transforming bundletool-1.8.0.jar (com.android.tools.build:bundletool:1.8.0) with InstrumentationAnalysisTransform
[        ] Transforming aaptcompiler-7.1.2.jar (com.android.tools.build:aaptcompiler:7.1.2) with ExternalDependencyInstrumentingArtifactTransform
[        ] Transforming bundletool-1.8.0.jar (com.android.tools.build:bundletool:1.8.0) with MergeInstrumentationAnalysisTransform
[        ] Transforming aapt2-proto-7.1.2-7984345.jar (com.android.tools.build:aapt2-proto:7.1.2-7984345) with InstrumentationAnalysisTransform
[        ] Transforming bundletool-1.8.0.jar (com.android.tools.build:bundletool:1.8.0) with ExternalDependencyInstrumentingArtifactTransform
[        ] Transforming aapt2-proto-7.1.2-7984345.jar (com.android.tools.build:aapt2-proto:7.1.2-7984345) with MergeInstrumentationAnalysisTransform
[        ] Transforming crash-30.1.2.jar (com.android.tools.analytics-library:crash:30.1.2) with InstrumentationAnalysisTransform
[        ] Transforming crash-30.1.2.jar (com.android.tools.analytics-library:crash:30.1.2) with MergeInstrumentationAnalysisTransform
[        ] Transforming aapt2-proto-7.1.2-7984345.jar (com.android.tools.build:aapt2-proto:7.1.2-7984345) with ExternalDependencyInstrumentingArtifactTransform
[        ] Transforming tracker-30.1.2.jar (com.android.tools.analytics-library:tracker:30.1.2) with InstrumentationAnalysisTransform
[        ] Transforming tracker-30.1.2.jar (com.android.tools.analytics-library:tracker:30.1.2) with MergeInstrumentationAnalysisTransform
[        ] Transforming crash-30.1.2.jar (com.android.tools.analytics-library:crash:30.1.2) with ExternalDependencyInstrumentingArtifactTransform
[        ] Transforming shared-30.1.2.jar (com.android.tools.analytics-library:shared:30.1.2) with InstrumentationAnalysisTransform
[        ] Transforming tracker-30.1.2.jar (com.android.tools.analytics-library:tracker:30.1.2) with ExternalDependencyInstrumentingArtifactTransform
[        ] Transforming shared-30.1.2.jar (com.android.tools.analytics-library:shared:30.1.2) with MergeInstrumentationAnalysisTransform
[        ] Transforming databinding-compiler-common-7.1.2.jar (androidx.databinding:databinding-compiler-common:7.1.2) with InstrumentationAnalysisTransform
[        ] Transforming databinding-compiler-common-7.1.2.jar (androidx.databinding:databinding-compiler-common:7.1.2) with MergeInstrumentationAnalysisTransform
[        ] Transforming databinding-common-7.1.2.jar (androidx.databinding:databinding-common:7.1.2) with InstrumentationAnalysisTransform
[        ] Transforming shared-30.1.2.jar (com.android.tools.analytics-library:shared:30.1.2) with ExternalDependencyInstrumentingArtifactTransform
[        ] Transforming databinding-compiler-common-7.1.2.jar (androidx.databinding:databinding-compiler-common:7.1.2) with ExternalDependencyInstrumentingArtifactTransform
[        ] Transforming databinding-common-7.1.2.jar (androidx.databinding:databinding-common:7.1.2) with MergeInstrumentationAnalysisTransform
[        ] Transforming baseLibrary-7.1.2.jar (com.android.databinding:baseLibrary:7.1.2) with InstrumentationAnalysisTransform
[        ] Transforming baseLibrary-7.1.2.jar (com.android.databinding:baseLibrary:7.1.2) with MergeInstrumentationAnalysisTransform
[        ] Transforming layoutlib-api-30.1.2.jar (com.android.tools.layoutlib:layoutlib-api:30.1.2) with InstrumentationAnalysisTransform
[        ] Transforming databinding-common-7.1.2.jar (androidx.databinding:databinding-common:7.1.2) with ExternalDependencyInstrumentingArtifactTransform
[        ] Transforming baseLibrary-7.1.2.jar (com.android.databinding:baseLibrary:7.1.2) with ExternalDependencyInstrumentingArtifactTransform
[        ] Transforming layoutlib-api-30.1.2.jar (com.android.tools.layoutlib:layoutlib-api:30.1.2) with MergeInstrumentationAnalysisTransform
[        ] Transforming android-device-provider-ddmlib-proto-30.1.2.jar (com.android.tools.utp:android-device-provider-ddmlib-proto:30.1.2) with InstrumentationAnalysisTransform
[        ] Transforming android-device-provider-ddmlib-proto-30.1.2.jar (com.android.tools.utp:android-device-provider-ddmlib-proto:30.1.2) with MergeInstrumentationAnalysisTransform
[        ] Transforming layoutlib-api-30.1.2.jar (com.android.tools.layoutlib:layoutlib-api:30.1.2) with ExternalDependencyInstrumentingArtifactTransform
[        ] Transforming android-device-provider-gradle-proto-30.1.2.jar (com.android.tools.utp:android-device-provider-gradle-proto:30.1.2) with InstrumentationAnalysisTransform
[        ] Transforming android-device-provider-ddmlib-proto-30.1.2.jar (com.android.tools.utp:android-device-provider-ddmlib-proto:30.1.2) with ExternalDependencyInstrumentingArtifactTransform
[        ] Transforming android-device-provider-gradle-proto-30.1.2.jar (com.android.tools.utp:android-device-provider-gradle-proto:30.1.2) with MergeInstrumentationAnalysisTransform
[        ] Transforming android-test-plugin-host-additional-test-output-proto-30.1.2.jar (com.android.tools.utp:android-test-plugin-host-additional-test-output-proto:30.1.2) with InstrumentationAnalysisTransform
[        ] Transforming android-test-plugin-host-additional-test-output-proto-30.1.2.jar (com.android.tools.utp:android-test-plugin-host-additional-test-output-proto:30.1.2) with MergeInstrumentationAnalysisTransform
[        ] Transforming android-test-plugin-host-coverage-proto-30.1.2.jar (com.android.tools.utp:android-test-plugin-host-coverage-proto:30.1.2) with InstrumentationAnalysisTransform
[        ] Transforming android-device-provider-gradle-proto-30.1.2.jar (com.android.tools.utp:android-device-provider-gradle-proto:30.1.2) with ExternalDependencyInstrumentingArtifactTransform
[        ] Transforming android-test-plugin-host-coverage-proto-30.1.2.jar (com.android.tools.utp:android-test-plugin-host-coverage-proto:30.1.2) with MergeInstrumentationAnalysisTransform
[        ] Transforming android-test-plugin-host-additional-test-output-proto-30.1.2.jar (com.android.tools.utp:android-test-plugin-host-additional-test-output-proto:30.1.2) with ExternalDependencyInstrumentingArtifactTransform
[        ] Transforming android-test-plugin-host-retention-proto-30.1.2.jar (com.android.tools.utp:android-test-plugin-host-retention-proto:30.1.2) with InstrumentationAnalysisTransform
[        ] Transforming android-test-plugin-host-coverage-proto-30.1.2.jar (com.android.tools.utp:android-test-plugin-host-coverage-proto:30.1.2) with ExternalDependencyInstrumentingArtifactTransform
[        ] Transforming android-test-plugin-host-retention-proto-30.1.2.jar (com.android.tools.utp:android-test-plugin-host-retention-proto:30.1.2) with MergeInstrumentationAnalysisTransform
[        ] Transforming android-test-plugin-result-listener-gradle-proto-30.1.2.jar (com.android.tools.utp:android-test-plugin-result-listener-gradle-proto:30.1.2) with InstrumentationAnalysisTransform
[        ] Transforming android-test-plugin-result-listener-gradle-proto-30.1.2.jar (com.android.tools.utp:android-test-plugin-result-listener-gradle-proto:30.1.2) with MergeInstrumentationAnalysisTransform
[        ] Transforming dokka-core-1.4.32.jar (org.jetbrains.dokka:dokka-core:1.4.32) with InstrumentationAnalysisTransform
[        ] Transforming android-test-plugin-host-retention-proto-30.1.2.jar (com.android.tools.utp:android-test-plugin-host-retention-proto:30.1.2) with ExternalDependencyInstrumentingArtifactTransform
[        ] Transforming android-test-plugin-result-listener-gradle-proto-30.1.2.jar (com.android.tools.utp:android-test-plugin-result-listener-gradle-proto:30.1.2) with ExternalDependencyInstrumentingArtifactTransform
[        ] Transforming dokka-core-1.4.32.jar (org.jetbrains.dokka:dokka-core:1.4.32) with MergeInstrumentationAnalysisTransform
[        ] Transforming builder-model-7.1.2.jar (com.android.tools.build:builder-model:7.1.2) with InstrumentationAnalysisTransform
[        ] Transforming builder-model-7.1.2.jar (com.android.tools.build:builder-model:7.1.2) with MergeInstrumentationAnalysisTransform
[        ] Transforming dokka-core-1.4.32.jar (org.jetbrains.dokka:dokka-core:1.4.32) with ExternalDependencyInstrumentingArtifactTransform
[        ] Transforming dvlib-30.1.2.jar (com.android.tools:dvlib:30.1.2) with InstrumentationAnalysisTransform
[        ] Transforming builder-model-7.1.2.jar (com.android.tools.build:builder-model:7.1.2) with ExternalDependencyInstrumentingArtifactTransform
[        ] Transforming dvlib-30.1.2.jar (com.android.tools:dvlib:30.1.2) with MergeInstrumentationAnalysisTransform
[        ] Transforming common-30.1.2.jar (com.android.tools:common:30.1.2) with InstrumentationAnalysisTransform
[        ] Transforming common-30.1.2.jar (com.android.tools:common:30.1.2) with MergeInstrumentationAnalysisTransform
[        ] Transforming dvlib-30.1.2.jar (com.android.tools:dvlib:30.1.2) with ExternalDependencyInstrumentingArtifactTransform
[        ] Transforming kotlin-stdlib-jdk8-1.4.32.jar (org.jetbrains.kotlin:kotlin-stdlib-jdk8:1.4.32) with InstrumentationAnalysisTransform
[        ] Transforming kotlin-stdlib-jdk8-1.4.32.jar (org.jetbrains.kotlin:kotlin-stdlib-jdk8:1.4.32) with MergeInstrumentationAnalysisTransform
[        ] Transforming common-30.1.2.jar (com.android.tools:common:30.1.2) with ExternalDependencyInstrumentingArtifactTransform
[        ] Transforming transform-api-2.0.0-deprecated-use-gradle-api.jar (com.android.tools.build:transform-api:2.0.0-deprecated-use-gradle-api) with InstrumentationAnalysisTransform
[        ] Transforming kotlin-stdlib-jdk8-1.4.32.jar (org.jetbrains.kotlin:kotlin-stdlib-jdk8:1.4.32) with ExternalDependencyInstrumentingArtifactTransform
[        ] Transforming transform-api-2.0.0-deprecated-use-gradle-api.jar (com.android.tools.build:transform-api:2.0.0-deprecated-use-gradle-api) with MergeInstrumentationAnalysisTransform
[        ] Transforming httpmime-4.5.6.jar (org.apache.httpcomponents:httpmime:4.5.6) with InstrumentationAnalysisTransform
[        ] Transforming httpmime-4.5.6.jar (org.apache.httpcomponents:httpmime:4.5.6) with MergeInstrumentationAnalysisTransform
[        ] Transforming transform-api-2.0.0-deprecated-use-gradle-api.jar (com.android.tools.build:transform-api:2.0.0-deprecated-use-gradle-api) with ExternalDependencyInstrumentingArtifactTransform
[        ] Transforming commons-io-2.4.jar (commons-io:commons-io:2.4) with InstrumentationAnalysisTransform
[        ] Transforming httpmime-4.5.6.jar (org.apache.httpcomponents:httpmime:4.5.6) with ExternalDependencyInstrumentingArtifactTransform
[        ] Transforming commons-io-2.4.jar (commons-io:commons-io:2.4) with MergeInstrumentationAnalysisTransform
[        ] Transforming jetifier-processor-1.0.0-beta09.jar (com.android.tools.build.jetifier:jetifier-processor:1.0.0-beta09) with InstrumentationAnalysisTransform
[        ] Transforming jetifier-processor-1.0.0-beta09.jar (com.android.tools.build.jetifier:jetifier-processor:1.0.0-beta09) with MergeInstrumentationAnalysisTransform
[        ] Transforming asm-commons-9.1.jar (org.ow2.asm:asm-commons:9.1) with InstrumentationAnalysisTransform
[        ] Transforming commons-io-2.4.jar (commons-io:commons-io:2.4) with ExternalDependencyInstrumentingArtifactTransform
[        ] Transforming asm-commons-9.1.jar (org.ow2.asm:asm-commons:9.1) with MergeInstrumentationAnalysisTransform
[        ] Transforming jetifier-processor-1.0.0-beta09.jar (com.android.tools.build.jetifier:jetifier-processor:1.0.0-beta09) with ExternalDependencyInstrumentingArtifactTransform
[        ] Transforming asm-util-9.1.jar (org.ow2.asm:asm-util:9.1) with InstrumentationAnalysisTransform
[        ] Transforming asm-commons-9.1.jar (org.ow2.asm:asm-commons:9.1) with ExternalDependencyInstrumentingArtifactTransform
[        ] Transforming asm-util-9.1.jar (org.ow2.asm:asm-util:9.1) with MergeInstrumentationAnalysisTransform
[        ] Transforming asm-analysis-9.1.jar (org.ow2.asm:asm-analysis:9.1) with InstrumentationAnalysisTransform
[        ] Transforming asm-analysis-9.1.jar (org.ow2.asm:asm-analysis:9.1) with MergeInstrumentationAnalysisTransform
[        ] Transforming asm-tree-9.1.jar (org.ow2.asm:asm-tree:9.1) with InstrumentationAnalysisTransform
[        ] Transforming asm-util-9.1.jar (org.ow2.asm:asm-util:9.1) with ExternalDependencyInstrumentingArtifactTransform
[        ] Transforming asm-tree-9.1.jar (org.ow2.asm:asm-tree:9.1) with MergeInstrumentationAnalysisTransform
[        ] Transforming asm-analysis-9.1.jar (org.ow2.asm:asm-analysis:9.1) with ExternalDependencyInstrumentingArtifactTransform
[        ] Transforming asm-9.1.jar (org.ow2.asm:asm:9.1) with InstrumentationAnalysisTransform
[        ] Transforming asm-tree-9.1.jar (org.ow2.asm:asm-tree:9.1) with ExternalDependencyInstrumentingArtifactTransform
[        ] Transforming asm-9.1.jar (org.ow2.asm:asm:9.1) with MergeInstrumentationAnalysisTransform
[        ] Transforming apkzlib-7.1.2.jar (com.android.tools.build:apkzlib:7.1.2) with InstrumentationAnalysisTransform
[        ] Transforming apkzlib-7.1.2.jar (com.android.tools.build:apkzlib:7.1.2) with MergeInstrumentationAnalysisTransform
[        ] Transforming asm-9.1.jar (org.ow2.asm:asm:9.1) with ExternalDependencyInstrumentingArtifactTransform
[        ] Transforming bcpkix-jdk15on-1.56.jar (org.bouncycastle:bcpkix-jdk15on:1.56) with InstrumentationAnalysisTransform
[        ] Transforming apkzlib-7.1.2.jar (com.android.tools.build:apkzlib:7.1.2) with ExternalDependencyInstrumentingArtifactTransform
[        ] Transforming bcpkix-jdk15on-1.56.jar (org.bouncycastle:bcpkix-jdk15on:1.56) with MergeInstrumentationAnalysisTransform
[        ] Transforming jaxb-runtime-2.3.2.jar (org.glassfish.jaxb:jaxb-runtime:2.3.2) with InstrumentationAnalysisTransform
[        ] Transforming bcpkix-jdk15on-1.56.jar (org.bouncycastle:bcpkix-jdk15on:1.56) with ExternalDependencyInstrumentingArtifactTransform
[        ] Transforming jaxb-runtime-2.3.2.jar (org.glassfish.jaxb:jaxb-runtime:2.3.2) with MergeInstrumentationAnalysisTransform
[        ] Transforming jopt-simple-4.9.jar (net.sf.jopt-simple:jopt-simple:4.9) with InstrumentationAnalysisTransform
[        ] Transforming jopt-simple-4.9.jar (net.sf.jopt-simple:jopt-simple:4.9) with MergeInstrumentationAnalysisTransform
[        ] Transforming jaxb-runtime-2.3.2.jar (org.glassfish.jaxb:jaxb-runtime:2.3.2) with ExternalDependencyInstrumentingArtifactTransform
[        ] Transforming jetifier-core-1.0.0-beta09.jar (com.android.tools.build.jetifier:jetifier-core:1.0.0-beta09) with InstrumentationAnalysisTransform
[        ] Transforming jopt-simple-4.9.jar (net.sf.jopt-simple:jopt-simple:4.9) with ExternalDependencyInstrumentingArtifactTransform
[        ] Transforming jetifier-core-1.0.0-beta09.jar (com.android.tools.build.jetifier:jetifier-core:1.0.0-beta09) with MergeInstrumentationAnalysisTransform
[        ] Transforming javapoet-1.10.0.jar (com.squareup:javapoet:1.10.0) with InstrumentationAnalysisTransform
[        ] Transforming javapoet-1.10.0.jar (com.squareup:javapoet:1.10.0) with MergeInstrumentationAnalysisTransform
[        ] Transforming protobuf-java-util-3.10.0.jar (com.google.protobuf:protobuf-java-util:3.10.0) with InstrumentationAnalysisTransform
[        ] Transforming jetifier-core-1.0.0-beta09.jar (com.android.tools.build.jetifier:jetifier-core:1.0.0-beta09) with ExternalDependencyInstrumentingArtifactTransform
[        ] Transforming protobuf-java-util-3.10.0.jar (com.google.protobuf:protobuf-java-util:3.10.0) with MergeInstrumentationAnalysisTransform
[        ] Transforming javapoet-1.10.0.jar (com.squareup:javapoet:1.10.0) with ExternalDependencyInstrumentingArtifactTransform
[        ] Transforming grpc-protobuf-1.21.1.jar (io.grpc:grpc-protobuf:1.21.1) with InstrumentationAnalysisTransform
[        ] Transforming protobuf-java-util-3.10.0.jar (com.google.protobuf:protobuf-java-util:3.10.0) with ExternalDependencyInstrumentingArtifactTransform
[        ] Transforming grpc-protobuf-1.21.1.jar (io.grpc:grpc-protobuf:1.21.1) with MergeInstrumentationAnalysisTransform
[        ] Transforming tink-1.3.0-rc2.jar (com.google.crypto.tink:tink:1.3.0-rc2) with InstrumentationAnalysisTransform
[        ] Transforming tink-1.3.0-rc2.jar (com.google.crypto.tink:tink:1.3.0-rc2) with MergeInstrumentationAnalysisTransform
[        ] Transforming protos-30.1.2.jar (com.android.tools.analytics-library:protos:30.1.2) with InstrumentationAnalysisTransform
[        ] Transforming grpc-protobuf-1.21.1.jar (io.grpc:grpc-protobuf:1.21.1) with ExternalDependencyInstrumentingArtifactTransform
[        ] Transforming tink-1.3.0-rc2.jar (com.google.crypto.tink:tink:1.3.0-rc2) with ExternalDependencyInstrumentingArtifactTransform
[        ] Transforming protos-30.1.2.jar (com.android.tools.analytics-library:protos:30.1.2) with MergeInstrumentationAnalysisTransform
[        ] Transforming protobuf-java-3.10.0.jar (com.google.protobuf:protobuf-java:3.10.0) with InstrumentationAnalysisTransform
[        ] Transforming protobuf-java-3.10.0.jar (com.google.protobuf:protobuf-java:3.10.0) with MergeInstrumentationAnalysisTransform
[        ] Transforming protos-30.1.2.jar (com.android.tools.analytics-library:protos:30.1.2) with ExternalDependencyInstrumentingArtifactTransform
[        ] Transforming grpc-netty-1.21.1.jar (io.grpc:grpc-netty:1.21.1) with InstrumentationAnalysisTransform
[        ] Transforming protobuf-java-3.10.0.jar (com.google.protobuf:protobuf-java:3.10.0) with ExternalDependencyInstrumentingArtifactTransform
[        ] Transforming grpc-netty-1.21.1.jar (io.grpc:grpc-netty:1.21.1) with MergeInstrumentationAnalysisTransform
[        ] Transforming grpc-core-1.21.1.jar (io.grpc:grpc-core:1.21.1) with InstrumentationAnalysisTransform
[        ] Transforming grpc-netty-1.21.1.jar (io.grpc:grpc-netty:1.21.1) with ExternalDependencyInstrumentingArtifactTransform
[        ] Transforming grpc-core-1.21.1.jar (io.grpc:grpc-core:1.21.1) with MergeInstrumentationAnalysisTransform
[        ] Transforming gson-2.8.6.jar (com.google.code.gson:gson:2.8.6) with InstrumentationAnalysisTransform
[        ] Transforming gson-2.8.6.jar (com.google.code.gson:gson:2.8.6) with MergeInstrumentationAnalysisTransform
[        ] Transforming grpc-stub-1.21.1.jar (io.grpc:grpc-stub:1.21.1) with InstrumentationAnalysisTransform
[        ] Transforming grpc-core-1.21.1.jar (io.grpc:grpc-core:1.21.1) with ExternalDependencyInstrumentingArtifactTransform
[        ] Transforming grpc-stub-1.21.1.jar (io.grpc:grpc-stub:1.21.1) with MergeInstrumentationAnalysisTransform
[        ] Transforming gson-2.8.6.jar (com.google.code.gson:gson:2.8.6) with ExternalDependencyInstrumentingArtifactTransform
[        ] Transforming core-proto-0.0.8-alpha07.jar (com.google.testing.platform:core-proto:0.0.8-alpha07) with InstrumentationAnalysisTransform
[        ] Transforming grpc-stub-1.21.1.jar (io.grpc:grpc-stub:1.21.1) with ExternalDependencyInstrumentingArtifactTransform
[        ] Transforming core-proto-0.0.8-alpha07.jar (com.google.testing.platform:core-proto:0.0.8-alpha07) with MergeInstrumentationAnalysisTransform
[        ] Transforming tensorflow-lite-metadata-0.1.0-rc2.jar (org.tensorflow:tensorflow-lite-metadata:0.1.0-rc2) with InstrumentationAnalysisTransform
[        ] Transforming tensorflow-lite-metadata-0.1.0-rc2.jar (org.tensorflow:tensorflow-lite-metadata:0.1.0-rc2) with MergeInstrumentationAnalysisTransform
[        ] Transforming core-proto-0.0.8-alpha07.jar (com.google.testing.platform:core-proto:0.0.8-alpha07) with ExternalDependencyInstrumentingArtifactTransform
[        ] Transforming flatbuffers-java-1.12.0.jar (com.google.flatbuffers:flatbuffers-java:1.12.0) with InstrumentationAnalysisTransform
[        ] Transforming tensorflow-lite-metadata-0.1.0-rc2.jar (org.tensorflow:tensorflow-lite-metadata:0.1.0-rc2) with ExternalDependencyInstrumentingArtifactTransform
[        ] Transforming flatbuffers-java-1.12.0.jar (com.google.flatbuffers:flatbuffers-java:1.12.0) with MergeInstrumentationAnalysisTransform
[        ] Transforming bcprov-jdk15on-1.56.jar (org.bouncycastle:bcprov-jdk15on:1.56) with InstrumentationAnalysisTransform
[        ] Transforming bcprov-jdk15on-1.56.jar (org.bouncycastle:bcprov-jdk15on:1.56) with MergeInstrumentationAnalysisTransform
[        ] Transforming flatbuffers-java-1.12.0.jar (com.google.flatbuffers:flatbuffers-java:1.12.0) with ExternalDependencyInstrumentingArtifactTransform
[        ] Transforming jimfs-1.1.jar (com.google.jimfs:jimfs:1.1) with InstrumentationAnalysisTransform
[        ] Transforming bcprov-jdk15on-1.56.jar (org.bouncycastle:bcprov-jdk15on:1.56) with ExternalDependencyInstrumentingArtifactTransform
[        ] Transforming jimfs-1.1.jar (com.google.jimfs:jimfs:1.1) with MergeInstrumentationAnalysisTransform
[        ] Transforming grpc-protobuf-lite-1.21.1.jar (io.grpc:grpc-protobuf-lite:1.21.1) with InstrumentationAnalysisTransform
[        ] Transforming grpc-protobuf-lite-1.21.1.jar (io.grpc:grpc-protobuf-lite:1.21.1) with MergeInstrumentationAnalysisTransform
[        ] Transforming grpc-api-1.21.1.jar (io.grpc:grpc-api:1.21.1) with InstrumentationAnalysisTransform
[        ] Transforming jimfs-1.1.jar (com.google.jimfs:jimfs:1.1) with ExternalDependencyInstrumentingArtifactTransform
[        ] Transforming grpc-protobuf-lite-1.21.1.jar (io.grpc:grpc-protobuf-lite:1.21.1) with ExternalDependencyInstrumentingArtifactTransform
[        ] Transforming grpc-api-1.21.1.jar (io.grpc:grpc-api:1.21.1) with MergeInstrumentationAnalysisTransform
[        ] Transforming guava-30.1-jre.jar (com.google.guava:guava:30.1-jre) with InstrumentationAnalysisTransform
[        ] Transforming guava-30.1-jre.jar (com.google.guava:guava:30.1-jre) with MergeInstrumentationAnalysisTransform
[        ] Transforming grpc-api-1.21.1.jar (io.grpc:grpc-api:1.21.1) with ExternalDependencyInstrumentingArtifactTransform
[        ] Transforming jackson-module-kotlin-2.11.1.jar (com.fasterxml.jackson.module:jackson-module-kotlin:2.11.1) with InstrumentationAnalysisTransform
[        ] Transforming guava-30.1-jre.jar (com.google.guava:guava:30.1-jre) with ExternalDependencyInstrumentingArtifactTransform
[        ] Transforming jackson-module-kotlin-2.11.1.jar (com.fasterxml.jackson.module:jackson-module-kotlin:2.11.1) with MergeInstrumentationAnalysisTransform
[        ] Transforming kotlin-reflect-1.4.32.jar (org.jetbrains.kotlin:kotlin-reflect:1.4.32) with InstrumentationAnalysisTransform
[        ] Transforming kotlin-reflect-1.4.32.jar (org.jetbrains.kotlin:kotlin-reflect:1.4.32) with MergeInstrumentationAnalysisTransform
[        ] Transforming jackson-module-kotlin-2.11.1.jar (com.fasterxml.jackson.module:jackson-module-kotlin:2.11.1) with ExternalDependencyInstrumentingArtifactTransform
[        ] Transforming dagger-2.28.3.jar (com.google.dagger:dagger:2.28.3) with InstrumentationAnalysisTransform
[        ] Transforming kotlin-reflect-1.4.32.jar (org.jetbrains.kotlin:kotlin-reflect:1.4.32) with ExternalDependencyInstrumentingArtifactTransform
[        ] Transforming dagger-2.28.3.jar (com.google.dagger:dagger:2.28.3) with MergeInstrumentationAnalysisTransform
[        ] Transforming javax.inject-1.jar (javax.inject:javax.inject:1) with InstrumentationAnalysisTransform
[        ] Transforming dagger-2.28.3.jar (com.google.dagger:dagger:2.28.3) with ExternalDependencyInstrumentingArtifactTransform
[        ] Transforming javax.inject-1.jar (javax.inject:javax.inject:1) with MergeInstrumentationAnalysisTransform
[        ] Transforming kxml2-2.3.0.jar (net.sf.kxml:kxml2:2.3.0) with InstrumentationAnalysisTransform
[        ] Transforming javax.inject-1.jar (javax.inject:javax.inject:1) with ExternalDependencyInstrumentingArtifactTransform
[        ] Transforming kxml2-2.3.0.jar (net.sf.kxml:kxml2:2.3.0) with MergeInstrumentationAnalysisTransform
[        ] Transforming trove4j-1.0.20181211.jar (org.jetbrains.intellij.deps:trove4j:1.0.20181211) with InstrumentationAnalysisTransform
[        ] Transforming trove4j-1.0.20181211.jar (org.jetbrains.intellij.deps:trove4j:1.0.20181211) with MergeInstrumentationAnalysisTransform
[        ] Transforming kxml2-2.3.0.jar (net.sf.kxml:kxml2:2.3.0) with ExternalDependencyInstrumentingArtifactTransform
[        ] Transforming xercesImpl-2.12.0.jar (xerces:xercesImpl:2.12.0) with InstrumentationAnalysisTransform
[        ] Transforming trove4j-1.0.20181211.jar (org.jetbrains.intellij.deps:trove4j:1.0.20181211) with ExternalDependencyInstrumentingArtifactTransform
[        ] Transforming xercesImpl-2.12.0.jar (xerces:xercesImpl:2.12.0) with MergeInstrumentationAnalysisTransform
[        ] Transforming commons-compress-1.20.jar (org.apache.commons:commons-compress:1.20) with InstrumentationAnalysisTransform
[        ] Transforming commons-compress-1.20.jar (org.apache.commons:commons-compress:1.20) with MergeInstrumentationAnalysisTransform
[        ] Transforming httpclient-4.5.6.jar (org.apache.httpcomponents:httpclient:4.5.6) with InstrumentationAnalysisTransform
[        ] Transforming xercesImpl-2.12.0.jar (xerces:xercesImpl:2.12.0) with ExternalDependencyInstrumentingArtifactTransform
[        ] Transforming commons-compress-1.20.jar (org.apache.commons:commons-compress:1.20) with ExternalDependencyInstrumentingArtifactTransform
[        ] Transforming httpclient-4.5.6.jar (org.apache.httpcomponents:httpclient:4.5.6) with MergeInstrumentationAnalysisTransform
[        ] Transforming httpcore-4.4.10.jar (org.apache.httpcomponents:httpcore:4.4.10) with InstrumentationAnalysisTransform
[        ] Transforming httpcore-4.4.10.jar (org.apache.httpcomponents:httpcore:4.4.10) with MergeInstrumentationAnalysisTransform
[        ] Transforming javax.activation-1.2.0.jar (com.sun.activation:javax.activation:1.2.0) with InstrumentationAnalysisTransform
[        ] Transforming httpclient-4.5.6.jar (org.apache.httpcomponents:httpclient:4.5.6) with ExternalDependencyInstrumentingArtifactTransform
[        ] Transforming httpcore-4.4.10.jar (org.apache.httpcomponents:httpcore:4.4.10) with ExternalDependencyInstrumentingArtifactTransform
[        ] Transforming javax.activation-1.2.0.jar (com.sun.activation:javax.activation:1.2.0) with MergeInstrumentationAnalysisTransform
[        ] Transforming signflinger-7.1.2.jar (com.android:signflinger:7.1.2) with InstrumentationAnalysisTransform
[        ] Transforming javax.activation-1.2.0.jar (com.sun.activation:javax.activation:1.2.0) with ExternalDependencyInstrumentingArtifactTransform
[        ] Transforming signflinger-7.1.2.jar (com.android:signflinger:7.1.2) with MergeInstrumentationAnalysisTransform
[        ] Transforming zipflinger-7.1.2.jar (com.android:zipflinger:7.1.2) with InstrumentationAnalysisTransform
[        ] Transforming zipflinger-7.1.2.jar (com.android:zipflinger:7.1.2) with MergeInstrumentationAnalysisTransform
[        ] Transforming annotations-30.1.2.jar (com.android.tools:annotations:30.1.2) with InstrumentationAnalysisTransform
[        ] Transforming signflinger-7.1.2.jar (com.android:signflinger:7.1.2) with ExternalDependencyInstrumentingArtifactTransform
[        ] Transforming zipflinger-7.1.2.jar (com.android:zipflinger:7.1.2) with ExternalDependencyInstrumentingArtifactTransform
[        ] Transforming annotations-30.1.2.jar (com.android.tools:annotations:30.1.2) with MergeInstrumentationAnalysisTransform
[        ] Transforming jna-platform-5.6.0.jar (net.java.dev.jna:jna-platform:5.6.0) with InstrumentationAnalysisTransform
[        ] Transforming jna-platform-5.6.0.jar (net.java.dev.jna:jna-platform:5.6.0) with MergeInstrumentationAnalysisTransform
[        ] Transforming antlr4-4.5.3.jar (org.antlr:antlr4:4.5.3) with InstrumentationAnalysisTransform
[        ] Transforming antlr4-4.5.3.jar (org.antlr:antlr4:4.5.3) with MergeInstrumentationAnalysisTransform
[        ] Transforming annotations-30.1.2.jar (com.android.tools:annotations:30.1.2) with ExternalDependencyInstrumentingArtifactTransform
[        ] Transforming jna-platform-5.6.0.jar (net.java.dev.jna:jna-platform:5.6.0) with ExternalDependencyInstrumentingArtifactTransform
[        ] Transforming juniversalchardet-1.0.3.jar (com.googlecode.juniversalchardet:juniversalchardet:1.0.3) with InstrumentationAnalysisTransform
[        ] Transforming antlr4-4.5.3.jar (org.antlr:antlr4:4.5.3) with ExternalDependencyInstrumentingArtifactTransform
[        ] Transforming juniversalchardet-1.0.3.jar (com.googlecode.juniversalchardet:juniversalchardet:1.0.3) with MergeInstrumentationAnalysisTransform
[        ] Transforming kotlin-stdlib-jdk7-1.4.32.jar (org.jetbrains.kotlin:kotlin-stdlib-jdk7:1.4.32) with InstrumentationAnalysisTransform
[        ] Transforming kotlin-stdlib-jdk7-1.4.32.jar (org.jetbrains.kotlin:kotlin-stdlib-jdk7:1.4.32) with MergeInstrumentationAnalysisTransform
[        ] Transforming juniversalchardet-1.0.3.jar (com.googlecode.juniversalchardet:juniversalchardet:1.0.3) with ExternalDependencyInstrumentingArtifactTransform
[        ] Transforming kotlinx-coroutines-core-jvm-1.4.1.jar (org.jetbrains.kotlinx:kotlinx-coroutines-core-jvm:1.4.1) with InstrumentationAnalysisTransform
[        ] Transforming kotlin-stdlib-jdk7-1.4.32.jar (org.jetbrains.kotlin:kotlin-stdlib-jdk7:1.4.32) with ExternalDependencyInstrumentingArtifactTransform
[        ] Transforming kotlinx-coroutines-core-jvm-1.4.1.jar (org.jetbrains.kotlinx:kotlinx-coroutines-core-jvm:1.4.1) with MergeInstrumentationAnalysisTransform
[        ] Transforming markdown-jvm-0.2.1.jar (org.jetbrains:markdown-jvm:0.2.1) with InstrumentationAnalysisTransform
[        ] Transforming kotlinx-coroutines-core-jvm-1.4.1.jar (org.jetbrains.kotlinx:kotlinx-coroutines-core-jvm:1.4.1) with ExternalDependencyInstrumentingArtifactTransform
[        ] Transforming markdown-jvm-0.2.1.jar (org.jetbrains:markdown-jvm:0.2.1) with MergeInstrumentationAnalysisTransform
[        ] Transforming kotlin-stdlib-1.4.32.jar (org.jetbrains.kotlin:kotlin-stdlib:1.4.32) with InstrumentationAnalysisTransform
[        ] Transforming kotlin-stdlib-1.4.32.jar (org.jetbrains.kotlin:kotlin-stdlib:1.4.32) with MergeInstrumentationAnalysisTransform
[        ] Transforming markdown-jvm-0.2.1.jar (org.jetbrains:markdown-jvm:0.2.1) with ExternalDependencyInstrumentingArtifactTransform
[        ] Transforming annotations-13.0.jar (org.jetbrains:annotations:13.0) with InstrumentationAnalysisTransform
[        ] Transforming kotlin-stdlib-1.4.32.jar (org.jetbrains.kotlin:kotlin-stdlib:1.4.32) with ExternalDependencyInstrumentingArtifactTransform
[        ] Transforming annotations-13.0.jar (org.jetbrains:annotations:13.0) with MergeInstrumentationAnalysisTransform
[        ] Transforming stax-ex-1.8.1.jar (org.jvnet.staxex:stax-ex:1.8.1) with InstrumentationAnalysisTransform
[        ] Transforming annotations-13.0.jar (org.jetbrains:annotations:13.0) with ExternalDependencyInstrumentingArtifactTransform
[        ] Transforming stax-ex-1.8.1.jar (org.jvnet.staxex:stax-ex:1.8.1) with MergeInstrumentationAnalysisTransform
[        ] Transforming jackson-dataformat-xml-2.11.1.jar (com.fasterxml.jackson.dataformat:jackson-dataformat-xml:2.11.1) with InstrumentationAnalysisTransform
[        ] Transforming jackson-dataformat-xml-2.11.1.jar (com.fasterxml.jackson.dataformat:jackson-dataformat-xml:2.11.1) with MergeInstrumentationAnalysisTransform
[        ] Transforming stax-ex-1.8.1.jar (org.jvnet.staxex:stax-ex:1.8.1) with ExternalDependencyInstrumentingArtifactTransform
[        ] Transforming jackson-module-jaxb-annotations-2.11.1.jar (com.fasterxml.jackson.module:jackson-module-jaxb-annotations:2.11.1) with InstrumentationAnalysisTransform
[        ] Transforming jackson-dataformat-xml-2.11.1.jar (com.fasterxml.jackson.dataformat:jackson-dataformat-xml:2.11.1) with ExternalDependencyInstrumentingArtifactTransform
[        ] Transforming jackson-module-jaxb-annotations-2.11.1.jar (com.fasterxml.jackson.module:jackson-module-jaxb-annotations:2.11.1) with MergeInstrumentationAnalysisTransform
[        ] Transforming jakarta.xml.bind-api-2.3.2.jar (jakarta.xml.bind:jakarta.xml.bind-api:2.3.2) with InstrumentationAnalysisTransform
[        ] Transforming jakarta.xml.bind-api-2.3.2.jar (jakarta.xml.bind:jakarta.xml.bind-api:2.3.2) with MergeInstrumentationAnalysisTransform
[        ] Transforming jackson-module-jaxb-annotations-2.11.1.jar (com.fasterxml.jackson.module:jackson-module-jaxb-annotations:2.11.1) with ExternalDependencyInstrumentingArtifactTransform
[        ] Transforming txw2-2.3.2.jar (org.glassfish.jaxb:txw2:2.3.2) with InstrumentationAnalysisTransform
[        ] Transforming jakarta.xml.bind-api-2.3.2.jar (jakarta.xml.bind:jakarta.xml.bind-api:2.3.2) with ExternalDependencyInstrumentingArtifactTransform
[        ] Transforming txw2-2.3.2.jar (org.glassfish.jaxb:txw2:2.3.2) with MergeInstrumentationAnalysisTransform
[        ] Transforming istack-commons-runtime-3.0.8.jar (com.sun.istack:istack-commons-runtime:3.0.8) with InstrumentationAnalysisTransform
[        ] Transforming istack-commons-runtime-3.0.8.jar (com.sun.istack:istack-commons-runtime:3.0.8) with MergeInstrumentationAnalysisTransform
[        ] Transforming txw2-2.3.2.jar (org.glassfish.jaxb:txw2:2.3.2) with ExternalDependencyInstrumentingArtifactTransform
[        ] Transforming FastInfoset-1.2.16.jar (com.sun.xml.fastinfoset:FastInfoset:1.2.16) with InstrumentationAnalysisTransform
[        ] Transforming istack-commons-runtime-3.0.8.jar (com.sun.istack:istack-commons-runtime:3.0.8) with ExternalDependencyInstrumentingArtifactTransform
[        ] Transforming FastInfoset-1.2.16.jar (com.sun.xml.fastinfoset:FastInfoset:1.2.16) with MergeInstrumentationAnalysisTransform
[        ] Transforming jakarta.activation-api-1.2.1.jar (jakarta.activation:jakarta.activation-api:1.2.1) with InstrumentationAnalysisTransform
[        ] Transforming FastInfoset-1.2.16.jar (com.sun.xml.fastinfoset:FastInfoset:1.2.16) with ExternalDependencyInstrumentingArtifactTransform
[        ] Transforming jakarta.activation-api-1.2.1.jar (jakarta.activation:jakarta.activation-api:1.2.1) with MergeInstrumentationAnalysisTransform
[        ] Transforming auto-value-annotations-1.6.2.jar (com.google.auto.value:auto-value-annotations:1.6.2) with InstrumentationAnalysisTransform
[        ] Transforming jakarta.activation-api-1.2.1.jar (jakarta.activation:jakarta.activation-api:1.2.1) with ExternalDependencyInstrumentingArtifactTransform
[        ] Transforming auto-value-annotations-1.6.2.jar (com.google.auto.value:auto-value-annotations:1.6.2) with MergeInstrumentationAnalysisTransform
[        ] Transforming error_prone_annotations-2.3.4.jar (com.google.errorprone:error_prone_annotations:2.3.4) with InstrumentationAnalysisTransform
[        ] Transforming error_prone_annotations-2.3.4.jar (com.google.errorprone:error_prone_annotations:2.3.4) with MergeInstrumentationAnalysisTransform
[        ] Transforming auto-value-annotations-1.6.2.jar (com.google.auto.value:auto-value-annotations:1.6.2) with ExternalDependencyInstrumentingArtifactTransform
[        ] Transforming jose4j-0.7.0.jar (org.bitbucket.b_c:jose4j:0.7.0) with InstrumentationAnalysisTransform
[        ] Transforming error_prone_annotations-2.3.4.jar (com.google.errorprone:error_prone_annotations:2.3.4) with ExternalDependencyInstrumentingArtifactTransform
[        ] Transforming jose4j-0.7.0.jar (org.bitbucket.b_c:jose4j:0.7.0) with MergeInstrumentationAnalysisTransform
[        ] Transforming slf4j-api-1.7.30.jar (org.slf4j:slf4j-api:1.7.30) with InstrumentationAnalysisTransform
[        ] Transforming jose4j-0.7.0.jar (org.bitbucket.b_c:jose4j:0.7.0) with ExternalDependencyInstrumentingArtifactTransform
[        ] Transforming slf4j-api-1.7.30.jar (org.slf4j:slf4j-api:1.7.30) with MergeInstrumentationAnalysisTransform
[        ] Transforming jdom2-2.0.6.jar (org.jdom:jdom2:2.0.6) with InstrumentationAnalysisTransform
[        ] Transforming jdom2-2.0.6.jar (org.jdom:jdom2:2.0.6) with MergeInstrumentationAnalysisTransform
[        ] Transforming slf4j-api-1.7.30.jar (org.slf4j:slf4j-api:1.7.30) with ExternalDependencyInstrumentingArtifactTransform
[        ] Transforming opencensus-contrib-grpc-metrics-0.21.0.jar (io.opencensus:opencensus-contrib-grpc-metrics:0.21.0) with InstrumentationAnalysisTransform
[        ] Transforming jdom2-2.0.6.jar (org.jdom:jdom2:2.0.6) with ExternalDependencyInstrumentingArtifactTransform
[        ] Transforming opencensus-contrib-grpc-metrics-0.21.0.jar (io.opencensus:opencensus-contrib-grpc-metrics:0.21.0) with MergeInstrumentationAnalysisTransform
[        ] Transforming opencensus-api-0.21.0.jar (io.opencensus:opencensus-api:0.21.0) with InstrumentationAnalysisTransform
[        ] Transforming opencensus-api-0.21.0.jar (io.opencensus:opencensus-api:0.21.0) with MergeInstrumentationAnalysisTransform
[        ] Transforming opencensus-contrib-grpc-metrics-0.21.0.jar (io.opencensus:opencensus-contrib-grpc-metrics:0.21.0) with ExternalDependencyInstrumentingArtifactTransform
[        ] Transforming annotations-4.1.1.4.jar (com.google.android:annotations:4.1.1.4) with InstrumentationAnalysisTransform
[        ] Transforming opencensus-api-0.21.0.jar (io.opencensus:opencensus-api:0.21.0) with ExternalDependencyInstrumentingArtifactTransform
[        ] Transforming annotations-4.1.1.4.jar (com.google.android:annotations:4.1.1.4) with MergeInstrumentationAnalysisTransform
[        ] Transforming netty-codec-http2-4.1.34.Final.jar (io.netty:netty-codec-http2:4.1.34.Final) with InstrumentationAnalysisTransform
[        ] Transforming annotations-4.1.1.4.jar (com.google.android:annotations:4.1.1.4) with ExternalDependencyInstrumentingArtifactTransform
[        ] Transforming netty-codec-http2-4.1.34.Final.jar (io.netty:netty-codec-http2:4.1.34.Final) with MergeInstrumentationAnalysisTransform
[        ] Transforming netty-handler-proxy-4.1.34.Final.jar (io.netty:netty-handler-proxy:4.1.34.Final) with InstrumentationAnalysisTransform
[        ] Transforming netty-handler-proxy-4.1.34.Final.jar (io.netty:netty-handler-proxy:4.1.34.Final) with MergeInstrumentationAnalysisTransform
[        ] Transforming netty-codec-http2-4.1.34.Final.jar (io.netty:netty-codec-http2:4.1.34.Final) with ExternalDependencyInstrumentingArtifactTransform
[        ] Transforming proto-google-common-protos-1.12.0.jar (com.google.api.grpc:proto-google-common-protos:1.12.0) with InstrumentationAnalysisTransform
[        ] Transforming netty-handler-proxy-4.1.34.Final.jar (io.netty:netty-handler-proxy:4.1.34.Final) with ExternalDependencyInstrumentingArtifactTransform
[        ] Transforming proto-google-common-protos-1.12.0.jar (com.google.api.grpc:proto-google-common-protos:1.12.0) with MergeInstrumentationAnalysisTransform
[        ] Transforming json-20180813.jar (org.json:json:20180813) with InstrumentationAnalysisTransform
[        ] Transforming json-20180813.jar (org.json:json:20180813) with MergeInstrumentationAnalysisTransform
[        ] Transforming proto-google-common-protos-1.12.0.jar (com.google.api.grpc:proto-google-common-protos:1.12.0) with ExternalDependencyInstrumentingArtifactTransform
[        ] Transforming jsoup-1.13.1.jar (org.jsoup:jsoup:1.13.1) with InstrumentationAnalysisTransform
[        ] Transforming json-20180813.jar (org.json:json:20180813) with ExternalDependencyInstrumentingArtifactTransform
[        ] Transforming jsoup-1.13.1.jar (org.jsoup:jsoup:1.13.1) with MergeInstrumentationAnalysisTransform
[        ] Transforming checker-qual-3.5.0.jar (org.checkerframework:checker-qual:3.5.0) with InstrumentationAnalysisTransform
[        ] Transforming jsoup-1.13.1.jar (org.jsoup:jsoup:1.13.1) with ExternalDependencyInstrumentingArtifactTransform
[        ] Transforming checker-qual-3.5.0.jar (org.checkerframework:checker-qual:3.5.0) with MergeInstrumentationAnalysisTransform
[        ] Transforming commons-codec-1.10.jar (commons-codec:commons-codec:1.10) with InstrumentationAnalysisTransform
[        ] Transforming commons-codec-1.10.jar (commons-codec:commons-codec:1.10) with MergeInstrumentationAnalysisTransform
[        ] Transforming checker-qual-3.5.0.jar (org.checkerframework:checker-qual:3.5.0) with ExternalDependencyInstrumentingArtifactTransform
[        ] Transforming fastutil-8.4.0.jar (it.unimi.dsi:fastutil:8.4.0) with InstrumentationAnalysisTransform
[        ] Transforming commons-codec-1.10.jar (commons-codec:commons-codec:1.10) with ExternalDependencyInstrumentingArtifactTransform
[        ] Transforming fastutil-8.4.0.jar (it.unimi.dsi:fastutil:8.4.0) with MergeInstrumentationAnalysisTransform
[        ] Transforming json-simple-1.1.jar (com.googlecode.json-simple:json-simple:1.1) with InstrumentationAnalysisTransform
[        ] Transforming json-simple-1.1.jar (com.googlecode.json-simple:json-simple:1.1) with MergeInstrumentationAnalysisTransform
[        ] Transforming apksig-7.1.2.jar (com.android.tools.build:apksig:7.1.2) with InstrumentationAnalysisTransform
[        ] Transforming fastutil-8.4.0.jar (it.unimi.dsi:fastutil:8.4.0) with ExternalDependencyInstrumentingArtifactTransform
[        ] Transforming json-simple-1.1.jar (com.googlecode.json-simple:json-simple:1.1) with ExternalDependencyInstrumentingArtifactTransform
[        ] Transforming apksig-7.1.2.jar (com.android.tools.build:apksig:7.1.2) with MergeInstrumentationAnalysisTransform
[        ] Transforming javawriter-2.5.0.jar (com.squareup:javawriter:2.5.0) with InstrumentationAnalysisTransform
[        ] Transforming javawriter-2.5.0.jar (com.squareup:javawriter:2.5.0) with MergeInstrumentationAnalysisTransform
[        ] Transforming failureaccess-1.0.1.jar (com.google.guava:failureaccess:1.0.1) with InstrumentationAnalysisTransform
[        ] Transforming apksig-7.1.2.jar (com.android.tools.build:apksig:7.1.2) with ExternalDependencyInstrumentingArtifactTransform
[        ] Transforming failureaccess-1.0.1.jar (com.google.guava:failureaccess:1.0.1) with MergeInstrumentationAnalysisTransform
[        ] Transforming javawriter-2.5.0.jar (com.squareup:javawriter:2.5.0) with ExternalDependencyInstrumentingArtifactTransform
[        ] Transforming listenablefuture-9999.0-empty-to-avoid-conflict-with-guava.jar (com.google.guava:listenablefuture:9999.0-empty-to-avoid-conflict-with-guava) with InstrumentationAnalysisTransform
[        ] Transforming failureaccess-1.0.1.jar (com.google.guava:failureaccess:1.0.1) with ExternalDependencyInstrumentingArtifactTransform
[        ] Transforming listenablefuture-9999.0-empty-to-avoid-conflict-with-guava.jar (com.google.guava:listenablefuture:9999.0-empty-to-avoid-conflict-with-guava) with MergeInstrumentationAnalysisTransform
[        ] Transforming jsr305-3.0.2.jar (com.google.code.findbugs:jsr305:3.0.2) with InstrumentationAnalysisTransform
[        ] Transforming jsr305-3.0.2.jar (com.google.code.findbugs:jsr305:3.0.2) with MergeInstrumentationAnalysisTransform
[        ] Transforming j2objc-annotations-1.3.jar (com.google.j2objc:j2objc-annotations:1.3) with InstrumentationAnalysisTransform
[        ] Transforming listenablefuture-9999.0-empty-to-avoid-conflict-with-guava.jar (com.google.guava:listenablefuture:9999.0-empty-to-avoid-conflict-with-guava) with ExternalDependencyInstrumentingArtifactTransform
[        ] Transforming jsr305-3.0.2.jar (com.google.code.findbugs:jsr305:3.0.2) with ExternalDependencyInstrumentingArtifactTransform
[        ] Transforming j2objc-annotations-1.3.jar (com.google.j2objc:j2objc-annotations:1.3) with MergeInstrumentationAnalysisTransform
[        ] Transforming xml-apis-1.4.01.jar (xml-apis:xml-apis:1.4.01) with InstrumentationAnalysisTransform
[        ] Transforming xml-apis-1.4.01.jar (xml-apis:xml-apis:1.4.01) with MergeInstrumentationAnalysisTransform
[        ] Transforming commons-logging-1.2.jar (commons-logging:commons-logging:1.2) with InstrumentationAnalysisTransform
[        ] Transforming j2objc-annotations-1.3.jar (com.google.j2objc:j2objc-annotations:1.3) with ExternalDependencyInstrumentingArtifactTransform
[        ] Transforming xml-apis-1.4.01.jar (xml-apis:xml-apis:1.4.01) with ExternalDependencyInstrumentingArtifactTransform
[        ] Transforming commons-logging-1.2.jar (commons-logging:commons-logging:1.2) with MergeInstrumentationAnalysisTransform
[        ] Transforming jna-5.6.0.jar (net.java.dev.jna:jna:5.6.0) with InstrumentationAnalysisTransform
[        ] Transforming commons-logging-1.2.jar (commons-logging:commons-logging:1.2) with ExternalDependencyInstrumentingArtifactTransform
[        ] Transforming jna-5.6.0.jar (net.java.dev.jna:jna:5.6.0) with MergeInstrumentationAnalysisTransform
[        ] Transforming kotlin-stdlib-common-1.4.32.jar (org.jetbrains.kotlin:kotlin-stdlib-common:1.4.32) with InstrumentationAnalysisTransform
[        ] Transforming kotlin-stdlib-common-1.4.32.jar (org.jetbrains.kotlin:kotlin-stdlib-common:1.4.32) with MergeInstrumentationAnalysisTransform
[        ] Transforming jna-5.6.0.jar (net.java.dev.jna:jna:5.6.0) with ExternalDependencyInstrumentingArtifactTransform
[        ] Transforming grpc-context-1.21.1.jar (io.grpc:grpc-context:1.21.1) with InstrumentationAnalysisTransform
[        ] Transforming kotlin-stdlib-common-1.4.32.jar (org.jetbrains.kotlin:kotlin-stdlib-common:1.4.32) with ExternalDependencyInstrumentingArtifactTransform
[        ] Transforming grpc-context-1.21.1.jar (io.grpc:grpc-context:1.21.1) with MergeInstrumentationAnalysisTransform
[        ] Transforming animal-sniffer-annotations-1.17.jar (org.codehaus.mojo:animal-sniffer-annotations:1.17) with InstrumentationAnalysisTransform
[        ] Transforming animal-sniffer-annotations-1.17.jar (org.codehaus.mojo:animal-sniffer-annotations:1.17) with MergeInstrumentationAnalysisTransform
[        ] Transforming grpc-context-1.21.1.jar (io.grpc:grpc-context:1.21.1) with ExternalDependencyInstrumentingArtifactTransform
[        ] Transforming netty-codec-http-4.1.34.Final.jar (io.netty:netty-codec-http:4.1.34.Final) with InstrumentationAnalysisTransform
[        ] Transforming animal-sniffer-annotations-1.17.jar (org.codehaus.mojo:animal-sniffer-annotations:1.17) with ExternalDependencyInstrumentingArtifactTransform
[        ] Transforming netty-codec-http-4.1.34.Final.jar (io.netty:netty-codec-http:4.1.34.Final) with MergeInstrumentationAnalysisTransform
[        ] Transforming netty-handler-4.1.34.Final.jar (io.netty:netty-handler:4.1.34.Final) with InstrumentationAnalysisTransform
[        ] Transforming netty-handler-4.1.34.Final.jar (io.netty:netty-handler:4.1.34.Final) with MergeInstrumentationAnalysisTransform
[        ] Transforming netty-codec-socks-4.1.34.Final.jar (io.netty:netty-codec-socks:4.1.34.Final) with InstrumentationAnalysisTransform
[        ] Transforming netty-codec-http-4.1.34.Final.jar (io.netty:netty-codec-http:4.1.34.Final) with ExternalDependencyInstrumentingArtifactTransform
[        ] Transforming netty-handler-4.1.34.Final.jar (io.netty:netty-handler:4.1.34.Final) with ExternalDependencyInstrumentingArtifactTransform
[        ] Transforming netty-codec-socks-4.1.34.Final.jar (io.netty:netty-codec-socks:4.1.34.Final) with MergeInstrumentationAnalysisTransform
[        ] Transforming netty-codec-4.1.34.Final.jar (io.netty:netty-codec:4.1.34.Final) with InstrumentationAnalysisTransform
[        ] Transforming netty-codec-4.1.34.Final.jar (io.netty:netty-codec:4.1.34.Final) with MergeInstrumentationAnalysisTransform
[        ] Transforming netty-codec-socks-4.1.34.Final.jar (io.netty:netty-codec-socks:4.1.34.Final) with ExternalDependencyInstrumentingArtifactTransform
[        ] Transforming netty-codec-4.1.34.Final.jar (io.netty:netty-codec:4.1.34.Final) with ExternalDependencyInstrumentingArtifactTransform
[        ] Transforming netty-transport-4.1.34.Final.jar (io.netty:netty-transport:4.1.34.Final) with InstrumentationAnalysisTransform
[        ] Transforming netty-transport-4.1.34.Final.jar (io.netty:netty-transport:4.1.34.Final) with MergeInstrumentationAnalysisTransform
[        ] Transforming netty-buffer-4.1.34.Final.jar (io.netty:netty-buffer:4.1.34.Final) with InstrumentationAnalysisTransform
[        ] Transforming netty-buffer-4.1.34.Final.jar (io.netty:netty-buffer:4.1.34.Final) with MergeInstrumentationAnalysisTransform
[        ] Transforming netty-resolver-4.1.34.Final.jar (io.netty:netty-resolver:4.1.34.Final) with InstrumentationAnalysisTransform
[        ] Transforming netty-transport-4.1.34.Final.jar (io.netty:netty-transport:4.1.34.Final) with ExternalDependencyInstrumentingArtifactTransform
[        ] Transforming netty-resolver-4.1.34.Final.jar (io.netty:netty-resolver:4.1.34.Final) with MergeInstrumentationAnalysisTransform
[        ] Transforming netty-buffer-4.1.34.Final.jar (io.netty:netty-buffer:4.1.34.Final) with ExternalDependencyInstrumentingArtifactTransform
[        ] Transforming netty-common-4.1.34.Final.jar (io.netty:netty-common:4.1.34.Final) with InstrumentationAnalysisTransform
[        ] Transforming netty-resolver-4.1.34.Final.jar (io.netty:netty-resolver:4.1.34.Final) with ExternalDependencyInstrumentingArtifactTransform
[        ] Transforming netty-common-4.1.34.Final.jar (io.netty:netty-common:4.1.34.Final) with MergeInstrumentationAnalysisTransform
[        ] Transforming jackson-databind-2.11.1.jar (com.fasterxml.jackson.core:jackson-databind:2.11.1) with InstrumentationAnalysisTransform
[        ] Transforming netty-common-4.1.34.Final.jar (io.netty:netty-common:4.1.34.Final) with ExternalDependencyInstrumentingArtifactTransform
[        ] Transforming jackson-databind-2.11.1.jar (com.fasterxml.jackson.core:jackson-databind:2.11.1) with MergeInstrumentationAnalysisTransform
[        ] Transforming jackson-annotations-2.11.1.jar (com.fasterxml.jackson.core:jackson-annotations:2.11.1) with InstrumentationAnalysisTransform
[        ] Transforming jackson-annotations-2.11.1.jar (com.fasterxml.jackson.core:jackson-annotations:2.11.1) with MergeInstrumentationAnalysisTransform
[        ] Transforming jackson-databind-2.11.1.jar (com.fasterxml.jackson.core:jackson-databind:2.11.1) with ExternalDependencyInstrumentingArtifactTransform
[        ] Transforming jackson-core-2.11.1.jar (com.fasterxml.jackson.core:jackson-core:2.11.1) with InstrumentationAnalysisTransform
[        ] Transforming jackson-annotations-2.11.1.jar (com.fasterxml.jackson.core:jackson-annotations:2.11.1) with ExternalDependencyInstrumentingArtifactTransform
[        ] Transforming jackson-core-2.11.1.jar (com.fasterxml.jackson.core:jackson-core:2.11.1) with MergeInstrumentationAnalysisTransform
[        ] Transforming woodstox-core-6.2.1.jar (com.fasterxml.woodstox:woodstox-core:6.2.1) with InstrumentationAnalysisTransform
[        ] Transforming jackson-core-2.11.1.jar (com.fasterxml.jackson.core:jackson-core:2.11.1) with ExternalDependencyInstrumentingArtifactTransform
[        ] Transforming woodstox-core-6.2.1.jar (com.fasterxml.woodstox:woodstox-core:6.2.1) with MergeInstrumentationAnalysisTransform
[        ] Transforming stax2-api-4.2.1.jar (org.codehaus.woodstox:stax2-api:4.2.1) with InstrumentationAnalysisTransform
[        ] Transforming woodstox-core-6.2.1.jar (com.fasterxml.woodstox:woodstox-core:6.2.1) with ExternalDependencyInstrumentingArtifactTransform
[        ] Transforming stax2-api-4.2.1.jar (org.codehaus.woodstox:stax2-api:4.2.1) with MergeInstrumentationAnalysisTransform
[        ] Transforming stax2-api-4.2.1.jar (org.codehaus.woodstox:stax2-api:4.2.1) with ExternalDependencyInstrumentingArtifactTransform
[        ] Using default execution profile
[        ] > Configure project :shared_preferences_android
[        ] Evaluating project ':shared_preferences_android' using build file '/Users/anas/.pub-cache/hosted/pub.dev/shared_preferences_android-2.4.6/android/build.gradle'.
[        ] Transforming gradle-8.5.1.jar (com.android.tools.build:gradle:8.5.1) with InstrumentationAnalysisTransform
[        ] Transforming kotlin-gradle-plugin-model-2.1.10.jar (org.jetbrains.kotlin:kotlin-gradle-plugin-model:2.1.10) with InstrumentationAnalysisTransform
[        ] Transforming kotlin-gradle-plugin-api-2.1.10.jar (org.jetbrains.kotlin:kotlin-gradle-plugin-api:2.1.10) with InstrumentationAnalysisTransform
[        ] Transforming kotlin-gradle-plugin-2.1.10-gradle85.jar (org.jetbrains.kotlin:kotlin-gradle-plugin:2.1.10) with InstrumentationAnalysisTransform
[        ] Transforming gradle-settings-api-8.5.1.jar (com.android.tools.build:gradle-settings-api:8.5.1) with InstrumentationAnalysisTransform
[        ] Transforming lint-model-31.5.1.jar (com.android.tools.lint:lint-model:31.5.1) with InstrumentationAnalysisTransform
[        ] Transforming builder-8.5.1.jar (com.android.tools.build:builder:8.5.1) with InstrumentationAnalysisTransform
[        ] Transforming manifest-merger-31.5.1.jar (com.android.tools.build:manifest-merger:31.5.1) with InstrumentationAnalysisTransform
[        ] Transforming sdk-common-31.5.1.jar (com.android.tools:sdk-common:31.5.1) with InstrumentationAnalysisTransform
[        ] Transforming sdklib-31.5.1.jar (com.android.tools:sdklib:31.5.1) with InstrumentationAnalysisTransform
[        ] Transforming repository-31.5.1.jar (com.android.tools:repository:31.5.1) with InstrumentationAnalysisTransform
[        ] Transforming gradle-api-8.5.1.jar (com.android.tools.build:gradle-api:8.5.1) with InstrumentationAnalysisTransform
[        ] Transforming builder-test-api-8.5.1.jar (com.android.tools.build:builder-test-api:8.5.1) with InstrumentationAnalysisTransform
[        ] Transforming ddmlib-31.5.1.jar (com.android.tools.ddms:ddmlib:31.5.1) with InstrumentationAnalysisTransform
[        ] Transforming aaptcompiler-8.5.1.jar (com.android.tools.build:aaptcompiler:8.5.1) with InstrumentationAnalysisTransform
[        ] Transforming bundletool-1.16.0.jar (com.android.tools.build:bundletool:1.16.0) with InstrumentationAnalysisTransform
[        ] Transforming aapt2-proto-8.5.1-11315950.jar (com.android.tools.build:aapt2-proto:8.5.1-11315950) with InstrumentationAnalysisTransform
[        ] Transforming crash-31.5.1.jar (com.android.tools.analytics-library:crash:31.5.1) with InstrumentationAnalysisTransform
[        ] Transforming tracker-31.5.1.jar (com.android.tools.analytics-library:tracker:31.5.1) with InstrumentationAnalysisTransform
[        ] Transforming shared-31.5.1.jar (com.android.tools.analytics-library:shared:31.5.1) with InstrumentationAnalysisTransform
[        ] Transforming lint-typedef-remover-31.5.1.jar (com.android.tools.lint:lint-typedef-remover:31.5.1) with InstrumentationAnalysisTransform
[        ] Transforming databinding-compiler-common-8.5.1.jar (androidx.databinding:databinding-compiler-common:8.5.1) with InstrumentationAnalysisTransform
[        ] Transforming databinding-common-8.5.1.jar (androidx.databinding:databinding-common:8.5.1) with InstrumentationAnalysisTransform
[        ] Transforming baseLibrary-8.5.1.jar (com.android.databinding:baseLibrary:8.5.1) with InstrumentationAnalysisTransform
[        ] Transforming layoutlib-api-31.5.1.jar (com.android.tools.layoutlib:layoutlib-api:31.5.1) with InstrumentationAnalysisTransform
[        ] Transforming android-device-provider-ddmlib-proto-31.5.1.jar (com.android.tools.utp:android-device-provider-ddmlib-proto:31.5.1) with InstrumentationAnalysisTransform
[        ] Transforming android-device-provider-gradle-proto-31.5.1.jar (com.android.tools.utp:android-device-provider-gradle-proto:31.5.1) with InstrumentationAnalysisTransform
[        ] Transforming android-test-plugin-host-additional-test-output-proto-31.5.1.jar (com.android.tools.utp:android-test-plugin-host-additional-test-output-proto:31.5.1) with InstrumentationAnalysisTransform
[        ] Transforming android-test-plugin-host-coverage-proto-31.5.1.jar (com.android.tools.utp:android-test-plugin-host-coverage-proto:31.5.1) with InstrumentationAnalysisTransform
[        ] Transforming android-test-plugin-host-emulator-control-proto-31.5.1.jar (com.android.tools.utp:android-test-plugin-host-emulator-control-proto:31.5.1) with InstrumentationAnalysisTransform
[        ] Transforming android-test-plugin-host-logcat-proto-31.5.1.jar (com.android.tools.utp:android-test-plugin-host-logcat-proto:31.5.1) with InstrumentationAnalysisTransform
[        ] Transforming android-test-plugin-host-apk-installer-proto-31.5.1.jar (com.android.tools.utp:android-test-plugin-host-apk-installer-proto:31.5.1) with InstrumentationAnalysisTransform
[        ] Transforming android-test-plugin-host-retention-proto-31.5.1.jar (com.android.tools.utp:android-test-plugin-host-retention-proto:31.5.1) with InstrumentationAnalysisTransform
[        ] Transforming android-test-plugin-result-listener-gradle-proto-31.5.1.jar (com.android.tools.utp:android-test-plugin-result-listener-gradle-proto:31.5.1) with InstrumentationAnalysisTransform
[        ] Transforming builder-model-8.5.1.jar (com.android.tools.build:builder-model:8.5.1) with InstrumentationAnalysisTransform
[        ] Transforming dvlib-31.5.1.jar (com.android.tools:dvlib:31.5.1) with InstrumentationAnalysisTransform
[        ] Transforming common-31.5.1.jar (com.android.tools:common:31.5.1) with InstrumentationAnalysisTransform
[        ] Transforming jetifier-processor-1.0.0-beta10.jar (com.android.tools.build.jetifier:jetifier-processor:1.0.0-beta10) with InstrumentationAnalysisTransform
[        ] Transforming jetifier-core-1.0.0-beta10.jar (com.android.tools.build.jetifier:jetifier-core:1.0.0-beta10) with InstrumentationAnalysisTransform
[        ] Transforming kotlin-reflect-1.9.20.jar (org.jetbrains.kotlin:kotlin-reflect:1.9.20) with InstrumentationAnalysisTransform
[        ] Transforming kotlin-stdlib-jdk7-1.9.20.jar (org.jetbrains.kotlin:kotlin-stdlib-jdk7:1.9.20) with InstrumentationAnalysisTransform
[        ] Transforming kotlin-stdlib-1.9.20.jar (org.jetbrains.kotlin:kotlin-stdlib:1.9.20) with InstrumentationAnalysisTransform
[        ] Transforming kotlin-stdlib-jdk8-1.9.20.jar (org.jetbrains.kotlin:kotlin-stdlib-jdk8:1.9.20) with InstrumentationAnalysisTransform
[        ] Transforming transform-api-2.0.0-deprecated-use-gradle-api.jar (com.android.tools.build:transform-api:2.0.0-deprecated-use-gradle-api) with InstrumentationAnalysisTransform
[        ] Transforming httpmime-4.5.6.jar (org.apache.httpcomponents:httpmime:4.5.6) with InstrumentationAnalysisTransform
[        ] Transforming commons-io-2.13.0.jar (commons-io:commons-io:2.13.0) with InstrumentationAnalysisTransform
[        ] Transforming asm-commons-9.6.jar (org.ow2.asm:asm-commons:9.6) with InstrumentationAnalysisTransform
[        ] Transforming asm-util-9.6.jar (org.ow2.asm:asm-util:9.6) with InstrumentationAnalysisTransform
[        ] Transforming asm-analysis-9.6.jar (org.ow2.asm:asm-analysis:9.6) with InstrumentationAnalysisTransform
[        ] Transforming asm-tree-9.6.jar (org.ow2.asm:asm-tree:9.6) with InstrumentationAnalysisTransform
[        ] Transforming asm-9.6.jar (org.ow2.asm:asm:9.6) with InstrumentationAnalysisTransform
[        ] Transforming apkzlib-8.5.1.jar (com.android.tools.build:apkzlib:8.5.1) with InstrumentationAnalysisTransform
[        ] Transforming bcpkix-jdk18on-1.77.jar (org.bouncycastle:bcpkix-jdk18on:1.77) with InstrumentationAnalysisTransform
[        ] Transforming jaxb-runtime-2.3.2.jar (org.glassfish.jaxb:jaxb-runtime:2.3.2) with InstrumentationAnalysisTransform
[        ] Transforming jopt-simple-4.9.jar (net.sf.jopt-simple:jopt-simple:4.9) with InstrumentationAnalysisTransform
[        ] Transforming javapoet-1.10.0.jar (com.squareup:javapoet:1.10.0) with InstrumentationAnalysisTransform
[        ] Transforming protobuf-java-util-3.22.3.jar (com.google.protobuf:protobuf-java-util:3.22.3) with InstrumentationAnalysisTransform
[        ] Transforming grpc-protobuf-1.57.0.jar (io.grpc:grpc-protobuf:1.57.0) with InstrumentationAnalysisTransform
[        ] Transforming tink-1.7.0.jar (com.google.crypto.tink:tink:1.7.0) with InstrumentationAnalysisTransform
[        ] Transforming protos-31.5.1.jar (com.android.tools.analytics-library:protos:31.5.1) with InstrumentationAnalysisTransform
[        ] Transforming proto-google-common-protos-2.17.0.jar (com.google.api.grpc:proto-google-common-protos:2.17.0) with InstrumentationAnalysisTransform
[        ] Transforming protobuf-java-3.22.3.jar (com.google.protobuf:protobuf-java:3.22.3) with InstrumentationAnalysisTransform
[        ] Transforming grpc-netty-1.57.0.jar (io.grpc:grpc-netty:1.57.0) with InstrumentationAnalysisTransform
[        ] Transforming grpc-core-1.57.0.jar (io.grpc:grpc-core:1.57.0) with InstrumentationAnalysisTransform
[        ] Transforming kotlin-build-statistics-2.1.10.jar (org.jetbrains.kotlin:kotlin-build-statistics:2.1.10) with InstrumentationAnalysisTransform
[        ] Transforming gson-2.10.1.jar (com.google.code.gson:gson:2.10.1) with InstrumentationAnalysisTransform
[        ] Transforming grpc-stub-1.57.0.jar (io.grpc:grpc-stub:1.57.0) with InstrumentationAnalysisTransform
[        ] Transforming core-proto-0.0.9-alpha02.jar (com.google.testing.platform:core-proto:0.0.9-alpha02) with InstrumentationAnalysisTransform
[        ] Transforming kxml2-2.3.0.jar (net.sf.kxml:kxml2:2.3.0) with InstrumentationAnalysisTransform
[        ] Transforming tensorflow-lite-metadata-0.1.0-rc2.jar (org.tensorflow:tensorflow-lite-metadata:0.1.0-rc2) with InstrumentationAnalysisTransform
[        ] Transforming flatbuffers-java-1.12.0.jar (com.google.flatbuffers:flatbuffers-java:1.12.0) with InstrumentationAnalysisTransform
[        ] Transforming kotlin-gradle-plugin-idea-proto-2.1.10.jar (org.jetbrains.kotlin:kotlin-gradle-plugin-idea-proto:2.1.10) with InstrumentationAnalysisTransform
[        ] Transforming kotlin-gradle-plugin-idea-2.1.10.jar (org.jetbrains.kotlin:kotlin-gradle-plugin-idea:2.1.10) with InstrumentationAnalysisTransform
[        ] Transforming kotlin-klib-commonizer-api-2.1.10.jar (org.jetbrains.kotlin:kotlin-klib-commonizer-api:2.1.10) with InstrumentationAnalysisTransform
[        ] Transforming kotlin-util-klib-metadata-2.1.10.jar (org.jetbrains.kotlin:kotlin-util-klib-metadata:2.1.10) with InstrumentationAnalysisTransform
[        ] Transforming kotlin-compiler-runner-2.1.10.jar (org.jetbrains.kotlin:kotlin-compiler-runner:2.1.10) with InstrumentationAnalysisTransform
[        ] Transforming jimfs-1.1.jar (com.google.jimfs:jimfs:1.1) with InstrumentationAnalysisTransform
[        ] Transforming grpc-context-1.57.0.jar (io.grpc:grpc-context:1.57.0) with InstrumentationAnalysisTransform
[        ] Transforming grpc-protobuf-lite-1.57.0.jar (io.grpc:grpc-protobuf-lite:1.57.0) with InstrumentationAnalysisTransform
[        ] Transforming grpc-api-1.57.0.jar (io.grpc:grpc-api:1.57.0) with InstrumentationAnalysisTransform
[        ] Transforming guava-32.0.1-jre.jar (com.google.guava:guava:32.0.1-jre) with InstrumentationAnalysisTransform
[        ] Transforming dagger-2.28.3.jar (com.google.dagger:dagger:2.28.3) with InstrumentationAnalysisTransform
[        ] Transforming javax.inject-1.jar (javax.inject:javax.inject:1) with InstrumentationAnalysisTransform
[        ] Transforming bcutil-jdk18on-1.77.jar (org.bouncycastle:bcutil-jdk18on:1.77) with InstrumentationAnalysisTransform
[        ] Transforming bcprov-jdk18on-1.77.jar (org.bouncycastle:bcprov-jdk18on:1.77) with InstrumentationAnalysisTransform
[        ] Transforming trove4j-1.0.20200330.jar (org.jetbrains.intellij.deps:trove4j:1.0.20200330) with InstrumentationAnalysisTransform
[        ] Transforming commons-compress-1.21.jar (org.apache.commons:commons-compress:1.21) with InstrumentationAnalysisTransform
[        ] Transforming httpclient-4.5.14.jar (org.apache.httpcomponents:httpclient:4.5.14) with InstrumentationAnalysisTransform
[        ] Transforming httpcore-4.4.16.jar (org.apache.httpcomponents:httpcore:4.4.16) with InstrumentationAnalysisTransform
[        ] Transforming javax.activation-1.2.0.jar (com.sun.activation:javax.activation:1.2.0) with InstrumentationAnalysisTransform
[        ] Transforming annotations-23.0.0.jar (org.jetbrains:annotations:23.0.0) with InstrumentationAnalysisTransform
[        ] Transforming signflinger-8.5.1.jar (com.android:signflinger:8.5.1) with InstrumentationAnalysisTransform
[        ] Transforming zipflinger-8.5.1.jar (com.android:zipflinger:8.5.1) with InstrumentationAnalysisTransform
[        ] Transforming annotations-31.5.1.jar (com.android.tools:annotations:31.5.1) with InstrumentationAnalysisTransform
[        ] Transforming jna-platform-5.6.0.jar (net.java.dev.jna:jna-platform:5.6.0) with InstrumentationAnalysisTransform
[        ] Transforming juniversalchardet-1.0.3.jar (com.googlecode.juniversalchardet:juniversalchardet:1.0.3) with InstrumentationAnalysisTransform
[        ] Transforming javax.annotation-api-1.3.2.jar (javax.annotation:javax.annotation-api:1.3.2) with InstrumentationAnalysisTransform
[        ] Transforming stax-ex-1.8.1.jar (org.jvnet.staxex:stax-ex:1.8.1) with InstrumentationAnalysisTransform
[        ] Transforming jakarta.xml.bind-api-2.3.2.jar (jakarta.xml.bind:jakarta.xml.bind-api:2.3.2) with InstrumentationAnalysisTransform
[        ] Transforming txw2-2.3.2.jar (org.glassfish.jaxb:txw2:2.3.2) with InstrumentationAnalysisTransform
[        ] Transforming istack-commons-runtime-3.0.8.jar (com.sun.istack:istack-commons-runtime:3.0.8) with InstrumentationAnalysisTransform
[        ] Transforming FastInfoset-1.2.16.jar (com.sun.xml.fastinfoset:FastInfoset:1.2.16) with InstrumentationAnalysisTransform
[        ] Transforming jakarta.activation-api-1.2.1.jar (jakarta.activation:jakarta.activation-api:1.2.1) with InstrumentationAnalysisTransform
[        ] Transforming auto-value-annotations-1.6.2.jar (com.google.auto.value:auto-value-annotations:1.6.2) with InstrumentationAnalysisTransform
[        ] Transforming error_prone_annotations-2.18.0.jar (com.google.errorprone:error_prone_annotations:2.18.0) with InstrumentationAnalysisTransform
[        ] Transforming jose4j-0.9.5.jar (org.bitbucket.b_c:jose4j:0.9.5) with InstrumentationAnalysisTransform
[        ] Transforming slf4j-api-1.7.30.jar (org.slf4j:slf4j-api:1.7.30) with InstrumentationAnalysisTransform
[        ] Transforming jdom2-2.0.6.jar (org.jdom:jdom2:2.0.6) with InstrumentationAnalysisTransform
[        ] Transforming jsr305-3.0.2.jar (com.google.code.findbugs:jsr305:3.0.2) with InstrumentationAnalysisTransform
[        ] Transforming j2objc-annotations-2.8.jar (com.google.j2objc:j2objc-annotations:2.8) with InstrumentationAnalysisTransform
[        ] Transforming annotations-4.1.1.4.jar (com.google.android:annotations:4.1.1.4) with InstrumentationAnalysisTransform
[        ] Transforming animal-sniffer-annotations-1.23.jar (org.codehaus.mojo:animal-sniffer-annotations:1.23) with InstrumentationAnalysisTransform
[        ] Transforming perfmark-api-0.26.0.jar (io.perfmark:perfmark-api:0.26.0) with InstrumentationAnalysisTransform
[        ] Transforming netty-codec-http2-4.1.93.Final.jar (io.netty:netty-codec-http2:4.1.93.Final) with InstrumentationAnalysisTransform
[        ] Transforming netty-handler-proxy-4.1.93.Final.jar (io.netty:netty-handler-proxy:4.1.93.Final) with InstrumentationAnalysisTransform
[        ] Transforming netty-codec-http-4.1.93.Final.jar (io.netty:netty-codec-http:4.1.93.Final) with InstrumentationAnalysisTransform
[        ] Transforming netty-handler-4.1.93.Final.jar (io.netty:netty-handler:4.1.93.Final) with InstrumentationAnalysisTransform
[        ] Transforming netty-transport-native-unix-common-4.1.93.Final.jar (io.netty:netty-transport-native-unix-common:4.1.93.Final) with InstrumentationAnalysisTransform
[        ] Transforming checker-qual-3.33.0.jar (org.checkerframework:checker-qual:3.33.0) with InstrumentationAnalysisTransform
[        ] Transforming commons-codec-1.11.jar (commons-codec:commons-codec:1.11) with InstrumentationAnalysisTransform
[        ] Transforming apksig-8.5.1.jar (com.android.tools.build:apksig:8.5.1) with InstrumentationAnalysisTransform
[        ] Transforming javawriter-2.5.0.jar (com.squareup:javawriter:2.5.0) with InstrumentationAnalysisTransform
[        ] Transforming kotlin-gradle-plugin-annotations-2.1.10.jar (org.jetbrains.kotlin:kotlin-gradle-plugin-annotations:2.1.10) with InstrumentationAnalysisTransform
[        ] Transforming kotlin-native-utils-2.1.10.jar (org.jetbrains.kotlin:kotlin-native-utils:2.1.10) with InstrumentationAnalysisTransform
[        ] Transforming kotlin-tooling-core-2.1.10.jar (org.jetbrains.kotlin:kotlin-tooling-core:2.1.10) with InstrumentationAnalysisTransform
[        ] Transforming kotlin-build-tools-api-2.1.10.jar (org.jetbrains.kotlin:kotlin-build-tools-api:2.1.10) with InstrumentationAnalysisTransform
[        ] Transforming kotlin-util-klib-2.1.10.jar (org.jetbrains.kotlin:kotlin-util-klib:2.1.10) with InstrumentationAnalysisTransform
[        ] Transforming kotlin-util-io-2.1.10.jar (org.jetbrains.kotlin:kotlin-util-io:2.1.10) with InstrumentationAnalysisTransform
[        ] Transforming kotlin-daemon-client-2.1.10.jar (org.jetbrains.kotlin:kotlin-daemon-client:2.1.10) with InstrumentationAnalysisTransform
[        ] Transforming kotlinx-coroutines-core-jvm-1.6.4.jar (org.jetbrains.kotlinx:kotlinx-coroutines-core-jvm:1.6.4) with InstrumentationAnalysisTransform
[        ] Transforming failureaccess-1.0.1.jar (com.google.guava:failureaccess:1.0.1) with InstrumentationAnalysisTransform
[        ] Transforming listenablefuture-9999.0-empty-to-avoid-conflict-with-guava.jar (com.google.guava:listenablefuture:9999.0-empty-to-avoid-conflict-with-guava) with InstrumentationAnalysisTransform
[        ] Transforming commons-logging-1.2.jar (commons-logging:commons-logging:1.2) with InstrumentationAnalysisTransform
[        ] Transforming jna-5.6.0.jar (net.java.dev.jna:jna:5.6.0) with InstrumentationAnalysisTransform
[        ] Transforming netty-codec-socks-4.1.93.Final.jar (io.netty:netty-codec-socks:4.1.93.Final) with InstrumentationAnalysisTransform
[        ] Transforming netty-codec-4.1.93.Final.jar (io.netty:netty-codec:4.1.93.Final) with InstrumentationAnalysisTransform
[        ] Transforming netty-transport-4.1.93.Final.jar (io.netty:netty-transport:4.1.93.Final) with InstrumentationAnalysisTransform
[        ] Transforming netty-buffer-4.1.93.Final.jar (io.netty:netty-buffer:4.1.93.Final) with InstrumentationAnalysisTransform
[        ] Transforming netty-resolver-4.1.93.Final.jar (io.netty:netty-resolver:4.1.93.Final) with InstrumentationAnalysisTransform
[        ] Transforming netty-common-4.1.93.Final.jar (io.netty:netty-common:4.1.93.Final) with InstrumentationAnalysisTransform
[        ] Transforming gradle-8.5.1.jar (com.android.tools.build:gradle:8.5.1) with InstrumentationAnalysisTransform
[        ] Transforming gradle-8.5.1.jar (com.android.tools.build:gradle:8.5.1) with MergeInstrumentationAnalysisTransform
[        ] Transforming kotlin-gradle-plugin-model-2.1.10.jar (org.jetbrains.kotlin:kotlin-gradle-plugin-model:2.1.10) with InstrumentationAnalysisTransform
[        ] Transforming kotlin-gradle-plugin-model-2.1.10.jar (org.jetbrains.kotlin:kotlin-gradle-plugin-model:2.1.10) with MergeInstrumentationAnalysisTransform
[        ] Transforming kotlin-gradle-plugin-api-2.1.10.jar (org.jetbrains.kotlin:kotlin-gradle-plugin-api:2.1.10) with InstrumentationAnalysisTransform
[        ] Transforming gradle-8.5.1.jar (com.android.tools.build:gradle:8.5.1) with ExternalDependencyInstrumentingArtifactTransform
[        ] Transforming kotlin-gradle-plugin-api-2.1.10.jar (org.jetbrains.kotlin:kotlin-gradle-plugin-api:2.1.10) with MergeInstrumentationAnalysisTransform
[        ] Transforming kotlin-gradle-plugin-model-2.1.10.jar (org.jetbrains.kotlin:kotlin-gradle-plugin-model:2.1.10) with ExternalDependencyInstrumentingArtifactTransform
[        ] Transforming kotlin-gradle-plugin-api-2.1.10.jar (org.jetbrains.kotlin:kotlin-gradle-plugin-api:2.1.10) with ExternalDependencyInstrumentingArtifactTransform
[        ] Transforming kotlin-gradle-plugin-2.1.10-gradle85.jar (org.jetbrains.kotlin:kotlin-gradle-plugin:2.1.10) with InstrumentationAnalysisTransform
[        ] Transforming kotlin-gradle-plugin-2.1.10-gradle85.jar (org.jetbrains.kotlin:kotlin-gradle-plugin:2.1.10) with MergeInstrumentationAnalysisTransform
[        ] Transforming gradle-settings-api-8.5.1.jar (com.android.tools.build:gradle-settings-api:8.5.1) with InstrumentationAnalysisTransform
[        ] Transforming gradle-settings-api-8.5.1.jar (com.android.tools.build:gradle-settings-api:8.5.1) with MergeInstrumentationAnalysisTransform
[        ] Transforming lint-model-31.5.1.jar (com.android.tools.lint:lint-model:31.5.1) with InstrumentationAnalysisTransform
[        ] Transforming kotlin-gradle-plugin-2.1.10-gradle85.jar (org.jetbrains.kotlin:kotlin-gradle-plugin:2.1.10) with ExternalDependencyInstrumentingArtifactTransform
[        ] Transforming lint-model-31.5.1.jar (com.android.tools.lint:lint-model:31.5.1) with MergeInstrumentationAnalysisTransform
[        ] Transforming gradle-settings-api-8.5.1.jar (com.android.tools.build:gradle-settings-api:8.5.1) with ExternalDependencyInstrumentingArtifactTransform
[        ] Transforming builder-8.5.1.jar (com.android.tools.build:builder:8.5.1) with InstrumentationAnalysisTransform
[        ] Transforming lint-model-31.5.1.jar (com.android.tools.lint:lint-model:31.5.1) with ExternalDependencyInstrumentingArtifactTransform
[        ] Transforming builder-8.5.1.jar (com.android.tools.build:builder:8.5.1) with MergeInstrumentationAnalysisTransform
[        ] Transforming manifest-merger-31.5.1.jar (com.android.tools.build:manifest-merger:31.5.1) with InstrumentationAnalysisTransform
[        ] Transforming manifest-merger-31.5.1.jar (com.android.tools.build:manifest-merger:31.5.1) with MergeInstrumentationAnalysisTransform
[        ] Transforming builder-8.5.1.jar (com.android.tools.build:builder:8.5.1) with ExternalDependencyInstrumentingArtifactTransform
[        ] Transforming sdk-common-31.5.1.jar (com.android.tools:sdk-common:31.5.1) with InstrumentationAnalysisTransform
[        ] Transforming manifest-merger-31.5.1.jar (com.android.tools.build:manifest-merger:31.5.1) with ExternalDependencyInstrumentingArtifactTransform
[        ] Transforming sdk-common-31.5.1.jar (com.android.tools:sdk-common:31.5.1) with MergeInstrumentationAnalysisTransform
[        ] Transforming sdklib-31.5.1.jar (com.android.tools:sdklib:31.5.1) with InstrumentationAnalysisTransform
[        ] Transforming sdklib-31.5.1.jar (com.android.tools:sdklib:31.5.1) with MergeInstrumentationAnalysisTransform
[        ] Transforming sdk-common-31.5.1.jar (com.android.tools:sdk-common:31.5.1) with ExternalDependencyInstrumentingArtifactTransform
[        ] Transforming repository-31.5.1.jar (com.android.tools:repository:31.5.1) with InstrumentationAnalysisTransform
[        ] Transforming sdklib-31.5.1.jar (com.android.tools:sdklib:31.5.1) with ExternalDependencyInstrumentingArtifactTransform
[        ] Transforming repository-31.5.1.jar (com.android.tools:repository:31.5.1) with MergeInstrumentationAnalysisTransform
[        ] Transforming gradle-api-8.5.1.jar (com.android.tools.build:gradle-api:8.5.1) with InstrumentationAnalysisTransform
[        ] Transforming gradle-api-8.5.1.jar (com.android.tools.build:gradle-api:8.5.1) with MergeInstrumentationAnalysisTransform
[        ] Transforming repository-31.5.1.jar (com.android.tools:repository:31.5.1) with ExternalDependencyInstrumentingArtifactTransform
[        ] Transforming builder-test-api-8.5.1.jar (com.android.tools.build:builder-test-api:8.5.1) with InstrumentationAnalysisTransform
[        ] Transforming gradle-api-8.5.1.jar (com.android.tools.build:gradle-api:8.5.1) with ExternalDependencyInstrumentingArtifactTransform
[        ] Transforming builder-test-api-8.5.1.jar (com.android.tools.build:builder-test-api:8.5.1) with MergeInstrumentationAnalysisTransform
[        ] Transforming ddmlib-31.5.1.jar (com.android.tools.ddms:ddmlib:31.5.1) with InstrumentationAnalysisTransform
[        ] Transforming ddmlib-31.5.1.jar (com.android.tools.ddms:ddmlib:31.5.1) with MergeInstrumentationAnalysisTransform
[        ] Transforming builder-test-api-8.5.1.jar (com.android.tools.build:builder-test-api:8.5.1) with ExternalDependencyInstrumentingArtifactTransform
[        ] Transforming aaptcompiler-8.5.1.jar (com.android.tools.build:aaptcompiler:8.5.1) with InstrumentationAnalysisTransform
[        ] Transforming ddmlib-31.5.1.jar (com.android.tools.ddms:ddmlib:31.5.1) with ExternalDependencyInstrumentingArtifactTransform
[        ] Transforming aaptcompiler-8.5.1.jar (com.android.tools.build:aaptcompiler:8.5.1) with MergeInstrumentationAnalysisTransform
[        ] Transforming bundletool-1.16.0.jar (com.android.tools.build:bundletool:1.16.0) with InstrumentationAnalysisTransform
[        ] Transforming bundletool-1.16.0.jar (com.android.tools.build:bundletool:1.16.0) with MergeInstrumentationAnalysisTransform
[        ] Transforming aaptcompiler-8.5.1.jar (com.android.tools.build:aaptcompiler:8.5.1) with ExternalDependencyInstrumentingArtifactTransform
[        ] Transforming aapt2-proto-8.5.1-11315950.jar (com.android.tools.build:aapt2-proto:8.5.1-11315950) with InstrumentationAnalysisTransform
[        ] Transforming bundletool-1.16.0.jar (com.android.tools.build:bundletool:1.16.0) with ExternalDependencyInstrumentingArtifactTransform
[   +2 ms] Transforming aapt2-proto-8.5.1-11315950.jar (com.android.tools.build:aapt2-proto:8.5.1-11315950) with MergeInstrumentationAnalysisTransform
[        ] Transforming crash-31.5.1.jar (com.android.tools.analytics-library:crash:31.5.1) with InstrumentationAnalysisTransform
[        ] Transforming aapt2-proto-8.5.1-11315950.jar (com.android.tools.build:aapt2-proto:8.5.1-11315950) with ExternalDependencyInstrumentingArtifactTransform
[        ] Transforming crash-31.5.1.jar (com.android.tools.analytics-library:crash:31.5.1) with MergeInstrumentationAnalysisTransform
[        ] Transforming tracker-31.5.1.jar (com.android.tools.analytics-library:tracker:31.5.1) with InstrumentationAnalysisTransform
[        ] Transforming crash-31.5.1.jar (com.android.tools.analytics-library:crash:31.5.1) with ExternalDependencyInstrumentingArtifactTransform
[        ] Transforming tracker-31.5.1.jar (com.android.tools.analytics-library:tracker:31.5.1) with MergeInstrumentationAnalysisTransform
[        ] Transforming shared-31.5.1.jar (com.android.tools.analytics-library:shared:31.5.1) with InstrumentationAnalysisTransform
[        ] Transforming shared-31.5.1.jar (com.android.tools.analytics-library:shared:31.5.1) with MergeInstrumentationAnalysisTransform
[        ] Transforming tracker-31.5.1.jar (com.android.tools.analytics-library:tracker:31.5.1) with ExternalDependencyInstrumentingArtifactTransform
[        ] Transforming lint-typedef-remover-31.5.1.jar (com.android.tools.lint:lint-typedef-remover:31.5.1) with InstrumentationAnalysisTransform
[        ] Transforming shared-31.5.1.jar (com.android.tools.analytics-library:shared:31.5.1) with ExternalDependencyInstrumentingArtifactTransform
[        ] Transforming lint-typedef-remover-31.5.1.jar (com.android.tools.lint:lint-typedef-remover:31.5.1) with MergeInstrumentationAnalysisTransform
[        ] Transforming databinding-compiler-common-8.5.1.jar (androidx.databinding:databinding-compiler-common:8.5.1) with InstrumentationAnalysisTransform
[        ] Transforming databinding-compiler-common-8.5.1.jar (androidx.databinding:databinding-compiler-common:8.5.1) with MergeInstrumentationAnalysisTransform
[        ] Transforming lint-typedef-remover-31.5.1.jar (com.android.tools.lint:lint-typedef-remover:31.5.1) with ExternalDependencyInstrumentingArtifactTransform
[        ] Transforming databinding-common-8.5.1.jar (androidx.databinding:databinding-common:8.5.1) with InstrumentationAnalysisTransform
[        ] Transforming databinding-compiler-common-8.5.1.jar (androidx.databinding:databinding-compiler-common:8.5.1) with ExternalDependencyInstrumentingArtifactTransform
[        ] Transforming databinding-common-8.5.1.jar (androidx.databinding:databinding-common:8.5.1) with MergeInstrumentationAnalysisTransform
[        ] Transforming baseLibrary-8.5.1.jar (com.android.databinding:baseLibrary:8.5.1) with InstrumentationAnalysisTransform
[        ] Transforming databinding-common-8.5.1.jar (androidx.databinding:databinding-common:8.5.1) with ExternalDependencyInstrumentingArtifactTransform
[        ] Transforming baseLibrary-8.5.1.jar (com.android.databinding:baseLibrary:8.5.1) with MergeInstrumentationAnalysisTransform
[        ] Transforming layoutlib-api-31.5.1.jar (com.android.tools.layoutlib:layoutlib-api:31.5.1) with InstrumentationAnalysisTransform
[        ] Transforming baseLibrary-8.5.1.jar (com.android.databinding:baseLibrary:8.5.1) with ExternalDependencyInstrumentingArtifactTransform
[        ] Transforming layoutlib-api-31.5.1.jar (com.android.tools.layoutlib:layoutlib-api:31.5.1) with MergeInstrumentationAnalysisTransform
[        ] Transforming android-device-provider-ddmlib-proto-31.5.1.jar (com.android.tools.utp:android-device-provider-ddmlib-proto:31.5.1) with InstrumentationAnalysisTransform
[        ] Transforming layoutlib-api-31.5.1.jar (com.android.tools.layoutlib:layoutlib-api:31.5.1) with ExternalDependencyInstrumentingArtifactTransform
[        ] Transforming android-device-provider-ddmlib-proto-31.5.1.jar (com.android.tools.utp:android-device-provider-ddmlib-proto:31.5.1) with MergeInstrumentationAnalysisTransform
[        ] Transforming android-device-provider-gradle-proto-31.5.1.jar (com.android.tools.utp:android-device-provider-gradle-proto:31.5.1) with InstrumentationAnalysisTransform
[        ] Transforming android-device-provider-gradle-proto-31.5.1.jar (com.android.tools.utp:android-device-provider-gradle-proto:31.5.1) with MergeInstrumentationAnalysisTransform
[        ] Transforming android-device-provider-ddmlib-proto-31.5.1.jar (com.android.tools.utp:android-device-provider-ddmlib-proto:31.5.1) with ExternalDependencyInstrumentingArtifactTransform
[        ] Transforming android-test-plugin-host-additional-test-output-proto-31.5.1.jar (com.android.tools.utp:android-test-plugin-host-additional-test-output-proto:31.5.1) with InstrumentationAnalysisTransform
[        ] Transforming android-device-provider-gradle-proto-31.5.1.jar (com.android.tools.utp:android-device-provider-gradle-proto:31.5.1) with ExternalDependencyInstrumentingArtifactTransform
[        ] Transforming android-test-plugin-host-additional-test-output-proto-31.5.1.jar (com.android.tools.utp:android-test-plugin-host-additional-test-output-proto:31.5.1) with MergeInstrumentationAnalysisTransform
[        ] Transforming android-test-plugin-host-coverage-proto-31.5.1.jar (com.android.tools.utp:android-test-plugin-host-coverage-proto:31.5.1) with InstrumentationAnalysisTransform
[        ] Transforming android-test-plugin-host-coverage-proto-31.5.1.jar (com.android.tools.utp:android-test-plugin-host-coverage-proto:31.5.1) with MergeInstrumentationAnalysisTransform
[        ] Transforming android-test-plugin-host-additional-test-output-proto-31.5.1.jar (com.android.tools.utp:android-test-plugin-host-additional-test-output-proto:31.5.1) with ExternalDependencyInstrumentingArtifactTransform
[        ] Transforming android-test-plugin-host-emulator-control-proto-31.5.1.jar (com.android.tools.utp:android-test-plugin-host-emulator-control-proto:31.5.1) with InstrumentationAnalysisTransform
[        ] Transforming android-test-plugin-host-coverage-proto-31.5.1.jar (com.android.tools.utp:android-test-plugin-host-coverage-proto:31.5.1) with ExternalDependencyInstrumentingArtifactTransform
[        ] Transforming android-test-plugin-host-emulator-control-proto-31.5.1.jar (com.android.tools.utp:android-test-plugin-host-emulator-control-proto:31.5.1) with MergeInstrumentationAnalysisTransform
[        ] Transforming android-test-plugin-host-logcat-proto-31.5.1.jar (com.android.tools.utp:android-test-plugin-host-logcat-proto:31.5.1) with InstrumentationAnalysisTransform
[        ] Transforming android-test-plugin-host-logcat-proto-31.5.1.jar (com.android.tools.utp:android-test-plugin-host-logcat-proto:31.5.1) with MergeInstrumentationAnalysisTransform
[        ] Transforming android-test-plugin-host-apk-installer-proto-31.5.1.jar (com.android.tools.utp:android-test-plugin-host-apk-installer-proto:31.5.1) with InstrumentationAnalysisTransform
[        ] Transforming android-test-plugin-host-emulator-control-proto-31.5.1.jar (com.android.tools.utp:android-test-plugin-host-emulator-control-proto:31.5.1) with ExternalDependencyInstrumentingArtifactTransform
[        ] Transforming android-test-plugin-host-logcat-proto-31.5.1.jar (com.android.tools.utp:android-test-plugin-host-logcat-proto:31.5.1) with ExternalDependencyInstrumentingArtifactTransform
[        ] Transforming android-test-plugin-host-apk-installer-proto-31.5.1.jar (com.android.tools.utp:android-test-plugin-host-apk-installer-proto:31.5.1) with MergeInstrumentationAnalysisTransform
[        ] Transforming android-test-plugin-host-retention-proto-31.5.1.jar (com.android.tools.utp:android-test-plugin-host-retention-proto:31.5.1) with InstrumentationAnalysisTransform
[        ] Transforming android-test-plugin-host-apk-installer-proto-31.5.1.jar (com.android.tools.utp:android-test-plugin-host-apk-installer-proto:31.5.1) with ExternalDependencyInstrumentingArtifactTransform
[        ] Transforming android-test-plugin-host-retention-proto-31.5.1.jar (com.android.tools.utp:android-test-plugin-host-retention-proto:31.5.1) with MergeInstrumentationAnalysisTransform
[        ] Transforming android-test-plugin-result-listener-gradle-proto-31.5.1.jar (com.android.tools.utp:android-test-plugin-result-listener-gradle-proto:31.5.1) with InstrumentationAnalysisTransform
[        ] Transforming android-test-plugin-result-listener-gradle-proto-31.5.1.jar (com.android.tools.utp:android-test-plugin-result-listener-gradle-proto:31.5.1) with MergeInstrumentationAnalysisTransform
[        ] Transforming android-test-plugin-host-retention-proto-31.5.1.jar (com.android.tools.utp:android-test-plugin-host-retention-proto:31.5.1) with ExternalDependencyInstrumentingArtifactTransform
[        ] Transforming builder-model-8.5.1.jar (com.android.tools.build:builder-model:8.5.1) with InstrumentationAnalysisTransform
[        ] Transforming android-test-plugin-result-listener-gradle-proto-31.5.1.jar (com.android.tools.utp:android-test-plugin-result-listener-gradle-proto:31.5.1) with ExternalDependencyInstrumentingArtifactTransform
[        ] Transforming builder-model-8.5.1.jar (com.android.tools.build:builder-model:8.5.1) with MergeInstrumentationAnalysisTransform
[        ] Transforming dvlib-31.5.1.jar (com.android.tools:dvlib:31.5.1) with InstrumentationAnalysisTransform
[        ] Transforming dvlib-31.5.1.jar (com.android.tools:dvlib:31.5.1) with MergeInstrumentationAnalysisTransform
[        ] Transforming builder-model-8.5.1.jar (com.android.tools.build:builder-model:8.5.1) with ExternalDependencyInstrumentingArtifactTransform
[        ] Transforming common-31.5.1.jar (com.android.tools:common:31.5.1) with InstrumentationAnalysisTransform
[        ] Transforming dvlib-31.5.1.jar (com.android.tools:dvlib:31.5.1) with ExternalDependencyInstrumentingArtifactTransform
[        ] Transforming common-31.5.1.jar (com.android.tools:common:31.5.1) with MergeInstrumentationAnalysisTransform
[        ] Transforming jetifier-processor-1.0.0-beta10.jar (com.android.tools.build.jetifier:jetifier-processor:1.0.0-beta10) with InstrumentationAnalysisTransform
[        ] Transforming jetifier-processor-1.0.0-beta10.jar (com.android.tools.build.jetifier:jetifier-processor:1.0.0-beta10) with MergeInstrumentationAnalysisTransform
[        ] Transforming jetifier-core-1.0.0-beta10.jar (com.android.tools.build.jetifier:jetifier-core:1.0.0-beta10) with InstrumentationAnalysisTransform
[        ] Transforming common-31.5.1.jar (com.android.tools:common:31.5.1) with ExternalDependencyInstrumentingArtifactTransform
[        ] Transforming jetifier-core-1.0.0-beta10.jar (com.android.tools.build.jetifier:jetifier-core:1.0.0-beta10) with MergeInstrumentationAnalysisTransform
[        ] Transforming jetifier-processor-1.0.0-beta10.jar (com.android.tools.build.jetifier:jetifier-processor:1.0.0-beta10) with ExternalDependencyInstrumentingArtifactTransform
[        ] Transforming kotlin-reflect-1.9.20.jar (org.jetbrains.kotlin:kotlin-reflect:1.9.20) with InstrumentationAnalysisTransform
[        ] Transforming jetifier-core-1.0.0-beta10.jar (com.android.tools.build.jetifier:jetifier-core:1.0.0-beta10) with ExternalDependencyInstrumentingArtifactTransform
[        ] Transforming kotlin-reflect-1.9.20.jar (org.jetbrains.kotlin:kotlin-reflect:1.9.20) with MergeInstrumentationAnalysisTransform
[        ] Transforming kotlin-stdlib-jdk7-1.9.20.jar (org.jetbrains.kotlin:kotlin-stdlib-jdk7:1.9.20) with InstrumentationAnalysisTransform
[        ] Transforming kotlin-stdlib-jdk7-1.9.20.jar (org.jetbrains.kotlin:kotlin-stdlib-jdk7:1.9.20) with MergeInstrumentationAnalysisTransform
[        ] Transforming kotlin-reflect-1.9.20.jar (org.jetbrains.kotlin:kotlin-reflect:1.9.20) with ExternalDependencyInstrumentingArtifactTransform
[        ] Transforming kotlin-stdlib-1.9.20.jar (org.jetbrains.kotlin:kotlin-stdlib:1.9.20) with InstrumentationAnalysisTransform
[        ] Transforming kotlin-stdlib-jdk7-1.9.20.jar (org.jetbrains.kotlin:kotlin-stdlib-jdk7:1.9.20) with ExternalDependencyInstrumentingArtifactTransform
[        ] Transforming kotlin-stdlib-1.9.20.jar (org.jetbrains.kotlin:kotlin-stdlib:1.9.20) with MergeInstrumentationAnalysisTransform
[        ] Transforming kotlin-stdlib-jdk8-1.9.20.jar (org.jetbrains.kotlin:kotlin-stdlib-jdk8:1.9.20) with InstrumentationAnalysisTransform
[        ] Transforming kotlin-stdlib-1.9.20.jar (org.jetbrains.kotlin:kotlin-stdlib:1.9.20) with ExternalDependencyInstrumentingArtifactTransform
[        ] Transforming kotlin-stdlib-jdk8-1.9.20.jar (org.jetbrains.kotlin:kotlin-stdlib-jdk8:1.9.20) with MergeInstrumentationAnalysisTransform
[        ] Transforming transform-api-2.0.0-deprecated-use-gradle-api.jar (com.android.tools.build:transform-api:2.0.0-deprecated-use-gradle-api) with InstrumentationAnalysisTransform
[        ] Transforming transform-api-2.0.0-deprecated-use-gradle-api.jar (com.android.tools.build:transform-api:2.0.0-deprecated-use-gradle-api) with MergeInstrumentationAnalysisTransform
[        ] Transforming kotlin-stdlib-jdk8-1.9.20.jar (org.jetbrains.kotlin:kotlin-stdlib-jdk8:1.9.20) with ExternalDependencyInstrumentingArtifactTransform
[        ] Transforming httpmime-4.5.6.jar (org.apache.httpcomponents:httpmime:4.5.6) with InstrumentationAnalysisTransform
[        ] Transforming transform-api-2.0.0-deprecated-use-gradle-api.jar (com.android.tools.build:transform-api:2.0.0-deprecated-use-gradle-api) with ExternalDependencyInstrumentingArtifactTransform
[        ] Transforming httpmime-4.5.6.jar (org.apache.httpcomponents:httpmime:4.5.6) with MergeInstrumentationAnalysisTransform
[        ] Transforming commons-io-2.13.0.jar (commons-io:commons-io:2.13.0) with InstrumentationAnalysisTransform
[        ] Transforming commons-io-2.13.0.jar (commons-io:commons-io:2.13.0) with MergeInstrumentationAnalysisTransform
[        ] Transforming asm-commons-9.6.jar (org.ow2.asm:asm-commons:9.6) with InstrumentationAnalysisTransform
[        ] Transforming asm-commons-9.6.jar (org.ow2.asm:asm-commons:9.6) with MergeInstrumentationAnalysisTransform
[        ] Transforming httpmime-4.5.6.jar (org.apache.httpcomponents:httpmime:4.5.6) with ExternalDependencyInstrumentingArtifactTransform
[        ] Transforming asm-util-9.6.jar (org.ow2.asm:asm-util:9.6) with InstrumentationAnalysisTransform
[        ] Transforming commons-io-2.13.0.jar (commons-io:commons-io:2.13.0) with ExternalDependencyInstrumentingArtifactTransform
[        ] Transforming asm-util-9.6.jar (org.ow2.asm:asm-util:9.6) with MergeInstrumentationAnalysisTransform
[        ] Transforming asm-commons-9.6.jar (org.ow2.asm:asm-commons:9.6) with ExternalDependencyInstrumentingArtifactTransform
[        ] Transforming asm-analysis-9.6.jar (org.ow2.asm:asm-analysis:9.6) with InstrumentationAnalysisTransform
[        ] Transforming asm-util-9.6.jar (org.ow2.asm:asm-util:9.6) with ExternalDependencyInstrumentingArtifactTransform
[        ] Transforming asm-analysis-9.6.jar (org.ow2.asm:asm-analysis:9.6) with MergeInstrumentationAnalysisTransform
[        ] Transforming asm-tree-9.6.jar (org.ow2.asm:asm-tree:9.6) with InstrumentationAnalysisTransform
[        ] Transforming asm-analysis-9.6.jar (org.ow2.asm:asm-analysis:9.6) with ExternalDependencyInstrumentingArtifactTransform
[        ] Transforming asm-tree-9.6.jar (org.ow2.asm:asm-tree:9.6) with MergeInstrumentationAnalysisTransform
[        ] Transforming asm-9.6.jar (org.ow2.asm:asm:9.6) with InstrumentationAnalysisTransform
[        ] Transforming asm-9.6.jar (org.ow2.asm:asm:9.6) with MergeInstrumentationAnalysisTransform
[        ] Transforming asm-tree-9.6.jar (org.ow2.asm:asm-tree:9.6) with ExternalDependencyInstrumentingArtifactTransform
[        ] Transforming apkzlib-8.5.1.jar (com.android.tools.build:apkzlib:8.5.1) with InstrumentationAnalysisTransform
[        ] Transforming asm-9.6.jar (org.ow2.asm:asm:9.6) with ExternalDependencyInstrumentingArtifactTransform
[        ] Transforming apkzlib-8.5.1.jar (com.android.tools.build:apkzlib:8.5.1) with MergeInstrumentationAnalysisTransform
[        ] Transforming bcpkix-jdk18on-1.77.jar (org.bouncycastle:bcpkix-jdk18on:1.77) with InstrumentationAnalysisTransform
[        ] Transforming apkzlib-8.5.1.jar (com.android.tools.build:apkzlib:8.5.1) with ExternalDependencyInstrumentingArtifactTransform
[        ] Transforming bcpkix-jdk18on-1.77.jar (org.bouncycastle:bcpkix-jdk18on:1.77) with MergeInstrumentationAnalysisTransform
[        ] Transforming jaxb-runtime-2.3.2.jar (org.glassfish.jaxb:jaxb-runtime:2.3.2) with InstrumentationAnalysisTransform
[        ] Transforming bcpkix-jdk18on-1.77.jar (org.bouncycastle:bcpkix-jdk18on:1.77) with ExternalDependencyInstrumentingArtifactTransform
[        ] Transforming jaxb-runtime-2.3.2.jar (org.glassfish.jaxb:jaxb-runtime:2.3.2) with MergeInstrumentationAnalysisTransform
[        ] Transforming jopt-simple-4.9.jar (net.sf.jopt-simple:jopt-simple:4.9) with InstrumentationAnalysisTransform
[        ] Transforming jopt-simple-4.9.jar (net.sf.jopt-simple:jopt-simple:4.9) with MergeInstrumentationAnalysisTransform
[        ] Transforming javapoet-1.10.0.jar (com.squareup:javapoet:1.10.0) with InstrumentationAnalysisTransform
[        ] Transforming jaxb-runtime-2.3.2.jar (org.glassfish.jaxb:jaxb-runtime:2.3.2) with ExternalDependencyInstrumentingArtifactTransform
[        ] Transforming jopt-simple-4.9.jar (net.sf.jopt-simple:jopt-simple:4.9) with ExternalDependencyInstrumentingArtifactTransform
[        ] Transforming javapoet-1.10.0.jar (com.squareup:javapoet:1.10.0) with MergeInstrumentationAnalysisTransform
[        ] Transforming protobuf-java-util-3.22.3.jar (com.google.protobuf:protobuf-java-util:3.22.3) with InstrumentationAnalysisTransform
[        ] Transforming javapoet-1.10.0.jar (com.squareup:javapoet:1.10.0) with ExternalDependencyInstrumentingArtifactTransform
[        ] Transforming protobuf-java-util-3.22.3.jar (com.google.protobuf:protobuf-java-util:3.22.3) with MergeInstrumentationAnalysisTransform
[        ] Transforming grpc-protobuf-1.57.0.jar (io.grpc:grpc-protobuf:1.57.0) with InstrumentationAnalysisTransform
[        ] Transforming protobuf-java-util-3.22.3.jar (com.google.protobuf:protobuf-java-util:3.22.3) with ExternalDependencyInstrumentingArtifactTransform
[        ] Transforming grpc-protobuf-1.57.0.jar (io.grpc:grpc-protobuf:1.57.0) with MergeInstrumentationAnalysisTransform
[        ] Transforming tink-1.7.0.jar (com.google.crypto.tink:tink:1.7.0) with InstrumentationAnalysisTransform
[        ] Transforming tink-1.7.0.jar (com.google.crypto.tink:tink:1.7.0) with MergeInstrumentationAnalysisTransform
[        ] Transforming grpc-protobuf-1.57.0.jar (io.grpc:grpc-protobuf:1.57.0) with ExternalDependencyInstrumentingArtifactTransform
[        ] Transforming protos-31.5.1.jar (com.android.tools.analytics-library:protos:31.5.1) with InstrumentationAnalysisTransform
[        ] Transforming tink-1.7.0.jar (com.google.crypto.tink:tink:1.7.0) with ExternalDependencyInstrumentingArtifactTransform
[        ] Transforming protos-31.5.1.jar (com.android.tools.analytics-library:protos:31.5.1) with MergeInstrumentationAnalysisTransform
[        ] Transforming proto-google-common-protos-2.17.0.jar (com.google.api.grpc:proto-google-common-protos:2.17.0) with InstrumentationAnalysisTransform
[        ] Transforming proto-google-common-protos-2.17.0.jar (com.google.api.grpc:proto-google-common-protos:2.17.0) with MergeInstrumentationAnalysisTransform
[        ] Transforming protos-31.5.1.jar (com.android.tools.analytics-library:protos:31.5.1) with ExternalDependencyInstrumentingArtifactTransform
[        ] Transforming protobuf-java-3.22.3.jar (com.google.protobuf:protobuf-java:3.22.3) with InstrumentationAnalysisTransform
[        ] Transforming proto-google-common-protos-2.17.0.jar (com.google.api.grpc:proto-google-common-protos:2.17.0) with ExternalDependencyInstrumentingArtifactTransform
[        ] Transforming protobuf-java-3.22.3.jar (com.google.protobuf:protobuf-java:3.22.3) with MergeInstrumentationAnalysisTransform
[        ] Transforming grpc-netty-1.57.0.jar (io.grpc:grpc-netty:1.57.0) with InstrumentationAnalysisTransform
[        ] Transforming grpc-netty-1.57.0.jar (io.grpc:grpc-netty:1.57.0) with MergeInstrumentationAnalysisTransform
[        ] Transforming protobuf-java-3.22.3.jar (com.google.protobuf:protobuf-java:3.22.3) with ExternalDependencyInstrumentingArtifactTransform
[        ] Transforming grpc-netty-1.57.0.jar (io.grpc:grpc-netty:1.57.0) with ExternalDependencyInstrumentingArtifactTransform
[        ] Transforming grpc-core-1.57.0.jar (io.grpc:grpc-core:1.57.0) with InstrumentationAnalysisTransform
[        ] Transforming grpc-core-1.57.0.jar (io.grpc:grpc-core:1.57.0) with MergeInstrumentationAnalysisTransform
[        ] Transforming kotlin-build-statistics-2.1.10.jar (org.jetbrains.kotlin:kotlin-build-statistics:2.1.10) with InstrumentationAnalysisTransform
[        ] Transforming kotlin-build-statistics-2.1.10.jar (org.jetbrains.kotlin:kotlin-build-statistics:2.1.10) with MergeInstrumentationAnalysisTransform
[        ] Transforming gson-2.10.1.jar (com.google.code.gson:gson:2.10.1) with InstrumentationAnalysisTransform
[        ] Transforming grpc-core-1.57.0.jar (io.grpc:grpc-core:1.57.0) with ExternalDependencyInstrumentingArtifactTransform
[        ] Transforming gson-2.10.1.jar (com.google.code.gson:gson:2.10.1) with MergeInstrumentationAnalysisTransform
[        ] Transforming kotlin-build-statistics-2.1.10.jar (org.jetbrains.kotlin:kotlin-build-statistics:2.1.10) with ExternalDependencyInstrumentingArtifactTransform
[        ] Transforming grpc-stub-1.57.0.jar (io.grpc:grpc-stub:1.57.0) with InstrumentationAnalysisTransform
[        ] Transforming gson-2.10.1.jar (com.google.code.gson:gson:2.10.1) with ExternalDependencyInstrumentingArtifactTransform
[        ] Transforming grpc-stub-1.57.0.jar (io.grpc:grpc-stub:1.57.0) with MergeInstrumentationAnalysisTransform
[        ] Transforming core-proto-0.0.9-alpha02.jar (com.google.testing.platform:core-proto:0.0.9-alpha02) with InstrumentationAnalysisTransform
[        ] Transforming core-proto-0.0.9-alpha02.jar (com.google.testing.platform:core-proto:0.0.9-alpha02) with MergeInstrumentationAnalysisTransform
[        ] Transforming grpc-stub-1.57.0.jar (io.grpc:grpc-stub:1.57.0) with ExternalDependencyInstrumentingArtifactTransform
[        ] Transforming kxml2-2.3.0.jar (net.sf.kxml:kxml2:2.3.0) with InstrumentationAnalysisTransform
[        ] Transforming core-proto-0.0.9-alpha02.jar (com.google.testing.platform:core-proto:0.0.9-alpha02) with ExternalDependencyInstrumentingArtifactTransform
[        ] Transforming kxml2-2.3.0.jar (net.sf.kxml:kxml2:2.3.0) with MergeInstrumentationAnalysisTransform
[        ] Transforming tensorflow-lite-metadata-0.1.0-rc2.jar (org.tensorflow:tensorflow-lite-metadata:0.1.0-rc2) with InstrumentationAnalysisTransform
[        ] Transforming tensorflow-lite-metadata-0.1.0-rc2.jar (org.tensorflow:tensorflow-lite-metadata:0.1.0-rc2) with MergeInstrumentationAnalysisTransform
[        ] Transforming flatbuffers-java-1.12.0.jar (com.google.flatbuffers:flatbuffers-java:1.12.0) with InstrumentationAnalysisTransform
[        ] Transforming kxml2-2.3.0.jar (net.sf.kxml:kxml2:2.3.0) with ExternalDependencyInstrumentingArtifactTransform
[        ] Transforming tensorflow-lite-metadata-0.1.0-rc2.jar (org.tensorflow:tensorflow-lite-metadata:0.1.0-rc2) with ExternalDependencyInstrumentingArtifactTransform
[        ] Transforming flatbuffers-java-1.12.0.jar (com.google.flatbuffers:flatbuffers-java:1.12.0) with MergeInstrumentationAnalysisTransform
[        ] Transforming kotlin-gradle-plugin-idea-proto-2.1.10.jar (org.jetbrains.kotlin:kotlin-gradle-plugin-idea-proto:2.1.10) with InstrumentationAnalysisTransform
[        ] Transforming flatbuffers-java-1.12.0.jar (com.google.flatbuffers:flatbuffers-java:1.12.0) with ExternalDependencyInstrumentingArtifactTransform
[        ] Transforming kotlin-gradle-plugin-idea-proto-2.1.10.jar (org.jetbrains.kotlin:kotlin-gradle-plugin-idea-proto:2.1.10) with MergeInstrumentationAnalysisTransform
[        ] Transforming kotlin-gradle-plugin-idea-2.1.10.jar (org.jetbrains.kotlin:kotlin-gradle-plugin-idea:2.1.10) with InstrumentationAnalysisTransform
[        ] Transforming kotlin-gradle-plugin-idea-2.1.10.jar (org.jetbrains.kotlin:kotlin-gradle-plugin-idea:2.1.10) with MergeInstrumentationAnalysisTransform
[        ] Transforming kotlin-gradle-plugin-idea-proto-2.1.10.jar (org.jetbrains.kotlin:kotlin-gradle-plugin-idea-proto:2.1.10) with ExternalDependencyInstrumentingArtifactTransform
[        ] Transforming kotlin-klib-commonizer-api-2.1.10.jar (org.jetbrains.kotlin:kotlin-klib-commonizer-api:2.1.10) with InstrumentationAnalysisTransform
[        ] Transforming kotlin-gradle-plugin-idea-2.1.10.jar (org.jetbrains.kotlin:kotlin-gradle-plugin-idea:2.1.10) with ExternalDependencyInstrumentingArtifactTransform
[        ] Transforming kotlin-klib-commonizer-api-2.1.10.jar (org.jetbrains.kotlin:kotlin-klib-commonizer-api:2.1.10) with MergeInstrumentationAnalysisTransform
[        ] Transforming kotlin-util-klib-metadata-2.1.10.jar (org.jetbrains.kotlin:kotlin-util-klib-metadata:2.1.10) with InstrumentationAnalysisTransform
[        ] Transforming kotlin-util-klib-metadata-2.1.10.jar (org.jetbrains.kotlin:kotlin-util-klib-metadata:2.1.10) with MergeInstrumentationAnalysisTransform
[        ] Transforming kotlin-klib-commonizer-api-2.1.10.jar (org.jetbrains.kotlin:kotlin-klib-commonizer-api:2.1.10) with ExternalDependencyInstrumentingArtifactTransform
[        ] Transforming kotlin-compiler-runner-2.1.10.jar (org.jetbrains.kotlin:kotlin-compiler-runner:2.1.10) with InstrumentationAnalysisTransform
[        ] Transforming kotlin-util-klib-metadata-2.1.10.jar (org.jetbrains.kotlin:kotlin-util-klib-metadata:2.1.10) with ExternalDependencyInstrumentingArtifactTransform
[        ] Transforming kotlin-compiler-runner-2.1.10.jar (org.jetbrains.kotlin:kotlin-compiler-runner:2.1.10) with MergeInstrumentationAnalysisTransform
[        ] Transforming jimfs-1.1.jar (com.google.jimfs:jimfs:1.1) with InstrumentationAnalysisTransform
[        ] Transforming kotlin-compiler-runner-2.1.10.jar (org.jetbrains.kotlin:kotlin-compiler-runner:2.1.10) with ExternalDependencyInstrumentingArtifactTransform
[        ] Transforming jimfs-1.1.jar (com.google.jimfs:jimfs:1.1) with MergeInstrumentationAnalysisTransform
[        ] Transforming grpc-context-1.57.0.jar (io.grpc:grpc-context:1.57.0) with InstrumentationAnalysisTransform
[        ] Transforming grpc-context-1.57.0.jar (io.grpc:grpc-context:1.57.0) with MergeInstrumentationAnalysisTransform
[        ] Transforming jimfs-1.1.jar (com.google.jimfs:jimfs:1.1) with ExternalDependencyInstrumentingArtifactTransform
[        ] Transforming grpc-protobuf-lite-1.57.0.jar (io.grpc:grpc-protobuf-lite:1.57.0) with InstrumentationAnalysisTransform
[        ] Transforming grpc-context-1.57.0.jar (io.grpc:grpc-context:1.57.0) with ExternalDependencyInstrumentingArtifactTransform
[        ] Transforming grpc-protobuf-lite-1.57.0.jar (io.grpc:grpc-protobuf-lite:1.57.0) with MergeInstrumentationAnalysisTransform
[        ] Transforming grpc-api-1.57.0.jar (io.grpc:grpc-api:1.57.0) with InstrumentationAnalysisTransform
[        ] Transforming grpc-api-1.57.0.jar (io.grpc:grpc-api:1.57.0) with MergeInstrumentationAnalysisTransform
[        ] Transforming guava-32.0.1-jre.jar (com.google.guava:guava:32.0.1-jre) with InstrumentationAnalysisTransform
[        ] Transforming grpc-protobuf-lite-1.57.0.jar (io.grpc:grpc-protobuf-lite:1.57.0) with ExternalDependencyInstrumentingArtifactTransform
[        ] Transforming grpc-api-1.57.0.jar (io.grpc:grpc-api:1.57.0) with ExternalDependencyInstrumentingArtifactTransform
[        ] Transforming guava-32.0.1-jre.jar (com.google.guava:guava:32.0.1-jre) with MergeInstrumentationAnalysisTransform
[        ] Transforming dagger-2.28.3.jar (com.google.dagger:dagger:2.28.3) with InstrumentationAnalysisTransform
[        ] Transforming dagger-2.28.3.jar (com.google.dagger:dagger:2.28.3) with MergeInstrumentationAnalysisTransform
[        ] Transforming guava-32.0.1-jre.jar (com.google.guava:guava:32.0.1-jre) with ExternalDependencyInstrumentingArtifactTransform
[        ] Transforming javax.inject-1.jar (javax.inject:javax.inject:1) with InstrumentationAnalysisTransform
[        ] Transforming dagger-2.28.3.jar (com.google.dagger:dagger:2.28.3) with ExternalDependencyInstrumentingArtifactTransform
[        ] Transforming javax.inject-1.jar (javax.inject:javax.inject:1) with MergeInstrumentationAnalysisTransform
[        ] Transforming bcutil-jdk18on-1.77.jar (org.bouncycastle:bcutil-jdk18on:1.77) with InstrumentationAnalysisTransform
[        ] Transforming bcutil-jdk18on-1.77.jar (org.bouncycastle:bcutil-jdk18on:1.77) with MergeInstrumentationAnalysisTransform
[        ] Transforming javax.inject-1.jar (javax.inject:javax.inject:1) with ExternalDependencyInstrumentingArtifactTransform
[        ] Transforming bcprov-jdk18on-1.77.jar (org.bouncycastle:bcprov-jdk18on:1.77) with InstrumentationAnalysisTransform
[        ] Transforming bcutil-jdk18on-1.77.jar (org.bouncycastle:bcutil-jdk18on:1.77) with ExternalDependencyInstrumentingArtifactTransform
[        ] Transforming bcprov-jdk18on-1.77.jar (org.bouncycastle:bcprov-jdk18on:1.77) with MergeInstrumentationAnalysisTransform
[        ] Transforming trove4j-1.0.20200330.jar (org.jetbrains.intellij.deps:trove4j:1.0.20200330) with InstrumentationAnalysisTransform
[        ] Transforming bcprov-jdk18on-1.77.jar (org.bouncycastle:bcprov-jdk18on:1.77) with ExternalDependencyInstrumentingArtifactTransform
[        ] Transforming trove4j-1.0.20200330.jar (org.jetbrains.intellij.deps:trove4j:1.0.20200330) with MergeInstrumentationAnalysisTransform
[        ] Transforming commons-compress-1.21.jar (org.apache.commons:commons-compress:1.21) with InstrumentationAnalysisTransform
[        ] Transforming commons-compress-1.21.jar (org.apache.commons:commons-compress:1.21) with MergeInstrumentationAnalysisTransform
[        ] Transforming httpclient-4.5.14.jar (org.apache.httpcomponents:httpclient:4.5.14) with InstrumentationAnalysisTransform
[        ] Transforming trove4j-1.0.20200330.jar (org.jetbrains.intellij.deps:trove4j:1.0.20200330) with ExternalDependencyInstrumentingArtifactTransform
[        ] Transforming commons-compress-1.21.jar (org.apache.commons:commons-compress:1.21) with ExternalDependencyInstrumentingArtifactTransform
[        ] Transforming httpclient-4.5.14.jar (org.apache.httpcomponents:httpclient:4.5.14) with MergeInstrumentationAnalysisTransform
[        ] Transforming httpcore-4.4.16.jar (org.apache.httpcomponents:httpcore:4.4.16) with InstrumentationAnalysisTransform
[        ] Transforming httpcore-4.4.16.jar (org.apache.httpcomponents:httpcore:4.4.16) with MergeInstrumentationAnalysisTransform
[        ] Transforming javax.activation-1.2.0.jar (com.sun.activation:javax.activation:1.2.0) with InstrumentationAnalysisTransform
[        ] Transforming httpclient-4.5.14.jar (org.apache.httpcomponents:httpclient:4.5.14) with ExternalDependencyInstrumentingArtifactTransform
[        ] Transforming httpcore-4.4.16.jar (org.apache.httpcomponents:httpcore:4.4.16) with ExternalDependencyInstrumentingArtifactTransform
[        ] Transforming javax.activation-1.2.0.jar (com.sun.activation:javax.activation:1.2.0) with MergeInstrumentationAnalysisTransform
[        ] Transforming annotations-23.0.0.jar (org.jetbrains:annotations:23.0.0) with InstrumentationAnalysisTransform
[        ] Transforming annotations-23.0.0.jar (org.jetbrains:annotations:23.0.0) with MergeInstrumentationAnalysisTransform
[        ] Transforming signflinger-8.5.1.jar (com.android:signflinger:8.5.1) with InstrumentationAnalysisTransform
[        ] Transforming javax.activation-1.2.0.jar (com.sun.activation:javax.activation:1.2.0) with ExternalDependencyInstrumentingArtifactTransform
[        ] Transforming signflinger-8.5.1.jar (com.android:signflinger:8.5.1) with MergeInstrumentationAnalysisTransform
[        ] Transforming annotations-23.0.0.jar (org.jetbrains:annotations:23.0.0) with ExternalDependencyInstrumentingArtifactTransform
[        ] Transforming zipflinger-8.5.1.jar (com.android:zipflinger:8.5.1) with InstrumentationAnalysisTransform
[        ] Transforming signflinger-8.5.1.jar (com.android:signflinger:8.5.1) with ExternalDependencyInstrumentingArtifactTransform
[        ] Transforming zipflinger-8.5.1.jar (com.android:zipflinger:8.5.1) with MergeInstrumentationAnalysisTransform
[        ] Transforming annotations-31.5.1.jar (com.android.tools:annotations:31.5.1) with InstrumentationAnalysisTransform
[        ] Transforming zipflinger-8.5.1.jar (com.android:zipflinger:8.5.1) with ExternalDependencyInstrumentingArtifactTransform
[        ] Transforming annotations-31.5.1.jar (com.android.tools:annotations:31.5.1) with MergeInstrumentationAnalysisTransform
[        ] Transforming jna-platform-5.6.0.jar (net.java.dev.jna:jna-platform:5.6.0) with InstrumentationAnalysisTransform
[        ] Transforming jna-platform-5.6.0.jar (net.java.dev.jna:jna-platform:5.6.0) with MergeInstrumentationAnalysisTransform
[        ] Transforming annotations-31.5.1.jar (com.android.tools:annotations:31.5.1) with ExternalDependencyInstrumentingArtifactTransform
[        ] Transforming juniversalchardet-1.0.3.jar (com.googlecode.juniversalchardet:juniversalchardet:1.0.3) with InstrumentationAnalysisTransform
[        ] Transforming jna-platform-5.6.0.jar (net.java.dev.jna:jna-platform:5.6.0) with ExternalDependencyInstrumentingArtifactTransform
[        ] Transforming juniversalchardet-1.0.3.jar (com.googlecode.juniversalchardet:juniversalchardet:1.0.3) with MergeInstrumentationAnalysisTransform
[        ] Transforming javax.annotation-api-1.3.2.jar (javax.annotation:javax.annotation-api:1.3.2) with InstrumentationAnalysisTransform
[        ] Transforming javax.annotation-api-1.3.2.jar (javax.annotation:javax.annotation-api:1.3.2) with MergeInstrumentationAnalysisTransform
[        ] Transforming juniversalchardet-1.0.3.jar (com.googlecode.juniversalchardet:juniversalchardet:1.0.3) with ExternalDependencyInstrumentingArtifactTransform
[        ] Transforming stax-ex-1.8.1.jar (org.jvnet.staxex:stax-ex:1.8.1) with InstrumentationAnalysisTransform
[        ] Transforming javax.annotation-api-1.3.2.jar (javax.annotation:javax.annotation-api:1.3.2) with ExternalDependencyInstrumentingArtifactTransform
[        ] Transforming stax-ex-1.8.1.jar (org.jvnet.staxex:stax-ex:1.8.1) with MergeInstrumentationAnalysisTransform
[        ] Transforming jakarta.xml.bind-api-2.3.2.jar (jakarta.xml.bind:jakarta.xml.bind-api:2.3.2) with InstrumentationAnalysisTransform
[        ] Transforming jakarta.xml.bind-api-2.3.2.jar (jakarta.xml.bind:jakarta.xml.bind-api:2.3.2) with MergeInstrumentationAnalysisTransform
[        ] Transforming stax-ex-1.8.1.jar (org.jvnet.staxex:stax-ex:1.8.1) with ExternalDependencyInstrumentingArtifactTransform
[        ] Transforming txw2-2.3.2.jar (org.glassfish.jaxb:txw2:2.3.2) with InstrumentationAnalysisTransform
[        ] Transforming jakarta.xml.bind-api-2.3.2.jar (jakarta.xml.bind:jakarta.xml.bind-api:2.3.2) with ExternalDependencyInstrumentingArtifactTransform
[        ] Transforming txw2-2.3.2.jar (org.glassfish.jaxb:txw2:2.3.2) with MergeInstrumentationAnalysisTransform
[        ] Transforming istack-commons-runtime-3.0.8.jar (com.sun.istack:istack-commons-runtime:3.0.8) with InstrumentationAnalysisTransform
[        ] Transforming txw2-2.3.2.jar (org.glassfish.jaxb:txw2:2.3.2) with ExternalDependencyInstrumentingArtifactTransform
[        ] Transforming istack-commons-runtime-3.0.8.jar (com.sun.istack:istack-commons-runtime:3.0.8) with MergeInstrumentationAnalysisTransform
[        ] Transforming FastInfoset-1.2.16.jar (com.sun.xml.fastinfoset:FastInfoset:1.2.16) with InstrumentationAnalysisTransform
[        ] Transforming FastInfoset-1.2.16.jar (com.sun.xml.fastinfoset:FastInfoset:1.2.16) with MergeInstrumentationAnalysisTransform
[        ] Transforming jakarta.activation-api-1.2.1.jar (jakarta.activation:jakarta.activation-api:1.2.1) with InstrumentationAnalysisTransform
[        ] Transforming istack-commons-runtime-3.0.8.jar (com.sun.istack:istack-commons-runtime:3.0.8) with ExternalDependencyInstrumentingArtifactTransform
[        ] Transforming FastInfoset-1.2.16.jar (com.sun.xml.fastinfoset:FastInfoset:1.2.16) with ExternalDependencyInstrumentingArtifactTransform
[        ] Transforming jakarta.activation-api-1.2.1.jar (jakarta.activation:jakarta.activation-api:1.2.1) with MergeInstrumentationAnalysisTransform
[        ] Transforming auto-value-annotations-1.6.2.jar (com.google.auto.value:auto-value-annotations:1.6.2) with InstrumentationAnalysisTransform
[        ] Transforming auto-value-annotations-1.6.2.jar (com.google.auto.value:auto-value-annotations:1.6.2) with MergeInstrumentationAnalysisTransform
[        ] Transforming jakarta.activation-api-1.2.1.jar (jakarta.activation:jakarta.activation-api:1.2.1) with ExternalDependencyInstrumentingArtifactTransform
[        ] Transforming error_prone_annotations-2.18.0.jar (com.google.errorprone:error_prone_annotations:2.18.0) with InstrumentationAnalysisTransform
[        ] Transforming auto-value-annotations-1.6.2.jar (com.google.auto.value:auto-value-annotations:1.6.2) with ExternalDependencyInstrumentingArtifactTransform
[        ] Transforming error_prone_annotations-2.18.0.jar (com.google.errorprone:error_prone_annotations:2.18.0) with MergeInstrumentationAnalysisTransform
[        ] Transforming jose4j-0.9.5.jar (org.bitbucket.b_c:jose4j:0.9.5) with InstrumentationAnalysisTransform
[        ] Transforming jose4j-0.9.5.jar (org.bitbucket.b_c:jose4j:0.9.5) with MergeInstrumentationAnalysisTransform
[        ] Transforming error_prone_annotations-2.18.0.jar (com.google.errorprone:error_prone_annotations:2.18.0) with ExternalDependencyInstrumentingArtifactTransform
[        ] Transforming slf4j-api-1.7.30.jar (org.slf4j:slf4j-api:1.7.30) with InstrumentationAnalysisTransform
[        ] Transforming jose4j-0.9.5.jar (org.bitbucket.b_c:jose4j:0.9.5) with ExternalDependencyInstrumentingArtifactTransform
[        ] Transforming slf4j-api-1.7.30.jar (org.slf4j:slf4j-api:1.7.30) with MergeInstrumentationAnalysisTransform
[        ] Transforming jdom2-2.0.6.jar (org.jdom:jdom2:2.0.6) with InstrumentationAnalysisTransform
[        ] Transforming jdom2-2.0.6.jar (org.jdom:jdom2:2.0.6) with MergeInstrumentationAnalysisTransform
[        ] Transforming slf4j-api-1.7.30.jar (org.slf4j:slf4j-api:1.7.30) with ExternalDependencyInstrumentingArtifactTransform
[        ] Transforming jsr305-3.0.2.jar (com.google.code.findbugs:jsr305:3.0.2) with InstrumentationAnalysisTransform
[        ] Transforming jdom2-2.0.6.jar (org.jdom:jdom2:2.0.6) with ExternalDependencyInstrumentingArtifactTransform
[        ] Transforming jsr305-3.0.2.jar (com.google.code.findbugs:jsr305:3.0.2) with MergeInstrumentationAnalysisTransform
[        ] Transforming j2objc-annotations-2.8.jar (com.google.j2objc:j2objc-annotations:2.8) with InstrumentationAnalysisTransform
[        ] Transforming j2objc-annotations-2.8.jar (com.google.j2objc:j2objc-annotations:2.8) with MergeInstrumentationAnalysisTransform
[        ] Transforming annotations-4.1.1.4.jar (com.google.android:annotations:4.1.1.4) with InstrumentationAnalysisTransform
[        ] Transforming jsr305-3.0.2.jar (com.google.code.findbugs:jsr305:3.0.2) with ExternalDependencyInstrumentingArtifactTransform
[        ] Transforming j2objc-annotations-2.8.jar (com.google.j2objc:j2objc-annotations:2.8) with ExternalDependencyInstrumentingArtifactTransform
[        ] Transforming annotations-4.1.1.4.jar (com.google.android:annotations:4.1.1.4) with MergeInstrumentationAnalysisTransform
[        ] Transforming animal-sniffer-annotations-1.23.jar (org.codehaus.mojo:animal-sniffer-annotations:1.23) with InstrumentationAnalysisTransform
[        ] Transforming animal-sniffer-annotations-1.23.jar (org.codehaus.mojo:animal-sniffer-annotations:1.23) with MergeInstrumentationAnalysisTransform
[        ] Transforming annotations-4.1.1.4.jar (com.google.android:annotations:4.1.1.4) with ExternalDependencyInstrumentingArtifactTransform
[        ] Transforming perfmark-api-0.26.0.jar (io.perfmark:perfmark-api:0.26.0) with InstrumentationAnalysisTransform
[        ] Transforming animal-sniffer-annotations-1.23.jar (org.codehaus.mojo:animal-sniffer-annotations:1.23) with ExternalDependencyInstrumentingArtifactTransform
[        ] Transforming perfmark-api-0.26.0.jar (io.perfmark:perfmark-api:0.26.0) with MergeInstrumentationAnalysisTransform
[        ] Transforming netty-codec-http2-4.1.93.Final.jar (io.netty:netty-codec-http2:4.1.93.Final) with InstrumentationAnalysisTransform
[        ] Transforming perfmark-api-0.26.0.jar (io.perfmark:perfmark-api:0.26.0) with ExternalDependencyInstrumentingArtifactTransform
[        ] Transforming netty-codec-http2-4.1.93.Final.jar (io.netty:netty-codec-http2:4.1.93.Final) with MergeInstrumentationAnalysisTransform
[        ] Transforming netty-handler-proxy-4.1.93.Final.jar (io.netty:netty-handler-proxy:4.1.93.Final) with InstrumentationAnalysisTransform
[        ] Transforming netty-codec-http2-4.1.93.Final.jar (io.netty:netty-codec-http2:4.1.93.Final) with ExternalDependencyInstrumentingArtifactTransform
[        ] Transforming netty-handler-proxy-4.1.93.Final.jar (io.netty:netty-handler-proxy:4.1.93.Final) with MergeInstrumentationAnalysisTransform
[        ] Transforming netty-codec-http-4.1.93.Final.jar (io.netty:netty-codec-http:4.1.93.Final) with InstrumentationAnalysisTransform
[        ] Transforming netty-handler-proxy-4.1.93.Final.jar (io.netty:netty-handler-proxy:4.1.93.Final) with ExternalDependencyInstrumentingArtifactTransform
[        ] Transforming netty-codec-http-4.1.93.Final.jar (io.netty:netty-codec-http:4.1.93.Final) with MergeInstrumentationAnalysisTransform
[        ] Transforming netty-handler-4.1.93.Final.jar (io.netty:netty-handler:4.1.93.Final) with InstrumentationAnalysisTransform
[        ] Transforming netty-handler-4.1.93.Final.jar (io.netty:netty-handler:4.1.93.Final) with MergeInstrumentationAnalysisTransform
[        ] Transforming netty-transport-native-unix-common-4.1.93.Final.jar (io.netty:netty-transport-native-unix-common:4.1.93.Final) with InstrumentationAnalysisTransform
[        ] Transforming netty-codec-http-4.1.93.Final.jar (io.netty:netty-codec-http:4.1.93.Final) with ExternalDependencyInstrumentingArtifactTransform
[        ] Transforming netty-handler-4.1.93.Final.jar (io.netty:netty-handler:4.1.93.Final) with ExternalDependencyInstrumentingArtifactTransform
[        ] Transforming netty-transport-native-unix-common-4.1.93.Final.jar (io.netty:netty-transport-native-unix-common:4.1.93.Final) with MergeInstrumentationAnalysisTransform
[        ] Transforming checker-qual-3.33.0.jar (org.checkerframework:checker-qual:3.33.0) with InstrumentationAnalysisTransform
[        ] Transforming netty-transport-native-unix-common-4.1.93.Final.jar (io.netty:netty-transport-native-unix-common:4.1.93.Final) with ExternalDependencyInstrumentingArtifactTransform
[        ] Transforming checker-qual-3.33.0.jar (org.checkerframework:checker-qual:3.33.0) with MergeInstrumentationAnalysisTransform
[        ] Transforming commons-codec-1.11.jar (commons-codec:commons-codec:1.11) with InstrumentationAnalysisTransform
[        ] Transforming checker-qual-3.33.0.jar (org.checkerframework:checker-qual:3.33.0) with ExternalDependencyInstrumentingArtifactTransform
[        ] Transforming commons-codec-1.11.jar (commons-codec:commons-codec:1.11) with MergeInstrumentationAnalysisTransform
[        ] Transforming apksig-8.5.1.jar (com.android.tools.build:apksig:8.5.1) with InstrumentationAnalysisTransform
[        ] Transforming apksig-8.5.1.jar (com.android.tools.build:apksig:8.5.1) with MergeInstrumentationAnalysisTransform
[        ] Transforming commons-codec-1.11.jar (commons-codec:commons-codec:1.11) with ExternalDependencyInstrumentingArtifactTransform
[        ] Transforming javawriter-2.5.0.jar (com.squareup:javawriter:2.5.0) with InstrumentationAnalysisTransform
[        ] Transforming apksig-8.5.1.jar (com.android.tools.build:apksig:8.5.1) with ExternalDependencyInstrumentingArtifactTransform
[        ] Transforming javawriter-2.5.0.jar (com.squareup:javawriter:2.5.0) with MergeInstrumentationAnalysisTransform
[        ] Transforming kotlin-gradle-plugin-annotations-2.1.10.jar (org.jetbrains.kotlin:kotlin-gradle-plugin-annotations:2.1.10) with InstrumentationAnalysisTransform
[        ] Transforming kotlin-gradle-plugin-annotations-2.1.10.jar (org.jetbrains.kotlin:kotlin-gradle-plugin-annotations:2.1.10) with MergeInstrumentationAnalysisTransform
[        ] Transforming javawriter-2.5.0.jar (com.squareup:javawriter:2.5.0) with ExternalDependencyInstrumentingArtifactTransform
[        ] Transforming kotlin-native-utils-2.1.10.jar (org.jetbrains.kotlin:kotlin-native-utils:2.1.10) with InstrumentationAnalysisTransform
[        ] Transforming kotlin-gradle-plugin-annotations-2.1.10.jar (org.jetbrains.kotlin:kotlin-gradle-plugin-annotations:2.1.10) with ExternalDependencyInstrumentingArtifactTransform
[        ] Transforming kotlin-native-utils-2.1.10.jar (org.jetbrains.kotlin:kotlin-native-utils:2.1.10) with MergeInstrumentationAnalysisTransform
[        ] Transforming kotlin-tooling-core-2.1.10.jar (org.jetbrains.kotlin:kotlin-tooling-core:2.1.10) with InstrumentationAnalysisTransform
[        ] Transforming kotlin-tooling-core-2.1.10.jar (org.jetbrains.kotlin:kotlin-tooling-core:2.1.10) with MergeInstrumentationAnalysisTransform
[        ] Transforming kotlin-build-tools-api-2.1.10.jar (org.jetbrains.kotlin:kotlin-build-tools-api:2.1.10) with InstrumentationAnalysisTransform
[        ] Transforming kotlin-native-utils-2.1.10.jar (org.jetbrains.kotlin:kotlin-native-utils:2.1.10) with ExternalDependencyInstrumentingArtifactTransform
[        ] Transforming kotlin-tooling-core-2.1.10.jar (org.jetbrains.kotlin:kotlin-tooling-core:2.1.10) with ExternalDependencyInstrumentingArtifactTransform
[        ] Transforming kotlin-build-tools-api-2.1.10.jar (org.jetbrains.kotlin:kotlin-build-tools-api:2.1.10) with MergeInstrumentationAnalysisTransform
[        ] Transforming kotlin-util-klib-2.1.10.jar (org.jetbrains.kotlin:kotlin-util-klib:2.1.10) with InstrumentationAnalysisTransform
[        ] Transforming kotlin-util-klib-2.1.10.jar (org.jetbrains.kotlin:kotlin-util-klib:2.1.10) with MergeInstrumentationAnalysisTransform
[        ] Transforming kotlin-build-tools-api-2.1.10.jar (org.jetbrains.kotlin:kotlin-build-tools-api:2.1.10) with ExternalDependencyInstrumentingArtifactTransform
[        ] Transforming kotlin-util-io-2.1.10.jar (org.jetbrains.kotlin:kotlin-util-io:2.1.10) with InstrumentationAnalysisTransform
[        ] Transforming kotlin-util-klib-2.1.10.jar (org.jetbrains.kotlin:kotlin-util-klib:2.1.10) with ExternalDependencyInstrumentingArtifactTransform
[        ] Transforming kotlin-util-io-2.1.10.jar (org.jetbrains.kotlin:kotlin-util-io:2.1.10) with MergeInstrumentationAnalysisTransform
[        ] Transforming kotlin-daemon-client-2.1.10.jar (org.jetbrains.kotlin:kotlin-daemon-client:2.1.10) with InstrumentationAnalysisTransform
[        ] Transforming kotlin-daemon-client-2.1.10.jar (org.jetbrains.kotlin:kotlin-daemon-client:2.1.10) with MergeInstrumentationAnalysisTransform
[        ] Transforming kotlin-util-io-2.1.10.jar (org.jetbrains.kotlin:kotlin-util-io:2.1.10) with ExternalDependencyInstrumentingArtifactTransform
[        ] Transforming kotlin-daemon-client-2.1.10.jar (org.jetbrains.kotlin:kotlin-daemon-client:2.1.10) with ExternalDependencyInstrumentingArtifactTransform
[        ] Transforming kotlinx-coroutines-core-jvm-1.6.4.jar (org.jetbrains.kotlinx:kotlinx-coroutines-core-jvm:1.6.4) with InstrumentationAnalysisTransform
[        ] Transforming kotlinx-coroutines-core-jvm-1.6.4.jar (org.jetbrains.kotlinx:kotlinx-coroutines-core-jvm:1.6.4) with MergeInstrumentationAnalysisTransform
[        ] Transforming failureaccess-1.0.1.jar (com.google.guava:failureaccess:1.0.1) with InstrumentationAnalysisTransform
[        ] Transforming failureaccess-1.0.1.jar (com.google.guava:failureaccess:1.0.1) with MergeInstrumentationAnalysisTransform
[        ] Transforming kotlinx-coroutines-core-jvm-1.6.4.jar (org.jetbrains.kotlinx:kotlinx-coroutines-core-jvm:1.6.4) with ExternalDependencyInstrumentingArtifactTransform
[        ] Transforming listenablefuture-9999.0-empty-to-avoid-conflict-with-guava.jar (com.google.guava:listenablefuture:9999.0-empty-to-avoid-conflict-with-guava) with InstrumentationAnalysisTransform
[        ] Transforming failureaccess-1.0.1.jar (com.google.guava:failureaccess:1.0.1) with ExternalDependencyInstrumentingArtifactTransform
[        ] Transforming listenablefuture-9999.0-empty-to-avoid-conflict-with-guava.jar (com.google.guava:listenablefuture:9999.0-empty-to-avoid-conflict-with-guava) with MergeInstrumentationAnalysisTransform
[        ] Transforming commons-logging-1.2.jar (commons-logging:commons-logging:1.2) with InstrumentationAnalysisTransform
[        ] Transforming commons-logging-1.2.jar (commons-logging:commons-logging:1.2) with MergeInstrumentationAnalysisTransform
[        ] Transforming listenablefuture-9999.0-empty-to-avoid-conflict-with-guava.jar (com.google.guava:listenablefuture:9999.0-empty-to-avoid-conflict-with-guava) with ExternalDependencyInstrumentingArtifactTransform
[        ] Transforming jna-5.6.0.jar (net.java.dev.jna:jna:5.6.0) with InstrumentationAnalysisTransform
[        ] Transforming commons-logging-1.2.jar (commons-logging:commons-logging:1.2) with ExternalDependencyInstrumentingArtifactTransform
[        ] Transforming jna-5.6.0.jar (net.java.dev.jna:jna:5.6.0) with MergeInstrumentationAnalysisTransform
[        ] Transforming netty-codec-socks-4.1.93.Final.jar (io.netty:netty-codec-socks:4.1.93.Final) with InstrumentationAnalysisTransform
[        ] Transforming netty-codec-socks-4.1.93.Final.jar (io.netty:netty-codec-socks:4.1.93.Final) with MergeInstrumentationAnalysisTransform
[        ] Transforming jna-5.6.0.jar (net.java.dev.jna:jna:5.6.0) with ExternalDependencyInstrumentingArtifactTransform
[        ] Transforming netty-codec-4.1.93.Final.jar (io.netty:netty-codec:4.1.93.Final) with InstrumentationAnalysisTransform
[        ] Transforming netty-codec-socks-4.1.93.Final.jar (io.netty:netty-codec-socks:4.1.93.Final) with ExternalDependencyInstrumentingArtifactTransform
[        ] Transforming netty-codec-4.1.93.Final.jar (io.netty:netty-codec:4.1.93.Final) with MergeInstrumentationAnalysisTransform
[        ] Transforming netty-transport-4.1.93.Final.jar (io.netty:netty-transport:4.1.93.Final) with InstrumentationAnalysisTransform
[        ] Transforming netty-transport-4.1.93.Final.jar (io.netty:netty-transport:4.1.93.Final) with MergeInstrumentationAnalysisTransform
[        ] Transforming netty-codec-4.1.93.Final.jar (io.netty:netty-codec:4.1.93.Final) with ExternalDependencyInstrumentingArtifactTransform
[        ] Transforming netty-buffer-4.1.93.Final.jar (io.netty:netty-buffer:4.1.93.Final) with InstrumentationAnalysisTransform
[        ] Transforming netty-transport-4.1.93.Final.jar (io.netty:netty-transport:4.1.93.Final) with ExternalDependencyInstrumentingArtifactTransform
[        ] Transforming netty-buffer-4.1.93.Final.jar (io.netty:netty-buffer:4.1.93.Final) with MergeInstrumentationAnalysisTransform
[        ] Transforming netty-resolver-4.1.93.Final.jar (io.netty:netty-resolver:4.1.93.Final) with InstrumentationAnalysisTransform
[        ] Transforming netty-resolver-4.1.93.Final.jar (io.netty:netty-resolver:4.1.93.Final) with MergeInstrumentationAnalysisTransform
[        ] Transforming netty-common-4.1.93.Final.jar (io.netty:netty-common:4.1.93.Final) with InstrumentationAnalysisTransform
[        ] Transforming netty-buffer-4.1.93.Final.jar (io.netty:netty-buffer:4.1.93.Final) with ExternalDependencyInstrumentingArtifactTransform
[        ] Transforming netty-common-4.1.93.Final.jar (io.netty:netty-common:4.1.93.Final) with MergeInstrumentationAnalysisTransform
[        ] Transforming netty-resolver-4.1.93.Final.jar (io.netty:netty-resolver:4.1.93.Final) with ExternalDependencyInstrumentingArtifactTransform
[        ] Transforming netty-common-4.1.93.Final.jar (io.netty:netty-common:4.1.93.Final) with ExternalDependencyInstrumentingArtifactTransform
[        ] Using default execution profile
[        ] Using Kotlin Gradle Plugin gradle76 variant
[  +37 ms] > Configure project :url_launcher_android
[        ] Evaluating project ':url_launcher_android' using build file '/Users/anas/.pub-cache/hosted/pub.dev/url_launcher_android-6.3.14/android/build.gradle'.
[        ] Transforming gradle-8.5.1.jar (com.android.tools.build:gradle:8.5.1) with InstrumentationAnalysisTransform
[        ] Transforming gradle-settings-api-8.5.1.jar (com.android.tools.build:gradle-settings-api:8.5.1) with InstrumentationAnalysisTransform
[        ] Transforming lint-model-31.5.1.jar (com.android.tools.lint:lint-model:31.5.1) with InstrumentationAnalysisTransform
[        ] Transforming builder-8.5.1.jar (com.android.tools.build:builder:8.5.1) with InstrumentationAnalysisTransform
[        ] Transforming manifest-merger-31.5.1.jar (com.android.tools.build:manifest-merger:31.5.1) with InstrumentationAnalysisTransform
[        ] Transforming sdk-common-31.5.1.jar (com.android.tools:sdk-common:31.5.1) with InstrumentationAnalysisTransform
[        ] Transforming sdklib-31.5.1.jar (com.android.tools:sdklib:31.5.1) with InstrumentationAnalysisTransform
[        ] Transforming repository-31.5.1.jar (com.android.tools:repository:31.5.1) with InstrumentationAnalysisTransform
[        ] Transforming gradle-api-8.5.1.jar (com.android.tools.build:gradle-api:8.5.1) with InstrumentationAnalysisTransform
[        ] Transforming builder-test-api-8.5.1.jar (com.android.tools.build:builder-test-api:8.5.1) with InstrumentationAnalysisTransform
[        ] Transforming ddmlib-31.5.1.jar (com.android.tools.ddms:ddmlib:31.5.1) with InstrumentationAnalysisTransform
[        ] Transforming aaptcompiler-8.5.1.jar (com.android.tools.build:aaptcompiler:8.5.1) with InstrumentationAnalysisTransform
[        ] Transforming bundletool-1.16.0.jar (com.android.tools.build:bundletool:1.16.0) with InstrumentationAnalysisTransform
[        ] Transforming aapt2-proto-8.5.1-11315950.jar (com.android.tools.build:aapt2-proto:8.5.1-11315950) with InstrumentationAnalysisTransform
[        ] Transforming crash-31.5.1.jar (com.android.tools.analytics-library:crash:31.5.1) with InstrumentationAnalysisTransform
[        ] Transforming tracker-31.5.1.jar (com.android.tools.analytics-library:tracker:31.5.1) with InstrumentationAnalysisTransform
[        ] Transforming shared-31.5.1.jar (com.android.tools.analytics-library:shared:31.5.1) with InstrumentationAnalysisTransform
[        ] Transforming lint-typedef-remover-31.5.1.jar (com.android.tools.lint:lint-typedef-remover:31.5.1) with InstrumentationAnalysisTransform
[        ] Transforming databinding-compiler-common-8.5.1.jar (androidx.databinding:databinding-compiler-common:8.5.1) with InstrumentationAnalysisTransform
[        ] Transforming databinding-common-8.5.1.jar (androidx.databinding:databinding-common:8.5.1) with InstrumentationAnalysisTransform
[        ] Transforming baseLibrary-8.5.1.jar (com.android.databinding:baseLibrary:8.5.1) with InstrumentationAnalysisTransform
[        ] Transforming layoutlib-api-31.5.1.jar (com.android.tools.layoutlib:layoutlib-api:31.5.1) with InstrumentationAnalysisTransform
[        ] Transforming android-device-provider-ddmlib-proto-31.5.1.jar (com.android.tools.utp:android-device-provider-ddmlib-proto:31.5.1) with InstrumentationAnalysisTransform
[        ] Transforming android-device-provider-gradle-proto-31.5.1.jar (com.android.tools.utp:android-device-provider-gradle-proto:31.5.1) with InstrumentationAnalysisTransform
[        ] Transforming android-test-plugin-host-additional-test-output-proto-31.5.1.jar (com.android.tools.utp:android-test-plugin-host-additional-test-output-proto:31.5.1) with InstrumentationAnalysisTransform
[        ] Transforming android-test-plugin-host-coverage-proto-31.5.1.jar (com.android.tools.utp:android-test-plugin-host-coverage-proto:31.5.1) with InstrumentationAnalysisTransform
[        ] Transforming android-test-plugin-host-emulator-control-proto-31.5.1.jar (com.android.tools.utp:android-test-plugin-host-emulator-control-proto:31.5.1) with InstrumentationAnalysisTransform
[        ] Transforming android-test-plugin-host-logcat-proto-31.5.1.jar (com.android.tools.utp:android-test-plugin-host-logcat-proto:31.5.1) with InstrumentationAnalysisTransform
[        ] Transforming android-test-plugin-host-apk-installer-proto-31.5.1.jar (com.android.tools.utp:android-test-plugin-host-apk-installer-proto:31.5.1) with InstrumentationAnalysisTransform
[        ] Transforming android-test-plugin-host-retention-proto-31.5.1.jar (com.android.tools.utp:android-test-plugin-host-retention-proto:31.5.1) with InstrumentationAnalysisTransform
[        ] Transforming android-test-plugin-result-listener-gradle-proto-31.5.1.jar (com.android.tools.utp:android-test-plugin-result-listener-gradle-proto:31.5.1) with InstrumentationAnalysisTransform
[        ] Transforming builder-model-8.5.1.jar (com.android.tools.build:builder-model:8.5.1) with InstrumentationAnalysisTransform
[        ] Transforming dvlib-31.5.1.jar (com.android.tools:dvlib:31.5.1) with InstrumentationAnalysisTransform
[        ] Transforming common-31.5.1.jar (com.android.tools:common:31.5.1) with InstrumentationAnalysisTransform
[        ] Transforming jetifier-processor-1.0.0-beta10.jar (com.android.tools.build.jetifier:jetifier-processor:1.0.0-beta10) with InstrumentationAnalysisTransform
[        ] Transforming jetifier-core-1.0.0-beta10.jar (com.android.tools.build.jetifier:jetifier-core:1.0.0-beta10) with InstrumentationAnalysisTransform
[        ] Transforming kotlin-reflect-1.9.20.jar (org.jetbrains.kotlin:kotlin-reflect:1.9.20) with InstrumentationAnalysisTransform
[        ] Transforming kotlin-stdlib-jdk7-1.9.20.jar (org.jetbrains.kotlin:kotlin-stdlib-jdk7:1.9.20) with InstrumentationAnalysisTransform
[        ] Transforming kotlin-stdlib-1.9.20.jar (org.jetbrains.kotlin:kotlin-stdlib:1.9.20) with InstrumentationAnalysisTransform
[        ] Transforming kotlin-stdlib-jdk8-1.9.20.jar (org.jetbrains.kotlin:kotlin-stdlib-jdk8:1.9.20) with InstrumentationAnalysisTransform
[        ] Transforming transform-api-2.0.0-deprecated-use-gradle-api.jar (com.android.tools.build:transform-api:2.0.0-deprecated-use-gradle-api) with InstrumentationAnalysisTransform
[        ] Transforming httpmime-4.5.6.jar (org.apache.httpcomponents:httpmime:4.5.6) with InstrumentationAnalysisTransform
[        ] Transforming commons-io-2.13.0.jar (commons-io:commons-io:2.13.0) with InstrumentationAnalysisTransform
[        ] Transforming asm-commons-9.6.jar (org.ow2.asm:asm-commons:9.6) with InstrumentationAnalysisTransform
[        ] Transforming asm-util-9.6.jar (org.ow2.asm:asm-util:9.6) with InstrumentationAnalysisTransform
[        ] Transforming asm-analysis-9.6.jar (org.ow2.asm:asm-analysis:9.6) with InstrumentationAnalysisTransform
[        ] Transforming asm-tree-9.6.jar (org.ow2.asm:asm-tree:9.6) with InstrumentationAnalysisTransform
[        ] Transforming asm-9.6.jar (org.ow2.asm:asm:9.6) with InstrumentationAnalysisTransform
[        ] Transforming apkzlib-8.5.1.jar (com.android.tools.build:apkzlib:8.5.1) with InstrumentationAnalysisTransform
[        ] Transforming bcpkix-jdk18on-1.77.jar (org.bouncycastle:bcpkix-jdk18on:1.77) with InstrumentationAnalysisTransform
[        ] Transforming jaxb-runtime-2.3.2.jar (org.glassfish.jaxb:jaxb-runtime:2.3.2) with InstrumentationAnalysisTransform
[        ] Transforming jopt-simple-4.9.jar (net.sf.jopt-simple:jopt-simple:4.9) with InstrumentationAnalysisTransform
[        ] Transforming javapoet-1.10.0.jar (com.squareup:javapoet:1.10.0) with InstrumentationAnalysisTransform
[        ] Transforming protobuf-java-util-3.22.3.jar (com.google.protobuf:protobuf-java-util:3.22.3) with InstrumentationAnalysisTransform
[        ] Transforming grpc-protobuf-1.57.0.jar (io.grpc:grpc-protobuf:1.57.0) with InstrumentationAnalysisTransform
[        ] Transforming tink-1.7.0.jar (com.google.crypto.tink:tink:1.7.0) with InstrumentationAnalysisTransform
[        ] Transforming protos-31.5.1.jar (com.android.tools.analytics-library:protos:31.5.1) with InstrumentationAnalysisTransform
[        ] Transforming proto-google-common-protos-2.17.0.jar (com.google.api.grpc:proto-google-common-protos:2.17.0) with InstrumentationAnalysisTransform
[        ] Transforming protobuf-java-3.22.3.jar (com.google.protobuf:protobuf-java:3.22.3) with InstrumentationAnalysisTransform
[        ] Transforming grpc-netty-1.57.0.jar (io.grpc:grpc-netty:1.57.0) with InstrumentationAnalysisTransform
[        ] Transforming grpc-core-1.57.0.jar (io.grpc:grpc-core:1.57.0) with InstrumentationAnalysisTransform
[        ] Transforming gson-2.10.1.jar (com.google.code.gson:gson:2.10.1) with InstrumentationAnalysisTransform
[        ] Transforming grpc-stub-1.57.0.jar (io.grpc:grpc-stub:1.57.0) with InstrumentationAnalysisTransform
[        ] Transforming core-proto-0.0.9-alpha02.jar (com.google.testing.platform:core-proto:0.0.9-alpha02) with InstrumentationAnalysisTransform
[        ] Transforming kxml2-2.3.0.jar (net.sf.kxml:kxml2:2.3.0) with InstrumentationAnalysisTransform
[        ] Transforming tensorflow-lite-metadata-0.1.0-rc2.jar (org.tensorflow:tensorflow-lite-metadata:0.1.0-rc2) with InstrumentationAnalysisTransform
[        ] Transforming flatbuffers-java-1.12.0.jar (com.google.flatbuffers:flatbuffers-java:1.12.0) with InstrumentationAnalysisTransform
[        ] Transforming jimfs-1.1.jar (com.google.jimfs:jimfs:1.1) with InstrumentationAnalysisTransform
[        ] Transforming grpc-context-1.57.0.jar (io.grpc:grpc-context:1.57.0) with InstrumentationAnalysisTransform
[        ] Transforming grpc-protobuf-lite-1.57.0.jar (io.grpc:grpc-protobuf-lite:1.57.0) with InstrumentationAnalysisTransform
[        ] Transforming grpc-api-1.57.0.jar (io.grpc:grpc-api:1.57.0) with InstrumentationAnalysisTransform
[        ] Transforming guava-32.0.1-jre.jar (com.google.guava:guava:32.0.1-jre) with InstrumentationAnalysisTransform
[        ] Transforming dagger-2.28.3.jar (com.google.dagger:dagger:2.28.3) with InstrumentationAnalysisTransform
[        ] Transforming javax.inject-1.jar (javax.inject:javax.inject:1) with InstrumentationAnalysisTransform
[        ] Transforming bcutil-jdk18on-1.77.jar (org.bouncycastle:bcutil-jdk18on:1.77) with InstrumentationAnalysisTransform
[        ] Transforming bcprov-jdk18on-1.77.jar (org.bouncycastle:bcprov-jdk18on:1.77) with InstrumentationAnalysisTransform
[        ] Transforming trove4j-1.0.20200330.jar (org.jetbrains.intellij.deps:trove4j:1.0.20200330) with InstrumentationAnalysisTransform
[        ] Transforming commons-compress-1.21.jar (org.apache.commons:commons-compress:1.21) with InstrumentationAnalysisTransform
[        ] Transforming httpclient-4.5.14.jar (org.apache.httpcomponents:httpclient:4.5.14) with InstrumentationAnalysisTransform
[        ] Transforming httpcore-4.4.16.jar (org.apache.httpcomponents:httpcore:4.4.16) with InstrumentationAnalysisTransform
[        ] Transforming javax.activation-1.2.0.jar (com.sun.activation:javax.activation:1.2.0) with InstrumentationAnalysisTransform
[        ] Transforming annotations-23.0.0.jar (org.jetbrains:annotations:23.0.0) with InstrumentationAnalysisTransform
[        ] Transforming signflinger-8.5.1.jar (com.android:signflinger:8.5.1) with InstrumentationAnalysisTransform
[        ] Transforming zipflinger-8.5.1.jar (com.android:zipflinger:8.5.1) with InstrumentationAnalysisTransform
[        ] Transforming annotations-31.5.1.jar (com.android.tools:annotations:31.5.1) with InstrumentationAnalysisTransform
[        ] Transforming jna-platform-5.6.0.jar (net.java.dev.jna:jna-platform:5.6.0) with InstrumentationAnalysisTransform
[        ] Transforming juniversalchardet-1.0.3.jar (com.googlecode.juniversalchardet:juniversalchardet:1.0.3) with InstrumentationAnalysisTransform
[        ] Transforming javax.annotation-api-1.3.2.jar (javax.annotation:javax.annotation-api:1.3.2) with InstrumentationAnalysisTransform
[        ] Transforming stax-ex-1.8.1.jar (org.jvnet.staxex:stax-ex:1.8.1) with InstrumentationAnalysisTransform
[        ] Transforming jakarta.xml.bind-api-2.3.2.jar (jakarta.xml.bind:jakarta.xml.bind-api:2.3.2) with InstrumentationAnalysisTransform
[        ] Transforming txw2-2.3.2.jar (org.glassfish.jaxb:txw2:2.3.2) with InstrumentationAnalysisTransform
[        ] Transforming istack-commons-runtime-3.0.8.jar (com.sun.istack:istack-commons-runtime:3.0.8) with InstrumentationAnalysisTransform
[        ] Transforming FastInfoset-1.2.16.jar (com.sun.xml.fastinfoset:FastInfoset:1.2.16) with InstrumentationAnalysisTransform
[        ] Transforming jakarta.activation-api-1.2.1.jar (jakarta.activation:jakarta.activation-api:1.2.1) with InstrumentationAnalysisTransform
[        ] Transforming auto-value-annotations-1.6.2.jar (com.google.auto.value:auto-value-annotations:1.6.2) with InstrumentationAnalysisTransform
[        ] Transforming error_prone_annotations-2.18.0.jar (com.google.errorprone:error_prone_annotations:2.18.0) with InstrumentationAnalysisTransform
[        ] Transforming jose4j-0.9.5.jar (org.bitbucket.b_c:jose4j:0.9.5) with InstrumentationAnalysisTransform
[        ] Transforming slf4j-api-1.7.30.jar (org.slf4j:slf4j-api:1.7.30) with InstrumentationAnalysisTransform
[        ] Transforming jdom2-2.0.6.jar (org.jdom:jdom2:2.0.6) with InstrumentationAnalysisTransform
[        ] Transforming jsr305-3.0.2.jar (com.google.code.findbugs:jsr305:3.0.2) with InstrumentationAnalysisTransform
[        ] Transforming j2objc-annotations-2.8.jar (com.google.j2objc:j2objc-annotations:2.8) with InstrumentationAnalysisTransform
[        ] Transforming annotations-4.1.1.4.jar (com.google.android:annotations:4.1.1.4) with InstrumentationAnalysisTransform
[        ] Transforming animal-sniffer-annotations-1.23.jar (org.codehaus.mojo:animal-sniffer-annotations:1.23) with InstrumentationAnalysisTransform
[        ] Transforming perfmark-api-0.26.0.jar (io.perfmark:perfmark-api:0.26.0) with InstrumentationAnalysisTransform
[        ] Transforming netty-codec-http2-4.1.93.Final.jar (io.netty:netty-codec-http2:4.1.93.Final) with InstrumentationAnalysisTransform
[        ] Transforming netty-handler-proxy-4.1.93.Final.jar (io.netty:netty-handler-proxy:4.1.93.Final) with InstrumentationAnalysisTransform
[        ] Transforming netty-codec-http-4.1.93.Final.jar (io.netty:netty-codec-http:4.1.93.Final) with InstrumentationAnalysisTransform
[        ] Transforming netty-handler-4.1.93.Final.jar (io.netty:netty-handler:4.1.93.Final) with InstrumentationAnalysisTransform
[        ] Transforming netty-transport-native-unix-common-4.1.93.Final.jar (io.netty:netty-transport-native-unix-common:4.1.93.Final) with InstrumentationAnalysisTransform
[        ] Transforming checker-qual-3.33.0.jar (org.checkerframework:checker-qual:3.33.0) with InstrumentationAnalysisTransform
[        ] Transforming commons-codec-1.11.jar (commons-codec:commons-codec:1.11) with InstrumentationAnalysisTransform
[        ] Transforming apksig-8.5.1.jar (com.android.tools.build:apksig:8.5.1) with InstrumentationAnalysisTransform
[        ] Transforming javawriter-2.5.0.jar (com.squareup:javawriter:2.5.0) with InstrumentationAnalysisTransform
[        ] Transforming failureaccess-1.0.1.jar (com.google.guava:failureaccess:1.0.1) with InstrumentationAnalysisTransform
[        ] Transforming listenablefuture-9999.0-empty-to-avoid-conflict-with-guava.jar (com.google.guava:listenablefuture:9999.0-empty-to-avoid-conflict-with-guava) with InstrumentationAnalysisTransform
[        ] Transforming commons-logging-1.2.jar (commons-logging:commons-logging:1.2) with InstrumentationAnalysisTransform
[        ] Transforming jna-5.6.0.jar (net.java.dev.jna:jna:5.6.0) with InstrumentationAnalysisTransform
[        ] Transforming netty-codec-socks-4.1.93.Final.jar (io.netty:netty-codec-socks:4.1.93.Final) with InstrumentationAnalysisTransform
[        ] Transforming netty-codec-4.1.93.Final.jar (io.netty:netty-codec:4.1.93.Final) with InstrumentationAnalysisTransform
[        ] Transforming netty-transport-4.1.93.Final.jar (io.netty:netty-transport:4.1.93.Final) with InstrumentationAnalysisTransform
[        ] Transforming netty-buffer-4.1.93.Final.jar (io.netty:netty-buffer:4.1.93.Final) with InstrumentationAnalysisTransform
[        ] Transforming netty-resolver-4.1.93.Final.jar (io.netty:netty-resolver:4.1.93.Final) with InstrumentationAnalysisTransform
[        ] Transforming netty-common-4.1.93.Final.jar (io.netty:netty-common:4.1.93.Final) with InstrumentationAnalysisTransform
[        ] Transforming gradle-8.5.1.jar (com.android.tools.build:gradle:8.5.1) with InstrumentationAnalysisTransform
[        ] Transforming gradle-8.5.1.jar (com.android.tools.build:gradle:8.5.1) with MergeInstrumentationAnalysisTransform
[        ] Transforming gradle-settings-api-8.5.1.jar (com.android.tools.build:gradle-settings-api:8.5.1) with InstrumentationAnalysisTransform
[        ] Transforming gradle-settings-api-8.5.1.jar (com.android.tools.build:gradle-settings-api:8.5.1) with MergeInstrumentationAnalysisTransform
[        ] Transforming lint-model-31.5.1.jar (com.android.tools.lint:lint-model:31.5.1) with InstrumentationAnalysisTransform
[        ] Transforming lint-model-31.5.1.jar (com.android.tools.lint:lint-model:31.5.1) with MergeInstrumentationAnalysisTransform
[        ] Transforming builder-8.5.1.jar (com.android.tools.build:builder:8.5.1) with InstrumentationAnalysisTransform
[        ] Transforming gradle-8.5.1.jar (com.android.tools.build:gradle:8.5.1) with ExternalDependencyInstrumentingArtifactTransform
[        ] Transforming lint-model-31.5.1.jar (com.android.tools.lint:lint-model:31.5.1) with ExternalDependencyInstrumentingArtifactTransform
[        ] Transforming gradle-settings-api-8.5.1.jar (com.android.tools.build:gradle-settings-api:8.5.1) with ExternalDependencyInstrumentingArtifactTransform
[        ] Transforming builder-8.5.1.jar (com.android.tools.build:builder:8.5.1) with MergeInstrumentationAnalysisTransform
[        ] Transforming manifest-merger-31.5.1.jar (com.android.tools.build:manifest-merger:31.5.1) with InstrumentationAnalysisTransform
[        ] Transforming manifest-merger-31.5.1.jar (com.android.tools.build:manifest-merger:31.5.1) with MergeInstrumentationAnalysisTransform
[        ] Transforming builder-8.5.1.jar (com.android.tools.build:builder:8.5.1) with ExternalDependencyInstrumentingArtifactTransform
[        ] Transforming sdk-common-31.5.1.jar (com.android.tools:sdk-common:31.5.1) with InstrumentationAnalysisTransform
[        ] Transforming manifest-merger-31.5.1.jar (com.android.tools.build:manifest-merger:31.5.1) with ExternalDependencyInstrumentingArtifactTransform
[        ] Transforming sdk-common-31.5.1.jar (com.android.tools:sdk-common:31.5.1) with MergeInstrumentationAnalysisTransform
[        ] Transforming sdklib-31.5.1.jar (com.android.tools:sdklib:31.5.1) with InstrumentationAnalysisTransform
[        ] Transforming sdklib-31.5.1.jar (com.android.tools:sdklib:31.5.1) with MergeInstrumentationAnalysisTransform
[        ] Transforming sdk-common-31.5.1.jar (com.android.tools:sdk-common:31.5.1) with ExternalDependencyInstrumentingArtifactTransform
[        ] Transforming repository-31.5.1.jar (com.android.tools:repository:31.5.1) with InstrumentationAnalysisTransform
[        ] Transforming sdklib-31.5.1.jar (com.android.tools:sdklib:31.5.1) with ExternalDependencyInstrumentingArtifactTransform
[        ] Transforming repository-31.5.1.jar (com.android.tools:repository:31.5.1) with MergeInstrumentationAnalysisTransform
[        ] Transforming gradle-api-8.5.1.jar (com.android.tools.build:gradle-api:8.5.1) with InstrumentationAnalysisTransform
[        ] Transforming gradle-api-8.5.1.jar (com.android.tools.build:gradle-api:8.5.1) with MergeInstrumentationAnalysisTransform
[        ] Transforming repository-31.5.1.jar (com.android.tools:repository:31.5.1) with ExternalDependencyInstrumentingArtifactTransform
[        ] Transforming builder-test-api-8.5.1.jar (com.android.tools.build:builder-test-api:8.5.1) with InstrumentationAnalysisTransform
[        ] Transforming gradle-api-8.5.1.jar (com.android.tools.build:gradle-api:8.5.1) with ExternalDependencyInstrumentingArtifactTransform
[        ] Transforming builder-test-api-8.5.1.jar (com.android.tools.build:builder-test-api:8.5.1) with MergeInstrumentationAnalysisTransform
[        ] Transforming ddmlib-31.5.1.jar (com.android.tools.ddms:ddmlib:31.5.1) with InstrumentationAnalysisTransform
[        ] Transforming ddmlib-31.5.1.jar (com.android.tools.ddms:ddmlib:31.5.1) with MergeInstrumentationAnalysisTransform
[        ] Transforming builder-test-api-8.5.1.jar (com.android.tools.build:builder-test-api:8.5.1) with ExternalDependencyInstrumentingArtifactTransform
[        ] Transforming aaptcompiler-8.5.1.jar (com.android.tools.build:aaptcompiler:8.5.1) with InstrumentationAnalysisTransform
[        ] Transforming ddmlib-31.5.1.jar (com.android.tools.ddms:ddmlib:31.5.1) with ExternalDependencyInstrumentingArtifactTransform
[        ] Transforming aaptcompiler-8.5.1.jar (com.android.tools.build:aaptcompiler:8.5.1) with MergeInstrumentationAnalysisTransform
[        ] Transforming bundletool-1.16.0.jar (com.android.tools.build:bundletool:1.16.0) with InstrumentationAnalysisTransform
[        ] Transforming bundletool-1.16.0.jar (com.android.tools.build:bundletool:1.16.0) with MergeInstrumentationAnalysisTransform
[        ] Transforming aaptcompiler-8.5.1.jar (com.android.tools.build:aaptcompiler:8.5.1) with ExternalDependencyInstrumentingArtifactTransform
[        ] Transforming aapt2-proto-8.5.1-11315950.jar (com.android.tools.build:aapt2-proto:8.5.1-11315950) with InstrumentationAnalysisTransform
[        ] Transforming bundletool-1.16.0.jar (com.android.tools.build:bundletool:1.16.0) with ExternalDependencyInstrumentingArtifactTransform
[        ] Transforming aapt2-proto-8.5.1-11315950.jar (com.android.tools.build:aapt2-proto:8.5.1-11315950) with MergeInstrumentationAnalysisTransform
[        ] Transforming crash-31.5.1.jar (com.android.tools.analytics-library:crash:31.5.1) with InstrumentationAnalysisTransform
[        ] Transforming crash-31.5.1.jar (com.android.tools.analytics-library:crash:31.5.1) with MergeInstrumentationAnalysisTransform
[        ] Transforming aapt2-proto-8.5.1-11315950.jar (com.android.tools.build:aapt2-proto:8.5.1-11315950) with ExternalDependencyInstrumentingArtifactTransform
[        ] Transforming tracker-31.5.1.jar (com.android.tools.analytics-library:tracker:31.5.1) with InstrumentationAnalysisTransform
[        ] Transforming crash-31.5.1.jar (com.android.tools.analytics-library:crash:31.5.1) with ExternalDependencyInstrumentingArtifactTransform
[        ] Transforming tracker-31.5.1.jar (com.android.tools.analytics-library:tracker:31.5.1) with MergeInstrumentationAnalysisTransform
[        ] Transforming shared-31.5.1.jar (com.android.tools.analytics-library:shared:31.5.1) with InstrumentationAnalysisTransform
[        ] Transforming tracker-31.5.1.jar (com.android.tools.analytics-library:tracker:31.5.1) with ExternalDependencyInstrumentingArtifactTransform
[        ] Transforming shared-31.5.1.jar (com.android.tools.analytics-library:shared:31.5.1) with MergeInstrumentationAnalysisTransform
[        ] Transforming lint-typedef-remover-31.5.1.jar (com.android.tools.lint:lint-typedef-remover:31.5.1) with InstrumentationAnalysisTransform
[        ] Transforming lint-typedef-remover-31.5.1.jar (com.android.tools.lint:lint-typedef-remover:31.5.1) with MergeInstrumentationAnalysisTransform
[        ] Transforming databinding-compiler-common-8.5.1.jar (androidx.databinding:databinding-compiler-common:8.5.1) with InstrumentationAnalysisTransform
[        ] Transforming shared-31.5.1.jar (com.android.tools.analytics-library:shared:31.5.1) with ExternalDependencyInstrumentingArtifactTransform
[        ] Transforming databinding-compiler-common-8.5.1.jar (androidx.databinding:databinding-compiler-common:8.5.1) with MergeInstrumentationAnalysisTransform
[        ] Transforming lint-typedef-remover-31.5.1.jar (com.android.tools.lint:lint-typedef-remover:31.5.1) with ExternalDependencyInstrumentingArtifactTransform
[        ] Transforming databinding-common-8.5.1.jar (androidx.databinding:databinding-common:8.5.1) with InstrumentationAnalysisTransform
[        ] Transforming databinding-compiler-common-8.5.1.jar (androidx.databinding:databinding-compiler-common:8.5.1) with ExternalDependencyInstrumentingArtifactTransform
[        ] Transforming databinding-common-8.5.1.jar (androidx.databinding:databinding-common:8.5.1) with MergeInstrumentationAnalysisTransform
[        ] Transforming baseLibrary-8.5.1.jar (com.android.databinding:baseLibrary:8.5.1) with InstrumentationAnalysisTransform
[        ] Transforming baseLibrary-8.5.1.jar (com.android.databinding:baseLibrary:8.5.1) with MergeInstrumentationAnalysisTransform
[        ] Transforming layoutlib-api-31.5.1.jar (com.android.tools.layoutlib:layoutlib-api:31.5.1) with InstrumentationAnalysisTransform
[        ] Transforming databinding-common-8.5.1.jar (androidx.databinding:databinding-common:8.5.1) with ExternalDependencyInstrumentingArtifactTransform
[        ] Transforming baseLibrary-8.5.1.jar (com.android.databinding:baseLibrary:8.5.1) with ExternalDependencyInstrumentingArtifactTransform
[        ] Transforming layoutlib-api-31.5.1.jar (com.android.tools.layoutlib:layoutlib-api:31.5.1) with MergeInstrumentationAnalysisTransform
[        ] Transforming android-device-provider-ddmlib-proto-31.5.1.jar (com.android.tools.utp:android-device-provider-ddmlib-proto:31.5.1) with InstrumentationAnalysisTransform
[        ] Transforming android-device-provider-ddmlib-proto-31.5.1.jar (com.android.tools.utp:android-device-provider-ddmlib-proto:31.5.1) with MergeInstrumentationAnalysisTransform
[        ] Transforming android-device-provider-gradle-proto-31.5.1.jar (com.android.tools.utp:android-device-provider-gradle-proto:31.5.1) with InstrumentationAnalysisTransform
[        ] Transforming layoutlib-api-31.5.1.jar (com.android.tools.layoutlib:layoutlib-api:31.5.1) with ExternalDependencyInstrumentingArtifactTransform
[        ] Transforming android-device-provider-ddmlib-proto-31.5.1.jar (com.android.tools.utp:android-device-provider-ddmlib-proto:31.5.1) with ExternalDependencyInstrumentingArtifactTransform
[        ] Transforming android-device-provider-gradle-proto-31.5.1.jar (com.android.tools.utp:android-device-provider-gradle-proto:31.5.1) with MergeInstrumentationAnalysisTransform
[        ] Transforming android-test-plugin-host-additional-test-output-proto-31.5.1.jar (com.android.tools.utp:android-test-plugin-host-additional-test-output-proto:31.5.1) with InstrumentationAnalysisTransform
[        ] Transforming android-device-provider-gradle-proto-31.5.1.jar (com.android.tools.utp:android-device-provider-gradle-proto:31.5.1) with ExternalDependencyInstrumentingArtifactTransform
[        ] Transforming android-test-plugin-host-additional-test-output-proto-31.5.1.jar (com.android.tools.utp:android-test-plugin-host-additional-test-output-proto:31.5.1) with MergeInstrumentationAnalysisTransform
[        ] Transforming android-test-plugin-host-coverage-proto-31.5.1.jar (com.android.tools.utp:android-test-plugin-host-coverage-proto:31.5.1) with InstrumentationAnalysisTransform
[        ] Transforming android-test-plugin-host-coverage-proto-31.5.1.jar (com.android.tools.utp:android-test-plugin-host-coverage-proto:31.5.1) with MergeInstrumentationAnalysisTransform
[        ] Transforming android-test-plugin-host-emulator-control-proto-31.5.1.jar (com.android.tools.utp:android-test-plugin-host-emulator-control-proto:31.5.1) with InstrumentationAnalysisTransform
[        ] Transforming android-test-plugin-host-additional-test-output-proto-31.5.1.jar (com.android.tools.utp:android-test-plugin-host-additional-test-output-proto:31.5.1) with ExternalDependencyInstrumentingArtifactTransform
[        ] Transforming android-test-plugin-host-coverage-proto-31.5.1.jar (com.android.tools.utp:android-test-plugin-host-coverage-proto:31.5.1) with ExternalDependencyInstrumentingArtifactTransform
[        ] Transforming android-test-plugin-host-emulator-control-proto-31.5.1.jar (com.android.tools.utp:android-test-plugin-host-emulator-control-proto:31.5.1) with MergeInstrumentationAnalysisTransform
[        ] Transforming android-test-plugin-host-logcat-proto-31.5.1.jar (com.android.tools.utp:android-test-plugin-host-logcat-proto:31.5.1) with InstrumentationAnalysisTransform
[        ] Transforming android-test-plugin-host-logcat-proto-31.5.1.jar (com.android.tools.utp:android-test-plugin-host-logcat-proto:31.5.1) with MergeInstrumentationAnalysisTransform
[        ] Transforming android-test-plugin-host-emulator-control-proto-31.5.1.jar (com.android.tools.utp:android-test-plugin-host-emulator-control-proto:31.5.1) with ExternalDependencyInstrumentingArtifactTransform
[        ] Transforming android-test-plugin-host-apk-installer-proto-31.5.1.jar (com.android.tools.utp:android-test-plugin-host-apk-installer-proto:31.5.1) with InstrumentationAnalysisTransform
[        ] Transforming android-test-plugin-host-logcat-proto-31.5.1.jar (com.android.tools.utp:android-test-plugin-host-logcat-proto:31.5.1) with ExternalDependencyInstrumentingArtifactTransform
[        ] Transforming android-test-plugin-host-apk-installer-proto-31.5.1.jar (com.android.tools.utp:android-test-plugin-host-apk-installer-proto:31.5.1) with MergeInstrumentationAnalysisTransform
[        ] Transforming android-test-plugin-host-retention-proto-31.5.1.jar (com.android.tools.utp:android-test-plugin-host-retention-proto:31.5.1) with InstrumentationAnalysisTransform
[        ] Transforming android-test-plugin-host-apk-installer-proto-31.5.1.jar (com.android.tools.utp:android-test-plugin-host-apk-installer-proto:31.5.1) with ExternalDependencyInstrumentingArtifactTransform
[        ] Transforming android-test-plugin-host-retention-proto-31.5.1.jar (com.android.tools.utp:android-test-plugin-host-retention-proto:31.5.1) with MergeInstrumentationAnalysisTransform
[        ] Transforming android-test-plugin-result-listener-gradle-proto-31.5.1.jar (com.android.tools.utp:android-test-plugin-result-listener-gradle-proto:31.5.1) with InstrumentationAnalysisTransform
[        ] Transforming android-test-plugin-result-listener-gradle-proto-31.5.1.jar (com.android.tools.utp:android-test-plugin-result-listener-gradle-proto:31.5.1) with MergeInstrumentationAnalysisTransform
[        ] Transforming android-test-plugin-host-retention-proto-31.5.1.jar (com.android.tools.utp:android-test-plugin-host-retention-proto:31.5.1) with ExternalDependencyInstrumentingArtifactTransform
[        ] Transforming builder-model-8.5.1.jar (com.android.tools.build:builder-model:8.5.1) with InstrumentationAnalysisTransform
[        ] Transforming android-test-plugin-result-listener-gradle-proto-31.5.1.jar (com.android.tools.utp:android-test-plugin-result-listener-gradle-proto:31.5.1) with ExternalDependencyInstrumentingArtifactTransform
[        ] Transforming builder-model-8.5.1.jar (com.android.tools.build:builder-model:8.5.1) with MergeInstrumentationAnalysisTransform
[        ] Transforming dvlib-31.5.1.jar (com.android.tools:dvlib:31.5.1) with InstrumentationAnalysisTransform
[        ] Transforming builder-model-8.5.1.jar (com.android.tools.build:builder-model:8.5.1) with ExternalDependencyInstrumentingArtifactTransform
[        ] Transforming dvlib-31.5.1.jar (com.android.tools:dvlib:31.5.1) with MergeInstrumentationAnalysisTransform
[        ] Transforming common-31.5.1.jar (com.android.tools:common:31.5.1) with InstrumentationAnalysisTransform
[        ] Transforming common-31.5.1.jar (com.android.tools:common:31.5.1) with MergeInstrumentationAnalysisTransform
[        ] Transforming dvlib-31.5.1.jar (com.android.tools:dvlib:31.5.1) with ExternalDependencyInstrumentingArtifactTransform
[        ] Transforming jetifier-processor-1.0.0-beta10.jar (com.android.tools.build.jetifier:jetifier-processor:1.0.0-beta10) with InstrumentationAnalysisTransform
[        ] Transforming common-31.5.1.jar (com.android.tools:common:31.5.1) with ExternalDependencyInstrumentingArtifactTransform
[        ] Transforming jetifier-processor-1.0.0-beta10.jar (com.android.tools.build.jetifier:jetifier-processor:1.0.0-beta10) with MergeInstrumentationAnalysisTransform
[        ] Transforming jetifier-core-1.0.0-beta10.jar (com.android.tools.build.jetifier:jetifier-core:1.0.0-beta10) with InstrumentationAnalysisTransform
[        ] Transforming jetifier-core-1.0.0-beta10.jar (com.android.tools.build.jetifier:jetifier-core:1.0.0-beta10) with MergeInstrumentationAnalysisTransform
[        ] Transforming jetifier-processor-1.0.0-beta10.jar (com.android.tools.build.jetifier:jetifier-processor:1.0.0-beta10) with ExternalDependencyInstrumentingArtifactTransform
[        ] Transforming kotlin-reflect-1.9.20.jar (org.jetbrains.kotlin:kotlin-reflect:1.9.20) with InstrumentationAnalysisTransform
[        ] Transforming jetifier-core-1.0.0-beta10.jar (com.android.tools.build.jetifier:jetifier-core:1.0.0-beta10) with ExternalDependencyInstrumentingArtifactTransform
[        ] Transforming kotlin-reflect-1.9.20.jar (org.jetbrains.kotlin:kotlin-reflect:1.9.20) with MergeInstrumentationAnalysisTransform
[        ] Transforming kotlin-stdlib-jdk7-1.9.20.jar (org.jetbrains.kotlin:kotlin-stdlib-jdk7:1.9.20) with InstrumentationAnalysisTransform
[        ] Transforming kotlin-stdlib-jdk7-1.9.20.jar (org.jetbrains.kotlin:kotlin-stdlib-jdk7:1.9.20) with MergeInstrumentationAnalysisTransform
[        ] Transforming kotlin-reflect-1.9.20.jar (org.jetbrains.kotlin:kotlin-reflect:1.9.20) with ExternalDependencyInstrumentingArtifactTransform
[        ] Transforming kotlin-stdlib-1.9.20.jar (org.jetbrains.kotlin:kotlin-stdlib:1.9.20) with InstrumentationAnalysisTransform
[        ] Transforming kotlin-stdlib-jdk7-1.9.20.jar (org.jetbrains.kotlin:kotlin-stdlib-jdk7:1.9.20) with ExternalDependencyInstrumentingArtifactTransform
[        ] Transforming kotlin-stdlib-1.9.20.jar (org.jetbrains.kotlin:kotlin-stdlib:1.9.20) with MergeInstrumentationAnalysisTransform
[        ] Transforming kotlin-stdlib-jdk8-1.9.20.jar (org.jetbrains.kotlin:kotlin-stdlib-jdk8:1.9.20) with InstrumentationAnalysisTransform
[        ] Transforming kotlin-stdlib-jdk8-1.9.20.jar (org.jetbrains.kotlin:kotlin-stdlib-jdk8:1.9.20) with MergeInstrumentationAnalysisTransform
[        ] Transforming kotlin-stdlib-1.9.20.jar (org.jetbrains.kotlin:kotlin-stdlib:1.9.20) with ExternalDependencyInstrumentingArtifactTransform
[        ] Transforming transform-api-2.0.0-deprecated-use-gradle-api.jar (com.android.tools.build:transform-api:2.0.0-deprecated-use-gradle-api) with InstrumentationAnalysisTransform
[        ] Transforming kotlin-stdlib-jdk8-1.9.20.jar (org.jetbrains.kotlin:kotlin-stdlib-jdk8:1.9.20) with ExternalDependencyInstrumentingArtifactTransform
[        ] Transforming transform-api-2.0.0-deprecated-use-gradle-api.jar (com.android.tools.build:transform-api:2.0.0-deprecated-use-gradle-api) with MergeInstrumentationAnalysisTransform
[        ] Transforming httpmime-4.5.6.jar (org.apache.httpcomponents:httpmime:4.5.6) with InstrumentationAnalysisTransform
[        ] Transforming httpmime-4.5.6.jar (org.apache.httpcomponents:httpmime:4.5.6) with MergeInstrumentationAnalysisTransform
[        ] Transforming transform-api-2.0.0-deprecated-use-gradle-api.jar (com.android.tools.build:transform-api:2.0.0-deprecated-use-gradle-api) with ExternalDependencyInstrumentingArtifactTransform
[        ] Transforming commons-io-2.13.0.jar (commons-io:commons-io:2.13.0) with InstrumentationAnalysisTransform
[        ] Transforming httpmime-4.5.6.jar (org.apache.httpcomponents:httpmime:4.5.6) with ExternalDependencyInstrumentingArtifactTransform
[        ] Transforming commons-io-2.13.0.jar (commons-io:commons-io:2.13.0) with MergeInstrumentationAnalysisTransform
[        ] Transforming asm-commons-9.6.jar (org.ow2.asm:asm-commons:9.6) with InstrumentationAnalysisTransform
[        ] Transforming asm-commons-9.6.jar (org.ow2.asm:asm-commons:9.6) with MergeInstrumentationAnalysisTransform
[        ] Transforming commons-io-2.13.0.jar (commons-io:commons-io:2.13.0) with ExternalDependencyInstrumentingArtifactTransform
[        ] Transforming asm-util-9.6.jar (org.ow2.asm:asm-util:9.6) with InstrumentationAnalysisTransform
[        ] Transforming asm-commons-9.6.jar (org.ow2.asm:asm-commons:9.6) with ExternalDependencyInstrumentingArtifactTransform
[        ] Transforming asm-util-9.6.jar (org.ow2.asm:asm-util:9.6) with MergeInstrumentationAnalysisTransform
[        ] Transforming asm-analysis-9.6.jar (org.ow2.asm:asm-analysis:9.6) with InstrumentationAnalysisTransform
[        ] Transforming asm-util-9.6.jar (org.ow2.asm:asm-util:9.6) with ExternalDependencyInstrumentingArtifactTransform
[        ] Transforming asm-analysis-9.6.jar (org.ow2.asm:asm-analysis:9.6) with MergeInstrumentationAnalysisTransform
[        ] Transforming asm-tree-9.6.jar (org.ow2.asm:asm-tree:9.6) with InstrumentationAnalysisTransform
[        ] Transforming asm-tree-9.6.jar (org.ow2.asm:asm-tree:9.6) with MergeInstrumentationAnalysisTransform
[        ] Transforming asm-analysis-9.6.jar (org.ow2.asm:asm-analysis:9.6) with ExternalDependencyInstrumentingArtifactTransform
[        ] Transforming asm-9.6.jar (org.ow2.asm:asm:9.6) with InstrumentationAnalysisTransform
[        ] Transforming asm-tree-9.6.jar (org.ow2.asm:asm-tree:9.6) with ExternalDependencyInstrumentingArtifactTransform
[        ] Transforming asm-9.6.jar (org.ow2.asm:asm:9.6) with MergeInstrumentationAnalysisTransform
[        ] Transforming apkzlib-8.5.1.jar (com.android.tools.build:apkzlib:8.5.1) with InstrumentationAnalysisTransform
[        ] Transforming apkzlib-8.5.1.jar (com.android.tools.build:apkzlib:8.5.1) with MergeInstrumentationAnalysisTransform
[        ] Transforming bcpkix-jdk18on-1.77.jar (org.bouncycastle:bcpkix-jdk18on:1.77) with InstrumentationAnalysisTransform
[        ] Transforming asm-9.6.jar (org.ow2.asm:asm:9.6) with ExternalDependencyInstrumentingArtifactTransform
[        ] Transforming apkzlib-8.5.1.jar (com.android.tools.build:apkzlib:8.5.1) with ExternalDependencyInstrumentingArtifactTransform
[        ] Transforming bcpkix-jdk18on-1.77.jar (org.bouncycastle:bcpkix-jdk18on:1.77) with MergeInstrumentationAnalysisTransform
[        ] Transforming jaxb-runtime-2.3.2.jar (org.glassfish.jaxb:jaxb-runtime:2.3.2) with InstrumentationAnalysisTransform
[        ] Transforming jaxb-runtime-2.3.2.jar (org.glassfish.jaxb:jaxb-runtime:2.3.2) with MergeInstrumentationAnalysisTransform
[        ] Transforming jopt-simple-4.9.jar (net.sf.jopt-simple:jopt-simple:4.9) with InstrumentationAnalysisTransform
[        ] Transforming bcpkix-jdk18on-1.77.jar (org.bouncycastle:bcpkix-jdk18on:1.77) with ExternalDependencyInstrumentingArtifactTransform
[        ] Transforming jopt-simple-4.9.jar (net.sf.jopt-simple:jopt-simple:4.9) with MergeInstrumentationAnalysisTransform
[        ] Transforming jaxb-runtime-2.3.2.jar (org.glassfish.jaxb:jaxb-runtime:2.3.2) with ExternalDependencyInstrumentingArtifactTransform
[        ] Transforming javapoet-1.10.0.jar (com.squareup:javapoet:1.10.0) with InstrumentationAnalysisTransform
[        ] Transforming jopt-simple-4.9.jar (net.sf.jopt-simple:jopt-simple:4.9) with ExternalDependencyInstrumentingArtifactTransform
[        ] Transforming javapoet-1.10.0.jar (com.squareup:javapoet:1.10.0) with MergeInstrumentationAnalysisTransform
[        ] Transforming protobuf-java-util-3.22.3.jar (com.google.protobuf:protobuf-java-util:3.22.3) with InstrumentationAnalysisTransform
[        ] Transforming protobuf-java-util-3.22.3.jar (com.google.protobuf:protobuf-java-util:3.22.3) with MergeInstrumentationAnalysisTransform
[        ] Transforming javapoet-1.10.0.jar (com.squareup:javapoet:1.10.0) with ExternalDependencyInstrumentingArtifactTransform
[        ] Transforming grpc-protobuf-1.57.0.jar (io.grpc:grpc-protobuf:1.57.0) with InstrumentationAnalysisTransform
[        ] Transforming protobuf-java-util-3.22.3.jar (com.google.protobuf:protobuf-java-util:3.22.3) with ExternalDependencyInstrumentingArtifactTransform
[        ] Transforming grpc-protobuf-1.57.0.jar (io.grpc:grpc-protobuf:1.57.0) with MergeInstrumentationAnalysisTransform
[        ] Transforming tink-1.7.0.jar (com.google.crypto.tink:tink:1.7.0) with InstrumentationAnalysisTransform
[        ] Transforming tink-1.7.0.jar (com.google.crypto.tink:tink:1.7.0) with MergeInstrumentationAnalysisTransform
[        ] Transforming grpc-protobuf-1.57.0.jar (io.grpc:grpc-protobuf:1.57.0) with ExternalDependencyInstrumentingArtifactTransform
[        ] Transforming protos-31.5.1.jar (com.android.tools.analytics-library:protos:31.5.1) with InstrumentationAnalysisTransform
[        ] Transforming tink-1.7.0.jar (com.google.crypto.tink:tink:1.7.0) with ExternalDependencyInstrumentingArtifactTransform
[        ] Transforming protos-31.5.1.jar (com.android.tools.analytics-library:protos:31.5.1) with MergeInstrumentationAnalysisTransform
[        ] Transforming proto-google-common-protos-2.17.0.jar (com.google.api.grpc:proto-google-common-protos:2.17.0) with InstrumentationAnalysisTransform
[        ] Transforming protos-31.5.1.jar (com.android.tools.analytics-library:protos:31.5.1) with ExternalDependencyInstrumentingArtifactTransform
[        ] Transforming proto-google-common-protos-2.17.0.jar (com.google.api.grpc:proto-google-common-protos:2.17.0) with MergeInstrumentationAnalysisTransform
[        ] Transforming protobuf-java-3.22.3.jar (com.google.protobuf:protobuf-java:3.22.3) with InstrumentationAnalysisTransform
[        ] Transforming protobuf-java-3.22.3.jar (com.google.protobuf:protobuf-java:3.22.3) with MergeInstrumentationAnalysisTransform
[        ] Transforming grpc-netty-1.57.0.jar (io.grpc:grpc-netty:1.57.0) with InstrumentationAnalysisTransform
[        ] Transforming proto-google-common-protos-2.17.0.jar (com.google.api.grpc:proto-google-common-protos:2.17.0) with ExternalDependencyInstrumentingArtifactTransform
[        ] Transforming protobuf-java-3.22.3.jar (com.google.protobuf:protobuf-java:3.22.3) with ExternalDependencyInstrumentingArtifactTransform
[        ] Transforming grpc-netty-1.57.0.jar (io.grpc:grpc-netty:1.57.0) with MergeInstrumentationAnalysisTransform
[        ] Transforming grpc-core-1.57.0.jar (io.grpc:grpc-core:1.57.0) with InstrumentationAnalysisTransform
[        ] Transforming grpc-core-1.57.0.jar (io.grpc:grpc-core:1.57.0) with MergeInstrumentationAnalysisTransform
[        ] Transforming grpc-netty-1.57.0.jar (io.grpc:grpc-netty:1.57.0) with ExternalDependencyInstrumentingArtifactTransform
[        ] Transforming gson-2.10.1.jar (com.google.code.gson:gson:2.10.1) with InstrumentationAnalysisTransform
[        ] Transforming grpc-core-1.57.0.jar (io.grpc:grpc-core:1.57.0) with ExternalDependencyInstrumentingArtifactTransform
[        ] Transforming gson-2.10.1.jar (com.google.code.gson:gson:2.10.1) with MergeInstrumentationAnalysisTransform
[        ] Transforming grpc-stub-1.57.0.jar (io.grpc:grpc-stub:1.57.0) with InstrumentationAnalysisTransform
[        ] Transforming gson-2.10.1.jar (com.google.code.gson:gson:2.10.1) with ExternalDependencyInstrumentingArtifactTransform
[        ] Transforming grpc-stub-1.57.0.jar (io.grpc:grpc-stub:1.57.0) with MergeInstrumentationAnalysisTransform
[        ] Transforming core-proto-0.0.9-alpha02.jar (com.google.testing.platform:core-proto:0.0.9-alpha02) with InstrumentationAnalysisTransform
[        ] Transforming core-proto-0.0.9-alpha02.jar (com.google.testing.platform:core-proto:0.0.9-alpha02) with MergeInstrumentationAnalysisTransform
[        ] Transforming grpc-stub-1.57.0.jar (io.grpc:grpc-stub:1.57.0) with ExternalDependencyInstrumentingArtifactTransform
[        ] Transforming kxml2-2.3.0.jar (net.sf.kxml:kxml2:2.3.0) with InstrumentationAnalysisTransform
[        ] Transforming core-proto-0.0.9-alpha02.jar (com.google.testing.platform:core-proto:0.0.9-alpha02) with ExternalDependencyInstrumentingArtifactTransform
[        ] Transforming kxml2-2.3.0.jar (net.sf.kxml:kxml2:2.3.0) with MergeInstrumentationAnalysisTransform
[        ] Transforming tensorflow-lite-metadata-0.1.0-rc2.jar (org.tensorflow:tensorflow-lite-metadata:0.1.0-rc2) with InstrumentationAnalysisTransform
[        ] Transforming tensorflow-lite-metadata-0.1.0-rc2.jar (org.tensorflow:tensorflow-lite-metadata:0.1.0-rc2) with MergeInstrumentationAnalysisTransform
[        ] Transforming flatbuffers-java-1.12.0.jar (com.google.flatbuffers:flatbuffers-java:1.12.0) with InstrumentationAnalysisTransform
[        ] Transforming kxml2-2.3.0.jar (net.sf.kxml:kxml2:2.3.0) with ExternalDependencyInstrumentingArtifactTransform
[        ] Transforming flatbuffers-java-1.12.0.jar (com.google.flatbuffers:flatbuffers-java:1.12.0) with MergeInstrumentationAnalysisTransform
[        ] Transforming tensorflow-lite-metadata-0.1.0-rc2.jar (org.tensorflow:tensorflow-lite-metadata:0.1.0-rc2) with ExternalDependencyInstrumentingArtifactTransform
[        ] Transforming flatbuffers-java-1.12.0.jar (com.google.flatbuffers:flatbuffers-java:1.12.0) with ExternalDependencyInstrumentingArtifactTransform
[        ] Transforming jimfs-1.1.jar (com.google.jimfs:jimfs:1.1) with InstrumentationAnalysisTransform
[        ] Transforming jimfs-1.1.jar (com.google.jimfs:jimfs:1.1) with MergeInstrumentationAnalysisTransform
[        ] Transforming grpc-context-1.57.0.jar (io.grpc:grpc-context:1.57.0) with InstrumentationAnalysisTransform
[        ] Transforming grpc-context-1.57.0.jar (io.grpc:grpc-context:1.57.0) with MergeInstrumentationAnalysisTransform
[        ] Transforming jimfs-1.1.jar (com.google.jimfs:jimfs:1.1) with ExternalDependencyInstrumentingArtifactTransform
[        ] Transforming grpc-protobuf-lite-1.57.0.jar (io.grpc:grpc-protobuf-lite:1.57.0) with InstrumentationAnalysisTransform
[        ] Transforming grpc-context-1.57.0.jar (io.grpc:grpc-context:1.57.0) with ExternalDependencyInstrumentingArtifactTransform
[        ] Transforming grpc-protobuf-lite-1.57.0.jar (io.grpc:grpc-protobuf-lite:1.57.0) with MergeInstrumentationAnalysisTransform
[        ] Transforming grpc-api-1.57.0.jar (io.grpc:grpc-api:1.57.0) with InstrumentationAnalysisTransform
[        ] Transforming grpc-protobuf-lite-1.57.0.jar (io.grpc:grpc-protobuf-lite:1.57.0) with ExternalDependencyInstrumentingArtifactTransform
[        ] Transforming grpc-api-1.57.0.jar (io.grpc:grpc-api:1.57.0) with MergeInstrumentationAnalysisTransform
[        ] Transforming guava-32.0.1-jre.jar (com.google.guava:guava:32.0.1-jre) with InstrumentationAnalysisTransform
[        ] Transforming guava-32.0.1-jre.jar (com.google.guava:guava:32.0.1-jre) with MergeInstrumentationAnalysisTransform
[        ] Transforming dagger-2.28.3.jar (com.google.dagger:dagger:2.28.3) with InstrumentationAnalysisTransform
[        ] Transforming grpc-api-1.57.0.jar (io.grpc:grpc-api:1.57.0) with ExternalDependencyInstrumentingArtifactTransform
[        ] Transforming guava-32.0.1-jre.jar (com.google.guava:guava:32.0.1-jre) with ExternalDependencyInstrumentingArtifactTransform
[        ] Transforming dagger-2.28.3.jar (com.google.dagger:dagger:2.28.3) with MergeInstrumentationAnalysisTransform
[        ] Transforming javax.inject-1.jar (javax.inject:javax.inject:1) with InstrumentationAnalysisTransform
[        ] Transforming javax.inject-1.jar (javax.inject:javax.inject:1) with MergeInstrumentationAnalysisTransform
[        ] Transforming dagger-2.28.3.jar (com.google.dagger:dagger:2.28.3) with ExternalDependencyInstrumentingArtifactTransform
[        ] Transforming bcutil-jdk18on-1.77.jar (org.bouncycastle:bcutil-jdk18on:1.77) with InstrumentationAnalysisTransform
[        ] Transforming javax.inject-1.jar (javax.inject:javax.inject:1) with ExternalDependencyInstrumentingArtifactTransform
[        ] Transforming bcutil-jdk18on-1.77.jar (org.bouncycastle:bcutil-jdk18on:1.77) with MergeInstrumentationAnalysisTransform
[        ] Transforming bcprov-jdk18on-1.77.jar (org.bouncycastle:bcprov-jdk18on:1.77) with InstrumentationAnalysisTransform
[        ] Transforming bcprov-jdk18on-1.77.jar (org.bouncycastle:bcprov-jdk18on:1.77) with MergeInstrumentationAnalysisTransform
[        ] Transforming bcutil-jdk18on-1.77.jar (org.bouncycastle:bcutil-jdk18on:1.77) with ExternalDependencyInstrumentingArtifactTransform
[        ] Transforming trove4j-1.0.20200330.jar (org.jetbrains.intellij.deps:trove4j:1.0.20200330) with InstrumentationAnalysisTransform
[        ] Transforming bcprov-jdk18on-1.77.jar (org.bouncycastle:bcprov-jdk18on:1.77) with ExternalDependencyInstrumentingArtifactTransform
[        ] Transforming trove4j-1.0.20200330.jar (org.jetbrains.intellij.deps:trove4j:1.0.20200330) with MergeInstrumentationAnalysisTransform
[        ] Transforming commons-compress-1.21.jar (org.apache.commons:commons-compress:1.21) with InstrumentationAnalysisTransform
[        ] Transforming commons-compress-1.21.jar (org.apache.commons:commons-compress:1.21) with MergeInstrumentationAnalysisTransform
[        ] Transforming httpclient-4.5.14.jar (org.apache.httpcomponents:httpclient:4.5.14) with InstrumentationAnalysisTransform
[        ] Transforming trove4j-1.0.20200330.jar (org.jetbrains.intellij.deps:trove4j:1.0.20200330) with ExternalDependencyInstrumentingArtifactTransform
[        ] Transforming commons-compress-1.21.jar (org.apache.commons:commons-compress:1.21) with ExternalDependencyInstrumentingArtifactTransform
[        ] Transforming httpclient-4.5.14.jar (org.apache.httpcomponents:httpclient:4.5.14) with MergeInstrumentationAnalysisTransform
[        ] Transforming httpcore-4.4.16.jar (org.apache.httpcomponents:httpcore:4.4.16) with InstrumentationAnalysisTransform
[        ] Transforming httpcore-4.4.16.jar (org.apache.httpcomponents:httpcore:4.4.16) with MergeInstrumentationAnalysisTransform
[        ] Transforming httpclient-4.5.14.jar (org.apache.httpcomponents:httpclient:4.5.14) with ExternalDependencyInstrumentingArtifactTransform
[        ] Transforming javax.activation-1.2.0.jar (com.sun.activation:javax.activation:1.2.0) with InstrumentationAnalysisTransform
[        ] Transforming httpcore-4.4.16.jar (org.apache.httpcomponents:httpcore:4.4.16) with ExternalDependencyInstrumentingArtifactTransform
[        ] Transforming javax.activation-1.2.0.jar (com.sun.activation:javax.activation:1.2.0) with MergeInstrumentationAnalysisTransform
[        ] Transforming annotations-23.0.0.jar (org.jetbrains:annotations:23.0.0) with InstrumentationAnalysisTransform
[        ] Transforming annotations-23.0.0.jar (org.jetbrains:annotations:23.0.0) with MergeInstrumentationAnalysisTransform
[        ] Transforming signflinger-8.5.1.jar (com.android:signflinger:8.5.1) with InstrumentationAnalysisTransform
[        ] Transforming javax.activation-1.2.0.jar (com.sun.activation:javax.activation:1.2.0) with ExternalDependencyInstrumentingArtifactTransform
[        ] Transforming annotations-23.0.0.jar (org.jetbrains:annotations:23.0.0) with ExternalDependencyInstrumentingArtifactTransform
[        ] Transforming signflinger-8.5.1.jar (com.android:signflinger:8.5.1) with MergeInstrumentationAnalysisTransform
[        ] Transforming zipflinger-8.5.1.jar (com.android:zipflinger:8.5.1) with InstrumentationAnalysisTransform
[        ] Transforming zipflinger-8.5.1.jar (com.android:zipflinger:8.5.1) with MergeInstrumentationAnalysisTransform
[        ] Transforming signflinger-8.5.1.jar (com.android:signflinger:8.5.1) with ExternalDependencyInstrumentingArtifactTransform
[        ] Transforming annotations-31.5.1.jar (com.android.tools:annotations:31.5.1) with InstrumentationAnalysisTransform
[        ] Transforming zipflinger-8.5.1.jar (com.android:zipflinger:8.5.1) with ExternalDependencyInstrumentingArtifactTransform
[        ] Transforming annotations-31.5.1.jar (com.android.tools:annotations:31.5.1) with MergeInstrumentationAnalysisTransform
[        ] Transforming jna-platform-5.6.0.jar (net.java.dev.jna:jna-platform:5.6.0) with InstrumentationAnalysisTransform
[        ] Transforming annotations-31.5.1.jar (com.android.tools:annotations:31.5.1) with ExternalDependencyInstrumentingArtifactTransform
[        ] Transforming jna-platform-5.6.0.jar (net.java.dev.jna:jna-platform:5.6.0) with MergeInstrumentationAnalysisTransform
[        ] Transforming juniversalchardet-1.0.3.jar (com.googlecode.juniversalchardet:juniversalchardet:1.0.3) with InstrumentationAnalysisTransform
[        ] Transforming juniversalchardet-1.0.3.jar (com.googlecode.juniversalchardet:juniversalchardet:1.0.3) with MergeInstrumentationAnalysisTransform
[        ] Transforming javax.annotation-api-1.3.2.jar (javax.annotation:javax.annotation-api:1.3.2) with InstrumentationAnalysisTransform
[        ] Transforming jna-platform-5.6.0.jar (net.java.dev.jna:jna-platform:5.6.0) with ExternalDependencyInstrumentingArtifactTransform
[        ] Transforming javax.annotation-api-1.3.2.jar (javax.annotation:javax.annotation-api:1.3.2) with MergeInstrumentationAnalysisTransform
[        ] Transforming stax-ex-1.8.1.jar (org.jvnet.staxex:stax-ex:1.8.1) with InstrumentationAnalysisTransform
[        ] Transforming juniversalchardet-1.0.3.jar (com.googlecode.juniversalchardet:juniversalchardet:1.0.3) with ExternalDependencyInstrumentingArtifactTransform
[        ] Transforming javax.annotation-api-1.3.2.jar (javax.annotation:javax.annotation-api:1.3.2) with ExternalDependencyInstrumentingArtifactTransform
[        ] Transforming stax-ex-1.8.1.jar (org.jvnet.staxex:stax-ex:1.8.1) with MergeInstrumentationAnalysisTransform
[        ] Transforming jakarta.xml.bind-api-2.3.2.jar (jakarta.xml.bind:jakarta.xml.bind-api:2.3.2) with InstrumentationAnalysisTransform
[        ] Transforming jakarta.xml.bind-api-2.3.2.jar (jakarta.xml.bind:jakarta.xml.bind-api:2.3.2) with MergeInstrumentationAnalysisTransform
[        ] Transforming txw2-2.3.2.jar (org.glassfish.jaxb:txw2:2.3.2) with InstrumentationAnalysisTransform
[        ] Transforming stax-ex-1.8.1.jar (org.jvnet.staxex:stax-ex:1.8.1) with ExternalDependencyInstrumentingArtifactTransform
[        ] Transforming jakarta.xml.bind-api-2.3.2.jar (jakarta.xml.bind:jakarta.xml.bind-api:2.3.2) with ExternalDependencyInstrumentingArtifactTransform
[        ] Transforming txw2-2.3.2.jar (org.glassfish.jaxb:txw2:2.3.2) with MergeInstrumentationAnalysisTransform
[        ] Transforming istack-commons-runtime-3.0.8.jar (com.sun.istack:istack-commons-runtime:3.0.8) with InstrumentationAnalysisTransform
[        ] Transforming istack-commons-runtime-3.0.8.jar (com.sun.istack:istack-commons-runtime:3.0.8) with MergeInstrumentationAnalysisTransform
[        ] Transforming FastInfoset-1.2.16.jar (com.sun.xml.fastinfoset:FastInfoset:1.2.16) with InstrumentationAnalysisTransform
[        ] Transforming txw2-2.3.2.jar (org.glassfish.jaxb:txw2:2.3.2) with ExternalDependencyInstrumentingArtifactTransform
[        ] Transforming FastInfoset-1.2.16.jar (com.sun.xml.fastinfoset:FastInfoset:1.2.16) with MergeInstrumentationAnalysisTransform
[        ] Transforming istack-commons-runtime-3.0.8.jar (com.sun.istack:istack-commons-runtime:3.0.8) with ExternalDependencyInstrumentingArtifactTransform
[        ] Transforming FastInfoset-1.2.16.jar (com.sun.xml.fastinfoset:FastInfoset:1.2.16) with ExternalDependencyInstrumentingArtifactTransform
[        ] Transforming jakarta.activation-api-1.2.1.jar (jakarta.activation:jakarta.activation-api:1.2.1) with InstrumentationAnalysisTransform
[        ] Transforming jakarta.activation-api-1.2.1.jar (jakarta.activation:jakarta.activation-api:1.2.1) with MergeInstrumentationAnalysisTransform
[        ] Transforming auto-value-annotations-1.6.2.jar (com.google.auto.value:auto-value-annotations:1.6.2) with InstrumentationAnalysisTransform
[        ] Transforming auto-value-annotations-1.6.2.jar (com.google.auto.value:auto-value-annotations:1.6.2) with MergeInstrumentationAnalysisTransform
[        ] Transforming error_prone_annotations-2.18.0.jar (com.google.errorprone:error_prone_annotations:2.18.0) with InstrumentationAnalysisTransform
[        ] Transforming jakarta.activation-api-1.2.1.jar (jakarta.activation:jakarta.activation-api:1.2.1) with ExternalDependencyInstrumentingArtifactTransform
[        ] Transforming auto-value-annotations-1.6.2.jar (com.google.auto.value:auto-value-annotations:1.6.2) with ExternalDependencyInstrumentingArtifactTransform
[        ] Transforming error_prone_annotations-2.18.0.jar (com.google.errorprone:error_prone_annotations:2.18.0) with MergeInstrumentationAnalysisTransform
[        ] Transforming jose4j-0.9.5.jar (org.bitbucket.b_c:jose4j:0.9.5) with InstrumentationAnalysisTransform
[        ] Transforming jose4j-0.9.5.jar (org.bitbucket.b_c:jose4j:0.9.5) with MergeInstrumentationAnalysisTransform
[        ] Transforming slf4j-api-1.7.30.jar (org.slf4j:slf4j-api:1.7.30) with InstrumentationAnalysisTransform
[        ] Transforming error_prone_annotations-2.18.0.jar (com.google.errorprone:error_prone_annotations:2.18.0) with ExternalDependencyInstrumentingArtifactTransform
[        ] Transforming jose4j-0.9.5.jar (org.bitbucket.b_c:jose4j:0.9.5) with ExternalDependencyInstrumentingArtifactTransform
[        ] Transforming slf4j-api-1.7.30.jar (org.slf4j:slf4j-api:1.7.30) with MergeInstrumentationAnalysisTransform
[        ] Transforming jdom2-2.0.6.jar (org.jdom:jdom2:2.0.6) with InstrumentationAnalysisTransform
[        ] Transforming jdom2-2.0.6.jar (org.jdom:jdom2:2.0.6) with MergeInstrumentationAnalysisTransform
[        ] Transforming jsr305-3.0.2.jar (com.google.code.findbugs:jsr305:3.0.2) with InstrumentationAnalysisTransform
[        ] Transforming slf4j-api-1.7.30.jar (org.slf4j:slf4j-api:1.7.30) with ExternalDependencyInstrumentingArtifactTransform
[        ] Transforming jdom2-2.0.6.jar (org.jdom:jdom2:2.0.6) with ExternalDependencyInstrumentingArtifactTransform
[        ] Transforming jsr305-3.0.2.jar (com.google.code.findbugs:jsr305:3.0.2) with MergeInstrumentationAnalysisTransform
[        ] Transforming j2objc-annotations-2.8.jar (com.google.j2objc:j2objc-annotations:2.8) with InstrumentationAnalysisTransform
[        ] Transforming jsr305-3.0.2.jar (com.google.code.findbugs:jsr305:3.0.2) with ExternalDependencyInstrumentingArtifactTransform
[        ] Transforming j2objc-annotations-2.8.jar (com.google.j2objc:j2objc-annotations:2.8) with MergeInstrumentationAnalysisTransform
[        ] Transforming annotations-4.1.1.4.jar (com.google.android:annotations:4.1.1.4) with InstrumentationAnalysisTransform
[        ] Transforming j2objc-annotations-2.8.jar (com.google.j2objc:j2objc-annotations:2.8) with ExternalDependencyInstrumentingArtifactTransform
[        ] Transforming annotations-4.1.1.4.jar (com.google.android:annotations:4.1.1.4) with MergeInstrumentationAnalysisTransform
[        ] Transforming animal-sniffer-annotations-1.23.jar (org.codehaus.mojo:animal-sniffer-annotations:1.23) with InstrumentationAnalysisTransform
[   +1 ms] Transforming animal-sniffer-annotations-1.23.jar (org.codehaus.mojo:animal-sniffer-annotations:1.23) with MergeInstrumentationAnalysisTransform
[        ] Transforming annotations-4.1.1.4.jar (com.google.android:annotations:4.1.1.4) with ExternalDependencyInstrumentingArtifactTransform
[        ] Transforming perfmark-api-0.26.0.jar (io.perfmark:perfmark-api:0.26.0) with InstrumentationAnalysisTransform
[        ] Transforming animal-sniffer-annotations-1.23.jar (org.codehaus.mojo:animal-sniffer-annotations:1.23) with ExternalDependencyInstrumentingArtifactTransform
[        ] Transforming perfmark-api-0.26.0.jar (io.perfmark:perfmark-api:0.26.0) with MergeInstrumentationAnalysisTransform
[        ] Transforming netty-codec-http2-4.1.93.Final.jar (io.netty:netty-codec-http2:4.1.93.Final) with InstrumentationAnalysisTransform
[        ] Transforming netty-codec-http2-4.1.93.Final.jar (io.netty:netty-codec-http2:4.1.93.Final) with MergeInstrumentationAnalysisTransform
[        ] Transforming netty-handler-proxy-4.1.93.Final.jar (io.netty:netty-handler-proxy:4.1.93.Final) with InstrumentationAnalysisTransform
[        ] Transforming perfmark-api-0.26.0.jar (io.perfmark:perfmark-api:0.26.0) with ExternalDependencyInstrumentingArtifactTransform
[        ] Transforming netty-codec-http2-4.1.93.Final.jar (io.netty:netty-codec-http2:4.1.93.Final) with ExternalDependencyInstrumentingArtifactTransform
[        ] Transforming netty-handler-proxy-4.1.93.Final.jar (io.netty:netty-handler-proxy:4.1.93.Final) with MergeInstrumentationAnalysisTransform
[        ] Transforming netty-codec-http-4.1.93.Final.jar (io.netty:netty-codec-http:4.1.93.Final) with InstrumentationAnalysisTransform
[        ] Transforming netty-handler-proxy-4.1.93.Final.jar (io.netty:netty-handler-proxy:4.1.93.Final) with ExternalDependencyInstrumentingArtifactTransform
[        ] Transforming netty-codec-http-4.1.93.Final.jar (io.netty:netty-codec-http:4.1.93.Final) with MergeInstrumentationAnalysisTransform
[        ] Transforming netty-handler-4.1.93.Final.jar (io.netty:netty-handler:4.1.93.Final) with InstrumentationAnalysisTransform
[        ] Transforming netty-handler-4.1.93.Final.jar (io.netty:netty-handler:4.1.93.Final) with MergeInstrumentationAnalysisTransform
[        ] Transforming netty-transport-native-unix-common-4.1.93.Final.jar (io.netty:netty-transport-native-unix-common:4.1.93.Final) with InstrumentationAnalysisTransform
[        ] Transforming netty-codec-http-4.1.93.Final.jar (io.netty:netty-codec-http:4.1.93.Final) with ExternalDependencyInstrumentingArtifactTransform
[        ] Transforming netty-handler-4.1.93.Final.jar (io.netty:netty-handler:4.1.93.Final) with ExternalDependencyInstrumentingArtifactTransform
[        ] Transforming netty-transport-native-unix-common-4.1.93.Final.jar (io.netty:netty-transport-native-unix-common:4.1.93.Final) with MergeInstrumentationAnalysisTransform
[        ] Transforming checker-qual-3.33.0.jar (org.checkerframework:checker-qual:3.33.0) with InstrumentationAnalysisTransform
[        ] Transforming checker-qual-3.33.0.jar (org.checkerframework:checker-qual:3.33.0) with MergeInstrumentationAnalysisTransform
[        ] Transforming netty-transport-native-unix-common-4.1.93.Final.jar (io.netty:netty-transport-native-unix-common:4.1.93.Final) with ExternalDependencyInstrumentingArtifactTransform
[        ] Transforming commons-codec-1.11.jar (commons-codec:commons-codec:1.11) with InstrumentationAnalysisTransform
[        ] Transforming checker-qual-3.33.0.jar (org.checkerframework:checker-qual:3.33.0) with ExternalDependencyInstrumentingArtifactTransform
[        ] Transforming commons-codec-1.11.jar (commons-codec:commons-codec:1.11) with MergeInstrumentationAnalysisTransform
[        ] Transforming apksig-8.5.1.jar (com.android.tools.build:apksig:8.5.1) with InstrumentationAnalysisTransform
[        ] Transforming commons-codec-1.11.jar (commons-codec:commons-codec:1.11) with ExternalDependencyInstrumentingArtifactTransform
[        ] Transforming apksig-8.5.1.jar (com.android.tools.build:apksig:8.5.1) with MergeInstrumentationAnalysisTransform
[        ] Transforming javawriter-2.5.0.jar (com.squareup:javawriter:2.5.0) with InstrumentationAnalysisTransform
[        ] Transforming javawriter-2.5.0.jar (com.squareup:javawriter:2.5.0) with MergeInstrumentationAnalysisTransform
[        ] Transforming apksig-8.5.1.jar (com.android.tools.build:apksig:8.5.1) with ExternalDependencyInstrumentingArtifactTransform
[        ] Transforming failureaccess-1.0.1.jar (com.google.guava:failureaccess:1.0.1) with InstrumentationAnalysisTransform
[        ] Transforming javawriter-2.5.0.jar (com.squareup:javawriter:2.5.0) with ExternalDependencyInstrumentingArtifactTransform
[        ] Transforming failureaccess-1.0.1.jar (com.google.guava:failureaccess:1.0.1) with MergeInstrumentationAnalysisTransform
[        ] Transforming listenablefuture-9999.0-empty-to-avoid-conflict-with-guava.jar (com.google.guava:listenablefuture:9999.0-empty-to-avoid-conflict-with-guava) with InstrumentationAnalysisTransform
[        ] Transforming listenablefuture-9999.0-empty-to-avoid-conflict-with-guava.jar (com.google.guava:listenablefuture:9999.0-empty-to-avoid-conflict-with-guava) with MergeInstrumentationAnalysisTransform
[        ] Transforming failureaccess-1.0.1.jar (com.google.guava:failureaccess:1.0.1) with ExternalDependencyInstrumentingArtifactTransform
[        ] Transforming commons-logging-1.2.jar (commons-logging:commons-logging:1.2) with InstrumentationAnalysisTransform
[        ] Transforming listenablefuture-9999.0-empty-to-avoid-conflict-with-guava.jar (com.google.guava:listenablefuture:9999.0-empty-to-avoid-conflict-with-guava) with ExternalDependencyInstrumentingArtifactTransform
[        ] Transforming commons-logging-1.2.jar (commons-logging:commons-logging:1.2) with MergeInstrumentationAnalysisTransform
[        ] Transforming jna-5.6.0.jar (net.java.dev.jna:jna:5.6.0) with InstrumentationAnalysisTransform
[        ] Transforming jna-5.6.0.jar (net.java.dev.jna:jna:5.6.0) with MergeInstrumentationAnalysisTransform
[        ] Transforming commons-logging-1.2.jar (commons-logging:commons-logging:1.2) with ExternalDependencyInstrumentingArtifactTransform
[        ] Transforming netty-codec-socks-4.1.93.Final.jar (io.netty:netty-codec-socks:4.1.93.Final) with InstrumentationAnalysisTransform
[        ] Transforming jna-5.6.0.jar (net.java.dev.jna:jna:5.6.0) with ExternalDependencyInstrumentingArtifactTransform
[        ] Transforming netty-codec-socks-4.1.93.Final.jar (io.netty:netty-codec-socks:4.1.93.Final) with MergeInstrumentationAnalysisTransform
[        ] Transforming netty-codec-4.1.93.Final.jar (io.netty:netty-codec:4.1.93.Final) with InstrumentationAnalysisTransform
[        ] Transforming netty-codec-4.1.93.Final.jar (io.netty:netty-codec:4.1.93.Final) with MergeInstrumentationAnalysisTransform
[        ] Transforming netty-transport-4.1.93.Final.jar (io.netty:netty-transport:4.1.93.Final) with InstrumentationAnalysisTransform
[        ] Transforming netty-codec-socks-4.1.93.Final.jar (io.netty:netty-codec-socks:4.1.93.Final) with ExternalDependencyInstrumentingArtifactTransform
[        ] Transforming netty-codec-4.1.93.Final.jar (io.netty:netty-codec:4.1.93.Final) with ExternalDependencyInstrumentingArtifactTransform
[        ] Transforming netty-transport-4.1.93.Final.jar (io.netty:netty-transport:4.1.93.Final) with MergeInstrumentationAnalysisTransform
[        ] Transforming netty-buffer-4.1.93.Final.jar (io.netty:netty-buffer:4.1.93.Final) with InstrumentationAnalysisTransform
[        ] Transforming netty-transport-4.1.93.Final.jar (io.netty:netty-transport:4.1.93.Final) with ExternalDependencyInstrumentingArtifactTransform
[        ] Transforming netty-buffer-4.1.93.Final.jar (io.netty:netty-buffer:4.1.93.Final) with MergeInstrumentationAnalysisTransform
[        ] Transforming netty-resolver-4.1.93.Final.jar (io.netty:netty-resolver:4.1.93.Final) with InstrumentationAnalysisTransform
[        ] Transforming netty-resolver-4.1.93.Final.jar (io.netty:netty-resolver:4.1.93.Final) with MergeInstrumentationAnalysisTransform
[        ] Transforming netty-buffer-4.1.93.Final.jar (io.netty:netty-buffer:4.1.93.Final) with ExternalDependencyInstrumentingArtifactTransform
[        ] Transforming netty-common-4.1.93.Final.jar (io.netty:netty-common:4.1.93.Final) with InstrumentationAnalysisTransform
[        ] Transforming netty-resolver-4.1.93.Final.jar (io.netty:netty-resolver:4.1.93.Final) with ExternalDependencyInstrumentingArtifactTransform
[        ] Transforming netty-common-4.1.93.Final.jar (io.netty:netty-common:4.1.93.Final) with MergeInstrumentationAnalysisTransform
[        ] Transforming netty-common-4.1.93.Final.jar (io.netty:netty-common:4.1.93.Final) with ExternalDependencyInstrumentingArtifactTransform
[        ] Using default execution profile
[  +73 ms] > Configure project :webview_flutter_android
[        ] Evaluating project ':webview_flutter_android' using build file '/Users/anas/.pub-cache/hosted/pub.dev/webview_flutter_android-4.3.2/android/build.gradle'.
[        ] Transforming gradle-8.0.0.jar (com.android.tools.build:gradle:8.0.0) with InstrumentationAnalysisTransform
[        ] Transforming kotlin-gradle-plugin-model-2.1.10.jar (org.jetbrains.kotlin:kotlin-gradle-plugin-model:2.1.10) with InstrumentationAnalysisTransform
[        ] Transforming kotlin-gradle-plugin-api-2.1.10.jar (org.jetbrains.kotlin:kotlin-gradle-plugin-api:2.1.10) with InstrumentationAnalysisTransform
[        ] Transforming kotlin-gradle-plugin-2.1.10-gradle85.jar (org.jetbrains.kotlin:kotlin-gradle-plugin:2.1.10) with InstrumentationAnalysisTransform
[        ] Transforming gradle-settings-api-8.0.0.jar (com.android.tools.build:gradle-settings-api:8.0.0) with InstrumentationAnalysisTransform
[        ] Transforming lint-model-31.0.0.jar (com.android.tools.lint:lint-model:31.0.0) with InstrumentationAnalysisTransform
[        ] Transforming builder-8.0.0.jar (com.android.tools.build:builder:8.0.0) with InstrumentationAnalysisTransform
[        ] Transforming manifest-merger-31.0.0.jar (com.android.tools.build:manifest-merger:31.0.0) with InstrumentationAnalysisTransform
[        ] Transforming sdk-common-31.0.0.jar (com.android.tools:sdk-common:31.0.0) with InstrumentationAnalysisTransform
[        ] Transforming sdklib-31.0.0.jar (com.android.tools:sdklib:31.0.0) with InstrumentationAnalysisTransform
[        ] Transforming repository-31.0.0.jar (com.android.tools:repository:31.0.0) with InstrumentationAnalysisTransform
[        ] Transforming gradle-api-8.0.0.jar (com.android.tools.build:gradle-api:8.0.0) with InstrumentationAnalysisTransform
[        ] Transforming builder-test-api-8.0.0.jar (com.android.tools.build:builder-test-api:8.0.0) with InstrumentationAnalysisTransform
[        ] Transforming ddmlib-31.0.0.jar (com.android.tools.ddms:ddmlib:31.0.0) with InstrumentationAnalysisTransform
[        ] Transforming aaptcompiler-8.0.0.jar (com.android.tools.build:aaptcompiler:8.0.0) with InstrumentationAnalysisTransform
[        ] Transforming bundletool-1.13.2.jar (com.android.tools.build:bundletool:1.13.2) with InstrumentationAnalysisTransform
[        ] Transforming aapt2-proto-8.0.0-9289358.jar (com.android.tools.build:aapt2-proto:8.0.0-9289358) with InstrumentationAnalysisTransform
[        ] Transforming crash-31.0.0.jar (com.android.tools.analytics-library:crash:31.0.0) with InstrumentationAnalysisTransform
[        ] Transforming tracker-31.0.0.jar (com.android.tools.analytics-library:tracker:31.0.0) with InstrumentationAnalysisTransform
[        ] Transforming shared-31.0.0.jar (com.android.tools.analytics-library:shared:31.0.0) with InstrumentationAnalysisTransform
[        ] Transforming lint-typedef-remover-31.0.0.jar (com.android.tools.lint:lint-typedef-remover:31.0.0) with InstrumentationAnalysisTransform
[        ] Transforming databinding-compiler-common-8.0.0.jar (androidx.databinding:databinding-compiler-common:8.0.0) with InstrumentationAnalysisTransform
[        ] Transforming databinding-common-8.0.0.jar (androidx.databinding:databinding-common:8.0.0) with InstrumentationAnalysisTransform
[        ] Transforming baseLibrary-8.0.0.jar (com.android.databinding:baseLibrary:8.0.0) with InstrumentationAnalysisTransform
[        ] Transforming layoutlib-api-31.0.0.jar (com.android.tools.layoutlib:layoutlib-api:31.0.0) with InstrumentationAnalysisTransform
[        ] Transforming android-device-provider-ddmlib-proto-31.0.0.jar (com.android.tools.utp:android-device-provider-ddmlib-proto:31.0.0) with InstrumentationAnalysisTransform
[        ] Transforming android-device-provider-gradle-proto-31.0.0.jar (com.android.tools.utp:android-device-provider-gradle-proto:31.0.0) with InstrumentationAnalysisTransform
[        ] Transforming android-test-plugin-host-additional-test-output-proto-31.0.0.jar (com.android.tools.utp:android-test-plugin-host-additional-test-output-proto:31.0.0) with InstrumentationAnalysisTransform
[        ] Transforming android-test-plugin-host-coverage-proto-31.0.0.jar (com.android.tools.utp:android-test-plugin-host-coverage-proto:31.0.0) with InstrumentationAnalysisTransform
[        ] Transforming android-test-plugin-host-logcat-proto-31.0.0.jar (com.android.tools.utp:android-test-plugin-host-logcat-proto:31.0.0) with InstrumentationAnalysisTransform
[        ] Transforming android-test-plugin-host-retention-proto-31.0.0.jar (com.android.tools.utp:android-test-plugin-host-retention-proto:31.0.0) with InstrumentationAnalysisTransform
[        ] Transforming android-test-plugin-result-listener-gradle-proto-31.0.0.jar (com.android.tools.utp:android-test-plugin-result-listener-gradle-proto:31.0.0) with InstrumentationAnalysisTransform
[        ] Transforming builder-model-8.0.0.jar (com.android.tools.build:builder-model:8.0.0) with InstrumentationAnalysisTransform
[        ] Transforming dvlib-31.0.0.jar (com.android.tools:dvlib:31.0.0) with InstrumentationAnalysisTransform
[        ] Transforming common-31.0.0.jar (com.android.tools:common:31.0.0) with InstrumentationAnalysisTransform
[        ] Transforming kotlin-stdlib-jdk8-1.7.10.jar (org.jetbrains.kotlin:kotlin-stdlib-jdk8:1.7.10) with InstrumentationAnalysisTransform
[        ] Transforming transform-api-2.0.0-deprecated-use-gradle-api.jar (com.android.tools.build:transform-api:2.0.0-deprecated-use-gradle-api) with InstrumentationAnalysisTransform
[        ] Transforming httpmime-4.5.6.jar (org.apache.httpcomponents:httpmime:4.5.6) with InstrumentationAnalysisTransform
[        ] Transforming commons-io-2.4.jar (commons-io:commons-io:2.4) with InstrumentationAnalysisTransform
[        ] Transforming jetifier-processor-1.0.0-beta10.jar (com.android.tools.build.jetifier:jetifier-processor:1.0.0-beta10) with InstrumentationAnalysisTransform
[        ] Transforming asm-commons-9.2.jar (org.ow2.asm:asm-commons:9.2) with InstrumentationAnalysisTransform
[        ] Transforming asm-util-9.2.jar (org.ow2.asm:asm-util:9.2) with InstrumentationAnalysisTransform
[        ] Transforming asm-analysis-9.2.jar (org.ow2.asm:asm-analysis:9.2) with InstrumentationAnalysisTransform
[        ] Transforming asm-tree-9.2.jar (org.ow2.asm:asm-tree:9.2) with InstrumentationAnalysisTransform
[        ] Transforming asm-9.2.jar (org.ow2.asm:asm:9.2) with InstrumentationAnalysisTransform
[        ] Transforming apkzlib-8.0.0.jar (com.android.tools.build:apkzlib:8.0.0) with InstrumentationAnalysisTransform
[        ] Transforming bcpkix-jdk15on-1.67.jar (org.bouncycastle:bcpkix-jdk15on:1.67) with InstrumentationAnalysisTransform
[        ] Transforming jaxb-runtime-2.3.2.jar (org.glassfish.jaxb:jaxb-runtime:2.3.2) with InstrumentationAnalysisTransform
[        ] Transforming jopt-simple-4.9.jar (net.sf.jopt-simple:jopt-simple:4.9) with InstrumentationAnalysisTransform
[        ] Transforming jetifier-core-1.0.0-beta10.jar (com.android.tools.build.jetifier:jetifier-core:1.0.0-beta10) with InstrumentationAnalysisTransform
[        ] Transforming javapoet-1.10.0.jar (com.squareup:javapoet:1.10.0) with InstrumentationAnalysisTransform
[        ] Transforming protobuf-java-util-3.19.3.jar (com.google.protobuf:protobuf-java-util:3.19.3) with InstrumentationAnalysisTransform
[        ] Transforming grpc-protobuf-1.45.1.jar (io.grpc:grpc-protobuf:1.45.1) with InstrumentationAnalysisTransform
[        ] Transforming tink-1.7.0.jar (com.google.crypto.tink:tink:1.7.0) with InstrumentationAnalysisTransform
[        ] Transforming protos-31.0.0.jar (com.android.tools.analytics-library:protos:31.0.0) with InstrumentationAnalysisTransform
[        ] Transforming proto-google-common-protos-2.0.1.jar (com.google.api.grpc:proto-google-common-protos:2.0.1) with InstrumentationAnalysisTransform
[        ] Transforming protobuf-java-3.19.3.jar (com.google.protobuf:protobuf-java:3.19.3) with InstrumentationAnalysisTransform
[        ] Transforming grpc-netty-1.45.1.jar (io.grpc:grpc-netty:1.45.1) with InstrumentationAnalysisTransform
[        ] Transforming grpc-core-1.45.1.jar (io.grpc:grpc-core:1.45.1) with InstrumentationAnalysisTransform
[        ] Transforming kotlin-build-statistics-2.1.10.jar (org.jetbrains.kotlin:kotlin-build-statistics:2.1.10) with InstrumentationAnalysisTransform
[        ] Transforming gson-2.8.9.jar (com.google.code.gson:gson:2.8.9) with InstrumentationAnalysisTransform
[        ] Transforming grpc-stub-1.45.1.jar (io.grpc:grpc-stub:1.45.1) with InstrumentationAnalysisTransform
[        ] Transforming core-proto-0.0.8-alpha08.jar (com.google.testing.platform:core-proto:0.0.8-alpha08) with InstrumentationAnalysisTransform
[        ] Transforming tensorflow-lite-metadata-0.1.0-rc2.jar (org.tensorflow:tensorflow-lite-metadata:0.1.0-rc2) with InstrumentationAnalysisTransform
[        ] Transforming flatbuffers-java-1.12.0.jar (com.google.flatbuffers:flatbuffers-java:1.12.0) with InstrumentationAnalysisTransform
[        ] Transforming kotlin-gradle-plugin-idea-proto-2.1.10.jar (org.jetbrains.kotlin:kotlin-gradle-plugin-idea-proto:2.1.10) with InstrumentationAnalysisTransform
[        ] Transforming kotlin-gradle-plugin-idea-2.1.10.jar (org.jetbrains.kotlin:kotlin-gradle-plugin-idea:2.1.10) with InstrumentationAnalysisTransform
[        ] Transforming kotlin-klib-commonizer-api-2.1.10.jar (org.jetbrains.kotlin:kotlin-klib-commonizer-api:2.1.10) with InstrumentationAnalysisTransform
[        ] Transforming kotlin-util-klib-metadata-2.1.10.jar (org.jetbrains.kotlin:kotlin-util-klib-metadata:2.1.10) with InstrumentationAnalysisTransform
[        ] Transforming kotlin-compiler-runner-2.1.10.jar (org.jetbrains.kotlin:kotlin-compiler-runner:2.1.10) with InstrumentationAnalysisTransform
[        ] Transforming jimfs-1.1.jar (com.google.jimfs:jimfs:1.1) with InstrumentationAnalysisTransform
[        ] Transforming grpc-protobuf-lite-1.45.1.jar (io.grpc:grpc-protobuf-lite:1.45.1) with InstrumentationAnalysisTransform
[        ] Transforming grpc-api-1.45.1.jar (io.grpc:grpc-api:1.45.1) with InstrumentationAnalysisTransform
[        ] Transforming guava-31.0.1-jre.jar (com.google.guava:guava:31.0.1-jre) with InstrumentationAnalysisTransform
[        ] Transforming dagger-2.28.3.jar (com.google.dagger:dagger:2.28.3) with InstrumentationAnalysisTransform
[        ] Transforming javax.inject-1.jar (javax.inject:javax.inject:1) with InstrumentationAnalysisTransform
[        ] Transforming kxml2-2.3.0.jar (net.sf.kxml:kxml2:2.3.0) with InstrumentationAnalysisTransform
[        ] Transforming bcprov-jdk15on-1.67.jar (org.bouncycastle:bcprov-jdk15on:1.67) with InstrumentationAnalysisTransform
[        ] Transforming trove4j-1.0.20200330.jar (org.jetbrains.intellij.deps:trove4j:1.0.20200330) with InstrumentationAnalysisTransform
[        ] Transforming kotlin-reflect-1.7.10.jar (org.jetbrains.kotlin:kotlin-reflect:1.7.10) with InstrumentationAnalysisTransform
[        ] Transforming xercesImpl-2.12.0.jar (xerces:xercesImpl:2.12.0) with InstrumentationAnalysisTransform
[        ] Transforming commons-compress-1.20.jar (org.apache.commons:commons-compress:1.20) with InstrumentationAnalysisTransform
[        ] Transforming httpclient-4.5.13.jar (org.apache.httpcomponents:httpclient:4.5.13) with InstrumentationAnalysisTransform
[        ] Transforming httpcore-4.4.15.jar (org.apache.httpcomponents:httpcore:4.4.15) with InstrumentationAnalysisTransform
[        ] Transforming javax.activation-1.2.0.jar (com.sun.activation:javax.activation:1.2.0) with InstrumentationAnalysisTransform
[        ] Transforming kotlin-stdlib-jdk7-1.7.10.jar (org.jetbrains.kotlin:kotlin-stdlib-jdk7:1.7.10) with InstrumentationAnalysisTransform
[        ] Transforming kotlin-stdlib-1.7.10.jar (org.jetbrains.kotlin:kotlin-stdlib:1.7.10) with InstrumentationAnalysisTransform
[        ] Transforming annotations-13.0.jar (org.jetbrains:annotations:13.0) with InstrumentationAnalysisTransform
[        ] Transforming signflinger-8.0.0.jar (com.android:signflinger:8.0.0) with InstrumentationAnalysisTransform
[        ] Transforming zipflinger-8.0.0.jar (com.android:zipflinger:8.0.0) with InstrumentationAnalysisTransform
[        ] Transforming annotations-31.0.0.jar (com.android.tools:annotations:31.0.0) with InstrumentationAnalysisTransform
[        ] Transforming jna-platform-5.6.0.jar (net.java.dev.jna:jna-platform:5.6.0) with InstrumentationAnalysisTransform
[        ] Transforming juniversalchardet-1.0.3.jar (com.googlecode.juniversalchardet:juniversalchardet:1.0.3) with InstrumentationAnalysisTransform
[        ] Transforming javax.annotation-api-1.3.2.jar (javax.annotation:javax.annotation-api:1.3.2) with InstrumentationAnalysisTransform
[        ] Transforming stax-ex-1.8.1.jar (org.jvnet.staxex:stax-ex:1.8.1) with InstrumentationAnalysisTransform
[        ] Transforming jakarta.xml.bind-api-2.3.2.jar (jakarta.xml.bind:jakarta.xml.bind-api:2.3.2) with InstrumentationAnalysisTransform
[        ] Transforming txw2-2.3.2.jar (org.glassfish.jaxb:txw2:2.3.2) with InstrumentationAnalysisTransform
[        ] Transforming istack-commons-runtime-3.0.8.jar (com.sun.istack:istack-commons-runtime:3.0.8) with InstrumentationAnalysisTransform
[        ] Transforming FastInfoset-1.2.16.jar (com.sun.xml.fastinfoset:FastInfoset:1.2.16) with InstrumentationAnalysisTransform
[        ] Transforming jakarta.activation-api-1.2.1.jar (jakarta.activation:jakarta.activation-api:1.2.1) with InstrumentationAnalysisTransform
[        ] Transforming auto-value-annotations-1.6.2.jar (com.google.auto.value:auto-value-annotations:1.6.2) with InstrumentationAnalysisTransform
[        ] Transforming error_prone_annotations-2.10.0.jar (com.google.errorprone:error_prone_annotations:2.10.0) with InstrumentationAnalysisTransform
[        ] Transforming jose4j-0.7.0.jar (org.bitbucket.b_c:jose4j:0.7.0) with InstrumentationAnalysisTransform
[        ] Transforming slf4j-api-1.7.30.jar (org.slf4j:slf4j-api:1.7.30) with InstrumentationAnalysisTransform
[        ] Transforming jdom2-2.0.6.jar (org.jdom:jdom2:2.0.6) with InstrumentationAnalysisTransform
[        ] Transforming j2objc-annotations-1.3.jar (com.google.j2objc:j2objc-annotations:1.3) with InstrumentationAnalysisTransform
[        ] Transforming jsr305-3.0.2.jar (com.google.code.findbugs:jsr305:3.0.2) with InstrumentationAnalysisTransform
[        ] Transforming annotations-4.1.1.4.jar (com.google.android:annotations:4.1.1.4) with InstrumentationAnalysisTransform
[        ] Transforming animal-sniffer-annotations-1.19.jar (org.codehaus.mojo:animal-sniffer-annotations:1.19) with InstrumentationAnalysisTransform
[        ] Transforming perfmark-api-0.23.0.jar (io.perfmark:perfmark-api:0.23.0) with InstrumentationAnalysisTransform
[        ] Transforming netty-codec-http2-4.1.72.Final.jar (io.netty:netty-codec-http2:4.1.72.Final) with InstrumentationAnalysisTransform
[        ] Transforming netty-handler-proxy-4.1.72.Final.jar (io.netty:netty-handler-proxy:4.1.72.Final) with InstrumentationAnalysisTransform
[        ] Transforming checker-qual-3.12.0.jar (org.checkerframework:checker-qual:3.12.0) with InstrumentationAnalysisTransform
[        ] Transforming commons-codec-1.11.jar (commons-codec:commons-codec:1.11) with InstrumentationAnalysisTransform
[        ] Transforming apksig-8.0.0.jar (com.android.tools.build:apksig:8.0.0) with InstrumentationAnalysisTransform
[        ] Transforming javawriter-2.5.0.jar (com.squareup:javawriter:2.5.0) with InstrumentationAnalysisTransform
[        ] Transforming kotlin-gradle-plugin-annotations-2.1.10.jar (org.jetbrains.kotlin:kotlin-gradle-plugin-annotations:2.1.10) with InstrumentationAnalysisTransform
[        ] Transforming kotlin-native-utils-2.1.10.jar (org.jetbrains.kotlin:kotlin-native-utils:2.1.10) with InstrumentationAnalysisTransform
[        ] Transforming kotlin-tooling-core-2.1.10.jar (org.jetbrains.kotlin:kotlin-tooling-core:2.1.10) with InstrumentationAnalysisTransform
[        ] Transforming kotlin-build-tools-api-2.1.10.jar (org.jetbrains.kotlin:kotlin-build-tools-api:2.1.10) with InstrumentationAnalysisTransform
[        ] Transforming kotlin-util-klib-2.1.10.jar (org.jetbrains.kotlin:kotlin-util-klib:2.1.10) with InstrumentationAnalysisTransform
[        ] Transforming kotlin-util-io-2.1.10.jar (org.jetbrains.kotlin:kotlin-util-io:2.1.10) with InstrumentationAnalysisTransform
[        ] Transforming kotlin-daemon-client-2.1.10.jar (org.jetbrains.kotlin:kotlin-daemon-client:2.1.10) with InstrumentationAnalysisTransform
[        ] Transforming kotlinx-coroutines-core-jvm-1.6.4.jar (org.jetbrains.kotlinx:kotlinx-coroutines-core-jvm:1.6.4) with InstrumentationAnalysisTransform
[        ] Transforming failureaccess-1.0.1.jar (com.google.guava:failureaccess:1.0.1) with InstrumentationAnalysisTransform
[        ] Transforming listenablefuture-9999.0-empty-to-avoid-conflict-with-guava.jar (com.google.guava:listenablefuture:9999.0-empty-to-avoid-conflict-with-guava) with InstrumentationAnalysisTransform
[        ] Transforming xml-apis-1.4.01.jar (xml-apis:xml-apis:1.4.01) with InstrumentationAnalysisTransform
[        ] Transforming commons-logging-1.2.jar (commons-logging:commons-logging:1.2) with InstrumentationAnalysisTransform
[        ] Transforming jna-5.6.0.jar (net.java.dev.jna:jna:5.6.0) with InstrumentationAnalysisTransform
[        ] Transforming kotlin-stdlib-common-1.7.10.jar (org.jetbrains.kotlin:kotlin-stdlib-common:1.7.10) with InstrumentationAnalysisTransform
[        ] Transforming grpc-context-1.45.1.jar (io.grpc:grpc-context:1.45.1) with InstrumentationAnalysisTransform
[        ] Transforming netty-codec-http-4.1.72.Final.jar (io.netty:netty-codec-http:4.1.72.Final) with InstrumentationAnalysisTransform
[        ] Transforming netty-handler-4.1.72.Final.jar (io.netty:netty-handler:4.1.72.Final) with InstrumentationAnalysisTransform
[        ] Transforming netty-codec-socks-4.1.72.Final.jar (io.netty:netty-codec-socks:4.1.72.Final) with InstrumentationAnalysisTransform
[        ] Transforming netty-codec-4.1.72.Final.jar (io.netty:netty-codec:4.1.72.Final) with InstrumentationAnalysisTransform
[        ] Transforming netty-transport-4.1.72.Final.jar (io.netty:netty-transport:4.1.72.Final) with InstrumentationAnalysisTransform
[        ] Transforming netty-buffer-4.1.72.Final.jar (io.netty:netty-buffer:4.1.72.Final) with InstrumentationAnalysisTransform
[        ] Transforming netty-resolver-4.1.72.Final.jar (io.netty:netty-resolver:4.1.72.Final) with InstrumentationAnalysisTransform
[        ] Transforming netty-common-4.1.72.Final.jar (io.netty:netty-common:4.1.72.Final) with InstrumentationAnalysisTransform
[        ] Transforming netty-tcnative-classes-2.0.46.Final.jar (io.netty:netty-tcnative-classes:2.0.46.Final) with InstrumentationAnalysisTransform
[        ] Transforming gradle-8.0.0.jar (com.android.tools.build:gradle:8.0.0) with InstrumentationAnalysisTransform
[        ] Transforming gradle-8.0.0.jar (com.android.tools.build:gradle:8.0.0) with MergeInstrumentationAnalysisTransform
[        ] Transforming kotlin-gradle-plugin-model-2.1.10.jar (org.jetbrains.kotlin:kotlin-gradle-plugin-model:2.1.10) with InstrumentationAnalysisTransform
[        ] Transforming kotlin-gradle-plugin-model-2.1.10.jar (org.jetbrains.kotlin:kotlin-gradle-plugin-model:2.1.10) with MergeInstrumentationAnalysisTransform
[        ] Transforming kotlin-gradle-plugin-api-2.1.10.jar (org.jetbrains.kotlin:kotlin-gradle-plugin-api:2.1.10) with InstrumentationAnalysisTransform
[        ] Transforming kotlin-gradle-plugin-api-2.1.10.jar (org.jetbrains.kotlin:kotlin-gradle-plugin-api:2.1.10) with MergeInstrumentationAnalysisTransform
[        ] Transforming kotlin-gradle-plugin-model-2.1.10.jar (org.jetbrains.kotlin:kotlin-gradle-plugin-model:2.1.10) with ExternalDependencyInstrumentingArtifactTransform
[        ] Transforming gradle-8.0.0.jar (com.android.tools.build:gradle:8.0.0) with ExternalDependencyInstrumentingArtifactTransform
[        ] Transforming kotlin-gradle-plugin-api-2.1.10.jar (org.jetbrains.kotlin:kotlin-gradle-plugin-api:2.1.10) with ExternalDependencyInstrumentingArtifactTransform
[        ] Transforming kotlin-gradle-plugin-2.1.10-gradle85.jar (org.jetbrains.kotlin:kotlin-gradle-plugin:2.1.10) with InstrumentationAnalysisTransform
[        ] Transforming kotlin-gradle-plugin-2.1.10-gradle85.jar (org.jetbrains.kotlin:kotlin-gradle-plugin:2.1.10) with MergeInstrumentationAnalysisTransform
[        ] Transforming gradle-settings-api-8.0.0.jar (com.android.tools.build:gradle-settings-api:8.0.0) with InstrumentationAnalysisTransform
[        ] Transforming gradle-settings-api-8.0.0.jar (com.android.tools.build:gradle-settings-api:8.0.0) with MergeInstrumentationAnalysisTransform
[        ] Transforming kotlin-gradle-plugin-2.1.10-gradle85.jar (org.jetbrains.kotlin:kotlin-gradle-plugin:2.1.10) with ExternalDependencyInstrumentingArtifactTransform
[        ] Transforming lint-model-31.0.0.jar (com.android.tools.lint:lint-model:31.0.0) with InstrumentationAnalysisTransform
[        ] Transforming gradle-settings-api-8.0.0.jar (com.android.tools.build:gradle-settings-api:8.0.0) with ExternalDependencyInstrumentingArtifactTransform
[        ] Transforming lint-model-31.0.0.jar (com.android.tools.lint:lint-model:31.0.0) with MergeInstrumentationAnalysisTransform
[        ] Transforming builder-8.0.0.jar (com.android.tools.build:builder:8.0.0) with InstrumentationAnalysisTransform
[        ] Transforming builder-8.0.0.jar (com.android.tools.build:builder:8.0.0) with MergeInstrumentationAnalysisTransform
[        ] Transforming lint-model-31.0.0.jar (com.android.tools.lint:lint-model:31.0.0) with ExternalDependencyInstrumentingArtifactTransform
[        ] Transforming manifest-merger-31.0.0.jar (com.android.tools.build:manifest-merger:31.0.0) with InstrumentationAnalysisTransform
[        ] Transforming builder-8.0.0.jar (com.android.tools.build:builder:8.0.0) with ExternalDependencyInstrumentingArtifactTransform
[        ] Transforming manifest-merger-31.0.0.jar (com.android.tools.build:manifest-merger:31.0.0) with MergeInstrumentationAnalysisTransform
[        ] Transforming sdk-common-31.0.0.jar (com.android.tools:sdk-common:31.0.0) with InstrumentationAnalysisTransform
[        ] Transforming sdk-common-31.0.0.jar (com.android.tools:sdk-common:31.0.0) with MergeInstrumentationAnalysisTransform
[        ] Transforming manifest-merger-31.0.0.jar (com.android.tools.build:manifest-merger:31.0.0) with ExternalDependencyInstrumentingArtifactTransform
[        ] Transforming sdklib-31.0.0.jar (com.android.tools:sdklib:31.0.0) with InstrumentationAnalysisTransform
[        ] Transforming sdk-common-31.0.0.jar (com.android.tools:sdk-common:31.0.0) with ExternalDependencyInstrumentingArtifactTransform
[        ] Transforming sdklib-31.0.0.jar (com.android.tools:sdklib:31.0.0) with MergeInstrumentationAnalysisTransform
[        ] Transforming repository-31.0.0.jar (com.android.tools:repository:31.0.0) with InstrumentationAnalysisTransform
[        ] Transforming repository-31.0.0.jar (com.android.tools:repository:31.0.0) with MergeInstrumentationAnalysisTransform
[        ] Transforming gradle-api-8.0.0.jar (com.android.tools.build:gradle-api:8.0.0) with InstrumentationAnalysisTransform
[        ] Transforming sdklib-31.0.0.jar (com.android.tools:sdklib:31.0.0) with ExternalDependencyInstrumentingArtifactTransform
[        ] Transforming repository-31.0.0.jar (com.android.tools:repository:31.0.0) with ExternalDependencyInstrumentingArtifactTransform
[        ] Transforming gradle-api-8.0.0.jar (com.android.tools.build:gradle-api:8.0.0) with MergeInstrumentationAnalysisTransform
[        ] Transforming builder-test-api-8.0.0.jar (com.android.tools.build:builder-test-api:8.0.0) with InstrumentationAnalysisTransform
[        ] Transforming builder-test-api-8.0.0.jar (com.android.tools.build:builder-test-api:8.0.0) with MergeInstrumentationAnalysisTransform
[        ] Transforming gradle-api-8.0.0.jar (com.android.tools.build:gradle-api:8.0.0) with ExternalDependencyInstrumentingArtifactTransform
[        ] Transforming ddmlib-31.0.0.jar (com.android.tools.ddms:ddmlib:31.0.0) with InstrumentationAnalysisTransform
[        ] Transforming builder-test-api-8.0.0.jar (com.android.tools.build:builder-test-api:8.0.0) with ExternalDependencyInstrumentingArtifactTransform
[        ] Transforming ddmlib-31.0.0.jar (com.android.tools.ddms:ddmlib:31.0.0) with MergeInstrumentationAnalysisTransform
[        ] Transforming aaptcompiler-8.0.0.jar (com.android.tools.build:aaptcompiler:8.0.0) with InstrumentationAnalysisTransform
[        ] Transforming aaptcompiler-8.0.0.jar (com.android.tools.build:aaptcompiler:8.0.0) with MergeInstrumentationAnalysisTransform
[        ] Transforming ddmlib-31.0.0.jar (com.android.tools.ddms:ddmlib:31.0.0) with ExternalDependencyInstrumentingArtifactTransform
[        ] Transforming bundletool-1.13.2.jar (com.android.tools.build:bundletool:1.13.2) with InstrumentationAnalysisTransform
[        ] Transforming aaptcompiler-8.0.0.jar (com.android.tools.build:aaptcompiler:8.0.0) with ExternalDependencyInstrumentingArtifactTransform
[        ] Transforming bundletool-1.13.2.jar (com.android.tools.build:bundletool:1.13.2) with MergeInstrumentationAnalysisTransform
[        ] Transforming aapt2-proto-8.0.0-9289358.jar (com.android.tools.build:aapt2-proto:8.0.0-9289358) with InstrumentationAnalysisTransform
[        ] Transforming aapt2-proto-8.0.0-9289358.jar (com.android.tools.build:aapt2-proto:8.0.0-9289358) with MergeInstrumentationAnalysisTransform
[        ] Transforming bundletool-1.13.2.jar (com.android.tools.build:bundletool:1.13.2) with ExternalDependencyInstrumentingArtifactTransform
[        ] Transforming crash-31.0.0.jar (com.android.tools.analytics-library:crash:31.0.0) with InstrumentationAnalysisTransform
[        ] Transforming crash-31.0.0.jar (com.android.tools.analytics-library:crash:31.0.0) with MergeInstrumentationAnalysisTransform
[        ] Transforming tracker-31.0.0.jar (com.android.tools.analytics-library:tracker:31.0.0) with InstrumentationAnalysisTransform
[        ] Transforming aapt2-proto-8.0.0-9289358.jar (com.android.tools.build:aapt2-proto:8.0.0-9289358) with ExternalDependencyInstrumentingArtifactTransform
[        ] Transforming tracker-31.0.0.jar (com.android.tools.analytics-library:tracker:31.0.0) with MergeInstrumentationAnalysisTransform
[        ] Transforming crash-31.0.0.jar (com.android.tools.analytics-library:crash:31.0.0) with ExternalDependencyInstrumentingArtifactTransform
[        ] Transforming shared-31.0.0.jar (com.android.tools.analytics-library:shared:31.0.0) with InstrumentationAnalysisTransform
[        ] Transforming tracker-31.0.0.jar (com.android.tools.analytics-library:tracker:31.0.0) with ExternalDependencyInstrumentingArtifactTransform
[        ] Transforming shared-31.0.0.jar (com.android.tools.analytics-library:shared:31.0.0) with MergeInstrumentationAnalysisTransform
[        ] Transforming lint-typedef-remover-31.0.0.jar (com.android.tools.lint:lint-typedef-remover:31.0.0) with InstrumentationAnalysisTransform
[        ] Transforming lint-typedef-remover-31.0.0.jar (com.android.tools.lint:lint-typedef-remover:31.0.0) with MergeInstrumentationAnalysisTransform
[        ] Transforming shared-31.0.0.jar (com.android.tools.analytics-library:shared:31.0.0) with ExternalDependencyInstrumentingArtifactTransform
[        ] Transforming databinding-compiler-common-8.0.0.jar (androidx.databinding:databinding-compiler-common:8.0.0) with InstrumentationAnalysisTransform
[        ] Transforming lint-typedef-remover-31.0.0.jar (com.android.tools.lint:lint-typedef-remover:31.0.0) with ExternalDependencyInstrumentingArtifactTransform
[        ] Transforming databinding-compiler-common-8.0.0.jar (androidx.databinding:databinding-compiler-common:8.0.0) with MergeInstrumentationAnalysisTransform
[        ] Transforming databinding-common-8.0.0.jar (androidx.databinding:databinding-common:8.0.0) with InstrumentationAnalysisTransform
[        ] Transforming databinding-compiler-common-8.0.0.jar (androidx.databinding:databinding-compiler-common:8.0.0) with ExternalDependencyInstrumentingArtifactTransform
[        ] Transforming databinding-common-8.0.0.jar (androidx.databinding:databinding-common:8.0.0) with MergeInstrumentationAnalysisTransform
[        ] Transforming baseLibrary-8.0.0.jar (com.android.databinding:baseLibrary:8.0.0) with InstrumentationAnalysisTransform
[        ] Transforming baseLibrary-8.0.0.jar (com.android.databinding:baseLibrary:8.0.0) with MergeInstrumentationAnalysisTransform
[        ] Transforming databinding-common-8.0.0.jar (androidx.databinding:databinding-common:8.0.0) with ExternalDependencyInstrumentingArtifactTransform
[        ] Transforming layoutlib-api-31.0.0.jar (com.android.tools.layoutlib:layoutlib-api:31.0.0) with InstrumentationAnalysisTransform
[        ] Transforming baseLibrary-8.0.0.jar (com.android.databinding:baseLibrary:8.0.0) with ExternalDependencyInstrumentingArtifactTransform
[        ] Transforming layoutlib-api-31.0.0.jar (com.android.tools.layoutlib:layoutlib-api:31.0.0) with MergeInstrumentationAnalysisTransform
[        ] Transforming android-device-provider-ddmlib-proto-31.0.0.jar (com.android.tools.utp:android-device-provider-ddmlib-proto:31.0.0) with InstrumentationAnalysisTransform
[        ] Transforming android-device-provider-ddmlib-proto-31.0.0.jar (com.android.tools.utp:android-device-provider-ddmlib-proto:31.0.0) with MergeInstrumentationAnalysisTransform
[        ] Transforming android-device-provider-gradle-proto-31.0.0.jar (com.android.tools.utp:android-device-provider-gradle-proto:31.0.0) with InstrumentationAnalysisTransform
[        ] Transforming layoutlib-api-31.0.0.jar (com.android.tools.layoutlib:layoutlib-api:31.0.0) with ExternalDependencyInstrumentingArtifactTransform
[        ] Transforming android-device-provider-gradle-proto-31.0.0.jar (com.android.tools.utp:android-device-provider-gradle-proto:31.0.0) with MergeInstrumentationAnalysisTransform
[        ] Transforming android-device-provider-ddmlib-proto-31.0.0.jar (com.android.tools.utp:android-device-provider-ddmlib-proto:31.0.0) with ExternalDependencyInstrumentingArtifactTransform
[        ] Transforming android-test-plugin-host-additional-test-output-proto-31.0.0.jar (com.android.tools.utp:android-test-plugin-host-additional-test-output-proto:31.0.0) with InstrumentationAnalysisTransform
[        ] Transforming android-device-provider-gradle-proto-31.0.0.jar (com.android.tools.utp:android-device-provider-gradle-proto:31.0.0) with ExternalDependencyInstrumentingArtifactTransform
[        ] Transforming android-test-plugin-host-additional-test-output-proto-31.0.0.jar (com.android.tools.utp:android-test-plugin-host-additional-test-output-proto:31.0.0) with MergeInstrumentationAnalysisTransform
[        ] Transforming android-test-plugin-host-coverage-proto-31.0.0.jar (com.android.tools.utp:android-test-plugin-host-coverage-proto:31.0.0) with InstrumentationAnalysisTransform
[        ] Transforming android-test-plugin-host-coverage-proto-31.0.0.jar (com.android.tools.utp:android-test-plugin-host-coverage-proto:31.0.0) with MergeInstrumentationAnalysisTransform
[        ] Transforming android-test-plugin-host-logcat-proto-31.0.0.jar (com.android.tools.utp:android-test-plugin-host-logcat-proto:31.0.0) with InstrumentationAnalysisTransform
[        ] Transforming android-test-plugin-host-additional-test-output-proto-31.0.0.jar (com.android.tools.utp:android-test-plugin-host-additional-test-output-proto:31.0.0) with ExternalDependencyInstrumentingArtifactTransform
[        ] Transforming android-test-plugin-host-coverage-proto-31.0.0.jar (com.android.tools.utp:android-test-plugin-host-coverage-proto:31.0.0) with ExternalDependencyInstrumentingArtifactTransform
[        ] Transforming android-test-plugin-host-logcat-proto-31.0.0.jar (com.android.tools.utp:android-test-plugin-host-logcat-proto:31.0.0) with MergeInstrumentationAnalysisTransform
[        ] Transforming android-test-plugin-host-retention-proto-31.0.0.jar (com.android.tools.utp:android-test-plugin-host-retention-proto:31.0.0) with InstrumentationAnalysisTransform
[        ] Transforming android-test-plugin-host-retention-proto-31.0.0.jar (com.android.tools.utp:android-test-plugin-host-retention-proto:31.0.0) with MergeInstrumentationAnalysisTransform
[        ] Transforming android-test-plugin-host-logcat-proto-31.0.0.jar (com.android.tools.utp:android-test-plugin-host-logcat-proto:31.0.0) with ExternalDependencyInstrumentingArtifactTransform
[        ] Transforming android-test-plugin-result-listener-gradle-proto-31.0.0.jar (com.android.tools.utp:android-test-plugin-result-listener-gradle-proto:31.0.0) with InstrumentationAnalysisTransform
[        ] Transforming android-test-plugin-host-retention-proto-31.0.0.jar (com.android.tools.utp:android-test-plugin-host-retention-proto:31.0.0) with ExternalDependencyInstrumentingArtifactTransform
[        ] Transforming android-test-plugin-result-listener-gradle-proto-31.0.0.jar (com.android.tools.utp:android-test-plugin-result-listener-gradle-proto:31.0.0) with MergeInstrumentationAnalysisTransform
[        ] Transforming builder-model-8.0.0.jar (com.android.tools.build:builder-model:8.0.0) with InstrumentationAnalysisTransform
[        ] Transforming android-test-plugin-result-listener-gradle-proto-31.0.0.jar (com.android.tools.utp:android-test-plugin-result-listener-gradle-proto:31.0.0) with ExternalDependencyInstrumentingArtifactTransform
[        ] Transforming builder-model-8.0.0.jar (com.android.tools.build:builder-model:8.0.0) with MergeInstrumentationAnalysisTransform
[        ] Transforming dvlib-31.0.0.jar (com.android.tools:dvlib:31.0.0) with InstrumentationAnalysisTransform
[        ] Transforming dvlib-31.0.0.jar (com.android.tools:dvlib:31.0.0) with MergeInstrumentationAnalysisTransform
[        ] Transforming builder-model-8.0.0.jar (com.android.tools.build:builder-model:8.0.0) with ExternalDependencyInstrumentingArtifactTransform
[        ] Transforming common-31.0.0.jar (com.android.tools:common:31.0.0) with InstrumentationAnalysisTransform
[        ] Transforming common-31.0.0.jar (com.android.tools:common:31.0.0) with MergeInstrumentationAnalysisTransform
[        ] Transforming dvlib-31.0.0.jar (com.android.tools:dvlib:31.0.0) with ExternalDependencyInstrumentingArtifactTransform
[        ] Transforming kotlin-stdlib-jdk8-1.7.10.jar (org.jetbrains.kotlin:kotlin-stdlib-jdk8:1.7.10) with InstrumentationAnalysisTransform
[        ] Transforming common-31.0.0.jar (com.android.tools:common:31.0.0) with ExternalDependencyInstrumentingArtifactTransform
[        ] Transforming kotlin-stdlib-jdk8-1.7.10.jar (org.jetbrains.kotlin:kotlin-stdlib-jdk8:1.7.10) with MergeInstrumentationAnalysisTransform
[        ] Transforming transform-api-2.0.0-deprecated-use-gradle-api.jar (com.android.tools.build:transform-api:2.0.0-deprecated-use-gradle-api) with InstrumentationAnalysisTransform
[        ] Transforming transform-api-2.0.0-deprecated-use-gradle-api.jar (com.android.tools.build:transform-api:2.0.0-deprecated-use-gradle-api) with MergeInstrumentationAnalysisTransform
[        ] Transforming kotlin-stdlib-jdk8-1.7.10.jar (org.jetbrains.kotlin:kotlin-stdlib-jdk8:1.7.10) with ExternalDependencyInstrumentingArtifactTransform
[        ] Transforming httpmime-4.5.6.jar (org.apache.httpcomponents:httpmime:4.5.6) with InstrumentationAnalysisTransform
[        ] Transforming transform-api-2.0.0-deprecated-use-gradle-api.jar (com.android.tools.build:transform-api:2.0.0-deprecated-use-gradle-api) with ExternalDependencyInstrumentingArtifactTransform
[        ] Transforming httpmime-4.5.6.jar (org.apache.httpcomponents:httpmime:4.5.6) with MergeInstrumentationAnalysisTransform
[        ] Transforming commons-io-2.4.jar (commons-io:commons-io:2.4) with InstrumentationAnalysisTransform
[        ] Transforming httpmime-4.5.6.jar (org.apache.httpcomponents:httpmime:4.5.6) with ExternalDependencyInstrumentingArtifactTransform
[        ] Transforming commons-io-2.4.jar (commons-io:commons-io:2.4) with MergeInstrumentationAnalysisTransform
[        ] Transforming jetifier-processor-1.0.0-beta10.jar (com.android.tools.build.jetifier:jetifier-processor:1.0.0-beta10) with InstrumentationAnalysisTransform
[        ] Transforming jetifier-processor-1.0.0-beta10.jar (com.android.tools.build.jetifier:jetifier-processor:1.0.0-beta10) with MergeInstrumentationAnalysisTransform
[        ] Transforming asm-commons-9.2.jar (org.ow2.asm:asm-commons:9.2) with InstrumentationAnalysisTransform
[        ] Transforming commons-io-2.4.jar (commons-io:commons-io:2.4) with ExternalDependencyInstrumentingArtifactTransform
[        ] Transforming asm-commons-9.2.jar (org.ow2.asm:asm-commons:9.2) with MergeInstrumentationAnalysisTransform
[        ] Transforming jetifier-processor-1.0.0-beta10.jar (com.android.tools.build.jetifier:jetifier-processor:1.0.0-beta10) with ExternalDependencyInstrumentingArtifactTransform
[        ] Transforming asm-util-9.2.jar (org.ow2.asm:asm-util:9.2) with InstrumentationAnalysisTransform
[        ] Transforming asm-commons-9.2.jar (org.ow2.asm:asm-commons:9.2) with ExternalDependencyInstrumentingArtifactTransform
[        ] Transforming asm-util-9.2.jar (org.ow2.asm:asm-util:9.2) with MergeInstrumentationAnalysisTransform
[        ] Transforming asm-analysis-9.2.jar (org.ow2.asm:asm-analysis:9.2) with InstrumentationAnalysisTransform
[        ] Transforming asm-analysis-9.2.jar (org.ow2.asm:asm-analysis:9.2) with MergeInstrumentationAnalysisTransform
[        ] Transforming asm-util-9.2.jar (org.ow2.asm:asm-util:9.2) with ExternalDependencyInstrumentingArtifactTransform
[        ] Transforming asm-tree-9.2.jar (org.ow2.asm:asm-tree:9.2) with InstrumentationAnalysisTransform
[        ] Transforming asm-analysis-9.2.jar (org.ow2.asm:asm-analysis:9.2) with ExternalDependencyInstrumentingArtifactTransform
[        ] Transforming asm-tree-9.2.jar (org.ow2.asm:asm-tree:9.2) with MergeInstrumentationAnalysisTransform
[        ] Transforming asm-9.2.jar (org.ow2.asm:asm:9.2) with InstrumentationAnalysisTransform
[        ] Transforming asm-9.2.jar (org.ow2.asm:asm:9.2) with MergeInstrumentationAnalysisTransform
[        ] Transforming apkzlib-8.0.0.jar (com.android.tools.build:apkzlib:8.0.0) with InstrumentationAnalysisTransform
[        ] Transforming asm-tree-9.2.jar (org.ow2.asm:asm-tree:9.2) with ExternalDependencyInstrumentingArtifactTransform
[        ] Transforming apkzlib-8.0.0.jar (com.android.tools.build:apkzlib:8.0.0) with MergeInstrumentationAnalysisTransform
[        ] Transforming asm-9.2.jar (org.ow2.asm:asm:9.2) with ExternalDependencyInstrumentingArtifactTransform
[        ] Transforming bcpkix-jdk15on-1.67.jar (org.bouncycastle:bcpkix-jdk15on:1.67) with InstrumentationAnalysisTransform
[        ] Transforming apkzlib-8.0.0.jar (com.android.tools.build:apkzlib:8.0.0) with ExternalDependencyInstrumentingArtifactTransform
[        ] Transforming bcpkix-jdk15on-1.67.jar (org.bouncycastle:bcpkix-jdk15on:1.67) with MergeInstrumentationAnalysisTransform
[        ] Transforming jaxb-runtime-2.3.2.jar (org.glassfish.jaxb:jaxb-runtime:2.3.2) with InstrumentationAnalysisTransform
[        ] Transforming jaxb-runtime-2.3.2.jar (org.glassfish.jaxb:jaxb-runtime:2.3.2) with MergeInstrumentationAnalysisTransform
[        ] Transforming jopt-simple-4.9.jar (net.sf.jopt-simple:jopt-simple:4.9) with InstrumentationAnalysisTransform
[        ] Transforming bcpkix-jdk15on-1.67.jar (org.bouncycastle:bcpkix-jdk15on:1.67) with ExternalDependencyInstrumentingArtifactTransform
[        ] Transforming jaxb-runtime-2.3.2.jar (org.glassfish.jaxb:jaxb-runtime:2.3.2) with ExternalDependencyInstrumentingArtifactTransform
[        ] Transforming jopt-simple-4.9.jar (net.sf.jopt-simple:jopt-simple:4.9) with MergeInstrumentationAnalysisTransform
[        ] Transforming jetifier-core-1.0.0-beta10.jar (com.android.tools.build.jetifier:jetifier-core:1.0.0-beta10) with InstrumentationAnalysisTransform
[        ] Transforming jetifier-core-1.0.0-beta10.jar (com.android.tools.build.jetifier:jetifier-core:1.0.0-beta10) with MergeInstrumentationAnalysisTransform
[        ] Transforming jopt-simple-4.9.jar (net.sf.jopt-simple:jopt-simple:4.9) with ExternalDependencyInstrumentingArtifactTransform
[        ] Transforming javapoet-1.10.0.jar (com.squareup:javapoet:1.10.0) with InstrumentationAnalysisTransform
[        ] Transforming jetifier-core-1.0.0-beta10.jar (com.android.tools.build.jetifier:jetifier-core:1.0.0-beta10) with ExternalDependencyInstrumentingArtifactTransform
[        ] Transforming javapoet-1.10.0.jar (com.squareup:javapoet:1.10.0) with MergeInstrumentationAnalysisTransform
[        ] Transforming protobuf-java-util-3.19.3.jar (com.google.protobuf:protobuf-java-util:3.19.3) with InstrumentationAnalysisTransform
[        ] Transforming protobuf-java-util-3.19.3.jar (com.google.protobuf:protobuf-java-util:3.19.3) with MergeInstrumentationAnalysisTransform
[        ] Transforming javapoet-1.10.0.jar (com.squareup:javapoet:1.10.0) with ExternalDependencyInstrumentingArtifactTransform
[        ] Transforming grpc-protobuf-1.45.1.jar (io.grpc:grpc-protobuf:1.45.1) with InstrumentationAnalysisTransform
[        ] Transforming protobuf-java-util-3.19.3.jar (com.google.protobuf:protobuf-java-util:3.19.3) with ExternalDependencyInstrumentingArtifactTransform
[        ] Transforming grpc-protobuf-1.45.1.jar (io.grpc:grpc-protobuf:1.45.1) with MergeInstrumentationAnalysisTransform
[        ] Transforming tink-1.7.0.jar (com.google.crypto.tink:tink:1.7.0) with InstrumentationAnalysisTransform
[        ] Transforming grpc-protobuf-1.45.1.jar (io.grpc:grpc-protobuf:1.45.1) with ExternalDependencyInstrumentingArtifactTransform
[        ] Transforming tink-1.7.0.jar (com.google.crypto.tink:tink:1.7.0) with MergeInstrumentationAnalysisTransform
[        ] Transforming protos-31.0.0.jar (com.android.tools.analytics-library:protos:31.0.0) with InstrumentationAnalysisTransform
[        ] Transforming protos-31.0.0.jar (com.android.tools.analytics-library:protos:31.0.0) with MergeInstrumentationAnalysisTransform
[        ] Transforming tink-1.7.0.jar (com.google.crypto.tink:tink:1.7.0) with ExternalDependencyInstrumentingArtifactTransform
[        ] Transforming proto-google-common-protos-2.0.1.jar (com.google.api.grpc:proto-google-common-protos:2.0.1) with InstrumentationAnalysisTransform
[        ] Transforming protos-31.0.0.jar (com.android.tools.analytics-library:protos:31.0.0) with ExternalDependencyInstrumentingArtifactTransform
[        ] Transforming proto-google-common-protos-2.0.1.jar (com.google.api.grpc:proto-google-common-protos:2.0.1) with MergeInstrumentationAnalysisTransform
[        ] Transforming protobuf-java-3.19.3.jar (com.google.protobuf:protobuf-java:3.19.3) with InstrumentationAnalysisTransform
[        ] Transforming proto-google-common-protos-2.0.1.jar (com.google.api.grpc:proto-google-common-protos:2.0.1) with ExternalDependencyInstrumentingArtifactTransform
[        ] Transforming protobuf-java-3.19.3.jar (com.google.protobuf:protobuf-java:3.19.3) with MergeInstrumentationAnalysisTransform
[        ] Transforming grpc-netty-1.45.1.jar (io.grpc:grpc-netty:1.45.1) with InstrumentationAnalysisTransform
[        ] Transforming protobuf-java-3.19.3.jar (com.google.protobuf:protobuf-java:3.19.3) with ExternalDependencyInstrumentingArtifactTransform
[        ] Transforming grpc-netty-1.45.1.jar (io.grpc:grpc-netty:1.45.1) with MergeInstrumentationAnalysisTransform
[        ] Transforming grpc-core-1.45.1.jar (io.grpc:grpc-core:1.45.1) with InstrumentationAnalysisTransform
[        ] Transforming grpc-core-1.45.1.jar (io.grpc:grpc-core:1.45.1) with MergeInstrumentationAnalysisTransform
[        ] Transforming grpc-netty-1.45.1.jar (io.grpc:grpc-netty:1.45.1) with ExternalDependencyInstrumentingArtifactTransform
[        ] Transforming kotlin-build-statistics-2.1.10.jar (org.jetbrains.kotlin:kotlin-build-statistics:2.1.10) with InstrumentationAnalysisTransform
[        ] Transforming grpc-core-1.45.1.jar (io.grpc:grpc-core:1.45.1) with ExternalDependencyInstrumentingArtifactTransform
[        ] Transforming kotlin-build-statistics-2.1.10.jar (org.jetbrains.kotlin:kotlin-build-statistics:2.1.10) with MergeInstrumentationAnalysisTransform
[        ] Transforming gson-2.8.9.jar (com.google.code.gson:gson:2.8.9) with InstrumentationAnalysisTransform
[        ] Transforming gson-2.8.9.jar (com.google.code.gson:gson:2.8.9) with MergeInstrumentationAnalysisTransform
[        ] Transforming kotlin-build-statistics-2.1.10.jar (org.jetbrains.kotlin:kotlin-build-statistics:2.1.10) with ExternalDependencyInstrumentingArtifactTransform
[        ] Transforming grpc-stub-1.45.1.jar (io.grpc:grpc-stub:1.45.1) with InstrumentationAnalysisTransform
[        ] Transforming gson-2.8.9.jar (com.google.code.gson:gson:2.8.9) with ExternalDependencyInstrumentingArtifactTransform
[        ] Transforming grpc-stub-1.45.1.jar (io.grpc:grpc-stub:1.45.1) with MergeInstrumentationAnalysisTransform
[        ] Transforming core-proto-0.0.8-alpha08.jar (com.google.testing.platform:core-proto:0.0.8-alpha08) with InstrumentationAnalysisTransform
[        ] Transforming core-proto-0.0.8-alpha08.jar (com.google.testing.platform:core-proto:0.0.8-alpha08) with MergeInstrumentationAnalysisTransform
[        ] Transforming grpc-stub-1.45.1.jar (io.grpc:grpc-stub:1.45.1) with ExternalDependencyInstrumentingArtifactTransform
[        ] Transforming tensorflow-lite-metadata-0.1.0-rc2.jar (org.tensorflow:tensorflow-lite-metadata:0.1.0-rc2) with InstrumentationAnalysisTransform
[        ] Transforming core-proto-0.0.8-alpha08.jar (com.google.testing.platform:core-proto:0.0.8-alpha08) with ExternalDependencyInstrumentingArtifactTransform
[        ] Transforming tensorflow-lite-metadata-0.1.0-rc2.jar (org.tensorflow:tensorflow-lite-metadata:0.1.0-rc2) with MergeInstrumentationAnalysisTransform
[        ] Transforming flatbuffers-java-1.12.0.jar (com.google.flatbuffers:flatbuffers-java:1.12.0) with InstrumentationAnalysisTransform
[        ] Transforming flatbuffers-java-1.12.0.jar (com.google.flatbuffers:flatbuffers-java:1.12.0) with MergeInstrumentationAnalysisTransform
[        ] Transforming tensorflow-lite-metadata-0.1.0-rc2.jar (org.tensorflow:tensorflow-lite-metadata:0.1.0-rc2) with ExternalDependencyInstrumentingArtifactTransform
[        ] Transforming kotlin-gradle-plugin-idea-proto-2.1.10.jar (org.jetbrains.kotlin:kotlin-gradle-plugin-idea-proto:2.1.10) with InstrumentationAnalysisTransform
[        ] Transforming flatbuffers-java-1.12.0.jar (com.google.flatbuffers:flatbuffers-java:1.12.0) with ExternalDependencyInstrumentingArtifactTransform
[        ] Transforming kotlin-gradle-plugin-idea-proto-2.1.10.jar (org.jetbrains.kotlin:kotlin-gradle-plugin-idea-proto:2.1.10) with MergeInstrumentationAnalysisTransform
[        ] Transforming kotlin-gradle-plugin-idea-2.1.10.jar (org.jetbrains.kotlin:kotlin-gradle-plugin-idea:2.1.10) with InstrumentationAnalysisTransform
[        ] Transforming kotlin-gradle-plugin-idea-2.1.10.jar (org.jetbrains.kotlin:kotlin-gradle-plugin-idea:2.1.10) with MergeInstrumentationAnalysisTransform
[        ] Transforming kotlin-gradle-plugin-idea-proto-2.1.10.jar (org.jetbrains.kotlin:kotlin-gradle-plugin-idea-proto:2.1.10) with ExternalDependencyInstrumentingArtifactTransform
[        ] Transforming kotlin-klib-commonizer-api-2.1.10.jar (org.jetbrains.kotlin:kotlin-klib-commonizer-api:2.1.10) with InstrumentationAnalysisTransform
[        ] Transforming kotlin-gradle-plugin-idea-2.1.10.jar (org.jetbrains.kotlin:kotlin-gradle-plugin-idea:2.1.10) with ExternalDependencyInstrumentingArtifactTransform
[        ] Transforming kotlin-klib-commonizer-api-2.1.10.jar (org.jetbrains.kotlin:kotlin-klib-commonizer-api:2.1.10) with MergeInstrumentationAnalysisTransform
[        ] Transforming kotlin-util-klib-metadata-2.1.10.jar (org.jetbrains.kotlin:kotlin-util-klib-metadata:2.1.10) with InstrumentationAnalysisTransform
[        ] Transforming kotlin-util-klib-metadata-2.1.10.jar (org.jetbrains.kotlin:kotlin-util-klib-metadata:2.1.10) with MergeInstrumentationAnalysisTransform
[        ] Transforming kotlin-klib-commonizer-api-2.1.10.jar (org.jetbrains.kotlin:kotlin-klib-commonizer-api:2.1.10) with ExternalDependencyInstrumentingArtifactTransform
[        ] Transforming kotlin-compiler-runner-2.1.10.jar (org.jetbrains.kotlin:kotlin-compiler-runner:2.1.10) with InstrumentationAnalysisTransform
[        ] Transforming kotlin-util-klib-metadata-2.1.10.jar (org.jetbrains.kotlin:kotlin-util-klib-metadata:2.1.10) with ExternalDependencyInstrumentingArtifactTransform
[        ] Transforming kotlin-compiler-runner-2.1.10.jar (org.jetbrains.kotlin:kotlin-compiler-runner:2.1.10) with MergeInstrumentationAnalysisTransform
[        ] Transforming jimfs-1.1.jar (com.google.jimfs:jimfs:1.1) with InstrumentationAnalysisTransform
[        ] Transforming jimfs-1.1.jar (com.google.jimfs:jimfs:1.1) with MergeInstrumentationAnalysisTransform
[        ] Transforming grpc-protobuf-lite-1.45.1.jar (io.grpc:grpc-protobuf-lite:1.45.1) with InstrumentationAnalysisTransform
[        ] Transforming kotlin-compiler-runner-2.1.10.jar (org.jetbrains.kotlin:kotlin-compiler-runner:2.1.10) with ExternalDependencyInstrumentingArtifactTransform
[        ] Transforming jimfs-1.1.jar (com.google.jimfs:jimfs:1.1) with ExternalDependencyInstrumentingArtifactTransform
[        ] Transforming grpc-protobuf-lite-1.45.1.jar (io.grpc:grpc-protobuf-lite:1.45.1) with MergeInstrumentationAnalysisTransform
[        ] Transforming grpc-api-1.45.1.jar (io.grpc:grpc-api:1.45.1) with InstrumentationAnalysisTransform
[        ] Transforming grpc-api-1.45.1.jar (io.grpc:grpc-api:1.45.1) with MergeInstrumentationAnalysisTransform
[        ] Transforming guava-31.0.1-jre.jar (com.google.guava:guava:31.0.1-jre) with InstrumentationAnalysisTransform
[        ] Transforming grpc-protobuf-lite-1.45.1.jar (io.grpc:grpc-protobuf-lite:1.45.1) with ExternalDependencyInstrumentingArtifactTransform
[        ] Transforming guava-31.0.1-jre.jar (com.google.guava:guava:31.0.1-jre) with MergeInstrumentationAnalysisTransform
[        ] Transforming grpc-api-1.45.1.jar (io.grpc:grpc-api:1.45.1) with ExternalDependencyInstrumentingArtifactTransform
[        ] Transforming dagger-2.28.3.jar (com.google.dagger:dagger:2.28.3) with InstrumentationAnalysisTransform
[        ] Transforming guava-31.0.1-jre.jar (com.google.guava:guava:31.0.1-jre) with ExternalDependencyInstrumentingArtifactTransform
[        ] Transforming dagger-2.28.3.jar (com.google.dagger:dagger:2.28.3) with MergeInstrumentationAnalysisTransform
[        ] Transforming javax.inject-1.jar (javax.inject:javax.inject:1) with InstrumentationAnalysisTransform
[        ] Transforming dagger-2.28.3.jar (com.google.dagger:dagger:2.28.3) with ExternalDependencyInstrumentingArtifactTransform
[        ] Transforming javax.inject-1.jar (javax.inject:javax.inject:1) with MergeInstrumentationAnalysisTransform
[        ] Transforming kxml2-2.3.0.jar (net.sf.kxml:kxml2:2.3.0) with InstrumentationAnalysisTransform
[        ] Transforming kxml2-2.3.0.jar (net.sf.kxml:kxml2:2.3.0) with MergeInstrumentationAnalysisTransform
[        ] Transforming javax.inject-1.jar (javax.inject:javax.inject:1) with ExternalDependencyInstrumentingArtifactTransform
[        ] Transforming bcprov-jdk15on-1.67.jar (org.bouncycastle:bcprov-jdk15on:1.67) with InstrumentationAnalysisTransform
[        ] Transforming kxml2-2.3.0.jar (net.sf.kxml:kxml2:2.3.0) with ExternalDependencyInstrumentingArtifactTransform
[        ] Transforming bcprov-jdk15on-1.67.jar (org.bouncycastle:bcprov-jdk15on:1.67) with MergeInstrumentationAnalysisTransform
[        ] Transforming trove4j-1.0.20200330.jar (org.jetbrains.intellij.deps:trove4j:1.0.20200330) with InstrumentationAnalysisTransform
[        ] Transforming trove4j-1.0.20200330.jar (org.jetbrains.intellij.deps:trove4j:1.0.20200330) with MergeInstrumentationAnalysisTransform
[        ] Transforming kotlin-reflect-1.7.10.jar (org.jetbrains.kotlin:kotlin-reflect:1.7.10) with InstrumentationAnalysisTransform
[        ] Transforming bcprov-jdk15on-1.67.jar (org.bouncycastle:bcprov-jdk15on:1.67) with ExternalDependencyInstrumentingArtifactTransform
[        ] Transforming trove4j-1.0.20200330.jar (org.jetbrains.intellij.deps:trove4j:1.0.20200330) with ExternalDependencyInstrumentingArtifactTransform
[        ] Transforming kotlin-reflect-1.7.10.jar (org.jetbrains.kotlin:kotlin-reflect:1.7.10) with MergeInstrumentationAnalysisTransform
[        ] Transforming xercesImpl-2.12.0.jar (xerces:xercesImpl:2.12.0) with InstrumentationAnalysisTransform
[        ] Transforming xercesImpl-2.12.0.jar (xerces:xercesImpl:2.12.0) with MergeInstrumentationAnalysisTransform
[        ] Transforming commons-compress-1.20.jar (org.apache.commons:commons-compress:1.20) with InstrumentationAnalysisTransform
[        ] Transforming kotlin-reflect-1.7.10.jar (org.jetbrains.kotlin:kotlin-reflect:1.7.10) with ExternalDependencyInstrumentingArtifactTransform
[        ] Transforming commons-compress-1.20.jar (org.apache.commons:commons-compress:1.20) with MergeInstrumentationAnalysisTransform
[        ] Transforming xercesImpl-2.12.0.jar (xerces:xercesImpl:2.12.0) with ExternalDependencyInstrumentingArtifactTransform
[        ] Transforming httpclient-4.5.13.jar (org.apache.httpcomponents:httpclient:4.5.13) with InstrumentationAnalysisTransform
[        ] Transforming commons-compress-1.20.jar (org.apache.commons:commons-compress:1.20) with ExternalDependencyInstrumentingArtifactTransform
[        ] Transforming httpclient-4.5.13.jar (org.apache.httpcomponents:httpclient:4.5.13) with MergeInstrumentationAnalysisTransform
[        ] Transforming httpcore-4.4.15.jar (org.apache.httpcomponents:httpcore:4.4.15) with InstrumentationAnalysisTransform
[        ] Transforming httpclient-4.5.13.jar (org.apache.httpcomponents:httpclient:4.5.13) with ExternalDependencyInstrumentingArtifactTransform
[        ] Transforming httpcore-4.4.15.jar (org.apache.httpcomponents:httpcore:4.4.15) with MergeInstrumentationAnalysisTransform
[        ] Transforming javax.activation-1.2.0.jar (com.sun.activation:javax.activation:1.2.0) with InstrumentationAnalysisTransform
[        ] Transforming javax.activation-1.2.0.jar (com.sun.activation:javax.activation:1.2.0) with MergeInstrumentationAnalysisTransform
[        ] Transforming httpcore-4.4.15.jar (org.apache.httpcomponents:httpcore:4.4.15) with ExternalDependencyInstrumentingArtifactTransform
[        ] Transforming javax.activation-1.2.0.jar (com.sun.activation:javax.activation:1.2.0) with ExternalDependencyInstrumentingArtifactTransform
[        ] Transforming kotlin-stdlib-jdk7-1.7.10.jar (org.jetbrains.kotlin:kotlin-stdlib-jdk7:1.7.10) with InstrumentationAnalysisTransform
[        ] Transforming kotlin-stdlib-jdk7-1.7.10.jar (org.jetbrains.kotlin:kotlin-stdlib-jdk7:1.7.10) with MergeInstrumentationAnalysisTransform
[        ] Transforming kotlin-stdlib-1.7.10.jar (org.jetbrains.kotlin:kotlin-stdlib:1.7.10) with InstrumentationAnalysisTransform
[        ] Transforming kotlin-stdlib-1.7.10.jar (org.jetbrains.kotlin:kotlin-stdlib:1.7.10) with MergeInstrumentationAnalysisTransform
[        ] Transforming annotations-13.0.jar (org.jetbrains:annotations:13.0) with InstrumentationAnalysisTransform
[        ] Transforming kotlin-stdlib-jdk7-1.7.10.jar (org.jetbrains.kotlin:kotlin-stdlib-jdk7:1.7.10) with ExternalDependencyInstrumentingArtifactTransform
[        ] Transforming kotlin-stdlib-1.7.10.jar (org.jetbrains.kotlin:kotlin-stdlib:1.7.10) with ExternalDependencyInstrumentingArtifactTransform
[        ] Transforming annotations-13.0.jar (org.jetbrains:annotations:13.0) with MergeInstrumentationAnalysisTransform
[        ] Transforming signflinger-8.0.0.jar (com.android:signflinger:8.0.0) with InstrumentationAnalysisTransform
[        ] Transforming signflinger-8.0.0.jar (com.android:signflinger:8.0.0) with MergeInstrumentationAnalysisTransform
[        ] Transforming zipflinger-8.0.0.jar (com.android:zipflinger:8.0.0) with InstrumentationAnalysisTransform
[        ] Transforming annotations-13.0.jar (org.jetbrains:annotations:13.0) with ExternalDependencyInstrumentingArtifactTransform
[        ] Transforming signflinger-8.0.0.jar (com.android:signflinger:8.0.0) with ExternalDependencyInstrumentingArtifactTransform
[        ] Transforming zipflinger-8.0.0.jar (com.android:zipflinger:8.0.0) with MergeInstrumentationAnalysisTransform
[        ] Transforming annotations-31.0.0.jar (com.android.tools:annotations:31.0.0) with InstrumentationAnalysisTransform
[        ] Transforming zipflinger-8.0.0.jar (com.android:zipflinger:8.0.0) with ExternalDependencyInstrumentingArtifactTransform
[        ] Transforming annotations-31.0.0.jar (com.android.tools:annotations:31.0.0) with MergeInstrumentationAnalysisTransform
[        ] Transforming jna-platform-5.6.0.jar (net.java.dev.jna:jna-platform:5.6.0) with InstrumentationAnalysisTransform
[        ] Transforming annotations-31.0.0.jar (com.android.tools:annotations:31.0.0) with ExternalDependencyInstrumentingArtifactTransform
[        ] Transforming jna-platform-5.6.0.jar (net.java.dev.jna:jna-platform:5.6.0) with MergeInstrumentationAnalysisTransform
[        ] Transforming juniversalchardet-1.0.3.jar (com.googlecode.juniversalchardet:juniversalchardet:1.0.3) with InstrumentationAnalysisTransform
[        ] Transforming jna-platform-5.6.0.jar (net.java.dev.jna:jna-platform:5.6.0) with ExternalDependencyInstrumentingArtifactTransform
[        ] Transforming juniversalchardet-1.0.3.jar (com.googlecode.juniversalchardet:juniversalchardet:1.0.3) with MergeInstrumentationAnalysisTransform
[        ] Transforming javax.annotation-api-1.3.2.jar (javax.annotation:javax.annotation-api:1.3.2) with InstrumentationAnalysisTransform
[        ] Transforming javax.annotation-api-1.3.2.jar (javax.annotation:javax.annotation-api:1.3.2) with MergeInstrumentationAnalysisTransform
[        ] Transforming stax-ex-1.8.1.jar (org.jvnet.staxex:stax-ex:1.8.1) with InstrumentationAnalysisTransform
[        ] Transforming juniversalchardet-1.0.3.jar (com.googlecode.juniversalchardet:juniversalchardet:1.0.3) with ExternalDependencyInstrumentingArtifactTransform
[        ] Transforming javax.annotation-api-1.3.2.jar (javax.annotation:javax.annotation-api:1.3.2) with ExternalDependencyInstrumentingArtifactTransform
[        ] Transforming stax-ex-1.8.1.jar (org.jvnet.staxex:stax-ex:1.8.1) with MergeInstrumentationAnalysisTransform
[        ] Transforming jakarta.xml.bind-api-2.3.2.jar (jakarta.xml.bind:jakarta.xml.bind-api:2.3.2) with InstrumentationAnalysisTransform
[        ] Transforming stax-ex-1.8.1.jar (org.jvnet.staxex:stax-ex:1.8.1) with ExternalDependencyInstrumentingArtifactTransform
[        ] Transforming jakarta.xml.bind-api-2.3.2.jar (jakarta.xml.bind:jakarta.xml.bind-api:2.3.2) with MergeInstrumentationAnalysisTransform
[        ] Transforming txw2-2.3.2.jar (org.glassfish.jaxb:txw2:2.3.2) with InstrumentationAnalysisTransform
[        ] Transforming txw2-2.3.2.jar (org.glassfish.jaxb:txw2:2.3.2) with MergeInstrumentationAnalysisTransform
[        ] Transforming istack-commons-runtime-3.0.8.jar (com.sun.istack:istack-commons-runtime:3.0.8) with InstrumentationAnalysisTransform
[        ] Transforming jakarta.xml.bind-api-2.3.2.jar (jakarta.xml.bind:jakarta.xml.bind-api:2.3.2) with ExternalDependencyInstrumentingArtifactTransform
[        ] Transforming txw2-2.3.2.jar (org.glassfish.jaxb:txw2:2.3.2) with ExternalDependencyInstrumentingArtifactTransform
[        ] Transforming istack-commons-runtime-3.0.8.jar (com.sun.istack:istack-commons-runtime:3.0.8) with MergeInstrumentationAnalysisTransform
[        ] Transforming FastInfoset-1.2.16.jar (com.sun.xml.fastinfoset:FastInfoset:1.2.16) with InstrumentationAnalysisTransform
[        ] Transforming FastInfoset-1.2.16.jar (com.sun.xml.fastinfoset:FastInfoset:1.2.16) with MergeInstrumentationAnalysisTransform
[        ] Transforming istack-commons-runtime-3.0.8.jar (com.sun.istack:istack-commons-runtime:3.0.8) with ExternalDependencyInstrumentingArtifactTransform
[        ] Transforming jakarta.activation-api-1.2.1.jar (jakarta.activation:jakarta.activation-api:1.2.1) with InstrumentationAnalysisTransform
[        ] Transforming FastInfoset-1.2.16.jar (com.sun.xml.fastinfoset:FastInfoset:1.2.16) with ExternalDependencyInstrumentingArtifactTransform
[        ] Transforming jakarta.activation-api-1.2.1.jar (jakarta.activation:jakarta.activation-api:1.2.1) with MergeInstrumentationAnalysisTransform
[        ] Transforming auto-value-annotations-1.6.2.jar (com.google.auto.value:auto-value-annotations:1.6.2) with InstrumentationAnalysisTransform
[        ] Transforming jakarta.activation-api-1.2.1.jar (jakarta.activation:jakarta.activation-api:1.2.1) with ExternalDependencyInstrumentingArtifactTransform
[        ] Transforming auto-value-annotations-1.6.2.jar (com.google.auto.value:auto-value-annotations:1.6.2) with MergeInstrumentationAnalysisTransform
[        ] Transforming error_prone_annotations-2.10.0.jar (com.google.errorprone:error_prone_annotations:2.10.0) with InstrumentationAnalysisTransform
[        ] Transforming error_prone_annotations-2.10.0.jar (com.google.errorprone:error_prone_annotations:2.10.0) with MergeInstrumentationAnalysisTransform
[        ] Transforming jose4j-0.7.0.jar (org.bitbucket.b_c:jose4j:0.7.0) with InstrumentationAnalysisTransform
[        ] Transforming auto-value-annotations-1.6.2.jar (com.google.auto.value:auto-value-annotations:1.6.2) with ExternalDependencyInstrumentingArtifactTransform
[        ] Transforming jose4j-0.7.0.jar (org.bitbucket.b_c:jose4j:0.7.0) with MergeInstrumentationAnalysisTransform
[        ] Transforming slf4j-api-1.7.30.jar (org.slf4j:slf4j-api:1.7.30) with InstrumentationAnalysisTransform
[        ] Transforming error_prone_annotations-2.10.0.jar (com.google.errorprone:error_prone_annotations:2.10.0) with ExternalDependencyInstrumentingArtifactTransform
[        ] Transforming slf4j-api-1.7.30.jar (org.slf4j:slf4j-api:1.7.30) with MergeInstrumentationAnalysisTransform
[        ] Transforming jose4j-0.7.0.jar (org.bitbucket.b_c:jose4j:0.7.0) with ExternalDependencyInstrumentingArtifactTransform
[        ] Transforming jdom2-2.0.6.jar (org.jdom:jdom2:2.0.6) with InstrumentationAnalysisTransform
[        ] Transforming slf4j-api-1.7.30.jar (org.slf4j:slf4j-api:1.7.30) with ExternalDependencyInstrumentingArtifactTransform
[        ] Transforming jdom2-2.0.6.jar (org.jdom:jdom2:2.0.6) with MergeInstrumentationAnalysisTransform
[        ] Transforming j2objc-annotations-1.3.jar (com.google.j2objc:j2objc-annotations:1.3) with InstrumentationAnalysisTransform
[        ] Transforming jdom2-2.0.6.jar (org.jdom:jdom2:2.0.6) with ExternalDependencyInstrumentingArtifactTransform
[        ] Transforming j2objc-annotations-1.3.jar (com.google.j2objc:j2objc-annotations:1.3) with MergeInstrumentationAnalysisTransform
[        ] Transforming jsr305-3.0.2.jar (com.google.code.findbugs:jsr305:3.0.2) with InstrumentationAnalysisTransform
[        ] Transforming jsr305-3.0.2.jar (com.google.code.findbugs:jsr305:3.0.2) with MergeInstrumentationAnalysisTransform
[        ] Transforming annotations-4.1.1.4.jar (com.google.android:annotations:4.1.1.4) with InstrumentationAnalysisTransform
[        ] Transforming j2objc-annotations-1.3.jar (com.google.j2objc:j2objc-annotations:1.3) with ExternalDependencyInstrumentingArtifactTransform
[        ] Transforming jsr305-3.0.2.jar (com.google.code.findbugs:jsr305:3.0.2) with ExternalDependencyInstrumentingArtifactTransform
[        ] Transforming annotations-4.1.1.4.jar (com.google.android:annotations:4.1.1.4) with MergeInstrumentationAnalysisTransform
[        ] Transforming animal-sniffer-annotations-1.19.jar (org.codehaus.mojo:animal-sniffer-annotations:1.19) with InstrumentationAnalysisTransform
[        ] Transforming annotations-4.1.1.4.jar (com.google.android:annotations:4.1.1.4) with ExternalDependencyInstrumentingArtifactTransform
[        ] Transforming animal-sniffer-annotations-1.19.jar (org.codehaus.mojo:animal-sniffer-annotations:1.19) with MergeInstrumentationAnalysisTransform
[        ] Transforming perfmark-api-0.23.0.jar (io.perfmark:perfmark-api:0.23.0) with InstrumentationAnalysisTransform
[        ] Transforming perfmark-api-0.23.0.jar (io.perfmark:perfmark-api:0.23.0) with MergeInstrumentationAnalysisTransform
[        ] Transforming netty-codec-http2-4.1.72.Final.jar (io.netty:netty-codec-http2:4.1.72.Final) with InstrumentationAnalysisTransform
[        ] Transforming animal-sniffer-annotations-1.19.jar (org.codehaus.mojo:animal-sniffer-annotations:1.19) with ExternalDependencyInstrumentingArtifactTransform
[        ] Transforming perfmark-api-0.23.0.jar (io.perfmark:perfmark-api:0.23.0) with ExternalDependencyInstrumentingArtifactTransform
[        ] Transforming netty-codec-http2-4.1.72.Final.jar (io.netty:netty-codec-http2:4.1.72.Final) with MergeInstrumentationAnalysisTransform
[        ] Transforming netty-handler-proxy-4.1.72.Final.jar (io.netty:netty-handler-proxy:4.1.72.Final) with InstrumentationAnalysisTransform
[        ] Transforming netty-handler-proxy-4.1.72.Final.jar (io.netty:netty-handler-proxy:4.1.72.Final) with MergeInstrumentationAnalysisTransform
[        ] Transforming checker-qual-3.12.0.jar (org.checkerframework:checker-qual:3.12.0) with InstrumentationAnalysisTransform
[        ] Transforming netty-codec-http2-4.1.72.Final.jar (io.netty:netty-codec-http2:4.1.72.Final) with ExternalDependencyInstrumentingArtifactTransform
[        ] Transforming netty-handler-proxy-4.1.72.Final.jar (io.netty:netty-handler-proxy:4.1.72.Final) with ExternalDependencyInstrumentingArtifactTransform
[        ] Transforming checker-qual-3.12.0.jar (org.checkerframework:checker-qual:3.12.0) with MergeInstrumentationAnalysisTransform
[        ] Transforming commons-codec-1.11.jar (commons-codec:commons-codec:1.11) with InstrumentationAnalysisTransform
[        ] Transforming commons-codec-1.11.jar (commons-codec:commons-codec:1.11) with MergeInstrumentationAnalysisTransform
[        ] Transforming apksig-8.0.0.jar (com.android.tools.build:apksig:8.0.0) with InstrumentationAnalysisTransform
[        ] Transforming checker-qual-3.12.0.jar (org.checkerframework:checker-qual:3.12.0) with ExternalDependencyInstrumentingArtifactTransform
[        ] Transforming commons-codec-1.11.jar (commons-codec:commons-codec:1.11) with ExternalDependencyInstrumentingArtifactTransform
[        ] Transforming apksig-8.0.0.jar (com.android.tools.build:apksig:8.0.0) with MergeInstrumentationAnalysisTransform
[        ] Transforming javawriter-2.5.0.jar (com.squareup:javawriter:2.5.0) with InstrumentationAnalysisTransform
[        ] Transforming apksig-8.0.0.jar (com.android.tools.build:apksig:8.0.0) with ExternalDependencyInstrumentingArtifactTransform
[        ] Transforming javawriter-2.5.0.jar (com.squareup:javawriter:2.5.0) with MergeInstrumentationAnalysisTransform
[        ] Transforming kotlin-gradle-plugin-annotations-2.1.10.jar (org.jetbrains.kotlin:kotlin-gradle-plugin-annotations:2.1.10) with InstrumentationAnalysisTransform
[        ] Transforming kotlin-gradle-plugin-annotations-2.1.10.jar (org.jetbrains.kotlin:kotlin-gradle-plugin-annotations:2.1.10) with MergeInstrumentationAnalysisTransform
[        ] Transforming javawriter-2.5.0.jar (com.squareup:javawriter:2.5.0) with ExternalDependencyInstrumentingArtifactTransform
[        ] Transforming kotlin-native-utils-2.1.10.jar (org.jetbrains.kotlin:kotlin-native-utils:2.1.10) with InstrumentationAnalysisTransform
[        ] Transforming kotlin-gradle-plugin-annotations-2.1.10.jar (org.jetbrains.kotlin:kotlin-gradle-plugin-annotations:2.1.10) with ExternalDependencyInstrumentingArtifactTransform
[        ] Transforming kotlin-native-utils-2.1.10.jar (org.jetbrains.kotlin:kotlin-native-utils:2.1.10) with MergeInstrumentationAnalysisTransform
[        ] Transforming kotlin-tooling-core-2.1.10.jar (org.jetbrains.kotlin:kotlin-tooling-core:2.1.10) with InstrumentationAnalysisTransform
[        ] Transforming kotlin-native-utils-2.1.10.jar (org.jetbrains.kotlin:kotlin-native-utils:2.1.10) with ExternalDependencyInstrumentingArtifactTransform
[        ] Transforming kotlin-tooling-core-2.1.10.jar (org.jetbrains.kotlin:kotlin-tooling-core:2.1.10) with MergeInstrumentationAnalysisTransform
[        ] Transforming kotlin-build-tools-api-2.1.10.jar (org.jetbrains.kotlin:kotlin-build-tools-api:2.1.10) with InstrumentationAnalysisTransform
[        ] Transforming kotlin-tooling-core-2.1.10.jar (org.jetbrains.kotlin:kotlin-tooling-core:2.1.10) with ExternalDependencyInstrumentingArtifactTransform
[        ] Transforming kotlin-build-tools-api-2.1.10.jar (org.jetbrains.kotlin:kotlin-build-tools-api:2.1.10) with MergeInstrumentationAnalysisTransform
[        ] Transforming kotlin-util-klib-2.1.10.jar (org.jetbrains.kotlin:kotlin-util-klib:2.1.10) with InstrumentationAnalysisTransform
[        ] Transforming kotlin-build-tools-api-2.1.10.jar (org.jetbrains.kotlin:kotlin-build-tools-api:2.1.10) with ExternalDependencyInstrumentingArtifactTransform
[        ] Transforming kotlin-util-klib-2.1.10.jar (org.jetbrains.kotlin:kotlin-util-klib:2.1.10) with MergeInstrumentationAnalysisTransform
[        ] Transforming kotlin-util-io-2.1.10.jar (org.jetbrains.kotlin:kotlin-util-io:2.1.10) with InstrumentationAnalysisTransform
[        ] Transforming kotlin-util-klib-2.1.10.jar (org.jetbrains.kotlin:kotlin-util-klib:2.1.10) with ExternalDependencyInstrumentingArtifactTransform
[        ] Transforming kotlin-util-io-2.1.10.jar (org.jetbrains.kotlin:kotlin-util-io:2.1.10) with MergeInstrumentationAnalysisTransform
[        ] Transforming kotlin-daemon-client-2.1.10.jar (org.jetbrains.kotlin:kotlin-daemon-client:2.1.10) with InstrumentationAnalysisTransform
[        ] Transforming kotlin-daemon-client-2.1.10.jar (org.jetbrains.kotlin:kotlin-daemon-client:2.1.10) with MergeInstrumentationAnalysisTransform
[        ] Transforming kotlinx-coroutines-core-jvm-1.6.4.jar (org.jetbrains.kotlinx:kotlinx-coroutines-core-jvm:1.6.4) with InstrumentationAnalysisTransform
[        ] Transforming kotlin-util-io-2.1.10.jar (org.jetbrains.kotlin:kotlin-util-io:2.1.10) with ExternalDependencyInstrumentingArtifactTransform
[        ] Transforming kotlin-daemon-client-2.1.10.jar (org.jetbrains.kotlin:kotlin-daemon-client:2.1.10) with ExternalDependencyInstrumentingArtifactTransform
[        ] Transforming kotlinx-coroutines-core-jvm-1.6.4.jar (org.jetbrains.kotlinx:kotlinx-coroutines-core-jvm:1.6.4) with MergeInstrumentationAnalysisTransform
[        ] Transforming failureaccess-1.0.1.jar (com.google.guava:failureaccess:1.0.1) with InstrumentationAnalysisTransform
[        ] Transforming kotlinx-coroutines-core-jvm-1.6.4.jar (org.jetbrains.kotlinx:kotlinx-coroutines-core-jvm:1.6.4) with ExternalDependencyInstrumentingArtifactTransform
[        ] Transforming failureaccess-1.0.1.jar (com.google.guava:failureaccess:1.0.1) with MergeInstrumentationAnalysisTransform
[        ] Transforming listenablefuture-9999.0-empty-to-avoid-conflict-with-guava.jar (com.google.guava:listenablefuture:9999.0-empty-to-avoid-conflict-with-guava) with InstrumentationAnalysisTransform
[        ] Transforming listenablefuture-9999.0-empty-to-avoid-conflict-with-guava.jar (com.google.guava:listenablefuture:9999.0-empty-to-avoid-conflict-with-guava) with MergeInstrumentationAnalysisTransform
[        ] Transforming failureaccess-1.0.1.jar (com.google.guava:failureaccess:1.0.1) with ExternalDependencyInstrumentingArtifactTransform
[        ] Transforming xml-apis-1.4.01.jar (xml-apis:xml-apis:1.4.01) with InstrumentationAnalysisTransform
[        ] Transforming listenablefuture-9999.0-empty-to-avoid-conflict-with-guava.jar (com.google.guava:listenablefuture:9999.0-empty-to-avoid-conflict-with-guava) with ExternalDependencyInstrumentingArtifactTransform
[        ] Transforming xml-apis-1.4.01.jar (xml-apis:xml-apis:1.4.01) with MergeInstrumentationAnalysisTransform
[        ] Transforming commons-logging-1.2.jar (commons-logging:commons-logging:1.2) with InstrumentationAnalysisTransform
[        ] Transforming commons-logging-1.2.jar (commons-logging:commons-logging:1.2) with MergeInstrumentationAnalysisTransform
[        ] Transforming xml-apis-1.4.01.jar (xml-apis:xml-apis:1.4.01) with ExternalDependencyInstrumentingArtifactTransform
[        ] Transforming jna-5.6.0.jar (net.java.dev.jna:jna:5.6.0) with InstrumentationAnalysisTransform
[        ] Transforming commons-logging-1.2.jar (commons-logging:commons-logging:1.2) with ExternalDependencyInstrumentingArtifactTransform
[        ] Transforming jna-5.6.0.jar (net.java.dev.jna:jna:5.6.0) with MergeInstrumentationAnalysisTransform
[        ] Transforming kotlin-stdlib-common-1.7.10.jar (org.jetbrains.kotlin:kotlin-stdlib-common:1.7.10) with InstrumentationAnalysisTransform
[        ] Transforming kotlin-stdlib-common-1.7.10.jar (org.jetbrains.kotlin:kotlin-stdlib-common:1.7.10) with MergeInstrumentationAnalysisTransform
[        ] Transforming jna-5.6.0.jar (net.java.dev.jna:jna:5.6.0) with ExternalDependencyInstrumentingArtifactTransform
[        ] Transforming grpc-context-1.45.1.jar (io.grpc:grpc-context:1.45.1) with InstrumentationAnalysisTransform
[        ] Transforming kotlin-stdlib-common-1.7.10.jar (org.jetbrains.kotlin:kotlin-stdlib-common:1.7.10) with ExternalDependencyInstrumentingArtifactTransform
[        ] Transforming grpc-context-1.45.1.jar (io.grpc:grpc-context:1.45.1) with MergeInstrumentationAnalysisTransform
[        ] Transforming netty-codec-http-4.1.72.Final.jar (io.netty:netty-codec-http:4.1.72.Final) with InstrumentationAnalysisTransform
[        ] Transforming grpc-context-1.45.1.jar (io.grpc:grpc-context:1.45.1) with ExternalDependencyInstrumentingArtifactTransform
[        ] Transforming netty-codec-http-4.1.72.Final.jar (io.netty:netty-codec-http:4.1.72.Final) with MergeInstrumentationAnalysisTransform
[        ] Transforming netty-handler-4.1.72.Final.jar (io.netty:netty-handler:4.1.72.Final) with InstrumentationAnalysisTransform
[        ] Transforming netty-handler-4.1.72.Final.jar (io.netty:netty-handler:4.1.72.Final) with MergeInstrumentationAnalysisTransform
[        ] Transforming netty-codec-socks-4.1.72.Final.jar (io.netty:netty-codec-socks:4.1.72.Final) with InstrumentationAnalysisTransform
[        ] Transforming netty-codec-http-4.1.72.Final.jar (io.netty:netty-codec-http:4.1.72.Final) with ExternalDependencyInstrumentingArtifactTransform
[        ] Transforming netty-handler-4.1.72.Final.jar (io.netty:netty-handler:4.1.72.Final) with ExternalDependencyInstrumentingArtifactTransform
[        ] Transforming netty-codec-socks-4.1.72.Final.jar (io.netty:netty-codec-socks:4.1.72.Final) with MergeInstrumentationAnalysisTransform
[        ] Transforming netty-codec-4.1.72.Final.jar (io.netty:netty-codec:4.1.72.Final) with InstrumentationAnalysisTransform
[        ] Transforming netty-codec-4.1.72.Final.jar (io.netty:netty-codec:4.1.72.Final) with MergeInstrumentationAnalysisTransform
[        ] Transforming netty-codec-socks-4.1.72.Final.jar (io.netty:netty-codec-socks:4.1.72.Final) with ExternalDependencyInstrumentingArtifactTransform
[        ] Transforming netty-transport-4.1.72.Final.jar (io.netty:netty-transport:4.1.72.Final) with InstrumentationAnalysisTransform
[        ] Transforming netty-codec-4.1.72.Final.jar (io.netty:netty-codec:4.1.72.Final) with ExternalDependencyInstrumentingArtifactTransform
[        ] Transforming netty-transport-4.1.72.Final.jar (io.netty:netty-transport:4.1.72.Final) with MergeInstrumentationAnalysisTransform
[        ] Transforming netty-buffer-4.1.72.Final.jar (io.netty:netty-buffer:4.1.72.Final) with InstrumentationAnalysisTransform
[        ] Transforming netty-transport-4.1.72.Final.jar (io.netty:netty-transport:4.1.72.Final) with ExternalDependencyInstrumentingArtifactTransform
[        ] Transforming netty-buffer-4.1.72.Final.jar (io.netty:netty-buffer:4.1.72.Final) with MergeInstrumentationAnalysisTransform
[        ] Transforming netty-resolver-4.1.72.Final.jar (io.netty:netty-resolver:4.1.72.Final) with InstrumentationAnalysisTransform
[        ] Transforming netty-resolver-4.1.72.Final.jar (io.netty:netty-resolver:4.1.72.Final) with MergeInstrumentationAnalysisTransform
[        ] Transforming netty-buffer-4.1.72.Final.jar (io.netty:netty-buffer:4.1.72.Final) with ExternalDependencyInstrumentingArtifactTransform
[        ] Transforming netty-common-4.1.72.Final.jar (io.netty:netty-common:4.1.72.Final) with InstrumentationAnalysisTransform
[        ] Transforming netty-resolver-4.1.72.Final.jar (io.netty:netty-resolver:4.1.72.Final) with ExternalDependencyInstrumentingArtifactTransform
[        ] Transforming netty-common-4.1.72.Final.jar (io.netty:netty-common:4.1.72.Final) with MergeInstrumentationAnalysisTransform
[        ] Transforming netty-tcnative-classes-2.0.46.Final.jar (io.netty:netty-tcnative-classes:2.0.46.Final) with InstrumentationAnalysisTransform
[        ] Transforming netty-common-4.1.72.Final.jar (io.netty:netty-common:4.1.72.Final) with ExternalDependencyInstrumentingArtifactTransform
[        ] Transforming netty-tcnative-classes-2.0.46.Final.jar (io.netty:netty-tcnative-classes:2.0.46.Final) with MergeInstrumentationAnalysisTransform
[        ] Transforming netty-tcnative-classes-2.0.46.Final.jar (io.netty:netty-tcnative-classes:2.0.46.Final) with ExternalDependencyInstrumentingArtifactTransform
[        ] Using default execution profile
[        ] Using Kotlin Gradle Plugin gradle76 variant
[        ] All projects evaluated.
[        ] Task name matched 'assembleDebug'
[        ] Selected primary task 'assembleDebug' from project :
[   +1 ms] [
             {
               "simulator" : true,
               "operatingSystemVersion" : "18.4 (22E238)",
               "available" : true,
               "platform" : "com.apple.platform.iphonesimulator",
               "modelCode" : "iPhone17,1",
               "identifier" : "213B2C0D-6A7E-4F51-91F6-11747300B7AB",
               "architecture" : "x86_64",
               "modelUTI" : "com.apple.iphone-16-pro-1",
               "modelName" : "iPhone 16 Pro",
               "name" : "iPhone 16 Pro",
               "ignored" : false
             },
             {
               "simulator" : true,
               "operatingSystemVersion" : "18.4 (22E238)",
               "available" : true,
               "platform" : "com.apple.platform.iphonesimulator",
               "modelCode" : "iPad15,3",
               "identifier" : "73AB3715-3DE2-424E-A4B8-E3210495234B",
               "architecture" : "x86_64",
               "modelUTI" : "com.apple.ipad-air-m3-1",
               "modelName" : "iPad Air 11-inch (M3)",
               "name" : "iPad Air 11-inch (M3)",
               "ignored" : false
             },
             {
               "simulator" : true,
               "operatingSystemVersion" : "18.4 (22E238)",
               "available" : true,
               "platform" : "com.apple.platform.iphonesimulator",
               "modelCode" : "iPad16,2",
               "identifier" : "842183F9-6F6D-4B00-9376-4F7487BE10C5",
               "architecture" : "x86_64",
               "modelUTI" : "com.apple.ipad-mini-a17-1",
               "modelName" : "iPad mini (A17 Pro)",
               "name" : "iPad mini (A17 Pro)",
               "ignored" : false
             },
             {
               "ignored" : false,
               "modelCode" : "iMac20,1",
               "simulator" : false,
               "modelName" : "iMac",
               "operatingSystemVersion" : "15.4.1 (24E263)",
               "identifier" : "6EEEB63C-22BE-564B-9408-9A597DF52FBA",
               "platform" : "com.apple.platform.macosx",
               "architecture" : "x86_64h",
               "interface" : "usb",
               "available" : true,
               "name" : "My Mac",
               "modelUTI" : "com.apple.imac-unibody-27-no-optical-2020"
             },
             {
               "simulator" : true,
               "operatingSystemVersion" : "18.4 (22E238)",
               "available" : true,
               "platform" : "com.apple.platform.iphonesimulator",
               "modelCode" : "iPhone17,5",
               "identifier" : "EDAA369E-C86D-43DF-AC23-A3EE3FCB51A7",
               "architecture" : "x86_64",
               "modelUTI" : "com.apple.iphone-16-e-1",
               "modelName" : "iPhone 16e",
               "name" : "iPhone 16e",
               "ignored" : false
             },
             {
               "simulator" : true,
               "operatingSystemVersion" : "18.4 (22E238)",
               "available" : true,
               "platform" : "com.apple.platform.iphonesimulator",
               "modelCode" : "iPad15,5",
               "identifier" : "ED3B735F-BE73-4D61-B49F-F35CDB57E583",
               "architecture" : "x86_64",
               "modelUTI" : "com.apple.ipad-air-m3-13-1",
               "modelName" : "iPad Air 13-inch (M3)",
               "name" : "iPad Air 13-inch (M3)",
               "ignored" : false
             },
             {
               "simulator" : true,
               "operatingSystemVersion" : "18.4 (22E238)",
               "available" : true,
               "platform" : "com.apple.platform.iphonesimulator",
               "modelCode" : "iPad16,6",
               "identifier" : "E1350ACA-373B-4BF6-A5D0-CFA6BDFDBEF0",
               "architecture" : "x86_64",
               "modelUTI" : "com.apple.ipad-pro-m4-13-1",
               "modelName" : "iPad Pro 13-inch (M4)",
               "name" : "iPad Pro 13-inch (M4)",
               "ignored" : false
             },
             {
               "simulator" : true,
               "operatingSystemVersion" : "18.4 (22E238)",
               "available" : true,
               "platform" : "com.apple.platform.iphonesimulator",
               "modelCode" : "iPad16,4",
               "identifier" : "8D1BA379-7D7E-4A5A-8A6E-B212FDE52539",
               "architecture" : "x86_64",
               "modelUTI" : "com.apple.ipad-pro-m4-1",
               "modelName" : "iPad Pro 11-inch (M4)",
               "name" : "iPad Pro 11-inch (M4)",
               "ignored" : false
             },
             {
               "simulator" : true,
               "operatingSystemVersion" : "18.4 (22E238)",
               "available" : true,
               "platform" : "com.apple.platform.iphonesimulator",
               "modelCode" : "iPhone17,2",
               "identifier" : "119F6BBA-F36B-40A8-BAB2-7E001D59A2B7",
               "architecture" : "x86_64",
               "modelUTI" : "com.apple.iphone-16-pro-max-1",
               "modelName" : "iPhone 16 Pro Max",
               "name" : "iPhone 16 Pro Max",
               "ignored" : false
             },
             {
               "simulator" : true,
               "operatingSystemVersion" : "18.4 (22E238)",
               "available" : true,
               "platform" : "com.apple.platform.iphonesimulator",
               "modelCode" : "iPad15,7",
               "identifier" : "36DB489E-18C5-4B22-B88B-62501E220D55",
               "architecture" : "x86_64",
               "modelUTI" : "com.apple.ipad-a16-1",
               "modelName" : "iPad (A16)",
               "name" : "iPad (A16)",
               "ignored" : false
             },
             {
               "simulator" : true,
               "operatingSystemVersion" : "18.4 (22E238)",
               "available" : true,
               "platform" : "com.apple.platform.iphonesimulator",
               "modelCode" : "iPhone17,3",
               "identifier" : "1BF42563-E390-43B9-91AC-5E4514A8ED40",
               "architecture" : "x86_64",
               "modelUTI" : "com.apple.iphone-16-1",
               "modelName" : "iPhone 16",
               "name" : "iPhone 16",
               "ignored" : false
             },
             {
               "simulator" : true,
               "operatingSystemVersion" : "18.4 (22E238)",
               "available" : true,
               "platform" : "com.apple.platform.iphonesimulator",
               "modelCode" : "iPhone17,4",
               "identifier" : "F24B0FFE-A9C7-434A-B8AC-2E95954E9610",
               "architecture" : "x86_64",
               "modelUTI" : "com.apple.iphone-16-plus-1",
               "modelName" : "iPhone 16 Plus",
               "name" : "iPhone 16 Plus",
               "ignored" : false
             }
           ]
[        ] executing: xcrun devicectl list devices --timeout 5 --json-output /var/folders/pj/pvj9g34x0474p0gmfkk4h1nh0000gq/T/flutter_tools.Rdq8pS/core_devices.2iltM1/core_device_list.json
[  +69 ms] Tasks to be executed: [task ':app:preBuild', task ':app:preDebugBuild', task ':app:mergeDebugNativeDebugMetadata', task ':app:compileFlutterBuildDebug', task ':app:packJniLibsflutterBuildDebug', task ':firebase_auth:preBuild', task ':firebase_auth:preDebugBuild', task ':firebase_auth:writeDebugAarMetadata', task ':firebase_core:preBuild', task ':firebase_core:preDebugBuild', task ':firebase_core:writeDebugAarMetadata', task ':flutter_native_splash:preBuild', task ':flutter_native_splash:preDebugBuild', task ':flutter_native_splash:writeDebugAarMetadata', task ':shared_preferences_android:preBuild', task ':shared_preferences_android:preDebugBuild', task ':shared_preferences_android:writeDebugAarMetadata', task ':url_launcher_android:preBuild', task ':url_launcher_android:preDebugBuild', task ':url_launcher_android:writeDebugAarMetadata', task ':webview_flutter_android:preBuild', task ':webview_flutter_android:preDebugBuild', task ':webview_flutter_android:writeDebugAarMetadata', task ':app:checkDebugAarMetadata', task ':app:cleanMergeDebugAssets', task ':app:mergeDebugShaders', task ':app:compileDebugShaders', task ':app:generateDebugAssets', task ':firebase_auth:mergeDebugShaders', task ':firebase_auth:compileDebugShaders', task ':firebase_auth:generateDebugAssets', task ':firebase_auth:packageDebugAssets', task ':firebase_core:mergeDebugShaders', task ':firebase_core:compileDebugShaders', task ':firebase_core:generateDebugAssets', task ':firebase_core:packageDebugAssets', task ':flutter_native_splash:mergeDebugShaders', task ':flutter_native_splash:compileDebugShaders', task ':flutter_native_splash:generateDebugAssets', task ':flutter_native_splash:packageDebugAssets', task ':shared_preferences_android:mergeDebugShaders', task ':shared_preferences_android:compileDebugShaders', task ':shared_preferences_android:generateDebugAssets', task ':shared_preferences_android:packageDebugAssets', task ':url_launcher_android:mergeDebugShaders', task ':url_launcher_android:compileDebugShaders', task ':url_launcher_android:generateDebugAssets', task ':url_launcher_android:packageDebugAssets', task ':webview_flutter_android:mergeDebugShaders', task ':webview_flutter_android:compileDebugShaders', task ':webview_flutter_android:generateDebugAssets', task ':webview_flutter_android:packageDebugAssets', task ':app:mergeDebugAssets', task ':app:copyFlutterAssetsDebug', task ':app:generateDebugResValues', task ':app:processDebugGoogleServices', task ':firebase_auth:generateDebugResValues', task ':firebase_auth:generateDebugResources', task ':firebase_auth:packageDebugResources', task ':firebase_core:generateDebugResValues', task ':firebase_core:generateDebugResources', task ':firebase_core:packageDebugResources', task ':flutter_native_splash:generateDebugResValues', task ':flutter_native_splash:generateDebugResources', task ':flutter_native_splash:packageDebugResources', task ':shared_preferences_android:generateDebugResValues', task ':shared_preferences_android:generateDebugResources', task ':shared_preferences_android:packageDebugResources', task ':url_launcher_android:generateDebugResValues', task ':url_launcher_android:generateDebugResources', task ':url_launcher_android:packageDebugResources', task ':webview_flutter_android:generateDebugResValues', task ':webview_flutter_android:generateDebugResources', task ':webview_flutter_android:packageDebugResources', task ':app:mapDebugSourceSetPaths', task ':app:generateDebugResources', task ':app:mergeDebugResources', task ':app:packageDebugResources', task ':app:parseDebugLocalResources', task ':app:createDebugCompatibleScreenManifests', task ':app:extractDeepLinksDebug', task ':firebase_auth:extractDeepLinksDebug', task ':firebase_auth:processDebugManifest', task ':firebase_core:extractDeepLinksDebug', task ':firebase_core:processDebugManifest', task ':flutter_native_splash:extractDeepLinksDebug', task ':flutter_native_splash:processDebugManifest', task ':shared_preferences_android:extractDeepLinksDebug', task ':shared_preferences_android:processDebugManifest', task ':url_launcher_android:extractDeepLinksDebug', task ':url_launcher_android:processDebugManifest', task ':webview_flutter_android:extractDeepLinksDebug', task ':webview_flutter_android:processDebugManifest', task ':app:processDebugMainManifest', task ':app:processDebugManifest', task ':app:processDebugManifestForPackage', task ':firebase_auth:compileDebugLibraryResources', task ':firebase_auth:parseDebugLocalResources', task ':firebase_auth:generateDebugRFile', task ':firebase_core:compileDebugLibraryResources', task ':firebase_core:parseDebugLocalResources', task ':firebase_core:generateDebugRFile', task ':flutter_native_splash:compileDebugLibraryResources', task ':flutter_native_splash:parseDebugLocalResources', task ':flutter_native_splash:generateDebugRFile', task ':shared_preferences_android:compileDebugLibraryResources', task ':shared_preferences_android:parseDebugLocalResources', task ':shared_preferences_android:generateDebugRFile', task ':url_launcher_android:compileDebugLibraryResources', task ':url_launcher_android:parseDebugLocalResources', task ':url_launcher_android:generateDebugRFile', task ':webview_flutter_android:compileDebugLibraryResources', task ':webview_flutter_android:parseDebugLocalResources', task ':webview_flutter_android:generateDebugRFile', task ':app:processDebugResources', task ':firebase_auth:generateDebugBuildConfig', task ':firebase_auth:javaPreCompileDebug', task ':firebase_core:generateDebugBuildConfig', task ':firebase_core:javaPreCompileDebug', task ':firebase_core:compileDebugJavaWithJavac', task ':firebase_core:bundleLibCompileToJarDebug', task ':firebase_auth:compileDebugJavaWithJavac', task ':firebase_auth:bundleLibCompileToJarDebug', task ':flutter_native_splash:javaPreCompileDebug', task ':flutter_native_splash:compileDebugJavaWithJavac', task ':flutter_native_splash:bundleLibCompileToJarDebug', task ':shared_preferences_android:compileDebugKotlin', task ':shared_preferences_android:javaPreCompileDebug', task ':shared_preferences_android:compileDebugJavaWithJavac', task ':shared_preferences_android:bundleLibCompileToJarDebug', task ':url_launcher_android:generateDebugBuildConfig', task ':url_launcher_android:javaPreCompileDebug', task ':url_launcher_android:compileDebugJavaWithJavac', task ':url_launcher_android:bundleLibCompileToJarDebug', task ':webview_flutter_android:compileDebugKotlin', task ':webview_flutter_android:javaPreCompileDebug', task ':webview_flutter_android:compileDebugJavaWithJavac', task ':webview_flutter_android:bundleLibCompileToJarDebug', task ':app:compileDebugKotlin', task ':app:javaPreCompileDebug', task ':app:compileDebugJavaWithJavac', task ':app:compressDebugAssets', task ':app:processDebugJavaRes', task ':firebase_auth:processDebugJavaRes', task ':firebase_core:processDebugJavaRes', task ':flutter_native_splash:processDebugJavaRes', task ':shared_preferences_android:processDebugJavaRes', task ':url_launcher_android:processDebugJavaRes', task ':webview_flutter_android:processDebugJavaRes', task ':app:mergeDebugJavaResource', task ':app:checkDebugDuplicateClasses', task ':app:desugarDebugFileDependencies', task ':app:mergeExtDexDebug', task ':firebase_auth:bundleLibRuntimeToJarDebug', task ':firebase_core:bundleLibRuntimeToJarDebug', task ':flutter_native_splash:bundleLibRuntimeToJarDebug', task ':shared_preferences_android:bundleLibRuntimeToJarDebug', task ':url_launcher_android:bundleLibRuntimeToJarDebug', task ':webview_flutter_android:bundleLibRuntimeToJarDebug', task ':app:mergeLibDexDebug', task ':app:dexBuilderDebug', task ':app:mergeProjectDexDebug', task ':app:preProfileBuild', task ':app:configureCMakeDebug[arm64-v8a]', task ':app:buildCMakeDebug[arm64-v8a]', task ':app:configureCMakeDebug[armeabi-v7a]', task ':app:buildCMakeDebug[armeabi-v7a]', task ':app:configureCMakeDebug[x86]', task ':app:buildCMakeDebug[x86]', task ':app:configureCMakeDebug[x86_64]', task ':app:buildCMakeDebug[x86_64]', task ':app:mergeDebugJniLibFolders', task ':firebase_auth:mergeDebugJniLibFolders', task ':firebase_auth:mergeDebugNativeLibs', task ':firebase_auth:copyDebugJniLibsProjectOnly', task ':firebase_core:mergeDebugJniLibFolders', task ':firebase_core:mergeDebugNativeLibs', task ':firebase_core:copyDebugJniLibsProjectOnly', task ':flutter_native_splash:mergeDebugJniLibFolders', task ':flutter_native_splash:mergeDebugNativeLibs', task ':flutter_native_splash:copyDebugJniLibsProjectOnly', task ':shared_preferences_android:mergeDebugJniLibFolders', task ':shared_preferences_android:mergeDebugNativeLibs', task ':shared_preferences_android:copyDebugJniLibsProjectOnly', task ':url_launcher_android:mergeDebugJniLibFolders', task ':url_launcher_android:mergeDebugNativeLibs', task ':url_launcher_android:copyDebugJniLibsProjectOnly', task ':webview_flutter_android:mergeDebugJniLibFolders', task ':webview_flutter_android:mergeDebugNativeLibs', task ':webview_flutter_android:copyDebugJniLibsProjectOnly', task ':app:mergeDebugNativeLibs', task ':app:stripDebugDebugSymbols', task ':app:validateSigningDebug', task ':app:writeDebugAppMetadata', task ':app:writeDebugSigningConfigVersions', task ':app:packageDebug', task ':app:createDebugApkListingFileRedirect', task ':app:assembleDebug', task ':firebase_auth:stripDebugDebugSymbols', task ':firebase_auth:copyDebugJniLibsProjectAndLocalJars', task ':firebase_auth:extractDebugAnnotations', task ':firebase_auth:extractDeepLinksForAarDebug', task ':firebase_auth:mergeDebugGeneratedProguardFiles', task ':firebase_auth:mergeDebugConsumerProguardFiles', task ':firebase_auth:prepareDebugArtProfile', task ':firebase_auth:prepareLintJarForPublish', task ':firebase_auth:mergeDebugJavaResource', task ':firebase_auth:syncDebugLibJars', task ':firebase_auth:bundleDebugAar', task ':firebase_auth:assembleDebug', task ':firebase_core:stripDebugDebugSymbols', task ':firebase_core:copyDebugJniLibsProjectAndLocalJars', task ':firebase_core:extractDebugAnnotations', task ':firebase_core:extractDeepLinksForAarDebug', task ':firebase_core:mergeDebugGeneratedProguardFiles', task ':firebase_core:mergeDebugConsumerProguardFiles', task ':firebase_core:prepareDebugArtProfile', task ':firebase_core:prepareLintJarForPublish', task ':firebase_core:mergeDebugJavaResource', task ':firebase_core:syncDebugLibJars', task ':firebase_core:bundleDebugAar', task ':firebase_core:assembleDebug', task ':flutter_native_splash:stripDebugDebugSymbols', task ':flutter_native_splash:copyDebugJniLibsProjectAndLocalJars', task ':flutter_native_splash:extractDebugAnnotations', task ':flutter_native_splash:extractDeepLinksForAarDebug', task ':flutter_native_splash:mergeDebugGeneratedProguardFiles', task ':flutter_native_splash:mergeDebugConsumerProguardFiles', task ':flutter_native_splash:prepareDebugArtProfile', task ':flutter_native_splash:prepareLintJarForPublish', task ':flutter_native_splash:mergeDebugJavaResource', task ':flutter_native_splash:syncDebugLibJars', task ':flutter_native_splash:bundleDebugAar', task ':flutter_native_splash:assembleDebug', task ':shared_preferences_android:stripDebugDebugSymbols', task ':shared_preferences_android:copyDebugJniLibsProjectAndLocalJars', task ':shared_preferences_android:extractDebugAnnotations', task ':shared_preferences_android:extractDeepLinksForAarDebug', task ':shared_preferences_android:mergeDebugGeneratedProguardFiles', task ':shared_preferences_android:mergeDebugConsumerProguardFiles', task ':shared_preferences_android:prepareDebugArtProfile', task ':shared_preferences_android:prepareLintJarForPublish', task ':shared_preferences_android:mergeDebugJavaResource', task ':shared_preferences_android:syncDebugLibJars', task ':shared_preferences_android:bundleDebugAar', task ':shared_preferences_android:assembleDebug', task ':url_launcher_android:stripDebugDebugSymbols', task ':url_launcher_android:copyDebugJniLibsProjectAndLocalJars', task ':url_launcher_android:extractDebugAnnotations', task ':url_launcher_android:extractDeepLinksForAarDebug', task ':url_launcher_android:mergeDebugGeneratedProguardFiles', task ':url_launcher_android:mergeDebugConsumerProguardFiles', task ':url_launcher_android:prepareDebugArtProfile', task ':url_launcher_android:prepareLintJarForPublish', task ':url_launcher_android:mergeDebugJavaResource', task ':url_launcher_android:syncDebugLibJars', task ':url_launcher_android:bundleDebugAar', task ':url_launcher_android:assembleDebug', task ':webview_flutter_android:stripDebugDebugSymbols', task ':webview_flutter_android:copyDebugJniLibsProjectAndLocalJars', task ':webview_flutter_android:extractDebugAnnotations', task ':webview_flutter_android:extractDeepLinksForAarDebug', task ':webview_flutter_android:mergeDebugGeneratedProguardFiles', task ':webview_flutter_android:mergeDebugConsumerProguardFiles', task ':webview_flutter_android:prepareDebugArtProfile', task ':webview_flutter_android:prepareLintJarForPublish', task ':webview_flutter_android:mergeDebugJavaResource', task ':webview_flutter_android:syncDebugLibJars', task ':webview_flutter_android:bundleDebugAar', task ':webview_flutter_android:assembleDebug']
[        ] Tasks that were excluded: []
[        ] work action Parameters of DexingWithClasspathTransform (Thread[#1823,Execution worker Thread 7,5,main]) started.
[        ] Resolve mutations for :app:preBuild (Thread[#1823,Execution worker Thread 7,5,main]) started.
[        ] :app:preBuild (Thread[#1823,Execution worker Thread 7,5,main]) started.
[        ] > Task :app:preBuild UP-TO-DATE
[        ] Skipping task ':app:preBuild' as it has no actions.
[        ] Resolve mutations for :app:preDebugBuild (Thread[#1823,Execution worker Thread 7,5,main]) started.
[        ] :app:preDebugBuild (Thread[#1822,Execution worker Thread 6,5,main]) started.
[        ] > Task :app:preDebugBuild UP-TO-DATE
[        ] Skipping task ':app:preDebugBuild' as it has no actions.
[        ] Resolve mutations for :app:mergeDebugNativeDebugMetadata (Thread[#1832,Execution worker Thread 15,5,main]) started.
[        ] :app:mergeDebugNativeDebugMetadata (Thread[#1832,Execution worker Thread 15,5,main]) started.
[        ] > Task :app:mergeDebugNativeDebugMetadata NO-SOURCE
[        ] Skipping task ':app:mergeDebugNativeDebugMetadata' as it has no source files and no previous output files.
[        ] Resolve mutations for :app:compileFlutterBuildDebug (Thread[#1832,Execution worker Thread 15,5,main]) started.
[        ] :app:compileFlutterBuildDebug (Thread[#1832,Execution worker Thread 15,5,main]) started.
[  +12 ms] No devices found.
[        ] {
             "info" : {
               "arguments" : [
                 "devicectl",
                 "list",
                 "devices",
                 "--timeout",
                 "5",
                 "--json-output",
                 "/var/folders/pj/pvj9g34x0474p0gmfkk4h1nh0000gq/T/flutter_tools.Rdq8pS/core_devices.2iltM1/core_device_list.json"
               ],
               "commandType" : "devicectl.list.devices",
               "environment" : {
                 "TERM" : "xterm-256color"
               },
               "jsonVersion" : 2,
               "outcome" : "success",
               "version" : "443.19"
             },
             "result" : {
               "devices" : [

               ]
             }
           }

[+1984 ms] > Task :app:compileFlutterBuildDebug
[        ] Caching disabled for task ':app:compileFlutterBuildDebug' because:
[        ]   Build cache is disabled
[        ]   Caching has not been enabled for the task
[        ] Task ':app:compileFlutterBuildDebug' is not up-to-date because:
[        ]   Output property 'outputFiles$1' has been added for task ':app:compileFlutterBuildDebug'
[        ]   Output property 'outputFiles$10' has been added for task ':app:compileFlutterBuildDebug'
[        ]   Output property 'outputFiles$11' has been added for task ':app:compileFlutterBuildDebug'
[        ]   and more...
[        ] Starting process 'command '/Users/anas/development/flutter/bin/flutter''. Working directory: /Users/anas/Documents/Code/tijus_academy Command: /Users/anas/development/flutter/bin/flutter --verbose assemble --no-version-check --depfile /Users/anas/Documents/Code/tijus_academy/build/app/intermediates/flutter/debug/flutter_build.d --output /Users/anas/Documents/Code/tijus_academy/build/app/intermediates/flutter/debug -dTargetFile=/Users/anas/Documents/Code/tijus_academy/lib/main.dart -dTargetPlatform=android -dBuildMode=debug -dTrackWidgetCreation=true -dFlavor= -dAndroidArchs=android-x64 -dMinSdkVersion=21 debug_android_application
[        ] Successfully started process 'command '/Users/anas/development/flutter/bin/flutter''
[        ] [  +30 ms] executing: sysctl hw.optional.arm64
[        ] [  +13 ms] Exit code 1 from: sysctl hw.optional.arm64
[        ] [        ] sysctl: unknown oid 'hw.optional.arm64'
[        ] [  +18 ms] executing: sw_vers -productName
[        ] [  +14 ms] Exit code 0 from: sw_vers -productName
[        ] [        ] macOS
[        ] [        ] executing: sw_vers -productVersion
[        ] [  +13 ms] Exit code 0 from: sw_vers -productVersion
[        ] [        ] 15.4.1
[        ] [        ] executing: sw_vers -buildVersion
[        ] [  +13 ms] Exit code 0 from: sw_vers -buildVersion
[        ] [        ] 24E263
[        ] [        ] executing: uname -m
[        ] [   +4 ms] Exit code 0 from: uname -m
[        ] [        ] x86_64
[        ] [  +21 ms] Artifact Instance of 'AndroidGenSnapshotArtifacts' is not required, skipping update.
[        ] [        ] Artifact Instance of 'AndroidInternalBuildArtifacts' is not required, skipping update.
[        ] [        ] Artifact Instance of 'IOSEngineArtifacts' is not required, skipping update.
[        ] [        ] Artifact Instance of 'FlutterWebSdk' is not required, skipping update.
[        ] [        ] Artifact Instance of 'LegacyCanvasKitRemover' is not required, skipping update.
[        ] [   +1 ms] Artifact Instance of 'WindowsEngineArtifacts' is not required, skipping update.
[        ] [        ] Artifact Instance of 'MacOSEngineArtifacts' is not required, skipping update.
[        ] [        ] Artifact Instance of 'LinuxEngineArtifacts' is not required, skipping update.
[        ] [        ] Artifact Instance of 'LinuxFuchsiaSDKArtifacts' is not required, skipping update.
[        ] [        ] Artifact Instance of 'MacOSFuchsiaSDKArtifacts' is not required, skipping update.
[        ] [        ] Artifact Instance of 'FlutterRunnerSDKArtifacts' is not required, skipping update.
[        ] [        ] Artifact Instance of 'FlutterRunnerDebugSymbols' is not required, skipping update.
[        ] [  +82 ms] Artifact Instance of 'MaterialFonts' is not required, skipping update.
[        ] [        ] Artifact Instance of 'GradleWrapper' is not required, skipping update.
[        ] [   +1 ms] Artifact Instance of 'AndroidInternalBuildArtifacts' is not required, skipping update.
[        ] [        ] Artifact Instance of 'IOSEngineArtifacts' is not required, skipping update.
[        ] [        ] Artifact Instance of 'FlutterWebSdk' is not required, skipping update.
[        ] [        ] Artifact Instance of 'LegacyCanvasKitRemover' is not required, skipping update.
[        ] [        ] Artifact Instance of 'FlutterSdk' is not required, skipping update.
[        ] [        ] Artifact Instance of 'WindowsEngineArtifacts' is not required, skipping update.
[        ] [        ] Artifact Instance of 'MacOSEngineArtifacts' is not required, skipping update.
[        ] [        ] Artifact Instance of 'LinuxEngineArtifacts' is not required, skipping update.
[        ] [        ] Artifact Instance of 'LinuxFuchsiaSDKArtifacts' is not required, skipping update.
[        ] [        ] Artifact Instance of 'MacOSFuchsiaSDKArtifacts' is not required, skipping update.
[        ] [        ] Artifact Instance of 'FlutterRunnerSDKArtifacts' is not required, skipping update.
[        ] [        ] Artifact Instance of 'FlutterRunnerDebugSymbols' is not required, skipping update.
[        ] [        ] Artifact Instance of 'IosUsbArtifacts' is not required, skipping update.
[        ] [        ] Artifact Instance of 'IosUsbArtifacts' is not required, skipping update.
[        ] [        ] Artifact Instance of 'IosUsbArtifacts' is not required, skipping update.
[        ] [        ] Artifact Instance of 'IosUsbArtifacts' is not required, skipping update.
[        ] [        ] Artifact Instance of 'IosUsbArtifacts' is not required, skipping update.
[        ] [        ] Artifact Instance of 'FontSubsetArtifacts' is not required, skipping update.
[        ] [        ] Artifact Instance of 'PubDependencies' is not required, skipping update.
[        ] [  +29 ms] Initializing file store
[        ] [  +10 ms] Done initializing file store
[        ] [  +45 ms] Skipping target: gen_localizations
[        ] [   +8 ms] Skipping target: gen_dart_plugin_registrant
[        ] [ +373 ms] Skipping target: kernel_snapshot_program
[        ] [   +4 ms] Skipping target: dart_build
[        ] [        ] Skipping target: install_code_assets
[        ] [        ] invalidated build due to missing files: /Users/anas/Documents/Code/tijus_academy/DOES_NOT_EXIST_RERUN_FOR_WILDCARD518394140
[        ] [ +287 ms] debug_android_application: Starting due to {InvalidatedReasonKind.inputMissing: The following inputs were missing: /Users/anas/Documents/Code/tijus_academy/DOES_NOT_EXIST_RERUN_FOR_WILDCARD518394140}
[        ] [ +186 ms] Manifest contained wildcard assets. Inserting missing file into build graph to force rerun. for more information see #56466.
[        ] [   +5 ms] shaderc command: [/Users/anas/development/flutter/bin/cache/artifacts/engine/darwin-x64/impellerc, --sksl, --runtime-stage-gles, --runtime-stage-gles3, --runtime-stage-vulkan, --iplr, --sl=/Users/anas/Documents/Code/tijus_academy/build/app/intermediates/flutter/debug/flutter_assets/shaders/ink_sparkle.frag, --spirv=/Users/anas/Documents/Code/tijus_academy/build/app/intermediates/flutter/debug/flutter_assets/shaders/ink_sparkle.frag.spirv, --input=/Users/anas/development/flutter/packages/flutter/lib/src/material/shaders/ink_sparkle.frag, --input-type=frag, --include=/Users/anas/development/flutter/packages/flutter/lib/src/material/shaders, --include=/Users/anas/development/flutter/bin/cache/artifacts/engine/darwin-x64/shader_lib]
[  +95 ms] [ +740 ms] debug_android_application: Complete
[ +299 ms] [ +253 ms] Persisting file store
[        ] [   +9 ms] Done persisting file store
[        ] [   +6 ms] build succeeded.
[        ] [  +14 ms] "flutter assemble" took 2,129ms.
[        ] [   +4 ms] Running 1 shutdown hook
[        ] [   +1 ms] Shutdown hooks complete
[        ] [        ] exiting with code 0
[        ] Resolve mutations for :app:packJniLibsflutterBuildDebug (Thread[#1832,Execution worker Thread 15,5,main]) started.
[        ] :app:packJniLibsflutterBuildDebug (Thread[#1832,Execution worker Thread 15,5,main]) started.
[        ] > Task :app:packJniLibsflutterBuildDebug UP-TO-DATE
[        ] Caching disabled for task ':app:packJniLibsflutterBuildDebug' because:
[        ]   Build cache is disabled
[        ]   Not worth caching
[        ] Skipping task ':app:packJniLibsflutterBuildDebug' as it is up-to-date.
[        ] work action org.gradle.api.internal.artifacts.transform.DefaultTransformUpstreamDependenciesResolver$FinalizeTransformDependenciesFromSelectedArtifacts$CalculateFinalDependencies@3f080617 (Thread[#1832,Execution worker Thread 15,5,main]) started.
[  +98 ms] work action Dependencies for project :firebase_core {artifactType=android-classes-jar, dexing-component-attributes=ComponentSpecificParameters(minSdkVersion=21, debuggable=true, enableCoreLibraryDesugaring=false, enableGlobalSynthetics=false, enableApiModeling=false, dependenciesClassesAreInstrumented=false, asmTransformComponent=null, useJacocoTransformInstrumentation=false, enableDesugaring=true, needsClasspath=true, useFullClasspath=false, componentIfUsingFullClasspath=null)} (Thread[#1832,Execution worker Thread 15,5,main]) started.
[        ] Transforming kotlin-stdlib-1.9.24.jar (org.jetbrains.kotlin:kotlin-stdlib:1.9.24) with JetifyTransform
[        ] Transforming kotlin-stdlib-1.9.24.jar (org.jetbrains.kotlin:kotlin-stdlib:1.9.24) with IdentityTransform
[        ] Transforming flutter_embedding_debug-1.0.0-cf56914b326edb0ccb123ffdc60f00060bd513fa.jar (io.flutter:flutter_embedding_debug:1.0.0-cf56914b326edb0ccb123ffdc60f00060bd513fa) with JetifyTransform
[        ] Transforming annotations-23.0.0.jar (org.jetbrains:annotations:23.0.0) with JetifyTransform
[        ] Transforming flutter_embedding_debug-1.0.0-cf56914b326edb0ccb123ffdc60f00060bd513fa.jar (io.flutter:flutter_embedding_debug:1.0.0-cf56914b326edb0ccb123ffdc60f00060bd513fa) with IdentityTransform
[        ] Transforming window-1.2.0.aar (androidx.window:window:1.2.0) with JetifyTransform
[        ] Transforming kotlin-stdlib-jdk7-1.8.22.jar (org.jetbrains.kotlin:kotlin-stdlib-jdk7:1.8.22) with JetifyTransform
[        ] Transforming fragment-1.7.1.aar (androidx.fragment:fragment:1.7.1) with JetifyTransform
[        ] Transforming window-1.2.0.aar (androidx.window:window:1.2.0) with AarToClassTransform
[        ] Transforming firebase-common-20.4.3.aar (com.google.firebase:firebase-common:20.4.3) with JetifyTransform
[        ] Transforming firebase-common-20.4.3.aar (com.google.firebase:firebase-common:20.4.3) with JetifyTransform
[        ] Transforming lifecycle-livedata-2.7.0.aar (androidx.lifecycle:lifecycle-livedata:2.7.0) with JetifyTransform
[        ] Transforming loader-1.0.0.aar (androidx.loader:loader:1.0.0) with JetifyTransform
[        ] Transforming loader-1.0.0.aar (androidx.loader:loader:1.0.0) with JetifyTransform
[        ] Transforming annotations-23.0.0.jar (org.jetbrains:annotations:23.0.0) with IdentityTransform
[        ] Transforming loader-1.0.0.aar (androidx.loader:loader:1.0.0) with AarToClassTransform
[        ] Transforming loader-1.0.0.aar (androidx.loader:loader:1.0.0) with AarToClassTransform
[        ] Transforming lifecycle-livedata-2.7.0.aar (androidx.lifecycle:lifecycle-livedata:2.7.0) with AarToClassTransform
[        ] Transforming firebase-common-20.4.3.aar (com.google.firebase:firebase-common:20.4.3) with AarToClassTransform
[        ] Transforming firebase-common-20.4.3.aar (com.google.firebase:firebase-common:20.4.3) with AarToClassTransform
[        ] Transforming fragment-1.7.1.aar (androidx.fragment:fragment:1.7.1) with JetifyTransform
[        ] Transforming activity-1.8.1.aar (androidx.activity:activity:1.8.1) with JetifyTransform
[        ] Transforming firebase-common-20.4.3.aar (com.google.firebase:firebase-common:20.4.3) with JetifyTransform
[        ] Transforming fragment-1.7.1.aar (androidx.fragment:fragment:1.7.1) with AarToClassTransform
[        ] Transforming firebase-common-20.4.3.aar (com.google.firebase:firebase-common:20.4.3) with JetifyTransform
[        ] Transforming window-java-1.2.0.aar (androidx.window:window-java:1.2.0) with JetifyTransform
[        ] Transforming fragment-1.7.1.aar (androidx.fragment:fragment:1.7.1) with JetifyTransform
[        ] Transforming kotlin-stdlib-jdk7-1.8.22.jar (org.jetbrains.kotlin:kotlin-stdlib-jdk7:1.8.22) with IdentityTransform
[        ] Transforming fragment-1.7.1.aar (androidx.fragment:fragment:1.7.1) with JetifyTransform
[        ] Transforming fragment-1.7.1.aar (androidx.fragment:fragment:1.7.1) with JetifyTransform
[        ] Transforming fragment-1.7.1.aar (androidx.fragment:fragment:1.7.1) with AarToClassTransform
[        ] Transforming lifecycle-process-2.7.0.aar (androidx.lifecycle:lifecycle-process:2.7.0) with JetifyTransform
[        ] Transforming fragment-1.7.1.aar (androidx.fragment:fragment:1.7.1) with AarToClassTransform
[        ] Transforming lifecycle-common-java8-2.7.0.jar (androidx.lifecycle:lifecycle-common-java8:2.7.0) with JetifyTransform
[        ] Transforming window-java-1.2.0.aar (androidx.window:window-java:1.2.0) with AarToClassTransform
[        ] Transforming firebase-common-20.4.3.aar (com.google.firebase:firebase-common:20.4.3) with AarToClassTransform
[        ] Transforming lifecycle-runtime-2.7.0.aar (androidx.lifecycle:lifecycle-runtime:2.7.0) with JetifyTransform
[        ] Transforming firebase-common-20.4.3.aar (com.google.firebase:firebase-common:20.4.3) with AarToClassTransform
[        ] Transforming kotlinx-coroutines-android-1.7.3.jar (org.jetbrains.kotlinx:kotlinx-coroutines-android:1.7.3) with JetifyTransform
[        ] Transforming activity-1.8.1.aar (androidx.activity:activity:1.8.1) with AarToClassTransform
[        ] Transforming fragment-1.7.1.aar (androidx.fragment:fragment:1.7.1) with AarToClassTransform
[        ] Transforming kotlinx-coroutines-play-services-1.7.3.jar (org.jetbrains.kotlinx:kotlinx-coroutines-play-services:1.7.3) with JetifyTransform
[        ] Transforming lifecycle-livedata-core-2.7.0.aar (androidx.lifecycle:lifecycle-livedata-core:2.7.0) with JetifyTransform
[        ] Transforming lifecycle-viewmodel-2.7.0.aar (androidx.lifecycle:lifecycle-viewmodel:2.7.0) with JetifyTransform
[        ] Transforming lifecycle-viewmodel-2.7.0.aar (androidx.lifecycle:lifecycle-viewmodel:2.7.0) with JetifyTransform
[        ] Transforming lifecycle-viewmodel-savedstate-2.7.0.aar (androidx.lifecycle:lifecycle-viewmodel-savedstate:2.7.0) with JetifyTransform
[        ] Transforming lifecycle-livedata-core-ktx-2.7.0.aar (androidx.lifecycle:lifecycle-livedata-core-ktx:2.7.0) with JetifyTransform
[        ] Transforming javax.inject-1.jar (javax.inject:javax.inject:1) with JetifyTransform
[        ] Transforming lifecycle-livedata-core-ktx-2.7.0.aar (androidx.lifecycle:lifecycle-livedata-core-ktx:2.7.0) with AarToClassTransform
[        ] Transforming lifecycle-viewmodel-savedstate-2.7.0.aar (androidx.lifecycle:lifecycle-viewmodel-savedstate:2.7.0) with AarToClassTransform
[        ] Transforming lifecycle-viewmodel-2.7.0.aar (androidx.lifecycle:lifecycle-viewmodel:2.7.0) with AarToClassTransform
[        ] Transforming lifecycle-viewmodel-2.7.0.aar (androidx.lifecycle:lifecycle-viewmodel:2.7.0) with AarToClassTransform
[        ] Transforming lifecycle-livedata-core-2.7.0.aar (androidx.lifecycle:lifecycle-livedata-core:2.7.0) with AarToClassTransform
[        ] Transforming play-services-tasks-18.1.0.aar (com.google.android.gms:play-services-tasks:18.1.0) with JetifyTransform
[        ] Transforming kotlinx-coroutines-play-services-1.7.3.jar (org.jetbrains.kotlinx:kotlinx-coroutines-play-services:1.7.3) with IdentityTransform
[        ] Transforming kotlinx-coroutines-android-1.7.3.jar (org.jetbrains.kotlinx:kotlinx-coroutines-android:1.7.3) with IdentityTransform
[        ] Transforming kotlinx-coroutines-core-jvm-1.7.3.jar (org.jetbrains.kotlinx:kotlinx-coroutines-core-jvm:1.7.3) with JetifyTransform
[        ] Transforming play-services-tasks-18.1.0.aar (com.google.android.gms:play-services-tasks:18.1.0) with JetifyTransform
[        ] Transforming lifecycle-runtime-2.7.0.aar (androidx.lifecycle:lifecycle-runtime:2.7.0) with AarToClassTransform
[        ] Transforming lifecycle-common-2.7.0.jar (androidx.lifecycle:lifecycle-common:2.7.0) with JetifyTransform
[        ] Transforming savedstate-1.2.1.aar (androidx.savedstate:savedstate:1.2.1) with JetifyTransform
[        ] Transforming lifecycle-common-java8-2.7.0.jar (androidx.lifecycle:lifecycle-common-java8:2.7.0) with IdentityTransform
[        ] Transforming lifecycle-process-2.7.0.aar (androidx.lifecycle:lifecycle-process:2.7.0) with AarToClassTransform
[        ] Transforming fragment-1.7.1.aar (androidx.fragment:fragment:1.7.1) with AarToClassTransform
[        ] Transforming savedstate-1.2.1.aar (androidx.savedstate:savedstate:1.2.1) with AarToClassTransform
[        ] Transforming lifecycle-common-2.7.0.jar (androidx.lifecycle:lifecycle-common:2.7.0) with IdentityTransform
[        ] Transforming play-services-basement-18.3.0.aar (com.google.android.gms:play-services-basement:18.3.0) with JetifyTransform
[        ] Transforming play-services-tasks-18.1.0.aar (com.google.android.gms:play-services-tasks:18.1.0) with JetifyTransform
[        ] Transforming play-services-tasks-18.1.0.aar (com.google.android.gms:play-services-tasks:18.1.0) with AarToClassTransform
[        ] Transforming kotlinx-coroutines-core-jvm-1.7.3.jar (org.jetbrains.kotlinx:kotlinx-coroutines-core-jvm:1.7.3) with IdentityTransform
[        ] Transforming play-services-tasks-18.1.0.aar (com.google.android.gms:play-services-tasks:18.1.0) with JetifyTransform
[        ] Transforming play-services-basement-18.3.0.aar (com.google.android.gms:play-services-basement:18.3.0) with JetifyTransform
[        ] Transforming play-services-tasks-18.1.0.aar (com.google.android.gms:play-services-tasks:18.1.0) with AarToClassTransform
[        ] Transforming play-services-tasks-18.1.0.aar (com.google.android.gms:play-services-tasks:18.1.0) with JetifyTransform
[        ] Transforming play-services-tasks-18.1.0.aar (com.google.android.gms:play-services-tasks:18.1.0) with JetifyTransform
[        ] Transforming play-services-tasks-18.1.0.aar (com.google.android.gms:play-services-tasks:18.1.0) with JetifyTransform
[        ] Transforming play-services-tasks-18.1.0.aar (com.google.android.gms:play-services-tasks:18.1.0) with JetifyTransform
[        ] Transforming play-services-tasks-18.1.0.aar (com.google.android.gms:play-services-tasks:18.1.0) with JetifyTransform
[        ] Transforming javax.inject-1.jar (javax.inject:javax.inject:1) with IdentityTransform
[        ] Transforming play-services-tasks-18.1.0.aar (com.google.android.gms:play-services-tasks:18.1.0) with AarToClassTransform
[        ] Transforming play-services-tasks-18.1.0.aar (com.google.android.gms:play-services-tasks:18.1.0) with AarToClassTransform
[        ] Transforming play-services-tasks-18.1.0.aar (com.google.android.gms:play-services-tasks:18.1.0) with AarToClassTransform
[        ] Transforming play-services-tasks-18.1.0.aar (com.google.android.gms:play-services-tasks:18.1.0) with AarToClassTransform
[        ] Transforming play-services-tasks-18.1.0.aar (com.google.android.gms:play-services-tasks:18.1.0) with AarToClassTransform
[        ] Transforming play-services-basement-18.3.0.aar (com.google.android.gms:play-services-basement:18.3.0) with JetifyTransform
[        ] Transforming play-services-basement-18.3.0.aar (com.google.android.gms:play-services-basement:18.3.0) with AarToClassTransform
[        ] Transforming play-services-tasks-18.1.0.aar (com.google.android.gms:play-services-tasks:18.1.0) with AarToClassTransform
[        ] Transforming play-services-basement-18.3.0.aar (com.google.android.gms:play-services-basement:18.3.0) with JetifyTransform
[        ] Transforming play-services-tasks-18.1.0.aar (com.google.android.gms:play-services-tasks:18.1.0) with AarToClassTransform
[        ] Transforming play-services-basement-18.3.0.aar (com.google.android.gms:play-services-basement:18.3.0) with AarToClassTransform
[        ] Transforming play-services-basement-18.3.0.aar (com.google.android.gms:play-services-basement:18.3.0) with JetifyTransform
[        ] Transforming core-1.13.1.aar (androidx.core:core:1.13.1) with JetifyTransform
[        ] Transforming play-services-basement-18.3.0.aar (com.google.android.gms:play-services-basement:18.3.0) with JetifyTransform
[        ] Transforming play-services-basement-18.3.0.aar (com.google.android.gms:play-services-basement:18.3.0) with JetifyTransform
[        ] Transforming play-services-basement-18.3.0.aar (com.google.android.gms:play-services-basement:18.3.0) with JetifyTransform
[        ] Transforming play-services-basement-18.3.0.aar (com.google.android.gms:play-services-basement:18.3.0) with AarToClassTransform
[        ] Transforming play-services-basement-18.3.0.aar (com.google.android.gms:play-services-basement:18.3.0) with AarToClassTransform
[        ] Transforming core-1.13.1.aar (androidx.core:core:1.13.1) with AarToClassTransform
[        ] Transforming core-1.13.1.aar (androidx.core:core:1.13.1) with JetifyTransform
[        ] Transforming play-services-basement-18.3.0.aar (com.google.android.gms:play-services-basement:18.3.0) with AarToClassTransform
[        ] Transforming core-ktx-1.13.1.aar (androidx.core:core-ktx:1.13.1) with JetifyTransform
[        ] Transforming core-1.13.1.aar (androidx.core:core:1.13.1) with JetifyTransform
[        ] Transforming play-services-basement-18.3.0.aar (com.google.android.gms:play-services-basement:18.3.0) with AarToClassTransform
[        ] Transforming customview-1.1.0.aar (androidx.customview:customview:1.1.0) with JetifyTransform
[        ] Transforming play-services-basement-18.3.0.aar (com.google.android.gms:play-services-basement:18.3.0) with AarToClassTransform
[        ] Transforming customview-1.1.0.aar (androidx.customview:customview:1.1.0) with JetifyTransform
[        ] Transforming customview-1.1.0.aar (androidx.customview:customview:1.1.0) with JetifyTransform
[        ] Transforming customview-1.1.0.aar (androidx.customview:customview:1.1.0) with JetifyTransform
[        ] Transforming customview-1.1.0.aar (androidx.customview:customview:1.1.0) with JetifyTransform
[        ] Transforming viewpager-1.0.0.aar (androidx.viewpager:viewpager:1.0.0) with JetifyTransform
[        ] Transforming viewpager-1.0.0.aar (androidx.viewpager:viewpager:1.0.0) with JetifyTransform
[        ] Transforming viewpager-1.0.0.aar (androidx.viewpager:viewpager:1.0.0) with AarToClassTransform
[        ] Transforming customview-1.1.0.aar (androidx.customview:customview:1.1.0) with AarToClassTransform
[        ] Transforming customview-1.1.0.aar (androidx.customview:customview:1.1.0) with AarToClassTransform
[        ] Transforming customview-1.1.0.aar (androidx.customview:customview:1.1.0) with AarToClassTransform
[        ] Transforming customview-1.1.0.aar (androidx.customview:customview:1.1.0) with AarToClassTransform
[        ] Transforming core-1.13.1.aar (androidx.core:core:1.13.1) with JetifyTransform
[        ] Transforming customview-1.1.0.aar (androidx.customview:customview:1.1.0) with AarToClassTransform
[        ] Transforming core-1.13.1.aar (androidx.core:core:1.13.1) with JetifyTransform
[        ] Transforming core-1.13.1.aar (androidx.core:core:1.13.1) with AarToClassTransform
[        ] Transforming core-ktx-1.13.1.aar (androidx.core:core-ktx:1.13.1) with AarToClassTransform
[        ] Transforming core-1.13.1.aar (androidx.core:core:1.13.1) with AarToClassTransform
[        ] Transforming core-1.13.1.aar (androidx.core:core:1.13.1) with JetifyTransform
[        ] Transforming core-1.13.1.aar (androidx.core:core:1.13.1) with JetifyTransform
[        ] Transforming core-1.13.1.aar (androidx.core:core:1.13.1) with JetifyTransform
[        ] Transforming play-services-basement-18.3.0.aar (com.google.android.gms:play-services-basement:18.3.0) with AarToClassTransform
[        ] Transforming core-1.13.1.aar (androidx.core:core:1.13.1) with AarToClassTransform
[        ] Transforming core-1.13.1.aar (androidx.core:core:1.13.1) with AarToClassTransform
[        ] Transforming tracing-1.2.0.aar (androidx.tracing:tracing:1.2.0) with JetifyTransform
[        ] Transforming core-1.13.1.aar (androidx.core:core:1.13.1) with AarToClassTransform
[        ] Transforming startup-runtime-1.1.1.aar (androidx.startup:startup-runtime:1.1.1) with JetifyTransform
[        ] Transforming profileinstaller-1.3.1.aar (androidx.profileinstaller:profileinstaller:1.3.1) with JetifyTransform
[        ] Transforming core-1.13.1.aar (androidx.core:core:1.13.1) with AarToClassTransform
[        ] Transforming core-1.13.1.aar (androidx.core:core:1.13.1) with JetifyTransform
[        ] Transforming core-1.13.1.aar (androidx.core:core:1.13.1) with AarToClassTransform
[        ] Transforming versionedparcelable-1.1.1.aar (androidx.versionedparcelable:versionedparcelable:1.1.1) with JetifyTransform
[        ] Transforming core-1.13.1.aar (androidx.core:core:1.13.1) with JetifyTransform
[        ] Transforming core-1.13.1.aar (androidx.core:core:1.13.1) with JetifyTransform
[        ] Transforming core-1.13.1.aar (androidx.core:core:1.13.1) with JetifyTransform
[        ] Transforming core-1.13.1.aar (androidx.core:core:1.13.1) with JetifyTransform
[        ] Transforming core-1.13.1.aar (androidx.core:core:1.13.1) with JetifyTransform
[        ] Transforming viewpager-1.0.0.aar (androidx.viewpager:viewpager:1.0.0) with AarToClassTransform
[        ] Transforming core-1.13.1.aar (androidx.core:core:1.13.1) with AarToClassTransform
[        ] Transforming core-1.13.1.aar (androidx.core:core:1.13.1) with AarToClassTransform
[        ] Transforming core-1.13.1.aar (androidx.core:core:1.13.1) with AarToClassTransform
[        ] Transforming core-1.13.1.aar (androidx.core:core:1.13.1) with AarToClassTransform
[        ] Transforming core-1.13.1.aar (androidx.core:core:1.13.1) with AarToClassTransform
[        ] Transforming collection-1.1.0.jar (androidx.collection:collection:1.1.0) with JetifyTransform
[        ] Transforming versionedparcelable-1.1.1.aar (androidx.versionedparcelable:versionedparcelable:1.1.1) with AarToClassTransform
[        ] Transforming collection-1.1.0.jar (androidx.collection:collection:1.1.0) with IdentityTransform
[        ] Transforming core-1.13.1.aar (androidx.core:core:1.13.1) with AarToClassTransform
[        ] Transforming annotation-jvm-1.9.1.jar (androidx.annotation:annotation-jvm:1.9.1) with JetifyTransform
[        ] Transforming profileinstaller-1.3.1.aar (androidx.profileinstaller:profileinstaller:1.3.1) with AarToClassTransform
[        ] Transforming startup-runtime-1.1.1.aar (androidx.startup:startup-runtime:1.1.1) with AarToClassTransform
[        ] Transforming interpolator-1.0.0.aar (androidx.interpolator:interpolator:1.0.0) with JetifyTransform
[        ] Transforming tracing-1.2.0.aar (androidx.tracing:tracing:1.2.0) with AarToClassTransform
[        ] Transforming interpolator-1.0.0.aar (androidx.interpolator:interpolator:1.0.0) with JetifyTransform
[        ] Transforming interpolator-1.0.0.aar (androidx.interpolator:interpolator:1.0.0) with JetifyTransform
[        ] Transforming listenablefuture-1.0.jar (com.google.guava:listenablefuture:1.0) with JetifyTransform
[        ] Transforming interpolator-1.0.0.aar (androidx.interpolator:interpolator:1.0.0) with JetifyTransform
[        ] Transforming listenablefuture-1.0.jar (com.google.guava:listenablefuture:1.0) with IdentityTransform
[        ] Transforming interpolator-1.0.0.aar (androidx.interpolator:interpolator:1.0.0) with AarToClassTransform
[        ] Transforming interpolator-1.0.0.aar (androidx.interpolator:interpolator:1.0.0) with AarToClassTransform
[        ] Transforming firebase-annotations-16.2.0.jar (com.google.firebase:firebase-annotations:16.2.0) with JetifyTransform
[        ] Transforming error_prone_annotations-2.9.0.jar (com.google.errorprone:error_prone_annotations:2.9.0) with JetifyTransform
[        ] Transforming relinker-1.4.5.aar (com.getkeepsafe.relinker:relinker:1.4.5) with JetifyTransform
[        ] Transforming interpolator-1.0.0.aar (androidx.interpolator:interpolator:1.0.0) with AarToClassTransform
[        ] Transforming kotlin-stdlib-jdk8-1.8.22.jar (org.jetbrains.kotlin:kotlin-stdlib-jdk8:1.8.22) with JetifyTransform
[        ] Transforming annotation-experimental-1.4.1.aar (androidx.annotation:annotation-experimental:1.4.1) with JetifyTransform
[        ] Transforming annotation-jvm-1.9.1.jar (androidx.annotation:annotation-jvm:1.9.1) with IdentityTransform
[        ] Transforming core-1.0.0.aar (androidx.window.extensions.core:core:1.0.0) with JetifyTransform
[        ] Transforming core-common-2.2.0.jar (androidx.arch.core:core-common:2.2.0) with JetifyTransform
[        ] Transforming core-runtime-2.2.0.aar (androidx.arch.core:core-runtime:2.2.0) with JetifyTransform
[        ] Transforming concurrent-futures-1.1.0.jar (androidx.concurrent:concurrent-futures:1.1.0) with JetifyTransform
[        ] Transforming firebase-components-17.1.5.aar (com.google.firebase:firebase-components:17.1.5) with JetifyTransform
[        ] Transforming concurrent-futures-1.1.0.jar (androidx.concurrent:concurrent-futures:1.1.0) with IdentityTransform
[        ] Transforming firebase-components-17.1.5.aar (com.google.firebase:firebase-components:17.1.5) with JetifyTransform
[        ] Transforming firebase-components-17.1.5.aar (com.google.firebase:firebase-components:17.1.5) with JetifyTransform
[        ] Transforming firebase-components-17.1.5.aar (com.google.firebase:firebase-components:17.1.5) with AarToClassTransform
[        ] Transforming firebase-components-17.1.5.aar (com.google.firebase:firebase-components:17.1.5) with AarToClassTransform
[        ] Transforming core-runtime-2.2.0.aar (androidx.arch.core:core-runtime:2.2.0) with AarToClassTransform
[        ] Transforming core-common-2.2.0.jar (androidx.arch.core:core-common:2.2.0) with IdentityTransform
[        ] Transforming core-1.0.0.aar (androidx.window.extensions.core:core:1.0.0) with AarToClassTransform
[        ] Transforming annotation-experimental-1.4.1.aar (androidx.annotation:annotation-experimental:1.4.1) with AarToClassTransform
[        ] Transforming kotlin-stdlib-jdk8-1.8.22.jar (org.jetbrains.kotlin:kotlin-stdlib-jdk8:1.8.22) with IdentityTransform
[        ] Transforming relinker-1.4.5.aar (com.getkeepsafe.relinker:relinker:1.4.5) with AarToClassTransform
[        ] Transforming error_prone_annotations-2.9.0.jar (com.google.errorprone:error_prone_annotations:2.9.0) with IdentityTransform
[        ] Transforming firebase-annotations-16.2.0.jar (com.google.firebase:firebase-annotations:16.2.0) with IdentityTransform
[        ] Transforming interpolator-1.0.0.aar (androidx.interpolator:interpolator:1.0.0) with AarToClassTransform
[        ] Transforming firebase-components-17.1.5.aar (com.google.firebase:firebase-components:17.1.5) with AarToClassTransform
[        ] work action org.gradle.api.internal.artifacts.transform.DefaultTransformUpstreamDependenciesResolver$FinalizeTransformDependenciesFromSelectedArtifacts$CalculateFinalDependencies@43df6dd7 (Thread[#1832,Execution worker Thread 15,5,main]) started.
[        ] work action Dependencies for project :flutter_native_splash {artifactType=android-classes-jar, dexing-component-attributes=ComponentSpecificParameters(minSdkVersion=21, debuggable=true, enableCoreLibraryDesugaring=false, enableGlobalSynthetics=false, enableApiModeling=false, dependenciesClassesAreInstrumented=false, asmTransformComponent=null, useJacocoTransformInstrumentation=false, enableDesugaring=true, needsClasspath=true, useFullClasspath=false, componentIfUsingFullClasspath=null)} (Thread[#1832,Execution worker Thread 15,5,main]) started.
[        ] work action org.gradle.api.internal.artifacts.transform.DefaultTransformUpstreamDependenciesResolver$FinalizeTransformDependenciesFromSelectedArtifacts$CalculateFinalDependencies@7b19d57f (Thread[#1832,Execution worker Thread 15,5,main]) started.
[        ] work action Dependencies for project :shared_preferences_android {artifactType=android-classes-jar, dexing-component-attributes=ComponentSpecificParameters(minSdkVersion=21, debuggable=true, enableCoreLibraryDesugaring=false, enableGlobalSynthetics=false, enableApiModeling=false, dependenciesClassesAreInstrumented=false, asmTransformComponent=null, useJacocoTransformInstrumentation=false, enableDesugaring=true, needsClasspath=true, useFullClasspath=false, componentIfUsingFullClasspath=null)} (Thread[#1832,Execution worker Thread 15,5,main]) started.
[        ] Transforming recyclerview-1.0.0.aar (androidx.recyclerview:recyclerview:1.0.0) with JetifyTransform
[        ] Transforming appcompat-1.1.0.aar (androidx.appcompat:appcompat:1.1.0) with JetifyTransform
[        ] Transforming recyclerview-1.0.0.aar (androidx.recyclerview:recyclerview:1.0.0) with AarToClassTransform
[        ] Transforming appcompat-1.1.0.aar (androidx.appcompat:appcompat:1.1.0) with AarToClassTransform
[        ] Transforming slidingpanelayout-1.2.0.aar (androidx.slidingpanelayout:slidingpanelayout:1.2.0) with JetifyTransform
[        ] Transforming datastore-release.aar (androidx.datastore:datastore-android:1.1.1) with JetifyTransform
[        ] Transforming lifecycle-runtime-ktx-2.7.0.aar (androidx.lifecycle:lifecycle-runtime-ktx:2.7.0) with JetifyTransform
[        ] Transforming datastore-core-release.aar (androidx.datastore:datastore-core-android:1.1.1) with JetifyTransform
[        ] Transforming legacy-support-core-ui-1.0.0.aar (androidx.legacy:legacy-support-core-ui:1.0.0) with JetifyTransform
[        ] Transforming slidingpanelayout-1.2.0.aar (androidx.slidingpanelayout:slidingpanelayout:1.2.0) with JetifyTransform
[        ] Transforming lifecycle-viewmodel-ktx-2.7.0.aar (androidx.lifecycle:lifecycle-viewmodel-ktx:2.7.0) with JetifyTransform
[        ] Transforming legacy-support-core-ui-1.0.0.aar (androidx.legacy:legacy-support-core-ui:1.0.0) with AarToClassTransform
[        ] Transforming datastore-core-release.aar (androidx.datastore:datastore-core-android:1.1.1) with AarToClassTransform
[        ] Transforming datastore-core-okio-jvm-1.1.1.jar (androidx.datastore:datastore-core-okio-jvm:1.1.1) with JetifyTransform
[        ] Transforming preference-1.2.1.aar (androidx.preference:preference:1.2.1) with JetifyTransform
[        ] Transforming lifecycle-runtime-ktx-2.7.0.aar (androidx.lifecycle:lifecycle-runtime-ktx:2.7.0) with AarToClassTransform
[        ] Transforming savedstate-ktx-1.2.1.aar (androidx.savedstate:savedstate-ktx:1.2.1) with JetifyTransform
[        ] Transforming datastore-release.aar (androidx.datastore:datastore-android:1.1.1) with AarToClassTransform
[        ] Transforming slidingpanelayout-1.2.0.aar (androidx.slidingpanelayout:slidingpanelayout:1.2.0) with AarToClassTransform
[        ] Transforming datastore-preferences-core-jvm-1.1.1.jar (androidx.datastore:datastore-preferences-core-jvm:1.1.1) with JetifyTransform
[        ] Transforming coordinatorlayout-1.0.0.aar (androidx.coordinatorlayout:coordinatorlayout:1.0.0) with JetifyTransform
[        ] Transforming activity-ktx-1.8.1.aar (androidx.activity:activity-ktx:1.8.1) with JetifyTransform
[        ] Transforming vectordrawable-animated-1.1.0.aar (androidx.vectordrawable:vectordrawable-animated:1.1.0) with JetifyTransform
[        ] Transforming drawerlayout-1.0.0.aar (androidx.drawerlayout:drawerlayout:1.0.0) with JetifyTransform
[        ] Transforming drawerlayout-1.0.0.aar (androidx.drawerlayout:drawerlayout:1.0.0) with JetifyTransform
[        ] Transforming savedstate-ktx-1.2.1.aar (androidx.savedstate:savedstate-ktx:1.2.1) with AarToClassTransform
[        ] Transforming preference-1.2.1.aar (androidx.preference:preference:1.2.1) with AarToClassTransform
[        ] Transforming fragment-ktx-1.7.1.aar (androidx.fragment:fragment-ktx:1.7.1) with JetifyTransform
[        ] Transforming datastore-core-okio-jvm-1.1.1.jar (androidx.datastore:datastore-core-okio-jvm:1.1.1) with IdentityTransform
[        ] Transforming legacy-support-core-utils-1.0.0.aar (androidx.legacy:legacy-support-core-utils:1.0.0) with JetifyTransform
[        ] Transforming appcompat-resources-1.1.0.aar (androidx.appcompat:appcompat-resources:1.1.0) with JetifyTransform
[        ] Transforming lifecycle-viewmodel-ktx-2.7.0.aar (androidx.lifecycle:lifecycle-viewmodel-ktx:2.7.0) with AarToClassTransform
[        ] Transforming datastore-preferences-release.aar (androidx.datastore:datastore-preferences-android:1.1.1) with JetifyTransform
[        ] Transforming slidingpanelayout-1.2.0.aar (androidx.slidingpanelayout:slidingpanelayout:1.2.0) with AarToClassTransform
[        ] Transforming asynclayoutinflater-1.0.0.aar (androidx.asynclayoutinflater:asynclayoutinflater:1.0.0) with JetifyTransform
[        ] Transforming datastore-preferences-release.aar (androidx.datastore:datastore-preferences-android:1.1.1) with AarToClassTransform
[        ] Transforming appcompat-resources-1.1.0.aar (androidx.appcompat:appcompat-resources:1.1.0) with AarToClassTransform
[        ] Transforming swiperefreshlayout-1.0.0.aar (androidx.swiperefreshlayout:swiperefreshlayout:1.0.0) with JetifyTransform
[        ] Transforming legacy-support-core-utils-1.0.0.aar (androidx.legacy:legacy-support-core-utils:1.0.0) with AarToClassTransform
[        ] Transforming vectordrawable-1.1.0.aar (androidx.vectordrawable:vectordrawable:1.1.0) with JetifyTransform
[        ] Transforming vectordrawable-1.1.0.aar (androidx.vectordrawable:vectordrawable:1.1.0) with JetifyTransform
[        ] Transforming fragment-ktx-1.7.1.aar (androidx.fragment:fragment-ktx:1.7.1) with AarToClassTransform
[        ] Transforming drawerlayout-1.0.0.aar (androidx.drawerlayout:drawerlayout:1.0.0) with AarToClassTransform
[        ] Transforming drawerlayout-1.0.0.aar (androidx.drawerlayout:drawerlayout:1.0.0) with AarToClassTransform
[        ] Transforming vectordrawable-animated-1.1.0.aar (androidx.vectordrawable:vectordrawable-animated:1.1.0) with AarToClassTransform
[        ] Transforming documentfile-1.0.0.aar (androidx.documentfile:documentfile:1.0.0) with JetifyTransform
[        ] Transforming print-1.0.0.aar (androidx.print:print:1.0.0) with JetifyTransform
[        ] Transforming activity-ktx-1.8.1.aar (androidx.activity:activity-ktx:1.8.1) with AarToClassTransform
[        ] Transforming coordinatorlayout-1.0.0.aar (androidx.coordinatorlayout:coordinatorlayout:1.0.0) with AarToClassTransform
[        ] Transforming datastore-preferences-core-jvm-1.1.1.jar (androidx.datastore:datastore-preferences-core-jvm:1.1.1) with IdentityTransform
[        ] Transforming transition-1.4.1.aar (androidx.transition:transition:1.4.1) with JetifyTransform
[        ] Transforming okio-jvm-3.4.0.jar (com.squareup.okio:okio-jvm:3.4.0) with JetifyTransform
[        ] Transforming kotlin-android-extensions-runtime-1.9.22.jar (org.jetbrains.kotlin:kotlin-android-extensions-runtime:1.9.22) with JetifyTransform
[        ] Transforming kotlin-parcelize-runtime-1.9.22.jar (org.jetbrains.kotlin:kotlin-parcelize-runtime:1.9.22) with JetifyTransform
[        ] Transforming print-1.0.0.aar (androidx.print:print:1.0.0) with AarToClassTransform
[        ] Transforming documentfile-1.0.0.aar (androidx.documentfile:documentfile:1.0.0) with AarToClassTransform
[        ] Transforming cursoradapter-1.0.0.aar (androidx.cursoradapter:cursoradapter:1.0.0) with JetifyTransform
[        ] Transforming vectordrawable-1.1.0.aar (androidx.vectordrawable:vectordrawable:1.1.0) with AarToClassTransform
[        ] Transforming cursoradapter-1.0.0.aar (androidx.cursoradapter:cursoradapter:1.0.0) with JetifyTransform
[        ] Transforming vectordrawable-1.1.0.aar (androidx.vectordrawable:vectordrawable:1.1.0) with AarToClassTransform
[        ] Transforming swiperefreshlayout-1.0.0.aar (androidx.swiperefreshlayout:swiperefreshlayout:1.0.0) with AarToClassTransform
[        ] Transforming localbroadcastmanager-1.0.0.aar (androidx.localbroadcastmanager:localbroadcastmanager:1.0.0) with JetifyTransform
[        ] Transforming localbroadcastmanager-1.0.0.aar (androidx.localbroadcastmanager:localbroadcastmanager:1.0.0) with JetifyTransform
[        ] Transforming collection-ktx-1.1.0.jar (androidx.collection:collection-ktx:1.1.0) with JetifyTransform
[        ] Transforming asynclayoutinflater-1.0.0.aar (androidx.asynclayoutinflater:asynclayoutinflater:1.0.0) with AarToClassTransform
[        ] Transforming collection-ktx-1.1.0.jar (androidx.collection:collection-ktx:1.1.0) with IdentityTransform
[        ] Transforming localbroadcastmanager-1.0.0.aar (androidx.localbroadcastmanager:localbroadcastmanager:1.0.0) with AarToClassTransform
[        ] Transforming localbroadcastmanager-1.0.0.aar (androidx.localbroadcastmanager:localbroadcastmanager:1.0.0) with AarToClassTransform
[        ] Transforming cursoradapter-1.0.0.aar (androidx.cursoradapter:cursoradapter:1.0.0) with AarToClassTransform
[        ] Transforming cursoradapter-1.0.0.aar (androidx.cursoradapter:cursoradapter:1.0.0) with AarToClassTransform
[        ] Transforming kotlin-parcelize-runtime-1.9.22.jar (org.jetbrains.kotlin:kotlin-parcelize-runtime:1.9.22) with IdentityTransform
[        ] Transforming kotlin-android-extensions-runtime-1.9.22.jar (org.jetbrains.kotlin:kotlin-android-extensions-runtime:1.9.22) with IdentityTransform
[        ] Transforming okio-jvm-3.4.0.jar (com.squareup.okio:okio-jvm:3.4.0) with IdentityTransform
[        ] Transforming transition-1.4.1.aar (androidx.transition:transition:1.4.1) with AarToClassTransform
[        ] work action org.gradle.api.internal.artifacts.transform.DefaultTransformUpstreamDependenciesResolver$FinalizeTransformDependenciesFromSelectedArtifacts$CalculateFinalDependencies@3eeb992a (Thread[#1832,Execution worker Thread 15,5,main]) started.
[        ] work action Dependencies for project :url_launcher_android {artifactType=android-classes-jar, dexing-component-attributes=ComponentSpecificParameters(minSdkVersion=21, debuggable=true, enableCoreLibraryDesugaring=false, enableGlobalSynthetics=false, enableApiModeling=false, dependenciesClassesAreInstrumented=false, asmTransformComponent=null, useJacocoTransformInstrumentation=false, enableDesugaring=true, needsClasspath=true, useFullClasspath=false, componentIfUsingFullClasspath=null)} (Thread[#1832,Execution worker Thread 15,5,main]) started.
[        ] Transforming browser-1.8.0.aar (androidx.browser:browser:1.8.0) with JetifyTransform
[        ] Transforming browser-1.8.0.aar (androidx.browser:browser:1.8.0) with JetifyTransform
[        ] Transforming browser-1.8.0.aar (androidx.browser:browser:1.8.0) with AarToClassTransform
[        ] Transforming browser-1.8.0.aar (androidx.browser:browser:1.8.0) with AarToClassTransform
[        ] work action org.gradle.api.internal.artifacts.transform.DefaultTransformUpstreamDependenciesResolver$FinalizeTransformDependenciesFromSelectedArtifacts$CalculateFinalDependencies@7ed2a426 (Thread[#1822,Execution worker Thread 6,5,main]) started.
[        ] work action Dependencies for project :webview_flutter_android {artifactType=android-classes-jar, dexing-component-attributes=ComponentSpecificParameters(minSdkVersion=21, debuggable=true, enableCoreLibraryDesugaring=false, enableGlobalSynthetics=false, enableApiModeling=false, dependenciesClassesAreInstrumented=false, asmTransformComponent=null, useJacocoTransformInstrumentation=false, enableDesugaring=true, needsClasspath=true, useFullClasspath=false, componentIfUsingFullClasspath=null)} (Thread[#1822,Execution worker Thread 6,5,main]) started.
[        ] Transforming webkit-1.12.1.aar (androidx.webkit:webkit:1.12.1) with JetifyTransform
[        ] Transforming webkit-1.12.1.aar (androidx.webkit:webkit:1.12.1) with AarToClassTransform
[        ] Resolve mutations for :firebase_auth:preBuild (Thread[#1822,Execution worker Thread 6,5,main]) started.
[        ] :firebase_auth:preBuild (Thread[#1822,Execution worker Thread 6,5,main]) started.
[        ] > Task :firebase_auth:preBuild UP-TO-DATE
[        ] Skipping task ':firebase_auth:preBuild' as it has no actions.
[        ] Resolve mutations for :firebase_auth:preDebugBuild (Thread[#1822,Execution worker Thread 6,5,main]) started.
[        ] :firebase_auth:preDebugBuild (Thread[#1828,Execution worker Thread 11,5,main]) started.
[        ] > Task :firebase_auth:preDebugBuild UP-TO-DATE
[        ] Skipping task ':firebase_auth:preDebugBuild' as it has no actions.
[        ] Resolve mutations for :firebase_auth:writeDebugAarMetadata (Thread[#1828,Execution worker Thread 11,5,main]) started.
[        ] :firebase_auth:writeDebugAarMetadata (Thread[#1828,Execution worker Thread 11,5,main]) started.
[        ] > Task :firebase_auth:writeDebugAarMetadata UP-TO-DATE
[        ] Caching disabled for task ':firebase_auth:writeDebugAarMetadata' because:
[        ]   Build cache is disabled
[        ]   Caching has been disabled for the task
[        ] Skipping task ':firebase_auth:writeDebugAarMetadata' as it is up-to-date.
[        ] work action resolve aar-metadata.properties (project :firebase_auth) (Thread[#1828,Execution worker Thread 11,5,main]) started.
[        ] Resolve mutations for :firebase_core:preBuild (Thread[#1828,Execution worker Thread 11,5,main]) started.
[        ] :firebase_core:preBuild (Thread[#1828,Execution worker Thread 11,5,main]) started.
[        ] > Task :firebase_core:preBuild UP-TO-DATE
[        ] Skipping task ':firebase_core:preBuild' as it has no actions.
[        ] Resolve mutations for :firebase_core:preDebugBuild (Thread[#1828,Execution worker Thread 11,5,main]) started.
[        ] :firebase_core:preDebugBuild (Thread[#1828,Execution worker Thread 11,5,main]) started.
[        ] > Task :firebase_core:preDebugBuild UP-TO-DATE
[        ] Skipping task ':firebase_core:preDebugBuild' as it has no actions.
[        ] Resolve mutations for :firebase_core:writeDebugAarMetadata (Thread[#1828,Execution worker Thread 11,5,main]) started.
[        ] :firebase_core:writeDebugAarMetadata (Thread[#1820,Execution worker Thread 4,5,main]) started.
[        ] > Task :firebase_core:writeDebugAarMetadata UP-TO-DATE
[        ] Caching disabled for task ':firebase_core:writeDebugAarMetadata' because:
[        ]   Build cache is disabled
[        ]   Caching has been disabled for the task
[        ] Skipping task ':firebase_core:writeDebugAarMetadata' as it is up-to-date.
[        ] work action resolve aar-metadata.properties (project :firebase_core) (Thread[#1820,Execution worker Thread 4,5,main]) started.
[        ] Resolve mutations for :flutter_native_splash:preBuild (Thread[#1823,Execution worker Thread 7,5,main]) started.
[        ] :flutter_native_splash:preBuild (Thread[#1823,Execution worker Thread 7,5,main]) started.
[        ] > Task :flutter_native_splash:preBuild UP-TO-DATE
[        ] Skipping task ':flutter_native_splash:preBuild' as it has no actions.
[        ] Resolve mutations for :flutter_native_splash:preDebugBuild (Thread[#1823,Execution worker Thread 7,5,main]) started.
[        ] :flutter_native_splash:preDebugBuild (Thread[#1823,Execution worker Thread 7,5,main]) started.
[        ] > Task :flutter_native_splash:preDebugBuild UP-TO-DATE
[        ] Skipping task ':flutter_native_splash:preDebugBuild' as it has no actions.
[        ] Resolve mutations for :flutter_native_splash:writeDebugAarMetadata (Thread[#1823,Execution worker Thread 7,5,main]) started.
[        ] :flutter_native_splash:writeDebugAarMetadata (Thread[#1823,Execution worker Thread 7,5,main]) started.
[        ] > Task :flutter_native_splash:writeDebugAarMetadata UP-TO-DATE
[        ] Caching disabled for task ':flutter_native_splash:writeDebugAarMetadata' because:
[        ]   Build cache is disabled
[        ]   Caching has been disabled for the task
[        ] Skipping task ':flutter_native_splash:writeDebugAarMetadata' as it is up-to-date.
[        ] work action resolve aar-metadata.properties (project :flutter_native_splash) (Thread[#1831,Execution worker Thread 14,5,main]) started.
[        ] Resolve mutations for :shared_preferences_android:preBuild (Thread[#1821,Execution worker Thread 5,5,main]) started.
[        ] :shared_preferences_android:preBuild (Thread[#1821,Execution worker Thread 5,5,main]) started.
[        ] > Task :shared_preferences_android:preBuild UP-TO-DATE
[        ] Skipping task ':shared_preferences_android:preBuild' as it has no actions.
[        ] Resolve mutations for :shared_preferences_android:preDebugBuild (Thread[#1821,Execution worker Thread 5,5,main]) started.
[        ] :shared_preferences_android:preDebugBuild (Thread[#1819,Execution worker Thread 3,5,main]) started.
[        ] > Task :shared_preferences_android:preDebugBuild UP-TO-DATE
[        ] Skipping task ':shared_preferences_android:preDebugBuild' as it has no actions.
[        ] Resolve mutations for :shared_preferences_android:writeDebugAarMetadata (Thread[#1819,Execution worker Thread 3,5,main]) started.
[        ] :shared_preferences_android:writeDebugAarMetadata (Thread[#1819,Execution worker Thread 3,5,main]) started.
[        ] > Task :shared_preferences_android:writeDebugAarMetadata UP-TO-DATE
[        ] Caching disabled for task ':shared_preferences_android:writeDebugAarMetadata' because:
[        ]   Build cache is disabled
[        ]   Caching has been disabled for the task
[        ] Skipping task ':shared_preferences_android:writeDebugAarMetadata' as it is up-to-date.
[        ] work action resolve aar-metadata.properties (project :shared_preferences_android) (Thread[#1819,Execution worker Thread 3,5,main]) started.
[        ] Resolve mutations for :url_launcher_android:preBuild (Thread[#1819,Execution worker Thread 3,5,main]) started.
[        ] :url_launcher_android:preBuild (Thread[#1822,Execution worker Thread 6,5,main]) started.
[        ] > Task :url_launcher_android:preBuild UP-TO-DATE
[        ] Skipping task ':url_launcher_android:preBuild' as it has no actions.
[        ] Resolve mutations for :url_launcher_android:preDebugBuild (Thread[#1822,Execution worker Thread 6,5,main]) started.
[        ] :url_launcher_android:preDebugBuild (Thread[#1822,Execution worker Thread 6,5,main]) started.
[        ] > Task :url_launcher_android:preDebugBuild UP-TO-DATE
[        ] Skipping task ':url_launcher_android:preDebugBuild' as it has no actions.
[        ] Resolve mutations for :url_launcher_android:writeDebugAarMetadata (Thread[#1822,Execution worker Thread 6,5,main]) started.
[        ] :url_launcher_android:writeDebugAarMetadata (Thread[#1831,Execution worker Thread 14,5,main]) started.
[        ] > Task :url_launcher_android:writeDebugAarMetadata UP-TO-DATE
[        ] Caching disabled for task ':url_launcher_android:writeDebugAarMetadata' because:
[        ]   Build cache is disabled
[        ]   Caching has been disabled for the task
[        ] Skipping task ':url_launcher_android:writeDebugAarMetadata' as it is up-to-date.
[        ] work action resolve aar-metadata.properties (project :url_launcher_android) (Thread[#1831,Execution worker Thread 14,5,main]) started.
[        ] Resolve mutations for :webview_flutter_android:preBuild (Thread[#1831,Execution worker Thread 14,5,main]) started.
[        ] :webview_flutter_android:preBuild (Thread[#1832,Execution worker Thread 15,5,main]) started.
[        ] > Task :webview_flutter_android:preBuild UP-TO-DATE
[        ] Skipping task ':webview_flutter_android:preBuild' as it has no actions.
[        ] Resolve mutations for :webview_flutter_android:preDebugBuild (Thread[#1832,Execution worker Thread 15,5,main]) started.
[        ] :webview_flutter_android:preDebugBuild (Thread[#1832,Execution worker Thread 15,5,main]) started.
[        ] > Task :webview_flutter_android:preDebugBuild UP-TO-DATE
[        ] Skipping task ':webview_flutter_android:preDebugBuild' as it has no actions.
[        ] Resolve mutations for :webview_flutter_android:writeDebugAarMetadata (Thread[#1832,Execution worker Thread 15,5,main]) started.
[        ] :webview_flutter_android:writeDebugAarMetadata (Thread[#1818,Execution worker Thread 2,5,main]) started.
[        ] > Task :webview_flutter_android:writeDebugAarMetadata UP-TO-DATE
[        ] Caching disabled for task ':webview_flutter_android:writeDebugAarMetadata' because:
[        ]   Build cache is disabled
[        ]   Caching has been disabled for the task
[        ] Skipping task ':webview_flutter_android:writeDebugAarMetadata' as it is up-to-date.
[        ] work action resolve aar-metadata.properties (project :webview_flutter_android) (Thread[#1818,Execution worker Thread 2,5,main]) started.
[        ] Resolve mutations for :app:checkDebugAarMetadata (Thread[#1818,Execution worker Thread 2,5,main]) started.
[        ] :app:checkDebugAarMetadata (Thread[#1818,Execution worker Thread 2,5,main]) started.
[        ] > Task :app:checkDebugAarMetadata UP-TO-DATE
[        ] Transforming preference-1.2.1.aar (androidx.preference:preference:1.2.1) with JetifyTransform
[        ] Transforming preference-1.2.1.aar (androidx.preference:preference:1.2.1) with ExtractAarTransform
[        ] Transforming preference-1.2.1.aar (androidx.preference:preference:1.2.1) with AarTransform
[        ] Transforming browser-1.8.0.aar (androidx.browser:browser:1.8.0) with JetifyTransform
[        ] Transforming firebase-common-ktx-20.4.3.aar (com.google.firebase:firebase-common-ktx:20.4.3) with JetifyTransform
[        ] Transforming browser-1.8.0.aar (androidx.browser:browser:1.8.0) with ExtractAarTransform
[        ] Transforming firebase-auth-22.3.1.aar (com.google.firebase:firebase-auth:22.3.1) with JetifyTransform
[        ] Transforming browser-1.8.0.aar (androidx.browser:browser:1.8.0) with AarTransform
[        ] Transforming firebase-common-ktx-20.4.3.aar (com.google.firebase:firebase-common-ktx:20.4.3) with ExtractAarTransform
[        ] Transforming firebase-auth-22.3.1.aar (com.google.firebase:firebase-auth:22.3.1) with ExtractAarTransform
[        ] Transforming firebase-common-ktx-20.4.3.aar (com.google.firebase:firebase-common-ktx:20.4.3) with AarTransform
[        ] Transforming browser-1.8.0.aar (androidx.browser:browser:1.8.0) with JetifyTransform
[        ] Transforming firebase-auth-22.3.1.aar (com.google.firebase:firebase-auth:22.3.1) with AarTransform
[        ] Transforming browser-1.8.0.aar (androidx.browser:browser:1.8.0) with ExtractAarTransform
[        ] Transforming browser-1.8.0.aar (androidx.browser:browser:1.8.0) with AarTransform
[        ] Transforming webkit-1.12.1.aar (androidx.webkit:webkit:1.12.1) with JetifyTransform
[        ] Transforming webkit-1.12.1.aar (androidx.webkit:webkit:1.12.1) with ExtractAarTransform
[        ] Transforming webkit-1.12.1.aar (androidx.webkit:webkit:1.12.1) with AarTransform
[        ] Transforming recyclerview-1.0.0.aar (androidx.recyclerview:recyclerview:1.0.0) with JetifyTransform
[        ] Transforming recyclerview-1.0.0.aar (androidx.recyclerview:recyclerview:1.0.0) with ExtractAarTransform
[        ] Transforming recyclerview-1.0.0.aar (androidx.recyclerview:recyclerview:1.0.0) with AarTransform
[        ] Transforming legacy-support-core-ui-1.0.0.aar (androidx.legacy:legacy-support-core-ui:1.0.0) with JetifyTransform
[        ] Transforming legacy-support-core-ui-1.0.0.aar (androidx.legacy:legacy-support-core-ui:1.0.0) with ExtractAarTransform
[        ] Transforming legacy-support-core-ui-1.0.0.aar (androidx.legacy:legacy-support-core-ui:1.0.0) with AarTransform
[        ] Transforming slidingpanelayout-1.2.0.aar (androidx.slidingpanelayout:slidingpanelayout:1.2.0) with JetifyTransform
[        ] Transforming slidingpanelayout-1.2.0.aar (androidx.slidingpanelayout:slidingpanelayout:1.2.0) with ExtractAarTransform
[        ] Transforming slidingpanelayout-1.2.0.aar (androidx.slidingpanelayout:slidingpanelayout:1.2.0) with AarTransform
[        ] Transforming slidingpanelayout-1.2.0.aar (androidx.slidingpanelayout:slidingpanelayout:1.2.0) with JetifyTransform
[        ] Transforming slidingpanelayout-1.2.0.aar (androidx.slidingpanelayout:slidingpanelayout:1.2.0) with ExtractAarTransform
[        ] Transforming slidingpanelayout-1.2.0.aar (androidx.slidingpanelayout:slidingpanelayout:1.2.0) with AarTransform
[        ] Transforming window-1.2.0.aar (androidx.window:window:1.2.0) with JetifyTransform
[        ] Transforming window-1.2.0.aar (androidx.window:window:1.2.0) with ExtractAarTransform
[        ] Transforming window-1.2.0.aar (androidx.window:window:1.2.0) with AarTransform
[        ] Transforming window-java-1.2.0.aar (androidx.window:window-java:1.2.0) with JetifyTransform
[        ] Transforming window-java-1.2.0.aar (androidx.window:window-java:1.2.0) with ExtractAarTransform
[        ] Transforming window-java-1.2.0.aar (androidx.window:window-java:1.2.0) with AarTransform
[        ] Transforming appcompat-1.1.0.aar (androidx.appcompat:appcompat:1.1.0) with JetifyTransform
[        ] Transforming appcompat-1.1.0.aar (androidx.appcompat:appcompat:1.1.0) with ExtractAarTransform
[        ] Transforming appcompat-1.1.0.aar (androidx.appcompat:appcompat:1.1.0) with AarTransform
[        ] Transforming firebase-common-20.4.3.aar (com.google.firebase:firebase-common:20.4.3) with JetifyTransform
[        ] Transforming firebase-common-20.4.3.aar (com.google.firebase:firebase-common:20.4.3) with ExtractAarTransform
[        ] Transforming firebase-common-20.4.3.aar (com.google.firebase:firebase-common:20.4.3) with AarTransform
[        ] Transforming firebase-auth-interop-20.0.0.aar (com.google.firebase:firebase-auth-interop:20.0.0) with JetifyTransform
[        ] Transforming firebase-common-20.4.3.aar (com.google.firebase:firebase-common:20.4.3) with JetifyTransform
[        ] Transforming firebase-auth-interop-20.0.0.aar (com.google.firebase:firebase-auth-interop:20.0.0) with ExtractAarTransform
[        ] Transforming firebase-common-20.4.3.aar (com.google.firebase:firebase-common:20.4.3) with ExtractAarTransform
[        ] Transforming firebase-auth-interop-20.0.0.aar (com.google.firebase:firebase-auth-interop:20.0.0) with AarTransform
[        ] Transforming firebase-common-20.4.3.aar (com.google.firebase:firebase-common:20.4.3) with AarTransform
[        ] Transforming fragment-ktx-1.7.1.aar (androidx.fragment:fragment-ktx:1.7.1) with JetifyTransform
[        ] Transforming fragment-ktx-1.7.1.aar (androidx.fragment:fragment-ktx:1.7.1) with ExtractAarTransform
[        ] Transforming fragment-ktx-1.7.1.aar (androidx.fragment:fragment-ktx:1.7.1) with AarTransform
[        ] Transforming play-services-auth-api-phone-17.4.0.aar (com.google.android.gms:play-services-auth-api-phone:17.4.0) with JetifyTransform
[        ] Transforming fragment-1.7.1.aar (androidx.fragment:fragment:1.7.1) with JetifyTransform
[        ] Transforming play-services-auth-api-phone-17.4.0.aar (com.google.android.gms:play-services-auth-api-phone:17.4.0) with ExtractAarTransform
[        ] Transforming recaptcha-18.4.0.aar (com.google.android.recaptcha:recaptcha:18.4.0) with JetifyTransform
[        ] Transforming play-services-auth-api-phone-17.4.0.aar (com.google.android.gms:play-services-auth-api-phone:17.4.0) with AarTransform
[        ] Transforming recaptcha-18.4.0.aar (com.google.android.recaptcha:recaptcha:18.4.0) with ExtractAarTransform
[        ] Transforming integrity-1.2.0.aar (com.google.android.play:integrity:1.2.0) with JetifyTransform
[        ] Transforming fragment-1.7.1.aar (androidx.fragment:fragment:1.7.1) with ExtractAarTransform
[        ] Transforming play-services-base-18.0.1.aar (com.google.android.gms:play-services-base:18.0.1) with JetifyTransform
[        ] Transforming fragment-1.7.1.aar (androidx.fragment:fragment:1.7.1) with AarTransform
[        ] Transforming play-services-base-18.0.1.aar (com.google.android.gms:play-services-base:18.0.1) with ExtractAarTransform
[        ] Transforming fragment-1.7.1.aar (androidx.fragment:fragment:1.7.1) with JetifyTransform
[        ] Transforming play-services-base-18.0.1.aar (com.google.android.gms:play-services-base:18.0.1) with AarTransform
[        ] Transforming fragment-1.7.1.aar (androidx.fragment:fragment:1.7.1) with ExtractAarTransform
[        ] Transforming integrity-1.2.0.aar (com.google.android.play:integrity:1.2.0) with ExtractAarTransform
[        ] Transforming play-services-base-18.0.1.aar (com.google.android.gms:play-services-base:18.0.1) with JetifyTransform
[        ] Transforming integrity-1.2.0.aar (com.google.android.play:integrity:1.2.0) with AarTransform
[        ] Transforming play-services-base-18.0.1.aar (com.google.android.gms:play-services-base:18.0.1) with ExtractAarTransform
[        ] Transforming recaptcha-18.4.0.aar (com.google.android.recaptcha:recaptcha:18.4.0) with AarTransform
[        ] Transforming play-services-base-18.0.1.aar (com.google.android.gms:play-services-base:18.0.1) with AarTransform
[        ] Transforming integrity-1.2.0.aar (com.google.android.play:integrity:1.2.0) with JetifyTransform
[        ] Transforming fragment-1.7.1.aar (androidx.fragment:fragment:1.7.1) with AarTransform
[        ] Transforming firebase-appcheck-interop-17.0.0.aar (com.google.firebase:firebase-appcheck-interop:17.0.0) with JetifyTransform
[        ] Transforming activity-ktx-1.8.1.aar (androidx.activity:activity-ktx:1.8.1) with JetifyTransform
[        ] Transforming firebase-appcheck-interop-17.0.0.aar (com.google.firebase:firebase-appcheck-interop:17.0.0) with ExtractAarTransform
[        ] Transforming activity-ktx-1.8.1.aar (androidx.activity:activity-ktx:1.8.1) with ExtractAarTransform
[        ] Transforming firebase-appcheck-interop-17.0.0.aar (com.google.firebase:firebase-appcheck-interop:17.0.0) with AarTransform
[        ] Transforming integrity-1.2.0.aar (com.google.android.play:integrity:1.2.0) with ExtractAarTransform
[        ] Transforming activity-ktx-1.8.1.aar (androidx.activity:activity-ktx:1.8.1) with AarTransform
[        ] Transforming integrity-1.2.0.aar (com.google.android.play:integrity:1.2.0) with AarTransform
[        ] Transforming activity-1.8.1.aar (androidx.activity:activity:1.8.1) with JetifyTransform
[        ] Transforming activity-1.8.1.aar (androidx.activity:activity:1.8.1) with ExtractAarTransform
[        ] Transforming activity-1.8.1.aar (androidx.activity:activity:1.8.1) with AarTransform
[        ] Transforming legacy-support-core-utils-1.0.0.aar (androidx.legacy:legacy-support-core-utils:1.0.0) with JetifyTransform
[        ] Transforming legacy-support-core-utils-1.0.0.aar (androidx.legacy:legacy-support-core-utils:1.0.0) with ExtractAarTransform
[        ] Transforming legacy-support-core-utils-1.0.0.aar (androidx.legacy:legacy-support-core-utils:1.0.0) with AarTransform
[        ] Transforming loader-1.0.0.aar (androidx.loader:loader:1.0.0) with JetifyTransform
[        ] Transforming loader-1.0.0.aar (androidx.loader:loader:1.0.0) with ExtractAarTransform
[        ] Transforming loader-1.0.0.aar (androidx.loader:loader:1.0.0) with AarTransform
[        ] Transforming loader-1.0.0.aar (androidx.loader:loader:1.0.0) with JetifyTransform
[        ] Transforming loader-1.0.0.aar (androidx.loader:loader:1.0.0) with ExtractAarTransform
[        ] Transforming loader-1.0.0.aar (androidx.loader:loader:1.0.0) with AarTransform
[        ] Transforming lifecycle-runtime-ktx-2.7.0.aar (androidx.lifecycle:lifecycle-runtime-ktx:2.7.0) with JetifyTransform
[        ] Transforming lifecycle-runtime-ktx-2.7.0.aar (androidx.lifecycle:lifecycle-runtime-ktx:2.7.0) with ExtractAarTransform
[        ] Transforming lifecycle-runtime-ktx-2.7.0.aar (androidx.lifecycle:lifecycle-runtime-ktx:2.7.0) with AarTransform
[        ] Transforming lifecycle-livedata-2.7.0.aar (androidx.lifecycle:lifecycle-livedata:2.7.0) with JetifyTransform
[        ] Transforming lifecycle-livedata-2.7.0.aar (androidx.lifecycle:lifecycle-livedata:2.7.0) with ExtractAarTransform
[        ] Transforming lifecycle-livedata-2.7.0.aar (androidx.lifecycle:lifecycle-livedata:2.7.0) with AarTransform
[        ] Transforming lifecycle-livedata-core-ktx-2.7.0.aar (androidx.lifecycle:lifecycle-livedata-core-ktx:2.7.0) with JetifyTransform
[        ] Transforming lifecycle-livedata-core-ktx-2.7.0.aar (androidx.lifecycle:lifecycle-livedata-core-ktx:2.7.0) with ExtractAarTransform
[        ] Transforming lifecycle-livedata-core-ktx-2.7.0.aar (androidx.lifecycle:lifecycle-livedata-core-ktx:2.7.0) with AarTransform
[        ] Transforming lifecycle-viewmodel-ktx-2.7.0.aar (androidx.lifecycle:lifecycle-viewmodel-ktx:2.7.0) with JetifyTransform
[        ] Transforming lifecycle-viewmodel-ktx-2.7.0.aar (androidx.lifecycle:lifecycle-viewmodel-ktx:2.7.0) with ExtractAarTransform
[        ] Transforming lifecycle-viewmodel-ktx-2.7.0.aar (androidx.lifecycle:lifecycle-viewmodel-ktx:2.7.0) with AarTransform
[        ] Transforming lifecycle-viewmodel-savedstate-2.7.0.aar (androidx.lifecycle:lifecycle-viewmodel-savedstate:2.7.0) with JetifyTransform
[        ] Transforming lifecycle-viewmodel-savedstate-2.7.0.aar (androidx.lifecycle:lifecycle-viewmodel-savedstate:2.7.0) with ExtractAarTransform
[        ] Transforming lifecycle-viewmodel-savedstate-2.7.0.aar (androidx.lifecycle:lifecycle-viewmodel-savedstate:2.7.0) with AarTransform
[        ] Transforming lifecycle-viewmodel-2.7.0.aar (androidx.lifecycle:lifecycle-viewmodel:2.7.0) with JetifyTransform
[        ] Transforming lifecycle-viewmodel-2.7.0.aar (androidx.lifecycle:lifecycle-viewmodel:2.7.0) with ExtractAarTransform
[        ] Transforming lifecycle-viewmodel-2.7.0.aar (androidx.lifecycle:lifecycle-viewmodel:2.7.0) with AarTransform
[        ] Transforming lifecycle-viewmodel-2.7.0.aar (androidx.lifecycle:lifecycle-viewmodel:2.7.0) with JetifyTransform
[        ] Transforming lifecycle-viewmodel-2.7.0.aar (androidx.lifecycle:lifecycle-viewmodel:2.7.0) with ExtractAarTransform
[        ] Transforming lifecycle-viewmodel-2.7.0.aar (androidx.lifecycle:lifecycle-viewmodel:2.7.0) with AarTransform
[        ] Transforming lifecycle-livedata-core-2.7.0.aar (androidx.lifecycle:lifecycle-livedata-core:2.7.0) with JetifyTransform
[        ] Transforming lifecycle-livedata-core-2.7.0.aar (androidx.lifecycle:lifecycle-livedata-core:2.7.0) with ExtractAarTransform
[        ] Transforming lifecycle-livedata-core-2.7.0.aar (androidx.lifecycle:lifecycle-livedata-core:2.7.0) with AarTransform
[        ] Transforming lifecycle-runtime-2.7.0.aar (androidx.lifecycle:lifecycle-runtime:2.7.0) with JetifyTransform
[        ] Transforming lifecycle-runtime-2.7.0.aar (androidx.lifecycle:lifecycle-runtime:2.7.0) with ExtractAarTransform
[        ] Transforming lifecycle-runtime-2.7.0.aar (androidx.lifecycle:lifecycle-runtime:2.7.0) with AarTransform
[        ] Transforming lifecycle-process-2.7.0.aar (androidx.lifecycle:lifecycle-process:2.7.0) with JetifyTransform
[        ] Transforming lifecycle-process-2.7.0.aar (androidx.lifecycle:lifecycle-process:2.7.0) with ExtractAarTransform
[        ] Transforming lifecycle-process-2.7.0.aar (androidx.lifecycle:lifecycle-process:2.7.0) with AarTransform
[        ] Transforming savedstate-ktx-1.2.1.aar (androidx.savedstate:savedstate-ktx:1.2.1) with JetifyTransform
[        ] Transforming savedstate-ktx-1.2.1.aar (androidx.savedstate:savedstate-ktx:1.2.1) with ExtractAarTransform
[        ] Transforming savedstate-ktx-1.2.1.aar (androidx.savedstate:savedstate-ktx:1.2.1) with AarTransform
[        ] Transforming savedstate-1.2.1.aar (androidx.savedstate:savedstate:1.2.1) with JetifyTransform
[        ] Transforming savedstate-1.2.1.aar (androidx.savedstate:savedstate:1.2.1) with ExtractAarTransform
[        ] Transforming savedstate-1.2.1.aar (androidx.savedstate:savedstate:1.2.1) with AarTransform
[        ] Transforming datastore-core-release.aar (androidx.datastore:datastore-core-android:1.1.1) with JetifyTransform
[        ] Transforming datastore-core-release.aar (androidx.datastore:datastore-core-android:1.1.1) with ExtractAarTransform
[        ] Transforming datastore-core-release.aar (androidx.datastore:datastore-core-android:1.1.1) with AarTransform
[        ] Transforming datastore-preferences-release.aar (androidx.datastore:datastore-preferences-android:1.1.1) with JetifyTransform
[        ] Transforming datastore-preferences-release.aar (androidx.datastore:datastore-preferences-android:1.1.1) with ExtractAarTransform
[        ] Transforming datastore-preferences-release.aar (androidx.datastore:datastore-preferences-android:1.1.1) with AarTransform
[        ] Transforming datastore-release.aar (androidx.datastore:datastore-android:1.1.1) with JetifyTransform
[        ] Transforming datastore-release.aar (androidx.datastore:datastore-android:1.1.1) with ExtractAarTransform
[        ] Transforming datastore-release.aar (androidx.datastore:datastore-android:1.1.1) with AarTransform
[        ] Transforming play-services-tasks-18.1.0.aar (com.google.android.gms:play-services-tasks:18.1.0) with JetifyTransform
[        ] Transforming play-services-tasks-18.1.0.aar (com.google.android.gms:play-services-tasks:18.1.0) with ExtractAarTransform
[        ] Transforming play-services-tasks-18.1.0.aar (com.google.android.gms:play-services-tasks:18.1.0) with AarTransform
[        ] Transforming play-services-tasks-18.1.0.aar (com.google.android.gms:play-services-tasks:18.1.0) with JetifyTransform
[        ] Transforming play-services-tasks-18.1.0.aar (com.google.android.gms:play-services-tasks:18.1.0) with ExtractAarTransform
[        ] Transforming play-services-tasks-18.1.0.aar (com.google.android.gms:play-services-tasks:18.1.0) with AarTransform
[        ] Transforming play-services-basement-18.3.0.aar (com.google.android.gms:play-services-basement:18.3.0) with JetifyTransform
[        ] Transforming play-services-basement-18.3.0.aar (com.google.android.gms:play-services-basement:18.3.0) with ExtractAarTransform
[        ] Transforming play-services-basement-18.3.0.aar (com.google.android.gms:play-services-basement:18.3.0) with AarTransform
[        ] Transforming viewpager-1.0.0.aar (androidx.viewpager:viewpager:1.0.0) with JetifyTransform
[        ] Transforming viewpager-1.0.0.aar (androidx.viewpager:viewpager:1.0.0) with ExtractAarTransform
[        ] Transforming viewpager-1.0.0.aar (androidx.viewpager:viewpager:1.0.0) with AarTransform
[        ] Transforming viewpager-1.0.0.aar (androidx.viewpager:viewpager:1.0.0) with JetifyTransform
[        ] Transforming viewpager-1.0.0.aar (androidx.viewpager:viewpager:1.0.0) with ExtractAarTransform
[        ] Transforming viewpager-1.0.0.aar (androidx.viewpager:viewpager:1.0.0) with AarTransform
[        ] Transforming appcompat-resources-1.1.0.aar (androidx.appcompat:appcompat-resources:1.1.0) with JetifyTransform
[        ] Transforming appcompat-resources-1.1.0.aar (androidx.appcompat:appcompat-resources:1.1.0) with ExtractAarTransform
[        ] Transforming appcompat-resources-1.1.0.aar (androidx.appcompat:appcompat-resources:1.1.0) with AarTransform
[        ] Transforming drawerlayout-1.0.0.aar (androidx.drawerlayout:drawerlayout:1.0.0) with JetifyTransform
[        ] Transforming drawerlayout-1.0.0.aar (androidx.drawerlayout:drawerlayout:1.0.0) with ExtractAarTransform
[        ] Transforming drawerlayout-1.0.0.aar (androidx.drawerlayout:drawerlayout:1.0.0) with AarTransform
[        ] Transforming coordinatorlayout-1.0.0.aar (androidx.coordinatorlayout:coordinatorlayout:1.0.0) with JetifyTransform
[        ] Transforming coordinatorlayout-1.0.0.aar (androidx.coordinatorlayout:coordinatorlayout:1.0.0) with ExtractAarTransform
[        ] Transforming coordinatorlayout-1.0.0.aar (androidx.coordinatorlayout:coordinatorlayout:1.0.0) with AarTransform
[        ] Transforming customview-1.1.0.aar (androidx.customview:customview:1.1.0) with JetifyTransform
[        ] Transforming customview-1.1.0.aar (androidx.customview:customview:1.1.0) with ExtractAarTransform
[        ] Transforming customview-1.1.0.aar (androidx.customview:customview:1.1.0) with AarTransform
[        ] Transforming customview-1.1.0.aar (androidx.customview:customview:1.1.0) with JetifyTransform
[        ] Transforming customview-1.1.0.aar (androidx.customview:customview:1.1.0) with ExtractAarTransform
[        ] Transforming customview-1.1.0.aar (androidx.customview:customview:1.1.0) with AarTransform
[        ] Transforming transition-1.4.1.aar (androidx.transition:transition:1.4.1) with JetifyTransform
[        ] Transforming transition-1.4.1.aar (androidx.transition:transition:1.4.1) with ExtractAarTransform
[        ] Transforming transition-1.4.1.aar (androidx.transition:transition:1.4.1) with AarTransform
[        ] Transforming core-ktx-1.13.1.aar (androidx.core:core-ktx:1.13.1) with JetifyTransform
[        ] Transforming core-ktx-1.13.1.aar (androidx.core:core-ktx:1.13.1) with ExtractAarTransform
[        ] Transforming core-ktx-1.13.1.aar (androidx.core:core-ktx:1.13.1) with AarTransform
[        ] Transforming vectordrawable-animated-1.1.0.aar (androidx.vectordrawable:vectordrawable-animated:1.1.0) with JetifyTransform
[        ] Transforming vectordrawable-animated-1.1.0.aar (androidx.vectordrawable:vectordrawable-animated:1.1.0) with ExtractAarTransform
[        ] Transforming vectordrawable-animated-1.1.0.aar (androidx.vectordrawable:vectordrawable-animated:1.1.0) with AarTransform
[        ] Transforming vectordrawable-1.1.0.aar (androidx.vectordrawable:vectordrawable:1.1.0) with JetifyTransform
[        ] Transforming vectordrawable-1.1.0.aar (androidx.vectordrawable:vectordrawable:1.1.0) with ExtractAarTransform
[        ] Transforming vectordrawable-1.1.0.aar (androidx.vectordrawable:vectordrawable:1.1.0) with AarTransform
[        ] Transforming swiperefreshlayout-1.0.0.aar (androidx.swiperefreshlayout:swiperefreshlayout:1.0.0) with JetifyTransform
[        ] Transforming swiperefreshlayout-1.0.0.aar (androidx.swiperefreshlayout:swiperefreshlayout:1.0.0) with ExtractAarTransform
[        ] Transforming swiperefreshlayout-1.0.0.aar (androidx.swiperefreshlayout:swiperefreshlayout:1.0.0) with AarTransform
[        ] Transforming asynclayoutinflater-1.0.0.aar (androidx.asynclayoutinflater:asynclayoutinflater:1.0.0) with JetifyTransform
[        ] Transforming asynclayoutinflater-1.0.0.aar (androidx.asynclayoutinflater:asynclayoutinflater:1.0.0) with ExtractAarTransform
[        ] Transforming asynclayoutinflater-1.0.0.aar (androidx.asynclayoutinflater:asynclayoutinflater:1.0.0) with AarTransform
[        ] Transforming core-1.13.1.aar (androidx.core:core:1.13.1) with JetifyTransform
[        ] Transforming core-1.13.1.aar (androidx.core:core:1.13.1) with ExtractAarTransform
[        ] Transforming core-1.13.1.aar (androidx.core:core:1.13.1) with AarTransform
[        ] Transforming core-1.13.1.aar (androidx.core:core:1.13.1) with JetifyTransform
[        ] Transforming core-1.13.1.aar (androidx.core:core:1.13.1) with ExtractAarTransform
[        ] Transforming core-1.13.1.aar (androidx.core:core:1.13.1) with AarTransform
[        ] Transforming profileinstaller-1.3.1.aar (androidx.profileinstaller:profileinstaller:1.3.1) with JetifyTransform
[        ] Transforming profileinstaller-1.3.1.aar (androidx.profileinstaller:profileinstaller:1.3.1) with ExtractAarTransform
[        ] Transforming profileinstaller-1.3.1.aar (androidx.profileinstaller:profileinstaller:1.3.1) with AarTransform
[        ] Transforming startup-runtime-1.1.1.aar (androidx.startup:startup-runtime:1.1.1) with JetifyTransform
[        ] Transforming startup-runtime-1.1.1.aar (androidx.startup:startup-runtime:1.1.1) with ExtractAarTransform
[        ] Transforming startup-runtime-1.1.1.aar (androidx.startup:startup-runtime:1.1.1) with AarTransform
[        ] Transforming tracing-1.2.0.aar (androidx.tracing:tracing:1.2.0) with JetifyTransform
[        ] Transforming tracing-1.2.0.aar (androidx.tracing:tracing:1.2.0) with ExtractAarTransform
[        ] Transforming tracing-1.2.0.aar (androidx.tracing:tracing:1.2.0) with AarTransform
[        ] Transforming interpolator-1.0.0.aar (androidx.interpolator:interpolator:1.0.0) with JetifyTransform
[        ] Transforming interpolator-1.0.0.aar (androidx.interpolator:interpolator:1.0.0) with ExtractAarTransform
[        ] Transforming interpolator-1.0.0.aar (androidx.interpolator:interpolator:1.0.0) with AarTransform
[        ] Transforming interpolator-1.0.0.aar (androidx.interpolator:interpolator:1.0.0) with JetifyTransform
[        ] Transforming interpolator-1.0.0.aar (androidx.interpolator:interpolator:1.0.0) with ExtractAarTransform
[        ] Transforming interpolator-1.0.0.aar (androidx.interpolator:interpolator:1.0.0) with AarTransform
[        ] Transforming versionedparcelable-1.1.1.aar (androidx.versionedparcelable:versionedparcelable:1.1.1) with JetifyTransform
[        ] Transforming versionedparcelable-1.1.1.aar (androidx.versionedparcelable:versionedparcelable:1.1.1) with ExtractAarTransform
[        ] Transforming versionedparcelable-1.1.1.aar (androidx.versionedparcelable:versionedparcelable:1.1.1) with AarTransform
[        ] Transforming localbroadcastmanager-1.0.0.aar (androidx.localbroadcastmanager:localbroadcastmanager:1.0.0) with JetifyTransform
[        ] Transforming localbroadcastmanager-1.0.0.aar (androidx.localbroadcastmanager:localbroadcastmanager:1.0.0) with ExtractAarTransform
[        ] Transforming localbroadcastmanager-1.0.0.aar (androidx.localbroadcastmanager:localbroadcastmanager:1.0.0) with AarTransform
[        ] Transforming firebase-components-17.1.5.aar (com.google.firebase:firebase-components:17.1.5) with JetifyTransform
[        ] Transforming firebase-components-17.1.5.aar (com.google.firebase:firebase-components:17.1.5) with ExtractAarTransform
[        ] Transforming firebase-components-17.1.5.aar (com.google.firebase:firebase-components:17.1.5) with AarTransform
[        ] Transforming core-runtime-2.2.0.aar (androidx.arch.core:core-runtime:2.2.0) with JetifyTransform
[        ] Transforming core-runtime-2.2.0.aar (androidx.arch.core:core-runtime:2.2.0) with ExtractAarTransform
[        ] Transforming core-runtime-2.2.0.aar (androidx.arch.core:core-runtime:2.2.0) with AarTransform
[        ] Transforming cursoradapter-1.0.0.aar (androidx.cursoradapter:cursoradapter:1.0.0) with JetifyTransform
[        ] Transforming cursoradapter-1.0.0.aar (androidx.cursoradapter:cursoradapter:1.0.0) with ExtractAarTransform
[        ] Transforming cursoradapter-1.0.0.aar (androidx.cursoradapter:cursoradapter:1.0.0) with AarTransform
[        ] Transforming core-1.0.0.aar (androidx.window.extensions.core:core:1.0.0) with JetifyTransform
[        ] Transforming core-1.0.0.aar (androidx.window.extensions.core:core:1.0.0) with ExtractAarTransform
[        ] Transforming core-1.0.0.aar (androidx.window.extensions.core:core:1.0.0) with AarTransform
[        ] Transforming documentfile-1.0.0.aar (androidx.documentfile:documentfile:1.0.0) with JetifyTransform
[        ] Transforming documentfile-1.0.0.aar (androidx.documentfile:documentfile:1.0.0) with ExtractAarTransform
[        ] Transforming documentfile-1.0.0.aar (androidx.documentfile:documentfile:1.0.0) with AarTransform
[        ] Transforming print-1.0.0.aar (androidx.print:print:1.0.0) with JetifyTransform
[        ] Transforming print-1.0.0.aar (androidx.print:print:1.0.0) with ExtractAarTransform
[        ] Transforming print-1.0.0.aar (androidx.print:print:1.0.0) with AarTransform
[        ] Transforming annotation-experimental-1.4.1.aar (androidx.annotation:annotation-experimental:1.4.1) with JetifyTransform
[        ] Transforming annotation-experimental-1.4.1.aar (androidx.annotation:annotation-experimental:1.4.1) with ExtractAarTransform
[        ] Transforming annotation-experimental-1.4.1.aar (androidx.annotation:annotation-experimental:1.4.1) with AarTransform
[        ] Transforming relinker-1.4.5.aar (com.getkeepsafe.relinker:relinker:1.4.5) with JetifyTransform
[        ] Transforming relinker-1.4.5.aar (com.getkeepsafe.relinker:relinker:1.4.5) with ExtractAarTransform
[        ] Transforming relinker-1.4.5.aar (com.getkeepsafe.relinker:relinker:1.4.5) with AarTransform
[        ] Caching disabled for task ':app:checkDebugAarMetadata' because:
[        ]   Build cache is disabled
[        ]   Caching has been disabled for the task
[        ] Skipping task ':app:checkDebugAarMetadata' as it is up-to-date.
[        ] Resolve mutations for :app:cleanMergeDebugAssets (Thread[#1818,Execution worker Thread 2,5,main]) started.
[        ] :app:cleanMergeDebugAssets (Thread[#1818,Execution worker Thread 2,5,main]) started.
[        ] > Task :app:cleanMergeDebugAssets
[        ] Caching disabled for task ':app:cleanMergeDebugAssets' because:
[        ]   Build cache is disabled
[        ] Task ':app:cleanMergeDebugAssets' is not up-to-date because:
[        ]   Task has not declared any outputs despite executing actions.
[        ] Resolve mutations for :app:mergeDebugShaders (Thread[#1818,Execution worker Thread 2,5,main]) started.
[        ] :app:mergeDebugShaders (Thread[#1818,Execution worker Thread 2,5,main]) started.
[        ] > Task :app:mergeDebugShaders UP-TO-DATE
[        ] Caching disabled for task ':app:mergeDebugShaders' because:
[        ]   Build cache is disabled
[        ]   Simple merging task
[        ] Skipping task ':app:mergeDebugShaders' as it is up-to-date.
[        ] Resolve mutations for :app:compileDebugShaders (Thread[#1828,Execution worker Thread 11,5,main]) started.
[        ] :app:compileDebugShaders (Thread[#1828,Execution worker Thread 11,5,main]) started.
[        ] > Task :app:compileDebugShaders NO-SOURCE
[        ] Skipping task ':app:compileDebugShaders' as it has no source files and no previous output files.
[        ] Resolve mutations for :app:generateDebugAssets (Thread[#1828,Execution worker Thread 11,5,main]) started.
[        ] :app:generateDebugAssets (Thread[#1828,Execution worker Thread 11,5,main]) started.
[        ] > Task :app:generateDebugAssets UP-TO-DATE
[        ] Skipping task ':app:generateDebugAssets' as it has no actions.
[        ] Resolve mutations for :firebase_auth:mergeDebugShaders (Thread[#1828,Execution worker Thread 11,5,main]) started.
[        ] :firebase_auth:mergeDebugShaders (Thread[#1828,Execution worker Thread 11,5,main]) started.
[        ] > Task :firebase_auth:mergeDebugShaders UP-TO-DATE
[        ] Caching disabled for task ':firebase_auth:mergeDebugShaders' because:
[        ]   Build cache is disabled
[        ]   Simple merging task
[        ] Skipping task ':firebase_auth:mergeDebugShaders' as it is up-to-date.
[        ] Resolve mutations for :firebase_auth:compileDebugShaders (Thread[#1828,Execution worker Thread 11,5,main]) started.
[        ] :firebase_auth:compileDebugShaders (Thread[#1828,Execution worker Thread 11,5,main]) started.
[        ] > Task :firebase_auth:compileDebugShaders NO-SOURCE
[        ] Skipping task ':firebase_auth:compileDebugShaders' as it has no source files and no previous output files.
[        ] Resolve mutations for :firebase_auth:generateDebugAssets (Thread[#1828,Execution worker Thread 11,5,main]) started.
[        ] :firebase_auth:generateDebugAssets (Thread[#1828,Execution worker Thread 11,5,main]) started.
[        ] > Task :firebase_auth:generateDebugAssets UP-TO-DATE
[        ] Skipping task ':firebase_auth:generateDebugAssets' as it has no actions.
[        ] Resolve mutations for :firebase_auth:packageDebugAssets (Thread[#1828,Execution worker Thread 11,5,main]) started.
[        ] :firebase_auth:packageDebugAssets (Thread[#1828,Execution worker Thread 11,5,main]) started.
[        ] > Task :firebase_auth:packageDebugAssets UP-TO-DATE
[        ] Caching disabled for task ':firebase_auth:packageDebugAssets' because:
[        ]   Build cache is disabled
[        ]   Simple merging task
[        ] Skipping task ':firebase_auth:packageDebugAssets' as it is up-to-date.
[        ] work action resolve out (project :firebase_auth) (Thread[#1828,Execution worker Thread 11,5,main]) started.
[        ] Resolve mutations for :firebase_core:mergeDebugShaders (Thread[#1828,Execution worker Thread 11,5,main]) started.
[        ] :firebase_core:mergeDebugShaders (Thread[#1828,Execution worker Thread 11,5,main]) started.
[        ] > Task :firebase_core:mergeDebugShaders UP-TO-DATE
[        ] Caching disabled for task ':firebase_core:mergeDebugShaders' because:
[        ]   Build cache is disabled
[        ]   Simple merging task
[        ] Skipping task ':firebase_core:mergeDebugShaders' as it is up-to-date.
[        ] Resolve mutations for :firebase_core:compileDebugShaders (Thread[#1828,Execution worker Thread 11,5,main]) started.
[        ] :firebase_core:compileDebugShaders (Thread[#1828,Execution worker Thread 11,5,main]) started.
[        ] > Task :firebase_core:compileDebugShaders NO-SOURCE
[        ] Skipping task ':firebase_core:compileDebugShaders' as it has no source files and no previous output files.
[        ] Resolve mutations for :firebase_core:generateDebugAssets (Thread[#1828,Execution worker Thread 11,5,main]) started.
[        ] :firebase_core:generateDebugAssets (Thread[#1828,Execution worker Thread 11,5,main]) started.
[        ] > Task :firebase_core:generateDebugAssets UP-TO-DATE
[        ] Skipping task ':firebase_core:generateDebugAssets' as it has no actions.
[        ] Resolve mutations for :firebase_core:packageDebugAssets (Thread[#1828,Execution worker Thread 11,5,main]) started.
[        ] :firebase_core:packageDebugAssets (Thread[#1828,Execution worker Thread 11,5,main]) started.
[        ] > Task :firebase_core:packageDebugAssets UP-TO-DATE
[        ] Caching disabled for task ':firebase_core:packageDebugAssets' because:
[        ]   Build cache is disabled
[        ]   Simple merging task
[        ] Skipping task ':firebase_core:packageDebugAssets' as it is up-to-date.
[        ] work action resolve out (project :firebase_core) (Thread[#1828,Execution worker Thread 11,5,main]) started.
[        ] Resolve mutations for :flutter_native_splash:mergeDebugShaders (Thread[#1828,Execution worker Thread 11,5,main]) started.
[        ] :flutter_native_splash:mergeDebugShaders (Thread[#1828,Execution worker Thread 11,5,main]) started.
[        ] > Task :flutter_native_splash:mergeDebugShaders UP-TO-DATE
[        ] Caching disabled for task ':flutter_native_splash:mergeDebugShaders' because:
[        ]   Build cache is disabled
[        ]   Simple merging task
[        ] Skipping task ':flutter_native_splash:mergeDebugShaders' as it is up-to-date.
[        ] Resolve mutations for :flutter_native_splash:compileDebugShaders (Thread[#1828,Execution worker Thread 11,5,main]) started.
[        ] :flutter_native_splash:compileDebugShaders (Thread[#1828,Execution worker Thread 11,5,main]) started.
[        ] > Task :flutter_native_splash:compileDebugShaders NO-SOURCE
[        ] Skipping task ':flutter_native_splash:compileDebugShaders' as it has no source files and no previous output files.
[        ] Resolve mutations for :flutter_native_splash:generateDebugAssets (Thread[#1828,Execution worker Thread 11,5,main]) started.
[        ] :flutter_native_splash:generateDebugAssets (Thread[#1828,Execution worker Thread 11,5,main]) started.
[        ] > Task :flutter_native_splash:generateDebugAssets UP-TO-DATE
[        ] Skipping task ':flutter_native_splash:generateDebugAssets' as it has no actions.
[        ] Resolve mutations for :flutter_native_splash:packageDebugAssets (Thread[#1822,Execution worker Thread 6,5,main]) started.
[        ] :flutter_native_splash:packageDebugAssets (Thread[#1822,Execution worker Thread 6,5,main]) started.
[        ] > Task :flutter_native_splash:packageDebugAssets UP-TO-DATE
[        ] Caching disabled for task ':flutter_native_splash:packageDebugAssets' because:
[        ]   Build cache is disabled
[        ]   Simple merging task
[        ] Skipping task ':flutter_native_splash:packageDebugAssets' as it is up-to-date.
[        ] work action resolve out (project :flutter_native_splash) (Thread[#1822,Execution worker Thread 6,5,main]) started.
[        ] Resolve mutations for :shared_preferences_android:mergeDebugShaders (Thread[#1822,Execution worker Thread 6,5,main]) started.
[        ] :shared_preferences_android:mergeDebugShaders (Thread[#1822,Execution worker Thread 6,5,main]) started.
[        ] > Task :shared_preferences_android:mergeDebugShaders UP-TO-DATE
[        ] Caching disabled for task ':shared_preferences_android:mergeDebugShaders' because:
[        ]   Build cache is disabled
[        ]   Simple merging task
[        ] Skipping task ':shared_preferences_android:mergeDebugShaders' as it is up-to-date.
[        ] Resolve mutations for :shared_preferences_android:compileDebugShaders (Thread[#1822,Execution worker Thread 6,5,main]) started.
[        ] :shared_preferences_android:compileDebugShaders (Thread[#1822,Execution worker Thread 6,5,main]) started.
[        ] > Task :shared_preferences_android:compileDebugShaders NO-SOURCE
[        ] Skipping task ':shared_preferences_android:compileDebugShaders' as it has no source files and no previous output files.
[        ] Resolve mutations for :shared_preferences_android:generateDebugAssets (Thread[#1822,Execution worker Thread 6,5,main]) started.
[        ] :shared_preferences_android:generateDebugAssets (Thread[#1822,Execution worker Thread 6,5,main]) started.
[        ] > Task :shared_preferences_android:generateDebugAssets UP-TO-DATE
[        ] Skipping task ':shared_preferences_android:generateDebugAssets' as it has no actions.
[        ] Resolve mutations for :shared_preferences_android:packageDebugAssets (Thread[#1831,Execution worker Thread 14,5,main]) started.
[  +54 ms] :shared_preferences_android:packageDebugAssets (Thread[#1831,Execution worker Thread 14,5,main]) started.
[        ] > Task :shared_preferences_android:packageDebugAssets UP-TO-DATE
[        ] Caching disabled for task ':shared_preferences_android:packageDebugAssets' because:
[        ]   Build cache is disabled
[        ]   Simple merging task
[        ] Skipping task ':shared_preferences_android:packageDebugAssets' as it is up-to-date.
[        ] work action resolve out (project :shared_preferences_android) (Thread[#1831,Execution worker Thread 14,5,main]) started.
[        ] Resolve mutations for :url_launcher_android:mergeDebugShaders (Thread[#1831,Execution worker Thread 14,5,main]) started.
[        ] :url_launcher_android:mergeDebugShaders (Thread[#1831,Execution worker Thread 14,5,main]) started.
[        ] > Task :url_launcher_android:mergeDebugShaders UP-TO-DATE
[        ] Caching disabled for task ':url_launcher_android:mergeDebugShaders' because:
[        ]   Build cache is disabled
[        ]   Simple merging task
[        ] Skipping task ':url_launcher_android:mergeDebugShaders' as it is up-to-date.
[        ] Resolve mutations for :url_launcher_android:compileDebugShaders (Thread[#1831,Execution worker Thread 14,5,main]) started.
[        ] :url_launcher_android:compileDebugShaders (Thread[#1831,Execution worker Thread 14,5,main]) started.
[        ] > Task :url_launcher_android:compileDebugShaders NO-SOURCE
[        ] Skipping task ':url_launcher_android:compileDebugShaders' as it has no source files and no previous output files.
[        ] Resolve mutations for :url_launcher_android:generateDebugAssets (Thread[#1831,Execution worker Thread 14,5,main]) started.
[        ] :url_launcher_android:generateDebugAssets (Thread[#1831,Execution worker Thread 14,5,main]) started.
[        ] > Task :url_launcher_android:generateDebugAssets UP-TO-DATE
[        ] Skipping task ':url_launcher_android:generateDebugAssets' as it has no actions.
[        ] Resolve mutations for :url_launcher_android:packageDebugAssets (Thread[#1831,Execution worker Thread 14,5,main]) started.
[        ] :url_launcher_android:packageDebugAssets (Thread[#1831,Execution worker Thread 14,5,main]) started.
[        ] > Task :url_launcher_android:packageDebugAssets UP-TO-DATE
[        ] Caching disabled for task ':url_launcher_android:packageDebugAssets' because:
[        ]   Build cache is disabled
[        ]   Simple merging task
[        ] Skipping task ':url_launcher_android:packageDebugAssets' as it is up-to-date.
[        ] work action resolve out (project :url_launcher_android) (Thread[#1831,Execution worker Thread 14,5,main]) started.
[        ] Resolve mutations for :webview_flutter_android:mergeDebugShaders (Thread[#1831,Execution worker Thread 14,5,main]) started.
[        ] :webview_flutter_android:mergeDebugShaders (Thread[#1831,Execution worker Thread 14,5,main]) started.
[        ] > Task :webview_flutter_android:mergeDebugShaders UP-TO-DATE
[        ] Caching disabled for task ':webview_flutter_android:mergeDebugShaders' because:
[        ]   Build cache is disabled
[        ]   Simple merging task
[        ] Skipping task ':webview_flutter_android:mergeDebugShaders' as it is up-to-date.
[        ] Resolve mutations for :webview_flutter_android:compileDebugShaders (Thread[#1831,Execution worker Thread 14,5,main]) started.
[        ] :webview_flutter_android:compileDebugShaders (Thread[#1831,Execution worker Thread 14,5,main]) started.
[        ] > Task :webview_flutter_android:compileDebugShaders NO-SOURCE
[        ] Skipping task ':webview_flutter_android:compileDebugShaders' as it has no source files and no previous output files.
[        ] Resolve mutations for :webview_flutter_android:generateDebugAssets (Thread[#1831,Execution worker Thread 14,5,main]) started.
[        ] :webview_flutter_android:generateDebugAssets (Thread[#1831,Execution worker Thread 14,5,main]) started.
[        ] > Task :webview_flutter_android:generateDebugAssets UP-TO-DATE
[        ] Skipping task ':webview_flutter_android:generateDebugAssets' as it has no actions.
[        ] Resolve mutations for :webview_flutter_android:packageDebugAssets (Thread[#1831,Execution worker Thread 14,5,main]) started.
[        ] :webview_flutter_android:packageDebugAssets (Thread[#1831,Execution worker Thread 14,5,main]) started.
[        ] > Task :webview_flutter_android:packageDebugAssets UP-TO-DATE
[        ] Caching disabled for task ':webview_flutter_android:packageDebugAssets' because:
[        ]   Build cache is disabled
[        ]   Simple merging task
[        ] Skipping task ':webview_flutter_android:packageDebugAssets' as it is up-to-date.
[        ] work action resolve out (project :webview_flutter_android) (Thread[#1831,Execution worker Thread 14,5,main]) started.
[        ] Resolve mutations for :app:mergeDebugAssets (Thread[#1831,Execution worker Thread 14,5,main]) started.
[        ] :app:mergeDebugAssets (Thread[#1831,Execution worker Thread 14,5,main]) started.
[        ] > Task :app:mergeDebugAssets
[        ] Transforming firebase-auth-22.3.1.aar (com.google.firebase:firebase-auth:22.3.1) with JetifyTransform
[        ] Transforming firebase-auth-22.3.1.aar (com.google.firebase:firebase-auth:22.3.1) with ExtractAarTransform
[        ] Transforming firebase-auth-22.3.1.aar (com.google.firebase:firebase-auth:22.3.1) with AarTransform
[        ] Transforming firebase-common-ktx-20.4.3.aar (com.google.firebase:firebase-common-ktx:20.4.3) with JetifyTransform
[        ] Transforming firebase-common-ktx-20.4.3.aar (com.google.firebase:firebase-common-ktx:20.4.3) with ExtractAarTransform
[        ] Transforming firebase-common-ktx-20.4.3.aar (com.google.firebase:firebase-common-ktx:20.4.3) with AarTransform
[        ] Transforming preference-1.2.1.aar (androidx.preference:preference:1.2.1) with JetifyTransform
[        ] Transforming preference-1.2.1.aar (androidx.preference:preference:1.2.1) with ExtractAarTransform
[        ] Transforming preference-1.2.1.aar (androidx.preference:preference:1.2.1) with AarTransform
[        ] Transforming browser-1.8.0.aar (androidx.browser:browser:1.8.0) with JetifyTransform
[        ] Transforming browser-1.8.0.aar (androidx.browser:browser:1.8.0) with ExtractAarTransform
[        ] Transforming browser-1.8.0.aar (androidx.browser:browser:1.8.0) with AarTransform
[        ] Transforming browser-1.8.0.aar (androidx.browser:browser:1.8.0) with JetifyTransform
[        ] Transforming browser-1.8.0.aar (androidx.browser:browser:1.8.0) with ExtractAarTransform
[        ] Transforming browser-1.8.0.aar (androidx.browser:browser:1.8.0) with AarTransform
[        ] Transforming webkit-1.12.1.aar (androidx.webkit:webkit:1.12.1) with JetifyTransform
[        ] Transforming webkit-1.12.1.aar (androidx.webkit:webkit:1.12.1) with ExtractAarTransform
[        ] Transforming webkit-1.12.1.aar (androidx.webkit:webkit:1.12.1) with AarTransform
[        ] Transforming recyclerview-1.0.0.aar (androidx.recyclerview:recyclerview:1.0.0) with JetifyTransform
[        ] Transforming recyclerview-1.0.0.aar (androidx.recyclerview:recyclerview:1.0.0) with ExtractAarTransform
[        ] Transforming recyclerview-1.0.0.aar (androidx.recyclerview:recyclerview:1.0.0) with AarTransform
[        ] Transforming legacy-support-core-ui-1.0.0.aar (androidx.legacy:legacy-support-core-ui:1.0.0) with JetifyTransform
[        ] Transforming legacy-support-core-ui-1.0.0.aar (androidx.legacy:legacy-support-core-ui:1.0.0) with ExtractAarTransform
[        ] Transforming legacy-support-core-ui-1.0.0.aar (androidx.legacy:legacy-support-core-ui:1.0.0) with AarTransform
[        ] Transforming slidingpanelayout-1.2.0.aar (androidx.slidingpanelayout:slidingpanelayout:1.2.0) with JetifyTransform
[        ] Transforming slidingpanelayout-1.2.0.aar (androidx.slidingpanelayout:slidingpanelayout:1.2.0) with ExtractAarTransform
[        ] Transforming slidingpanelayout-1.2.0.aar (androidx.slidingpanelayout:slidingpanelayout:1.2.0) with AarTransform
[        ] Transforming slidingpanelayout-1.2.0.aar (androidx.slidingpanelayout:slidingpanelayout:1.2.0) with JetifyTransform
[        ] Transforming slidingpanelayout-1.2.0.aar (androidx.slidingpanelayout:slidingpanelayout:1.2.0) with ExtractAarTransform
[        ] Transforming slidingpanelayout-1.2.0.aar (androidx.slidingpanelayout:slidingpanelayout:1.2.0) with AarTransform
[        ] Transforming window-1.2.0.aar (androidx.window:window:1.2.0) with JetifyTransform
[        ] Transforming window-1.2.0.aar (androidx.window:window:1.2.0) with ExtractAarTransform
[        ] Transforming window-1.2.0.aar (androidx.window:window:1.2.0) with AarTransform
[        ] Transforming window-java-1.2.0.aar (androidx.window:window-java:1.2.0) with JetifyTransform
[        ] Transforming window-java-1.2.0.aar (androidx.window:window-java:1.2.0) with ExtractAarTransform
[        ] Transforming window-java-1.2.0.aar (androidx.window:window-java:1.2.0) with AarTransform
[        ] Transforming appcompat-1.1.0.aar (androidx.appcompat:appcompat:1.1.0) with JetifyTransform
[        ] Transforming appcompat-1.1.0.aar (androidx.appcompat:appcompat:1.1.0) with ExtractAarTransform
[        ] Transforming appcompat-1.1.0.aar (androidx.appcompat:appcompat:1.1.0) with AarTransform
[        ] Transforming firebase-auth-interop-20.0.0.aar (com.google.firebase:firebase-auth-interop:20.0.0) with JetifyTransform
[        ] Transforming firebase-auth-interop-20.0.0.aar (com.google.firebase:firebase-auth-interop:20.0.0) with ExtractAarTransform
[        ] Transforming firebase-auth-interop-20.0.0.aar (com.google.firebase:firebase-auth-interop:20.0.0) with AarTransform
[        ] Transforming firebase-common-20.4.3.aar (com.google.firebase:firebase-common:20.4.3) with JetifyTransform
[        ] Transforming firebase-common-20.4.3.aar (com.google.firebase:firebase-common:20.4.3) with ExtractAarTransform
[        ] Transforming firebase-common-20.4.3.aar (com.google.firebase:firebase-common:20.4.3) with AarTransform
[        ] Transforming firebase-common-20.4.3.aar (com.google.firebase:firebase-common:20.4.3) with JetifyTransform
[        ] Transforming firebase-common-20.4.3.aar (com.google.firebase:firebase-common:20.4.3) with ExtractAarTransform
[        ] Transforming firebase-common-20.4.3.aar (com.google.firebase:firebase-common:20.4.3) with AarTransform
[        ] Transforming play-services-auth-api-phone-17.4.0.aar (com.google.android.gms:play-services-auth-api-phone:17.4.0) with JetifyTransform
[        ] Transforming play-services-auth-api-phone-17.4.0.aar (com.google.android.gms:play-services-auth-api-phone:17.4.0) with ExtractAarTransform
[        ] Transforming play-services-auth-api-phone-17.4.0.aar (com.google.android.gms:play-services-auth-api-phone:17.4.0) with AarTransform
[        ] Transforming recaptcha-18.4.0.aar (com.google.android.recaptcha:recaptcha:18.4.0) with JetifyTransform
[        ] Transforming recaptcha-18.4.0.aar (com.google.android.recaptcha:recaptcha:18.4.0) with ExtractAarTransform
[        ] Transforming recaptcha-18.4.0.aar (com.google.android.recaptcha:recaptcha:18.4.0) with AarTransform
[        ] Transforming integrity-1.2.0.aar (com.google.android.play:integrity:1.2.0) with JetifyTransform
[        ] Transforming integrity-1.2.0.aar (com.google.android.play:integrity:1.2.0) with ExtractAarTransform
[        ] Transforming integrity-1.2.0.aar (com.google.android.play:integrity:1.2.0) with AarTransform
[        ] Transforming firebase-appcheck-interop-17.0.0.aar (com.google.firebase:firebase-appcheck-interop:17.0.0) with JetifyTransform
[        ] Transforming firebase-appcheck-interop-17.0.0.aar (com.google.firebase:firebase-appcheck-interop:17.0.0) with ExtractAarTransform
[        ] Transforming firebase-appcheck-interop-17.0.0.aar (com.google.firebase:firebase-appcheck-interop:17.0.0) with AarTransform
[        ] Transforming fragment-ktx-1.7.1.aar (androidx.fragment:fragment-ktx:1.7.1) with JetifyTransform
[        ] Transforming fragment-ktx-1.7.1.aar (androidx.fragment:fragment-ktx:1.7.1) with ExtractAarTransform
[        ] Transforming fragment-ktx-1.7.1.aar (androidx.fragment:fragment-ktx:1.7.1) with AarTransform
[        ] Transforming play-services-base-18.0.1.aar (com.google.android.gms:play-services-base:18.0.1) with JetifyTransform
[        ] Transforming play-services-base-18.0.1.aar (com.google.android.gms:play-services-base:18.0.1) with ExtractAarTransform
[        ] Transforming play-services-base-18.0.1.aar (com.google.android.gms:play-services-base:18.0.1) with AarTransform
[        ] Transforming fragment-1.7.1.aar (androidx.fragment:fragment:1.7.1) with JetifyTransform
[        ] Transforming fragment-1.7.1.aar (androidx.fragment:fragment:1.7.1) with ExtractAarTransform
[        ] Transforming fragment-1.7.1.aar (androidx.fragment:fragment:1.7.1) with AarTransform
[        ] Transforming fragment-1.7.1.aar (androidx.fragment:fragment:1.7.1) with JetifyTransform
[        ] Transforming fragment-1.7.1.aar (androidx.fragment:fragment:1.7.1) with ExtractAarTransform
[        ] Transforming fragment-1.7.1.aar (androidx.fragment:fragment:1.7.1) with AarTransform
[        ] Transforming activity-ktx-1.8.1.aar (androidx.activity:activity-ktx:1.8.1) with JetifyTransform
[        ] Transforming activity-ktx-1.8.1.aar (androidx.activity:activity-ktx:1.8.1) with ExtractAarTransform
[        ] Transforming activity-ktx-1.8.1.aar (androidx.activity:activity-ktx:1.8.1) with AarTransform
[        ] Transforming activity-1.8.1.aar (androidx.activity:activity:1.8.1) with JetifyTransform
[        ] Transforming activity-1.8.1.aar (androidx.activity:activity:1.8.1) with ExtractAarTransform
[        ] Transforming activity-1.8.1.aar (androidx.activity:activity:1.8.1) with AarTransform
[        ] Transforming legacy-support-core-utils-1.0.0.aar (androidx.legacy:legacy-support-core-utils:1.0.0) with JetifyTransform
[        ] Transforming legacy-support-core-utils-1.0.0.aar (androidx.legacy:legacy-support-core-utils:1.0.0) with ExtractAarTransform
[        ] Transforming legacy-support-core-utils-1.0.0.aar (androidx.legacy:legacy-support-core-utils:1.0.0) with AarTransform
[        ] Transforming loader-1.0.0.aar (androidx.loader:loader:1.0.0) with JetifyTransform
[        ] Transforming loader-1.0.0.aar (androidx.loader:loader:1.0.0) with ExtractAarTransform
[        ] Transforming loader-1.0.0.aar (androidx.loader:loader:1.0.0) with AarTransform
[        ] Transforming loader-1.0.0.aar (androidx.loader:loader:1.0.0) with JetifyTransform
[        ] Transforming loader-1.0.0.aar (androidx.loader:loader:1.0.0) with ExtractAarTransform
[        ] Transforming loader-1.0.0.aar (androidx.loader:loader:1.0.0) with AarTransform
[        ] Transforming lifecycle-runtime-ktx-2.7.0.aar (androidx.lifecycle:lifecycle-runtime-ktx:2.7.0) with JetifyTransform
[        ] Transforming lifecycle-runtime-ktx-2.7.0.aar (androidx.lifecycle:lifecycle-runtime-ktx:2.7.0) with ExtractAarTransform
[        ] Transforming lifecycle-runtime-ktx-2.7.0.aar (androidx.lifecycle:lifecycle-runtime-ktx:2.7.0) with AarTransform
[        ] Transforming lifecycle-livedata-2.7.0.aar (androidx.lifecycle:lifecycle-livedata:2.7.0) with JetifyTransform
[        ] Transforming lifecycle-livedata-2.7.0.aar (androidx.lifecycle:lifecycle-livedata:2.7.0) with ExtractAarTransform
[        ] Transforming lifecycle-livedata-2.7.0.aar (androidx.lifecycle:lifecycle-livedata:2.7.0) with AarTransform
[        ] Transforming lifecycle-livedata-core-ktx-2.7.0.aar (androidx.lifecycle:lifecycle-livedata-core-ktx:2.7.0) with JetifyTransform
[        ] Transforming lifecycle-livedata-core-ktx-2.7.0.aar (androidx.lifecycle:lifecycle-livedata-core-ktx:2.7.0) with ExtractAarTransform
[        ] Transforming lifecycle-livedata-core-ktx-2.7.0.aar (androidx.lifecycle:lifecycle-livedata-core-ktx:2.7.0) with AarTransform
[        ] Transforming lifecycle-viewmodel-ktx-2.7.0.aar (androidx.lifecycle:lifecycle-viewmodel-ktx:2.7.0) with JetifyTransform
[        ] Transforming lifecycle-viewmodel-ktx-2.7.0.aar (androidx.lifecycle:lifecycle-viewmodel-ktx:2.7.0) with ExtractAarTransform
[        ] Transforming lifecycle-viewmodel-ktx-2.7.0.aar (androidx.lifecycle:lifecycle-viewmodel-ktx:2.7.0) with AarTransform
[        ] Transforming lifecycle-viewmodel-savedstate-2.7.0.aar (androidx.lifecycle:lifecycle-viewmodel-savedstate:2.7.0) with JetifyTransform
[        ] Transforming lifecycle-viewmodel-savedstate-2.7.0.aar (androidx.lifecycle:lifecycle-viewmodel-savedstate:2.7.0) with ExtractAarTransform
[        ] Transforming lifecycle-viewmodel-savedstate-2.7.0.aar (androidx.lifecycle:lifecycle-viewmodel-savedstate:2.7.0) with AarTransform
[        ] Transforming lifecycle-viewmodel-2.7.0.aar (androidx.lifecycle:lifecycle-viewmodel:2.7.0) with JetifyTransform
[        ] Transforming lifecycle-viewmodel-2.7.0.aar (androidx.lifecycle:lifecycle-viewmodel:2.7.0) with ExtractAarTransform
[        ] Transforming lifecycle-viewmodel-2.7.0.aar (androidx.lifecycle:lifecycle-viewmodel:2.7.0) with AarTransform
[        ] Transforming lifecycle-viewmodel-2.7.0.aar (androidx.lifecycle:lifecycle-viewmodel:2.7.0) with JetifyTransform
[        ] Transforming lifecycle-viewmodel-2.7.0.aar (androidx.lifecycle:lifecycle-viewmodel:2.7.0) with ExtractAarTransform
[        ] Transforming lifecycle-viewmodel-2.7.0.aar (androidx.lifecycle:lifecycle-viewmodel:2.7.0) with AarTransform
[        ] Transforming lifecycle-livedata-core-2.7.0.aar (androidx.lifecycle:lifecycle-livedata-core:2.7.0) with JetifyTransform
[        ] Transforming lifecycle-livedata-core-2.7.0.aar (androidx.lifecycle:lifecycle-livedata-core:2.7.0) with ExtractAarTransform
[        ] Transforming lifecycle-livedata-core-2.7.0.aar (androidx.lifecycle:lifecycle-livedata-core:2.7.0) with AarTransform
[        ] Transforming lifecycle-runtime-2.7.0.aar (androidx.lifecycle:lifecycle-runtime:2.7.0) with JetifyTransform
[        ] Transforming lifecycle-runtime-2.7.0.aar (androidx.lifecycle:lifecycle-runtime:2.7.0) with ExtractAarTransform
[        ] Transforming lifecycle-runtime-2.7.0.aar (androidx.lifecycle:lifecycle-runtime:2.7.0) with AarTransform
[        ] Transforming lifecycle-process-2.7.0.aar (androidx.lifecycle:lifecycle-process:2.7.0) with JetifyTransform
[        ] Transforming lifecycle-process-2.7.0.aar (androidx.lifecycle:lifecycle-process:2.7.0) with ExtractAarTransform
[        ] Transforming lifecycle-process-2.7.0.aar (androidx.lifecycle:lifecycle-process:2.7.0) with AarTransform
[        ] Transforming savedstate-ktx-1.2.1.aar (androidx.savedstate:savedstate-ktx:1.2.1) with JetifyTransform
[        ] Transforming savedstate-ktx-1.2.1.aar (androidx.savedstate:savedstate-ktx:1.2.1) with ExtractAarTransform
[        ] Transforming savedstate-ktx-1.2.1.aar (androidx.savedstate:savedstate-ktx:1.2.1) with AarTransform
[        ] Transforming savedstate-1.2.1.aar (androidx.savedstate:savedstate:1.2.1) with JetifyTransform
[        ] Transforming savedstate-1.2.1.aar (androidx.savedstate:savedstate:1.2.1) with ExtractAarTransform
[        ] Transforming savedstate-1.2.1.aar (androidx.savedstate:savedstate:1.2.1) with AarTransform
[        ] Transforming datastore-core-release.aar (androidx.datastore:datastore-core-android:1.1.1) with JetifyTransform
[        ] Transforming datastore-core-release.aar (androidx.datastore:datastore-core-android:1.1.1) with ExtractAarTransform
[        ] Transforming datastore-core-release.aar (androidx.datastore:datastore-core-android:1.1.1) with AarTransform
[        ] Transforming datastore-preferences-release.aar (androidx.datastore:datastore-preferences-android:1.1.1) with JetifyTransform
[        ] Transforming datastore-preferences-release.aar (androidx.datastore:datastore-preferences-android:1.1.1) with ExtractAarTransform
[        ] Transforming datastore-preferences-release.aar (androidx.datastore:datastore-preferences-android:1.1.1) with AarTransform
[        ] Transforming datastore-release.aar (androidx.datastore:datastore-android:1.1.1) with JetifyTransform
[        ] Transforming datastore-release.aar (androidx.datastore:datastore-android:1.1.1) with ExtractAarTransform
[        ] Transforming datastore-release.aar (androidx.datastore:datastore-android:1.1.1) with AarTransform
[        ] Transforming play-services-tasks-18.1.0.aar (com.google.android.gms:play-services-tasks:18.1.0) with JetifyTransform
[        ] Transforming play-services-tasks-18.1.0.aar (com.google.android.gms:play-services-tasks:18.1.0) with ExtractAarTransform
[        ] Transforming play-services-tasks-18.1.0.aar (com.google.android.gms:play-services-tasks:18.1.0) with AarTransform
[        ] Transforming play-services-tasks-18.1.0.aar (com.google.android.gms:play-services-tasks:18.1.0) with JetifyTransform
[        ] Transforming play-services-tasks-18.1.0.aar (com.google.android.gms:play-services-tasks:18.1.0) with ExtractAarTransform
[        ] Transforming play-services-tasks-18.1.0.aar (com.google.android.gms:play-services-tasks:18.1.0) with AarTransform
[        ] Transforming play-services-basement-18.3.0.aar (com.google.android.gms:play-services-basement:18.3.0) with JetifyTransform
[        ] Transforming play-services-basement-18.3.0.aar (com.google.android.gms:play-services-basement:18.3.0) with ExtractAarTransform
[        ] Transforming play-services-basement-18.3.0.aar (com.google.android.gms:play-services-basement:18.3.0) with AarTransform
[        ] Transforming viewpager-1.0.0.aar (androidx.viewpager:viewpager:1.0.0) with JetifyTransform
[        ] Transforming viewpager-1.0.0.aar (androidx.viewpager:viewpager:1.0.0) with ExtractAarTransform
[        ] Transforming viewpager-1.0.0.aar (androidx.viewpager:viewpager:1.0.0) with AarTransform
[        ] Transforming viewpager-1.0.0.aar (androidx.viewpager:viewpager:1.0.0) with JetifyTransform
[        ] Transforming viewpager-1.0.0.aar (androidx.viewpager:viewpager:1.0.0) with ExtractAarTransform
[        ] Transforming viewpager-1.0.0.aar (androidx.viewpager:viewpager:1.0.0) with AarTransform
[        ] Transforming appcompat-resources-1.1.0.aar (androidx.appcompat:appcompat-resources:1.1.0) with JetifyTransform
[        ] Transforming appcompat-resources-1.1.0.aar (androidx.appcompat:appcompat-resources:1.1.0) with ExtractAarTransform
[        ] Transforming appcompat-resources-1.1.0.aar (androidx.appcompat:appcompat-resources:1.1.0) with AarTransform
[        ] Transforming drawerlayout-1.0.0.aar (androidx.drawerlayout:drawerlayout:1.0.0) with JetifyTransform
[        ] Transforming drawerlayout-1.0.0.aar (androidx.drawerlayout:drawerlayout:1.0.0) with ExtractAarTransform
[        ] Transforming drawerlayout-1.0.0.aar (androidx.drawerlayout:drawerlayout:1.0.0) with AarTransform
[        ] Transforming coordinatorlayout-1.0.0.aar (androidx.coordinatorlayout:coordinatorlayout:1.0.0) with JetifyTransform
[        ] Transforming coordinatorlayout-1.0.0.aar (androidx.coordinatorlayout:coordinatorlayout:1.0.0) with ExtractAarTransform
[        ] Transforming coordinatorlayout-1.0.0.aar (androidx.coordinatorlayout:coordinatorlayout:1.0.0) with AarTransform
[        ] Transforming customview-1.1.0.aar (androidx.customview:customview:1.1.0) with JetifyTransform
[        ] Transforming customview-1.1.0.aar (androidx.customview:customview:1.1.0) with ExtractAarTransform
[        ] Transforming customview-1.1.0.aar (androidx.customview:customview:1.1.0) with AarTransform
[        ] Transforming customview-1.1.0.aar (androidx.customview:customview:1.1.0) with JetifyTransform
[        ] Transforming customview-1.1.0.aar (androidx.customview:customview:1.1.0) with ExtractAarTransform
[        ] Transforming customview-1.1.0.aar (androidx.customview:customview:1.1.0) with AarTransform
[        ] Transforming transition-1.4.1.aar (androidx.transition:transition:1.4.1) with JetifyTransform
[        ] Transforming transition-1.4.1.aar (androidx.transition:transition:1.4.1) with ExtractAarTransform
[        ] Transforming transition-1.4.1.aar (androidx.transition:transition:1.4.1) with AarTransform
[        ] Transforming core-ktx-1.13.1.aar (androidx.core:core-ktx:1.13.1) with JetifyTransform
[        ] Transforming core-ktx-1.13.1.aar (androidx.core:core-ktx:1.13.1) with ExtractAarTransform
[        ] Transforming core-ktx-1.13.1.aar (androidx.core:core-ktx:1.13.1) with AarTransform
[        ] Transforming vectordrawable-animated-1.1.0.aar (androidx.vectordrawable:vectordrawable-animated:1.1.0) with JetifyTransform
[        ] Transforming vectordrawable-animated-1.1.0.aar (androidx.vectordrawable:vectordrawable-animated:1.1.0) with ExtractAarTransform
[        ] Transforming vectordrawable-animated-1.1.0.aar (androidx.vectordrawable:vectordrawable-animated:1.1.0) with AarTransform
[        ] Transforming vectordrawable-1.1.0.aar (androidx.vectordrawable:vectordrawable:1.1.0) with JetifyTransform
[        ] Transforming vectordrawable-1.1.0.aar (androidx.vectordrawable:vectordrawable:1.1.0) with ExtractAarTransform
[        ] Transforming vectordrawable-1.1.0.aar (androidx.vectordrawable:vectordrawable:1.1.0) with AarTransform
[        ] Transforming swiperefreshlayout-1.0.0.aar (androidx.swiperefreshlayout:swiperefreshlayout:1.0.0) with JetifyTransform
[        ] Transforming swiperefreshlayout-1.0.0.aar (androidx.swiperefreshlayout:swiperefreshlayout:1.0.0) with ExtractAarTransform
[        ] Transforming swiperefreshlayout-1.0.0.aar (androidx.swiperefreshlayout:swiperefreshlayout:1.0.0) with AarTransform
[        ] Transforming asynclayoutinflater-1.0.0.aar (androidx.asynclayoutinflater:asynclayoutinflater:1.0.0) with JetifyTransform
[        ] Transforming asynclayoutinflater-1.0.0.aar (androidx.asynclayoutinflater:asynclayoutinflater:1.0.0) with ExtractAarTransform
[        ] Transforming asynclayoutinflater-1.0.0.aar (androidx.asynclayoutinflater:asynclayoutinflater:1.0.0) with AarTransform
[        ] Transforming core-1.13.1.aar (androidx.core:core:1.13.1) with JetifyTransform
[        ] Transforming core-1.13.1.aar (androidx.core:core:1.13.1) with ExtractAarTransform
[        ] Transforming core-1.13.1.aar (androidx.core:core:1.13.1) with AarTransform
[        ] Transforming core-1.13.1.aar (androidx.core:core:1.13.1) with JetifyTransform
[        ] Transforming core-1.13.1.aar (androidx.core:core:1.13.1) with ExtractAarTransform
[        ] Transforming core-1.13.1.aar (androidx.core:core:1.13.1) with AarTransform
[        ] Transforming profileinstaller-1.3.1.aar (androidx.profileinstaller:profileinstaller:1.3.1) with JetifyTransform
[        ] Transforming profileinstaller-1.3.1.aar (androidx.profileinstaller:profileinstaller:1.3.1) with ExtractAarTransform
[        ] Transforming profileinstaller-1.3.1.aar (androidx.profileinstaller:profileinstaller:1.3.1) with AarTransform
[        ] Transforming startup-runtime-1.1.1.aar (androidx.startup:startup-runtime:1.1.1) with JetifyTransform
[        ] Transforming startup-runtime-1.1.1.aar (androidx.startup:startup-runtime:1.1.1) with ExtractAarTransform
[        ] Transforming startup-runtime-1.1.1.aar (androidx.startup:startup-runtime:1.1.1) with AarTransform
[        ] Transforming tracing-1.2.0.aar (androidx.tracing:tracing:1.2.0) with JetifyTransform
[        ] Transforming tracing-1.2.0.aar (androidx.tracing:tracing:1.2.0) with ExtractAarTransform
[        ] Transforming tracing-1.2.0.aar (androidx.tracing:tracing:1.2.0) with AarTransform
[        ] Transforming interpolator-1.0.0.aar (androidx.interpolator:interpolator:1.0.0) with JetifyTransform
[        ] Transforming interpolator-1.0.0.aar (androidx.interpolator:interpolator:1.0.0) with ExtractAarTransform
[        ] Transforming interpolator-1.0.0.aar (androidx.interpolator:interpolator:1.0.0) with AarTransform
[        ] Transforming interpolator-1.0.0.aar (androidx.interpolator:interpolator:1.0.0) with JetifyTransform
[        ] Transforming interpolator-1.0.0.aar (androidx.interpolator:interpolator:1.0.0) with ExtractAarTransform
[        ] Transforming interpolator-1.0.0.aar (androidx.interpolator:interpolator:1.0.0) with AarTransform
[        ] Transforming versionedparcelable-1.1.1.aar (androidx.versionedparcelable:versionedparcelable:1.1.1) with JetifyTransform
[        ] Transforming versionedparcelable-1.1.1.aar (androidx.versionedparcelable:versionedparcelable:1.1.1) with ExtractAarTransform
[        ] Transforming versionedparcelable-1.1.1.aar (androidx.versionedparcelable:versionedparcelable:1.1.1) with AarTransform
[        ] Transforming localbroadcastmanager-1.0.0.aar (androidx.localbroadcastmanager:localbroadcastmanager:1.0.0) with JetifyTransform
[        ] Transforming localbroadcastmanager-1.0.0.aar (androidx.localbroadcastmanager:localbroadcastmanager:1.0.0) with ExtractAarTransform
[        ] Transforming localbroadcastmanager-1.0.0.aar (androidx.localbroadcastmanager:localbroadcastmanager:1.0.0) with AarTransform
[        ] Transforming firebase-components-17.1.5.aar (com.google.firebase:firebase-components:17.1.5) with JetifyTransform
[        ] Transforming firebase-components-17.1.5.aar (com.google.firebase:firebase-components:17.1.5) with ExtractAarTransform
[        ] Transforming firebase-components-17.1.5.aar (com.google.firebase:firebase-components:17.1.5) with AarTransform
[        ] Transforming core-runtime-2.2.0.aar (androidx.arch.core:core-runtime:2.2.0) with JetifyTransform
[        ] Transforming core-runtime-2.2.0.aar (androidx.arch.core:core-runtime:2.2.0) with ExtractAarTransform
[        ] Transforming core-runtime-2.2.0.aar (androidx.arch.core:core-runtime:2.2.0) with AarTransform
[        ] Transforming cursoradapter-1.0.0.aar (androidx.cursoradapter:cursoradapter:1.0.0) with JetifyTransform
[        ] Transforming cursoradapter-1.0.0.aar (androidx.cursoradapter:cursoradapter:1.0.0) with ExtractAarTransform
[        ] Transforming cursoradapter-1.0.0.aar (androidx.cursoradapter:cursoradapter:1.0.0) with AarTransform
[        ] Transforming core-1.0.0.aar (androidx.window.extensions.core:core:1.0.0) with JetifyTransform
[        ] Transforming core-1.0.0.aar (androidx.window.extensions.core:core:1.0.0) with ExtractAarTransform
[        ] Transforming core-1.0.0.aar (androidx.window.extensions.core:core:1.0.0) with AarTransform
[        ] Transforming documentfile-1.0.0.aar (androidx.documentfile:documentfile:1.0.0) with JetifyTransform
[        ] Transforming documentfile-1.0.0.aar (androidx.documentfile:documentfile:1.0.0) with ExtractAarTransform
[        ] Transforming documentfile-1.0.0.aar (androidx.documentfile:documentfile:1.0.0) with AarTransform
[        ] Transforming print-1.0.0.aar (androidx.print:print:1.0.0) with JetifyTransform
[        ] Transforming print-1.0.0.aar (androidx.print:print:1.0.0) with ExtractAarTransform
[        ] Transforming print-1.0.0.aar (androidx.print:print:1.0.0) with AarTransform
[        ] Transforming annotation-experimental-1.4.1.aar (androidx.annotation:annotation-experimental:1.4.1) with JetifyTransform
[        ] Transforming annotation-experimental-1.4.1.aar (androidx.annotation:annotation-experimental:1.4.1) with ExtractAarTransform
[        ] Transforming annotation-experimental-1.4.1.aar (androidx.annotation:annotation-experimental:1.4.1) with AarTransform
[        ] Transforming relinker-1.4.5.aar (com.getkeepsafe.relinker:relinker:1.4.5) with JetifyTransform
[        ] Transforming relinker-1.4.5.aar (com.getkeepsafe.relinker:relinker:1.4.5) with ExtractAarTransform
[        ] Transforming relinker-1.4.5.aar (com.getkeepsafe.relinker:relinker:1.4.5) with AarTransform
[        ] Caching disabled for task ':app:mergeDebugAssets' because:
[        ]   Build cache is disabled
[        ]   Simple merging task
[        ] Task ':app:mergeDebugAssets' is not up-to-date because:
[        ]   Output property 'outputDir' file /Users/anas/Documents/Code/tijus_academy/build/app/intermediates/assets/debug/mergeDebugAssets has been removed.
[        ] The input changes require a full rebuild for incremental task ':app:mergeDebugAssets'.
[        ] Resolve mutations for :app:copyFlutterAssetsDebug (Thread[#1831,Execution worker Thread 14,5,main]) started.
[        ] :app:copyFlutterAssetsDebug (Thread[#1831,Execution worker Thread 14,5,main]) started.
[ +178 ms] > Task :app:copyFlutterAssetsDebug
[        ] Caching disabled for task ':app:copyFlutterAssetsDebug' because:
[        ]   Build cache is disabled
[        ]   Not worth caching
[        ] Task ':app:copyFlutterAssetsDebug' is not up-to-date because:
[        ]   Output property 'destinationDir' file /Users/anas/Documents/Code/tijus_academy/build/app/intermediates/assets/debug/mergeDebugAssets/flutter_assets has been removed.
[        ]   Output property 'destinationDir' file /Users/anas/Documents/Code/tijus_academy/build/app/intermediates/assets/debug/mergeDebugAssets/flutter_assets/AssetManifest.bin has been removed.
[        ]   Output property 'destinationDir' file /Users/anas/Documents/Code/tijus_academy/build/app/intermediates/assets/debug/mergeDebugAssets/flutter_assets/AssetManifest.json has been removed.
[        ]   and more...
[        ] Resolve mutations for :app:generateDebugResValues (Thread[#1831,Execution worker Thread 14,5,main]) started.
[        ] :app:generateDebugResValues (Thread[#1831,Execution worker Thread 14,5,main]) started.
[        ] > Task :app:generateDebugResValues UP-TO-DATE
[        ] Caching disabled for task ':app:generateDebugResValues' because:
[        ]   Build cache is disabled
[        ] Skipping task ':app:generateDebugResValues' as it is up-to-date.
[        ] Resolve mutations for :app:processDebugGoogleServices (Thread[#1831,Execution worker Thread 14,5,main]) started.
[        ] :app:processDebugGoogleServices (Thread[#1831,Execution worker Thread 14,5,main]) started.
[        ] > Task :app:processDebugGoogleServices UP-TO-DATE
[        ] Caching disabled for task ':app:processDebugGoogleServices' because:
[        ]   Build cache is disabled
[        ]   Caching has not been enabled for the task
[        ] Skipping task ':app:processDebugGoogleServices' as it is up-to-date.
[        ] Resolve mutations for :firebase_auth:generateDebugResValues (Thread[#1831,Execution worker Thread 14,5,main]) started.
[        ] :firebase_auth:generateDebugResValues (Thread[#1831,Execution worker Thread 14,5,main]) started.
[        ] > Task :firebase_auth:generateDebugResValues UP-TO-DATE
[        ] Caching disabled for task ':firebase_auth:generateDebugResValues' because:
[        ]   Build cache is disabled
[        ] Skipping task ':firebase_auth:generateDebugResValues' as it is up-to-date.
[        ] Resolve mutations for :firebase_auth:generateDebugResources (Thread[#1831,Execution worker Thread 14,5,main]) started.
[        ] :firebase_auth:generateDebugResources (Thread[#1831,Execution worker Thread 14,5,main]) started.
[        ] > Task :firebase_auth:generateDebugResources UP-TO-DATE
[        ] Caching disabled for task ':firebase_auth:generateDebugResources' because:
[        ]   Build cache is disabled
[        ] Skipping task ':firebase_auth:generateDebugResources' as it is up-to-date.
[        ] Resolve mutations for :firebase_auth:packageDebugResources (Thread[#1818,Execution worker Thread 2,5,main]) started.
[        ] :firebase_auth:packageDebugResources (Thread[#1818,Execution worker Thread 2,5,main]) started.
[        ] > Task :firebase_auth:packageDebugResources UP-TO-DATE
[        ] Caching disabled for task ':firebase_auth:packageDebugResources' because:
[        ]   Build cache is disabled
[        ] Skipping task ':firebase_auth:packageDebugResources' as it is up-to-date.
[        ] work action resolve packageDebugResources (project :firebase_auth) (Thread[#1818,Execution worker Thread 2,5,main]) started.
[        ] Resolve mutations for :firebase_core:generateDebugResValues (Thread[#1818,Execution worker Thread 2,5,main]) started.
[        ] :firebase_core:generateDebugResValues (Thread[#1818,Execution worker Thread 2,5,main]) started.
[        ] > Task :firebase_core:generateDebugResValues UP-TO-DATE
[        ] Caching disabled for task ':firebase_core:generateDebugResValues' because:
[        ]   Build cache is disabled
[        ] Skipping task ':firebase_core:generateDebugResValues' as it is up-to-date.
[        ] Resolve mutations for :firebase_core:generateDebugResources (Thread[#1818,Execution worker Thread 2,5,main]) started.
[        ] :firebase_core:generateDebugResources (Thread[#1818,Execution worker Thread 2,5,main]) started.
[        ] > Task :firebase_core:generateDebugResources UP-TO-DATE
[        ] Caching disabled for task ':firebase_core:generateDebugResources' because:
[        ]   Build cache is disabled
[        ] Skipping task ':firebase_core:generateDebugResources' as it is up-to-date.
[        ] Resolve mutations for :firebase_core:packageDebugResources (Thread[#1818,Execution worker Thread 2,5,main]) started.
[        ] :firebase_core:packageDebugResources (Thread[#1818,Execution worker Thread 2,5,main]) started.
[        ] > Task :firebase_core:packageDebugResources UP-TO-DATE
[        ] Caching disabled for task ':firebase_core:packageDebugResources' because:
[        ]   Build cache is disabled
[        ] Skipping task ':firebase_core:packageDebugResources' as it is up-to-date.
[        ] work action resolve packageDebugResources (project :firebase_core) (Thread[#1818,Execution worker Thread 2,5,main]) started.
[        ] Resolve mutations for :flutter_native_splash:generateDebugResValues (Thread[#1818,Execution worker Thread 2,5,main]) started.
[        ] :flutter_native_splash:generateDebugResValues (Thread[#1818,Execution worker Thread 2,5,main]) started.
[        ] > Task :flutter_native_splash:generateDebugResValues UP-TO-DATE
[        ] Caching disabled for task ':flutter_native_splash:generateDebugResValues' because:
[        ]   Build cache is disabled
[        ] Skipping task ':flutter_native_splash:generateDebugResValues' as it is up-to-date.
[        ] Resolve mutations for :flutter_native_splash:generateDebugResources (Thread[#1821,Execution worker Thread 5,5,main]) started.
[        ] :flutter_native_splash:generateDebugResources (Thread[#1821,Execution worker Thread 5,5,main]) started.
[        ] > Task :flutter_native_splash:generateDebugResources UP-TO-DATE
[        ] Caching disabled for task ':flutter_native_splash:generateDebugResources' because:
[        ]   Build cache is disabled
[        ] Skipping task ':flutter_native_splash:generateDebugResources' as it is up-to-date.
[        ] Resolve mutations for :flutter_native_splash:packageDebugResources (Thread[#1821,Execution worker Thread 5,5,main]) started.
[        ] :flutter_native_splash:packageDebugResources (Thread[#1821,Execution worker Thread 5,5,main]) started.
[        ] > Task :flutter_native_splash:packageDebugResources UP-TO-DATE
[        ] Caching disabled for task ':flutter_native_splash:packageDebugResources' because:
[        ]   Build cache is disabled
[        ] Skipping task ':flutter_native_splash:packageDebugResources' as it is up-to-date.
[        ] work action resolve packageDebugResources (project :flutter_native_splash) (Thread[#1821,Execution worker Thread 5,5,main]) started.
[        ] Resolve mutations for :shared_preferences_android:generateDebugResValues (Thread[#1818,Execution worker Thread 2,5,main]) started.
[        ] :shared_preferences_android:generateDebugResValues (Thread[#1826,Execution worker Thread 10,5,main]) started.
[        ] > Task :shared_preferences_android:generateDebugResValues UP-TO-DATE
[        ] Caching disabled for task ':shared_preferences_android:generateDebugResValues' because:
[        ]   Build cache is disabled
[        ] Skipping task ':shared_preferences_android:generateDebugResValues' as it is up-to-date.
[        ] Resolve mutations for :shared_preferences_android:generateDebugResources (Thread[#1826,Execution worker Thread 10,5,main]) started.
[        ] :shared_preferences_android:generateDebugResources (Thread[#1826,Execution worker Thread 10,5,main]) started.
[        ] > Task :shared_preferences_android:generateDebugResources UP-TO-DATE
[        ] Caching disabled for task ':shared_preferences_android:generateDebugResources' because:
[        ]   Build cache is disabled
[        ] Skipping task ':shared_preferences_android:generateDebugResources' as it is up-to-date.
[        ] Resolve mutations for :shared_preferences_android:packageDebugResources (Thread[#1826,Execution worker Thread 10,5,main]) started.
[        ] :shared_preferences_android:packageDebugResources (Thread[#1826,Execution worker Thread 10,5,main]) started.
[        ] > Task :shared_preferences_android:packageDebugResources UP-TO-DATE
[        ] Caching disabled for task ':shared_preferences_android:packageDebugResources' because:
[        ]   Build cache is disabled
[        ] Skipping task ':shared_preferences_android:packageDebugResources' as it is up-to-date.
[        ] work action resolve packageDebugResources (project :shared_preferences_android) (Thread[#1826,Execution worker Thread 10,5,main]) started.
[        ] Resolve mutations for :url_launcher_android:generateDebugResValues (Thread[#1826,Execution worker Thread 10,5,main]) started.
[        ] :url_launcher_android:generateDebugResValues (Thread[#1826,Execution worker Thread 10,5,main]) started.
[        ] > Task :url_launcher_android:generateDebugResValues UP-TO-DATE
[        ] Caching disabled for task ':url_launcher_android:generateDebugResValues' because:
[        ]   Build cache is disabled
[        ] Skipping task ':url_launcher_android:generateDebugResValues' as it is up-to-date.
[        ] Resolve mutations for :url_launcher_android:generateDebugResources (Thread[#1826,Execution worker Thread 10,5,main]) started.
[        ] :url_launcher_android:generateDebugResources (Thread[#1826,Execution worker Thread 10,5,main]) started.
[        ] > Task :url_launcher_android:generateDebugResources UP-TO-DATE
[        ] Caching disabled for task ':url_launcher_android:generateDebugResources' because:
[        ]   Build cache is disabled
[        ] Skipping task ':url_launcher_android:generateDebugResources' as it is up-to-date.
[        ] Resolve mutations for :url_launcher_android:packageDebugResources (Thread[#1826,Execution worker Thread 10,5,main]) started.
[        ] :url_launcher_android:packageDebugResources (Thread[#1826,Execution worker Thread 10,5,main]) started.
[        ] > Task :url_launcher_android:packageDebugResources UP-TO-DATE
[        ] Caching disabled for task ':url_launcher_android:packageDebugResources' because:
[        ]   Build cache is disabled
[        ] Skipping task ':url_launcher_android:packageDebugResources' as it is up-to-date.
[        ] work action resolve packageDebugResources (project :url_launcher_android) (Thread[#1826,Execution worker Thread 10,5,main]) started.
[        ] Resolve mutations for :webview_flutter_android:generateDebugResValues (Thread[#1826,Execution worker Thread 10,5,main]) started.
[        ] :webview_flutter_android:generateDebugResValues (Thread[#1826,Execution worker Thread 10,5,main]) started.
[        ] > Task :webview_flutter_android:generateDebugResValues UP-TO-DATE
[        ] Caching disabled for task ':webview_flutter_android:generateDebugResValues' because:
[        ]   Build cache is disabled
[        ] Skipping task ':webview_flutter_android:generateDebugResValues' as it is up-to-date.
[        ] Resolve mutations for :webview_flutter_android:generateDebugResources (Thread[#1826,Execution worker Thread 10,5,main]) started.
[        ] :webview_flutter_android:generateDebugResources (Thread[#1826,Execution worker Thread 10,5,main]) started.
[        ] > Task :webview_flutter_android:generateDebugResources UP-TO-DATE
[        ] Caching disabled for task ':webview_flutter_android:generateDebugResources' because:
[        ]   Build cache is disabled
[        ] Skipping task ':webview_flutter_android:generateDebugResources' as it is up-to-date.
[        ] Resolve mutations for :webview_flutter_android:packageDebugResources (Thread[#1826,Execution worker Thread 10,5,main]) started.
[        ] :webview_flutter_android:packageDebugResources (Thread[#1826,Execution worker Thread 10,5,main]) started.
[        ] > Task :webview_flutter_android:packageDebugResources UP-TO-DATE
[        ] Caching disabled for task ':webview_flutter_android:packageDebugResources' because:
[        ]   Build cache is disabled
[        ] Skipping task ':webview_flutter_android:packageDebugResources' as it is up-to-date.
[        ] work action resolve packageDebugResources (project :webview_flutter_android) (Thread[#1826,Execution worker Thread 10,5,main]) started.
[        ] Resolve mutations for :app:mapDebugSourceSetPaths (Thread[#1826,Execution worker Thread 10,5,main]) started.
[        ] :app:mapDebugSourceSetPaths (Thread[#1831,Execution worker Thread 14,5,main]) started.
[        ] > Task :app:mapDebugSourceSetPaths UP-TO-DATE
[        ] Transforming firebase-auth-22.3.1.aar (com.google.firebase:firebase-auth:22.3.1) with JetifyTransform
[        ] Transforming firebase-auth-22.3.1.aar (com.google.firebase:firebase-auth:22.3.1) with ExtractAarTransform
[        ] Transforming firebase-auth-22.3.1.aar (com.google.firebase:firebase-auth:22.3.1) with AarTransform
[        ] Transforming firebase-common-ktx-20.4.3.aar (com.google.firebase:firebase-common-ktx:20.4.3) with JetifyTransform
[        ] Transforming firebase-common-ktx-20.4.3.aar (com.google.firebase:firebase-common-ktx:20.4.3) with ExtractAarTransform
[        ] Transforming firebase-common-ktx-20.4.3.aar (com.google.firebase:firebase-common-ktx:20.4.3) with AarTransform
[        ] Transforming preference-1.2.1.aar (androidx.preference:preference:1.2.1) with JetifyTransform
[        ] Transforming preference-1.2.1.aar (androidx.preference:preference:1.2.1) with ExtractAarTransform
[        ] Transforming preference-1.2.1.aar (androidx.preference:preference:1.2.1) with AarTransform
[        ] Transforming browser-1.8.0.aar (androidx.browser:browser:1.8.0) with JetifyTransform
[        ] Transforming browser-1.8.0.aar (androidx.browser:browser:1.8.0) with ExtractAarTransform
[        ] Transforming browser-1.8.0.aar (androidx.browser:browser:1.8.0) with AarTransform
[        ] Transforming browser-1.8.0.aar (androidx.browser:browser:1.8.0) with JetifyTransform
[        ] Transforming browser-1.8.0.aar (androidx.browser:browser:1.8.0) with ExtractAarTransform
[        ] Transforming browser-1.8.0.aar (androidx.browser:browser:1.8.0) with AarTransform
[        ] Transforming webkit-1.12.1.aar (androidx.webkit:webkit:1.12.1) with JetifyTransform
[        ] Transforming webkit-1.12.1.aar (androidx.webkit:webkit:1.12.1) with ExtractAarTransform
[        ] Transforming webkit-1.12.1.aar (androidx.webkit:webkit:1.12.1) with AarTransform
[        ] Transforming recyclerview-1.0.0.aar (androidx.recyclerview:recyclerview:1.0.0) with JetifyTransform
[        ] Transforming recyclerview-1.0.0.aar (androidx.recyclerview:recyclerview:1.0.0) with ExtractAarTransform
[        ] Transforming recyclerview-1.0.0.aar (androidx.recyclerview:recyclerview:1.0.0) with AarTransform
[        ] Transforming legacy-support-core-ui-1.0.0.aar (androidx.legacy:legacy-support-core-ui:1.0.0) with JetifyTransform
[        ] Transforming legacy-support-core-ui-1.0.0.aar (androidx.legacy:legacy-support-core-ui:1.0.0) with ExtractAarTransform
[        ] Transforming legacy-support-core-ui-1.0.0.aar (androidx.legacy:legacy-support-core-ui:1.0.0) with AarTransform
[        ] Transforming slidingpanelayout-1.2.0.aar (androidx.slidingpanelayout:slidingpanelayout:1.2.0) with JetifyTransform
[        ] Transforming slidingpanelayout-1.2.0.aar (androidx.slidingpanelayout:slidingpanelayout:1.2.0) with ExtractAarTransform
[        ] Transforming slidingpanelayout-1.2.0.aar (androidx.slidingpanelayout:slidingpanelayout:1.2.0) with AarTransform
[        ] Transforming slidingpanelayout-1.2.0.aar (androidx.slidingpanelayout:slidingpanelayout:1.2.0) with JetifyTransform
[        ] Transforming slidingpanelayout-1.2.0.aar (androidx.slidingpanelayout:slidingpanelayout:1.2.0) with ExtractAarTransform
[        ] Transforming slidingpanelayout-1.2.0.aar (androidx.slidingpanelayout:slidingpanelayout:1.2.0) with AarTransform
[        ] Transforming window-1.2.0.aar (androidx.window:window:1.2.0) with JetifyTransform
[        ] Transforming window-1.2.0.aar (androidx.window:window:1.2.0) with ExtractAarTransform
[        ] Transforming window-1.2.0.aar (androidx.window:window:1.2.0) with AarTransform
[        ] Transforming window-java-1.2.0.aar (androidx.window:window-java:1.2.0) with JetifyTransform
[        ] Transforming window-java-1.2.0.aar (androidx.window:window-java:1.2.0) with ExtractAarTransform
[        ] Transforming window-java-1.2.0.aar (androidx.window:window-java:1.2.0) with AarTransform
[        ] Transforming appcompat-1.1.0.aar (androidx.appcompat:appcompat:1.1.0) with JetifyTransform
[        ] Transforming appcompat-1.1.0.aar (androidx.appcompat:appcompat:1.1.0) with ExtractAarTransform
[        ] Transforming appcompat-1.1.0.aar (androidx.appcompat:appcompat:1.1.0) with AarTransform
[        ] Transforming firebase-auth-interop-20.0.0.aar (com.google.firebase:firebase-auth-interop:20.0.0) with JetifyTransform
[        ] Transforming firebase-auth-interop-20.0.0.aar (com.google.firebase:firebase-auth-interop:20.0.0) with ExtractAarTransform
[        ] Transforming firebase-auth-interop-20.0.0.aar (com.google.firebase:firebase-auth-interop:20.0.0) with AarTransform
[        ] Transforming firebase-common-20.4.3.aar (com.google.firebase:firebase-common:20.4.3) with JetifyTransform
[        ] Transforming firebase-common-20.4.3.aar (com.google.firebase:firebase-common:20.4.3) with ExtractAarTransform
[        ] Transforming firebase-common-20.4.3.aar (com.google.firebase:firebase-common:20.4.3) with AarTransform
[        ] Transforming firebase-common-20.4.3.aar (com.google.firebase:firebase-common:20.4.3) with JetifyTransform
[        ] Transforming firebase-common-20.4.3.aar (com.google.firebase:firebase-common:20.4.3) with ExtractAarTransform
[        ] Transforming firebase-common-20.4.3.aar (com.google.firebase:firebase-common:20.4.3) with AarTransform
[        ] Transforming play-services-auth-api-phone-17.4.0.aar (com.google.android.gms:play-services-auth-api-phone:17.4.0) with JetifyTransform
[        ] Transforming play-services-auth-api-phone-17.4.0.aar (com.google.android.gms:play-services-auth-api-phone:17.4.0) with ExtractAarTransform
[        ] Transforming play-services-auth-api-phone-17.4.0.aar (com.google.android.gms:play-services-auth-api-phone:17.4.0) with AarTransform
[        ] Transforming recaptcha-18.4.0.aar (com.google.android.recaptcha:recaptcha:18.4.0) with JetifyTransform
[        ] Transforming recaptcha-18.4.0.aar (com.google.android.recaptcha:recaptcha:18.4.0) with ExtractAarTransform
[        ] Transforming recaptcha-18.4.0.aar (com.google.android.recaptcha:recaptcha:18.4.0) with AarTransform
[        ] Transforming integrity-1.2.0.aar (com.google.android.play:integrity:1.2.0) with JetifyTransform
[        ] Transforming integrity-1.2.0.aar (com.google.android.play:integrity:1.2.0) with ExtractAarTransform
[        ] Transforming integrity-1.2.0.aar (com.google.android.play:integrity:1.2.0) with AarTransform
[        ] Transforming firebase-appcheck-interop-17.0.0.aar (com.google.firebase:firebase-appcheck-interop:17.0.0) with JetifyTransform
[        ] Transforming firebase-appcheck-interop-17.0.0.aar (com.google.firebase:firebase-appcheck-interop:17.0.0) with ExtractAarTransform
[        ] Transforming firebase-appcheck-interop-17.0.0.aar (com.google.firebase:firebase-appcheck-interop:17.0.0) with AarTransform
[        ] Transforming fragment-ktx-1.7.1.aar (androidx.fragment:fragment-ktx:1.7.1) with JetifyTransform
[        ] Transforming fragment-ktx-1.7.1.aar (androidx.fragment:fragment-ktx:1.7.1) with ExtractAarTransform
[        ] Transforming fragment-ktx-1.7.1.aar (androidx.fragment:fragment-ktx:1.7.1) with AarTransform
[        ] Transforming play-services-base-18.0.1.aar (com.google.android.gms:play-services-base:18.0.1) with JetifyTransform
[        ] Transforming play-services-base-18.0.1.aar (com.google.android.gms:play-services-base:18.0.1) with ExtractAarTransform
[        ] Transforming play-services-base-18.0.1.aar (com.google.android.gms:play-services-base:18.0.1) with AarTransform
[        ] Transforming fragment-1.7.1.aar (androidx.fragment:fragment:1.7.1) with JetifyTransform
[        ] Transforming fragment-1.7.1.aar (androidx.fragment:fragment:1.7.1) with ExtractAarTransform
[        ] Transforming fragment-1.7.1.aar (androidx.fragment:fragment:1.7.1) with AarTransform
[        ] Transforming fragment-1.7.1.aar (androidx.fragment:fragment:1.7.1) with JetifyTransform
[        ] Transforming fragment-1.7.1.aar (androidx.fragment:fragment:1.7.1) with ExtractAarTransform
[        ] Transforming fragment-1.7.1.aar (androidx.fragment:fragment:1.7.1) with AarTransform
[        ] Transforming activity-ktx-1.8.1.aar (androidx.activity:activity-ktx:1.8.1) with JetifyTransform
[        ] Transforming activity-ktx-1.8.1.aar (androidx.activity:activity-ktx:1.8.1) with ExtractAarTransform
[        ] Transforming activity-ktx-1.8.1.aar (androidx.activity:activity-ktx:1.8.1) with AarTransform
[        ] Transforming activity-1.8.1.aar (androidx.activity:activity:1.8.1) with JetifyTransform
[        ] Transforming activity-1.8.1.aar (androidx.activity:activity:1.8.1) with ExtractAarTransform
[        ] Transforming activity-1.8.1.aar (androidx.activity:activity:1.8.1) with AarTransform
[        ] Transforming legacy-support-core-utils-1.0.0.aar (androidx.legacy:legacy-support-core-utils:1.0.0) with JetifyTransform
[        ] Transforming legacy-support-core-utils-1.0.0.aar (androidx.legacy:legacy-support-core-utils:1.0.0) with ExtractAarTransform
[        ] Transforming legacy-support-core-utils-1.0.0.aar (androidx.legacy:legacy-support-core-utils:1.0.0) with AarTransform
[        ] Transforming loader-1.0.0.aar (androidx.loader:loader:1.0.0) with JetifyTransform
[        ] Transforming loader-1.0.0.aar (androidx.loader:loader:1.0.0) with ExtractAarTransform
[        ] Transforming loader-1.0.0.aar (androidx.loader:loader:1.0.0) with AarTransform
[        ] Transforming loader-1.0.0.aar (androidx.loader:loader:1.0.0) with JetifyTransform
[        ] Transforming loader-1.0.0.aar (androidx.loader:loader:1.0.0) with ExtractAarTransform
[        ] Transforming loader-1.0.0.aar (androidx.loader:loader:1.0.0) with AarTransform
[        ] Transforming lifecycle-runtime-ktx-2.7.0.aar (androidx.lifecycle:lifecycle-runtime-ktx:2.7.0) with JetifyTransform
[        ] Transforming lifecycle-runtime-ktx-2.7.0.aar (androidx.lifecycle:lifecycle-runtime-ktx:2.7.0) with ExtractAarTransform
[        ] Transforming lifecycle-runtime-ktx-2.7.0.aar (androidx.lifecycle:lifecycle-runtime-ktx:2.7.0) with AarTransform
[        ] Transforming lifecycle-livedata-2.7.0.aar (androidx.lifecycle:lifecycle-livedata:2.7.0) with JetifyTransform
[        ] Transforming lifecycle-livedata-2.7.0.aar (androidx.lifecycle:lifecycle-livedata:2.7.0) with ExtractAarTransform
[        ] Transforming lifecycle-livedata-2.7.0.aar (androidx.lifecycle:lifecycle-livedata:2.7.0) with AarTransform
[        ] Transforming lifecycle-livedata-core-ktx-2.7.0.aar (androidx.lifecycle:lifecycle-livedata-core-ktx:2.7.0) with JetifyTransform
[        ] Transforming lifecycle-livedata-core-ktx-2.7.0.aar (androidx.lifecycle:lifecycle-livedata-core-ktx:2.7.0) with ExtractAarTransform
[        ] Transforming lifecycle-livedata-core-ktx-2.7.0.aar (androidx.lifecycle:lifecycle-livedata-core-ktx:2.7.0) with AarTransform
[        ] Transforming lifecycle-viewmodel-ktx-2.7.0.aar (androidx.lifecycle:lifecycle-viewmodel-ktx:2.7.0) with JetifyTransform
[        ] Transforming lifecycle-viewmodel-ktx-2.7.0.aar (androidx.lifecycle:lifecycle-viewmodel-ktx:2.7.0) with ExtractAarTransform
[        ] Transforming lifecycle-viewmodel-ktx-2.7.0.aar (androidx.lifecycle:lifecycle-viewmodel-ktx:2.7.0) with AarTransform
[        ] Transforming lifecycle-viewmodel-savedstate-2.7.0.aar (androidx.lifecycle:lifecycle-viewmodel-savedstate:2.7.0) with JetifyTransform
[        ] Transforming lifecycle-viewmodel-savedstate-2.7.0.aar (androidx.lifecycle:lifecycle-viewmodel-savedstate:2.7.0) with ExtractAarTransform
[        ] Transforming lifecycle-viewmodel-savedstate-2.7.0.aar (androidx.lifecycle:lifecycle-viewmodel-savedstate:2.7.0) with AarTransform
[        ] Transforming lifecycle-viewmodel-2.7.0.aar (androidx.lifecycle:lifecycle-viewmodel:2.7.0) with JetifyTransform
[        ] Transforming lifecycle-viewmodel-2.7.0.aar (androidx.lifecycle:lifecycle-viewmodel:2.7.0) with ExtractAarTransform
[        ] Transforming lifecycle-viewmodel-2.7.0.aar (androidx.lifecycle:lifecycle-viewmodel:2.7.0) with AarTransform
[        ] Transforming lifecycle-viewmodel-2.7.0.aar (androidx.lifecycle:lifecycle-viewmodel:2.7.0) with JetifyTransform
[        ] Transforming lifecycle-viewmodel-2.7.0.aar (androidx.lifecycle:lifecycle-viewmodel:2.7.0) with ExtractAarTransform
[        ] Transforming lifecycle-viewmodel-2.7.0.aar (androidx.lifecycle:lifecycle-viewmodel:2.7.0) with AarTransform
[        ] Transforming lifecycle-livedata-core-2.7.0.aar (androidx.lifecycle:lifecycle-livedata-core:2.7.0) with JetifyTransform
[        ] Transforming lifecycle-livedata-core-2.7.0.aar (androidx.lifecycle:lifecycle-livedata-core:2.7.0) with ExtractAarTransform
[        ] Transforming lifecycle-livedata-core-2.7.0.aar (androidx.lifecycle:lifecycle-livedata-core:2.7.0) with AarTransform
[        ] Transforming lifecycle-runtime-2.7.0.aar (androidx.lifecycle:lifecycle-runtime:2.7.0) with JetifyTransform
[        ] Transforming lifecycle-runtime-2.7.0.aar (androidx.lifecycle:lifecycle-runtime:2.7.0) with ExtractAarTransform
[        ] Transforming lifecycle-runtime-2.7.0.aar (androidx.lifecycle:lifecycle-runtime:2.7.0) with AarTransform
[        ] Transforming lifecycle-process-2.7.0.aar (androidx.lifecycle:lifecycle-process:2.7.0) with JetifyTransform
[        ] Transforming lifecycle-process-2.7.0.aar (androidx.lifecycle:lifecycle-process:2.7.0) with ExtractAarTransform
[        ] Transforming lifecycle-process-2.7.0.aar (androidx.lifecycle:lifecycle-process:2.7.0) with AarTransform
[        ] Transforming savedstate-ktx-1.2.1.aar (androidx.savedstate:savedstate-ktx:1.2.1) with JetifyTransform
[        ] Transforming savedstate-ktx-1.2.1.aar (androidx.savedstate:savedstate-ktx:1.2.1) with ExtractAarTransform
[        ] Transforming savedstate-ktx-1.2.1.aar (androidx.savedstate:savedstate-ktx:1.2.1) with AarTransform
[        ] Transforming savedstate-1.2.1.aar (androidx.savedstate:savedstate:1.2.1) with JetifyTransform
[        ] Transforming savedstate-1.2.1.aar (androidx.savedstate:savedstate:1.2.1) with ExtractAarTransform
[        ] Transforming savedstate-1.2.1.aar (androidx.savedstate:savedstate:1.2.1) with AarTransform
[        ] Transforming datastore-core-release.aar (androidx.datastore:datastore-core-android:1.1.1) with JetifyTransform
[        ] Transforming datastore-core-release.aar (androidx.datastore:datastore-core-android:1.1.1) with ExtractAarTransform
[        ] Transforming datastore-core-release.aar (androidx.datastore:datastore-core-android:1.1.1) with AarTransform
[        ] Transforming datastore-preferences-release.aar (androidx.datastore:datastore-preferences-android:1.1.1) with JetifyTransform
[        ] Transforming datastore-preferences-release.aar (androidx.datastore:datastore-preferences-android:1.1.1) with ExtractAarTransform
[        ] Transforming datastore-preferences-release.aar (androidx.datastore:datastore-preferences-android:1.1.1) with AarTransform
[        ] Transforming datastore-release.aar (androidx.datastore:datastore-android:1.1.1) with JetifyTransform
[        ] Transforming datastore-release.aar (androidx.datastore:datastore-android:1.1.1) with ExtractAarTransform
[        ] Transforming datastore-release.aar (androidx.datastore:datastore-android:1.1.1) with AarTransform
[        ] Transforming play-services-tasks-18.1.0.aar (com.google.android.gms:play-services-tasks:18.1.0) with JetifyTransform
[        ] Transforming play-services-tasks-18.1.0.aar (com.google.android.gms:play-services-tasks:18.1.0) with ExtractAarTransform
[        ] Transforming play-services-tasks-18.1.0.aar (com.google.android.gms:play-services-tasks:18.1.0) with AarTransform
[        ] Transforming play-services-tasks-18.1.0.aar (com.google.android.gms:play-services-tasks:18.1.0) with JetifyTransform
[        ] Transforming play-services-tasks-18.1.0.aar (com.google.android.gms:play-services-tasks:18.1.0) with ExtractAarTransform
[        ] Transforming play-services-tasks-18.1.0.aar (com.google.android.gms:play-services-tasks:18.1.0) with AarTransform
[        ] Transforming play-services-basement-18.3.0.aar (com.google.android.gms:play-services-basement:18.3.0) with JetifyTransform
[        ] Transforming play-services-basement-18.3.0.aar (com.google.android.gms:play-services-basement:18.3.0) with ExtractAarTransform
[        ] Transforming play-services-basement-18.3.0.aar (com.google.android.gms:play-services-basement:18.3.0) with AarTransform
[        ] Transforming viewpager-1.0.0.aar (androidx.viewpager:viewpager:1.0.0) with JetifyTransform
[        ] Transforming viewpager-1.0.0.aar (androidx.viewpager:viewpager:1.0.0) with ExtractAarTransform
[        ] Transforming viewpager-1.0.0.aar (androidx.viewpager:viewpager:1.0.0) with AarTransform
[        ] Transforming viewpager-1.0.0.aar (androidx.viewpager:viewpager:1.0.0) with JetifyTransform
[        ] Transforming viewpager-1.0.0.aar (androidx.viewpager:viewpager:1.0.0) with ExtractAarTransform
[        ] Transforming viewpager-1.0.0.aar (androidx.viewpager:viewpager:1.0.0) with AarTransform
[        ] Transforming appcompat-resources-1.1.0.aar (androidx.appcompat:appcompat-resources:1.1.0) with JetifyTransform
[        ] Transforming appcompat-resources-1.1.0.aar (androidx.appcompat:appcompat-resources:1.1.0) with ExtractAarTransform
[        ] Transforming appcompat-resources-1.1.0.aar (androidx.appcompat:appcompat-resources:1.1.0) with AarTransform
[        ] Transforming drawerlayout-1.0.0.aar (androidx.drawerlayout:drawerlayout:1.0.0) with JetifyTransform
[        ] Transforming drawerlayout-1.0.0.aar (androidx.drawerlayout:drawerlayout:1.0.0) with ExtractAarTransform
[        ] Transforming drawerlayout-1.0.0.aar (androidx.drawerlayout:drawerlayout:1.0.0) with AarTransform
[        ] Transforming coordinatorlayout-1.0.0.aar (androidx.coordinatorlayout:coordinatorlayout:1.0.0) with JetifyTransform
[        ] Transforming coordinatorlayout-1.0.0.aar (androidx.coordinatorlayout:coordinatorlayout:1.0.0) with ExtractAarTransform
[        ] Transforming coordinatorlayout-1.0.0.aar (androidx.coordinatorlayout:coordinatorlayout:1.0.0) with AarTransform
[        ] Transforming customview-1.1.0.aar (androidx.customview:customview:1.1.0) with JetifyTransform
[        ] Transforming customview-1.1.0.aar (androidx.customview:customview:1.1.0) with ExtractAarTransform
[        ] Transforming customview-1.1.0.aar (androidx.customview:customview:1.1.0) with AarTransform
[        ] Transforming customview-1.1.0.aar (androidx.customview:customview:1.1.0) with JetifyTransform
[        ] Transforming customview-1.1.0.aar (androidx.customview:customview:1.1.0) with ExtractAarTransform
[        ] Transforming customview-1.1.0.aar (androidx.customview:customview:1.1.0) with AarTransform
[        ] Transforming transition-1.4.1.aar (androidx.transition:transition:1.4.1) with JetifyTransform
[        ] Transforming transition-1.4.1.aar (androidx.transition:transition:1.4.1) with ExtractAarTransform
[        ] Transforming transition-1.4.1.aar (androidx.transition:transition:1.4.1) with AarTransform
[        ] Transforming core-ktx-1.13.1.aar (androidx.core:core-ktx:1.13.1) with JetifyTransform
[        ] Transforming core-ktx-1.13.1.aar (androidx.core:core-ktx:1.13.1) with ExtractAarTransform
[        ] Transforming core-ktx-1.13.1.aar (androidx.core:core-ktx:1.13.1) with AarTransform
[        ] Transforming vectordrawable-animated-1.1.0.aar (androidx.vectordrawable:vectordrawable-animated:1.1.0) with JetifyTransform
[        ] Transforming vectordrawable-animated-1.1.0.aar (androidx.vectordrawable:vectordrawable-animated:1.1.0) with ExtractAarTransform
[        ] Transforming vectordrawable-animated-1.1.0.aar (androidx.vectordrawable:vectordrawable-animated:1.1.0) with AarTransform
[        ] Transforming vectordrawable-1.1.0.aar (androidx.vectordrawable:vectordrawable:1.1.0) with JetifyTransform
[        ] Transforming vectordrawable-1.1.0.aar (androidx.vectordrawable:vectordrawable:1.1.0) with ExtractAarTransform
[        ] Transforming vectordrawable-1.1.0.aar (androidx.vectordrawable:vectordrawable:1.1.0) with AarTransform
[        ] Transforming swiperefreshlayout-1.0.0.aar (androidx.swiperefreshlayout:swiperefreshlayout:1.0.0) with JetifyTransform
[        ] Transforming swiperefreshlayout-1.0.0.aar (androidx.swiperefreshlayout:swiperefreshlayout:1.0.0) with ExtractAarTransform
[        ] Transforming swiperefreshlayout-1.0.0.aar (androidx.swiperefreshlayout:swiperefreshlayout:1.0.0) with AarTransform
[        ] Transforming asynclayoutinflater-1.0.0.aar (androidx.asynclayoutinflater:asynclayoutinflater:1.0.0) with JetifyTransform
[        ] Transforming asynclayoutinflater-1.0.0.aar (androidx.asynclayoutinflater:asynclayoutinflater:1.0.0) with ExtractAarTransform
[        ] Transforming asynclayoutinflater-1.0.0.aar (androidx.asynclayoutinflater:asynclayoutinflater:1.0.0) with AarTransform
[        ] Transforming core-1.13.1.aar (androidx.core:core:1.13.1) with JetifyTransform
[        ] Transforming core-1.13.1.aar (androidx.core:core:1.13.1) with ExtractAarTransform
[        ] Transforming core-1.13.1.aar (androidx.core:core:1.13.1) with AarTransform
[        ] Transforming core-1.13.1.aar (androidx.core:core:1.13.1) with JetifyTransform
[        ] Transforming core-1.13.1.aar (androidx.core:core:1.13.1) with ExtractAarTransform
[        ] Transforming core-1.13.1.aar (androidx.core:core:1.13.1) with AarTransform
[        ] Transforming profileinstaller-1.3.1.aar (androidx.profileinstaller:profileinstaller:1.3.1) with JetifyTransform
[        ] Transforming profileinstaller-1.3.1.aar (androidx.profileinstaller:profileinstaller:1.3.1) with ExtractAarTransform
[        ] Transforming profileinstaller-1.3.1.aar (androidx.profileinstaller:profileinstaller:1.3.1) with AarTransform
[        ] Transforming startup-runtime-1.1.1.aar (androidx.startup:startup-runtime:1.1.1) with JetifyTransform
[        ] Transforming startup-runtime-1.1.1.aar (androidx.startup:startup-runtime:1.1.1) with ExtractAarTransform
[        ] Transforming startup-runtime-1.1.1.aar (androidx.startup:startup-runtime:1.1.1) with AarTransform
[        ] Transforming tracing-1.2.0.aar (androidx.tracing:tracing:1.2.0) with JetifyTransform
[        ] Transforming tracing-1.2.0.aar (androidx.tracing:tracing:1.2.0) with ExtractAarTransform
[        ] Transforming tracing-1.2.0.aar (androidx.tracing:tracing:1.2.0) with AarTransform
[        ] Transforming interpolator-1.0.0.aar (androidx.interpolator:interpolator:1.0.0) with JetifyTransform
[        ] Transforming interpolator-1.0.0.aar (androidx.interpolator:interpolator:1.0.0) with ExtractAarTransform
[        ] Transforming interpolator-1.0.0.aar (androidx.interpolator:interpolator:1.0.0) with AarTransform
[        ] Transforming interpolator-1.0.0.aar (androidx.interpolator:interpolator:1.0.0) with JetifyTransform
[        ] Transforming interpolator-1.0.0.aar (androidx.interpolator:interpolator:1.0.0) with ExtractAarTransform
[        ] Transforming interpolator-1.0.0.aar (androidx.interpolator:interpolator:1.0.0) with AarTransform
[        ] Transforming versionedparcelable-1.1.1.aar (androidx.versionedparcelable:versionedparcelable:1.1.1) with JetifyTransform
[        ] Transforming versionedparcelable-1.1.1.aar (androidx.versionedparcelable:versionedparcelable:1.1.1) with ExtractAarTransform
[        ] Transforming versionedparcelable-1.1.1.aar (androidx.versionedparcelable:versionedparcelable:1.1.1) with AarTransform
[        ] Transforming localbroadcastmanager-1.0.0.aar (androidx.localbroadcastmanager:localbroadcastmanager:1.0.0) with JetifyTransform
[        ] Transforming localbroadcastmanager-1.0.0.aar (androidx.localbroadcastmanager:localbroadcastmanager:1.0.0) with ExtractAarTransform
[        ] Transforming localbroadcastmanager-1.0.0.aar (androidx.localbroadcastmanager:localbroadcastmanager:1.0.0) with AarTransform
[        ] Transforming firebase-components-17.1.5.aar (com.google.firebase:firebase-components:17.1.5) with JetifyTransform
[        ] Transforming firebase-components-17.1.5.aar (com.google.firebase:firebase-components:17.1.5) with ExtractAarTransform
[        ] Transforming firebase-components-17.1.5.aar (com.google.firebase:firebase-components:17.1.5) with AarTransform
[        ] Transforming core-runtime-2.2.0.aar (androidx.arch.core:core-runtime:2.2.0) with JetifyTransform
[        ] Transforming core-runtime-2.2.0.aar (androidx.arch.core:core-runtime:2.2.0) with ExtractAarTransform
[        ] Transforming core-runtime-2.2.0.aar (androidx.arch.core:core-runtime:2.2.0) with AarTransform
[        ] Transforming cursoradapter-1.0.0.aar (androidx.cursoradapter:cursoradapter:1.0.0) with JetifyTransform
[        ] Transforming cursoradapter-1.0.0.aar (androidx.cursoradapter:cursoradapter:1.0.0) with ExtractAarTransform
[        ] Transforming cursoradapter-1.0.0.aar (androidx.cursoradapter:cursoradapter:1.0.0) with AarTransform
[        ] Transforming core-1.0.0.aar (androidx.window.extensions.core:core:1.0.0) with JetifyTransform
[        ] Transforming core-1.0.0.aar (androidx.window.extensions.core:core:1.0.0) with ExtractAarTransform
[        ] Transforming core-1.0.0.aar (androidx.window.extensions.core:core:1.0.0) with AarTransform
[        ] Transforming documentfile-1.0.0.aar (androidx.documentfile:documentfile:1.0.0) with JetifyTransform
[        ] Transforming documentfile-1.0.0.aar (androidx.documentfile:documentfile:1.0.0) with ExtractAarTransform
[        ] Transforming documentfile-1.0.0.aar (androidx.documentfile:documentfile:1.0.0) with AarTransform
[        ] Transforming print-1.0.0.aar (androidx.print:print:1.0.0) with JetifyTransform
[        ] Transforming print-1.0.0.aar (androidx.print:print:1.0.0) with ExtractAarTransform
[        ] Transforming print-1.0.0.aar (androidx.print:print:1.0.0) with AarTransform
[        ] Transforming annotation-experimental-1.4.1.aar (androidx.annotation:annotation-experimental:1.4.1) with JetifyTransform
[        ] Transforming annotation-experimental-1.4.1.aar (androidx.annotation:annotation-experimental:1.4.1) with ExtractAarTransform
[        ] Transforming annotation-experimental-1.4.1.aar (androidx.annotation:annotation-experimental:1.4.1) with AarTransform
[        ] Transforming relinker-1.4.5.aar (com.getkeepsafe.relinker:relinker:1.4.5) with JetifyTransform
[        ] Transforming relinker-1.4.5.aar (com.getkeepsafe.relinker:relinker:1.4.5) with ExtractAarTransform
[        ] Transforming relinker-1.4.5.aar (com.getkeepsafe.relinker:relinker:1.4.5) with AarTransform
[        ] Caching disabled for task ':app:mapDebugSourceSetPaths' because:
[        ]   Build cache is disabled
[        ]   Caching has been disabled for the task
[        ] Skipping task ':app:mapDebugSourceSetPaths' as it is up-to-date.
[        ] Resolve mutations for :app:generateDebugResources (Thread[#1831,Execution worker Thread 14,5,main]) started.
[        ] :app:generateDebugResources (Thread[#1831,Execution worker Thread 14,5,main]) started.
[        ] > Task :app:generateDebugResources UP-TO-DATE
[        ] Caching disabled for task ':app:generateDebugResources' because:
[        ]   Build cache is disabled
[        ] Skipping task ':app:generateDebugResources' as it is up-to-date.
[        ] Resolve mutations for :app:mergeDebugResources (Thread[#1831,Execution worker Thread 14,5,main]) started.
[        ] :app:mergeDebugResources (Thread[#1831,Execution worker Thread 14,5,main]) started.
[        ] > Task :app:mergeDebugResources UP-TO-DATE
[        ] Caching disabled for task ':app:mergeDebugResources' because:
[        ]   Build cache is disabled
[        ] Skipping task ':app:mergeDebugResources' as it is up-to-date.
[   +1 ms] Resolve mutations for :app:packageDebugResources (Thread[#1831,Execution worker Thread 14,5,main]) started.
[        ] :app:packageDebugResources (Thread[#1831,Execution worker Thread 14,5,main]) started.
[        ] > Task :app:packageDebugResources UP-TO-DATE
[        ] Caching disabled for task ':app:packageDebugResources' because:
[        ]   Build cache is disabled
[        ] Skipping task ':app:packageDebugResources' as it is up-to-date.
[        ] Resolve mutations for :app:parseDebugLocalResources (Thread[#1831,Execution worker Thread 14,5,main]) started.
[        ] :app:parseDebugLocalResources (Thread[#1831,Execution worker Thread 14,5,main]) started.
[        ] > Task :app:parseDebugLocalResources UP-TO-DATE
[        ] Transforming android.jar with PlatformAttrTransform
[        ] Transforming android.jar with PlatformAttrTransform
[        ] Caching disabled for task ':app:parseDebugLocalResources' because:
[        ]   Build cache is disabled
[        ] Skipping task ':app:parseDebugLocalResources' as it is up-to-date.
[        ] Resolve mutations for :app:createDebugCompatibleScreenManifests (Thread[#1823,Execution worker Thread 7,5,main]) started.
[        ] :app:createDebugCompatibleScreenManifests (Thread[#1823,Execution worker Thread 7,5,main]) started.
[        ] > Task :app:createDebugCompatibleScreenManifests UP-TO-DATE
[        ] Caching disabled for task ':app:createDebugCompatibleScreenManifests' because:
[        ]   Build cache is disabled
[        ]   Caching has been disabled for the task
[        ] Skipping task ':app:createDebugCompatibleScreenManifests' as it is up-to-date.
[        ] Resolve mutations for :app:extractDeepLinksDebug (Thread[#1823,Execution worker Thread 7,5,main]) started.
[        ] :app:extractDeepLinksDebug (Thread[#1823,Execution worker Thread 7,5,main]) started.
[        ] > Task :app:extractDeepLinksDebug UP-TO-DATE
[        ] Caching disabled for task ':app:extractDeepLinksDebug' because:
[        ]   Build cache is disabled
[        ] Skipping task ':app:extractDeepLinksDebug' as it is up-to-date.
[        ] Resolve mutations for :firebase_auth:extractDeepLinksDebug (Thread[#1823,Execution worker Thread 7,5,main]) started.
[        ] :firebase_auth:extractDeepLinksDebug (Thread[#1823,Execution worker Thread 7,5,main]) started.
[        ] > Task :firebase_auth:extractDeepLinksDebug UP-TO-DATE
[        ] Caching disabled for task ':firebase_auth:extractDeepLinksDebug' because:
[        ]   Build cache is disabled
[        ] Skipping task ':firebase_auth:extractDeepLinksDebug' as it is up-to-date.
[        ] work action resolve navigation.json (project :firebase_auth) (Thread[#1823,Execution worker Thread 7,5,main]) started.
[        ] Resolve mutations for :firebase_auth:processDebugManifest (Thread[#1823,Execution worker Thread 7,5,main]) started.
[        ] :firebase_auth:processDebugManifest (Thread[#1823,Execution worker Thread 7,5,main]) started.
[        ] > Task :firebase_auth:processDebugManifest UP-TO-DATE
[        ] Caching disabled for task ':firebase_auth:processDebugManifest' because:
[        ]   Build cache is disabled
[        ] Skipping task ':firebase_auth:processDebugManifest' as it is up-to-date.
[        ] work action resolve AndroidManifest.xml (project :firebase_auth) (Thread[#1823,Execution worker Thread 7,5,main]) started.
[        ] Resolve mutations for :firebase_core:extractDeepLinksDebug (Thread[#1823,Execution worker Thread 7,5,main]) started.
[        ] :firebase_core:extractDeepLinksDebug (Thread[#1823,Execution worker Thread 7,5,main]) started.
[        ] > Task :firebase_core:extractDeepLinksDebug UP-TO-DATE
[        ] Caching disabled for task ':firebase_core:extractDeepLinksDebug' because:
[        ]   Build cache is disabled
[        ] Skipping task ':firebase_core:extractDeepLinksDebug' as it is up-to-date.
[        ] work action resolve navigation.json (project :firebase_core) (Thread[#1823,Execution worker Thread 7,5,main]) started.
[        ] Resolve mutations for :firebase_core:processDebugManifest (Thread[#1823,Execution worker Thread 7,5,main]) started.
[        ] :firebase_core:processDebugManifest (Thread[#1823,Execution worker Thread 7,5,main]) started.
[  +75 ms] > Task :firebase_core:processDebugManifest UP-TO-DATE
[        ] Caching disabled for task ':firebase_core:processDebugManifest' because:
[        ]   Build cache is disabled
[        ] Skipping task ':firebase_core:processDebugManifest' as it is up-to-date.
[        ] work action resolve AndroidManifest.xml (project :firebase_core) (Thread[#1823,Execution worker Thread 7,5,main]) started.
[        ] Resolve mutations for :flutter_native_splash:extractDeepLinksDebug (Thread[#1823,Execution worker Thread 7,5,main]) started.
[        ] :flutter_native_splash:extractDeepLinksDebug (Thread[#1823,Execution worker Thread 7,5,main]) started.
[        ] > Task :flutter_native_splash:extractDeepLinksDebug UP-TO-DATE
[        ] Caching disabled for task ':flutter_native_splash:extractDeepLinksDebug' because:
[        ]   Build cache is disabled
[        ] Skipping task ':flutter_native_splash:extractDeepLinksDebug' as it is up-to-date.
[        ] work action resolve navigation.json (project :flutter_native_splash) (Thread[#1823,Execution worker Thread 7,5,main]) started.
[        ] Resolve mutations for :flutter_native_splash:processDebugManifest (Thread[#1822,Execution worker Thread 6,5,main]) started.
[        ] :flutter_native_splash:processDebugManifest (Thread[#1822,Execution worker Thread 6,5,main]) started.
[        ] > Task :flutter_native_splash:processDebugManifest UP-TO-DATE
[        ] Caching disabled for task ':flutter_native_splash:processDebugManifest' because:
[        ]   Build cache is disabled
[        ] Skipping task ':flutter_native_splash:processDebugManifest' as it is up-to-date.
[        ] work action resolve AndroidManifest.xml (project :flutter_native_splash) (Thread[#1822,Execution worker Thread 6,5,main]) started.
[        ] Resolve mutations for :shared_preferences_android:extractDeepLinksDebug (Thread[#1822,Execution worker Thread 6,5,main]) started.
[        ] :shared_preferences_android:extractDeepLinksDebug (Thread[#1822,Execution worker Thread 6,5,main]) started.
[        ] > Task :shared_preferences_android:extractDeepLinksDebug UP-TO-DATE
[        ] Caching disabled for task ':shared_preferences_android:extractDeepLinksDebug' because:
[        ]   Build cache is disabled
[        ] Skipping task ':shared_preferences_android:extractDeepLinksDebug' as it is up-to-date.
[        ] work action resolve navigation.json (project :shared_preferences_android) (Thread[#1822,Execution worker Thread 6,5,main]) started.
[        ] Resolve mutations for :shared_preferences_android:processDebugManifest (Thread[#1822,Execution worker Thread 6,5,main]) started.
[        ] :shared_preferences_android:processDebugManifest (Thread[#1822,Execution worker Thread 6,5,main]) started.
[        ] > Task :shared_preferences_android:processDebugManifest UP-TO-DATE
[        ] Caching disabled for task ':shared_preferences_android:processDebugManifest' because:
[        ]   Build cache is disabled
[        ] Skipping task ':shared_preferences_android:processDebugManifest' as it is up-to-date.
[        ] work action resolve AndroidManifest.xml (project :shared_preferences_android) (Thread[#1822,Execution worker Thread 6,5,main]) started.
[        ] Resolve mutations for :url_launcher_android:extractDeepLinksDebug (Thread[#1828,Execution worker Thread 11,5,main]) started.
[        ] :url_launcher_android:extractDeepLinksDebug (Thread[#1828,Execution worker Thread 11,5,main]) started.
[        ] > Task :url_launcher_android:extractDeepLinksDebug UP-TO-DATE
[        ] Caching disabled for task ':url_launcher_android:extractDeepLinksDebug' because:
[        ]   Build cache is disabled
[        ] Skipping task ':url_launcher_android:extractDeepLinksDebug' as it is up-to-date.
[        ] work action resolve navigation.json (project :url_launcher_android) (Thread[#1828,Execution worker Thread 11,5,main]) started.
[        ] Resolve mutations for :url_launcher_android:processDebugManifest (Thread[#1828,Execution worker Thread 11,5,main]) started.
[        ] :url_launcher_android:processDebugManifest (Thread[#1828,Execution worker Thread 11,5,main]) started.
[        ] > Task :url_launcher_android:processDebugManifest UP-TO-DATE
[        ] Caching disabled for task ':url_launcher_android:processDebugManifest' because:
[        ]   Build cache is disabled
[        ] Skipping task ':url_launcher_android:processDebugManifest' as it is up-to-date.
[        ] work action resolve AndroidManifest.xml (project :url_launcher_android) (Thread[#1828,Execution worker Thread 11,5,main]) started.
[        ] Resolve mutations for :webview_flutter_android:extractDeepLinksDebug (Thread[#1828,Execution worker Thread 11,5,main]) started.
[        ] :webview_flutter_android:extractDeepLinksDebug (Thread[#1828,Execution worker Thread 11,5,main]) started.
[        ] > Task :webview_flutter_android:extractDeepLinksDebug UP-TO-DATE
[        ] Caching disabled for task ':webview_flutter_android:extractDeepLinksDebug' because:
[        ]   Build cache is disabled
[        ] Skipping task ':webview_flutter_android:extractDeepLinksDebug' as it is up-to-date.
[        ] work action resolve navigation.json (project :webview_flutter_android) (Thread[#1817,Execution worker,5,main]) started.
[        ] Resolve mutations for :webview_flutter_android:processDebugManifest (Thread[#1817,Execution worker,5,main]) started.
[        ] :webview_flutter_android:processDebugManifest (Thread[#1817,Execution worker,5,main]) started.
[        ] > Task :webview_flutter_android:processDebugManifest UP-TO-DATE
[        ] Caching disabled for task ':webview_flutter_android:processDebugManifest' because:
[        ]   Build cache is disabled
[        ] Skipping task ':webview_flutter_android:processDebugManifest' as it is up-to-date.
[        ] work action resolve AndroidManifest.xml (project :webview_flutter_android) (Thread[#1817,Execution worker,5,main]) started.
[        ] Resolve mutations for :app:processDebugMainManifest (Thread[#1829,Execution worker Thread 12,5,main]) started.
[        ] :app:processDebugMainManifest (Thread[#1829,Execution worker Thread 12,5,main]) started.
[        ] > Task :app:processDebugMainManifest UP-TO-DATE
[        ] Transforming firebase-auth-22.3.1.aar (com.google.firebase:firebase-auth:22.3.1) with JetifyTransform
[        ] Transforming firebase-auth-22.3.1.aar (com.google.firebase:firebase-auth:22.3.1) with ExtractAarTransform
[        ] Transforming firebase-auth-22.3.1.aar (com.google.firebase:firebase-auth:22.3.1) with AarTransform
[        ] Transforming firebase-common-ktx-20.4.3.aar (com.google.firebase:firebase-common-ktx:20.4.3) with JetifyTransform
[        ] Transforming firebase-common-ktx-20.4.3.aar (com.google.firebase:firebase-common-ktx:20.4.3) with ExtractAarTransform
[        ] Transforming firebase-common-ktx-20.4.3.aar (com.google.firebase:firebase-common-ktx:20.4.3) with AarTransform
[        ] Transforming preference-1.2.1.aar (androidx.preference:preference:1.2.1) with JetifyTransform
[        ] Transforming preference-1.2.1.aar (androidx.preference:preference:1.2.1) with ExtractAarTransform
[        ] Transforming preference-1.2.1.aar (androidx.preference:preference:1.2.1) with AarTransform
[        ] Transforming browser-1.8.0.aar (androidx.browser:browser:1.8.0) with JetifyTransform
[        ] Transforming browser-1.8.0.aar (androidx.browser:browser:1.8.0) with ExtractAarTransform
[        ] Transforming browser-1.8.0.aar (androidx.browser:browser:1.8.0) with AarTransform
[        ] Transforming browser-1.8.0.aar (androidx.browser:browser:1.8.0) with JetifyTransform
[        ] Transforming browser-1.8.0.aar (androidx.browser:browser:1.8.0) with ExtractAarTransform
[        ] Transforming browser-1.8.0.aar (androidx.browser:browser:1.8.0) with AarTransform
[        ] Transforming webkit-1.12.1.aar (androidx.webkit:webkit:1.12.1) with JetifyTransform
[        ] Transforming webkit-1.12.1.aar (androidx.webkit:webkit:1.12.1) with ExtractAarTransform
[        ] Transforming webkit-1.12.1.aar (androidx.webkit:webkit:1.12.1) with AarTransform
[        ] Transforming recyclerview-1.0.0.aar (androidx.recyclerview:recyclerview:1.0.0) with JetifyTransform
[        ] Transforming recyclerview-1.0.0.aar (androidx.recyclerview:recyclerview:1.0.0) with ExtractAarTransform
[        ] Transforming recyclerview-1.0.0.aar (androidx.recyclerview:recyclerview:1.0.0) with AarTransform
[        ] Transforming legacy-support-core-ui-1.0.0.aar (androidx.legacy:legacy-support-core-ui:1.0.0) with JetifyTransform
[        ] Transforming legacy-support-core-ui-1.0.0.aar (androidx.legacy:legacy-support-core-ui:1.0.0) with ExtractAarTransform
[        ] Transforming legacy-support-core-ui-1.0.0.aar (androidx.legacy:legacy-support-core-ui:1.0.0) with AarTransform
[        ] Transforming slidingpanelayout-1.2.0.aar (androidx.slidingpanelayout:slidingpanelayout:1.2.0) with JetifyTransform
[        ] Transforming slidingpanelayout-1.2.0.aar (androidx.slidingpanelayout:slidingpanelayout:1.2.0) with ExtractAarTransform
[        ] Transforming slidingpanelayout-1.2.0.aar (androidx.slidingpanelayout:slidingpanelayout:1.2.0) with AarTransform
[        ] Transforming slidingpanelayout-1.2.0.aar (androidx.slidingpanelayout:slidingpanelayout:1.2.0) with JetifyTransform
[        ] Transforming slidingpanelayout-1.2.0.aar (androidx.slidingpanelayout:slidingpanelayout:1.2.0) with ExtractAarTransform
[        ] Transforming slidingpanelayout-1.2.0.aar (androidx.slidingpanelayout:slidingpanelayout:1.2.0) with AarTransform
[        ] Transforming window-1.2.0.aar (androidx.window:window:1.2.0) with JetifyTransform
[        ] Transforming window-1.2.0.aar (androidx.window:window:1.2.0) with ExtractAarTransform
[        ] Transforming window-1.2.0.aar (androidx.window:window:1.2.0) with AarTransform
[        ] Transforming window-java-1.2.0.aar (androidx.window:window-java:1.2.0) with JetifyTransform
[        ] Transforming window-java-1.2.0.aar (androidx.window:window-java:1.2.0) with ExtractAarTransform
[        ] Transforming window-java-1.2.0.aar (androidx.window:window-java:1.2.0) with AarTransform
[        ] Transforming appcompat-1.1.0.aar (androidx.appcompat:appcompat:1.1.0) with JetifyTransform
[        ] Transforming appcompat-1.1.0.aar (androidx.appcompat:appcompat:1.1.0) with ExtractAarTransform
[        ] Transforming appcompat-1.1.0.aar (androidx.appcompat:appcompat:1.1.0) with AarTransform
[        ] Transforming firebase-auth-interop-20.0.0.aar (com.google.firebase:firebase-auth-interop:20.0.0) with JetifyTransform
[        ] Transforming firebase-auth-interop-20.0.0.aar (com.google.firebase:firebase-auth-interop:20.0.0) with ExtractAarTransform
[        ] Transforming firebase-auth-interop-20.0.0.aar (com.google.firebase:firebase-auth-interop:20.0.0) with AarTransform
[        ] Transforming firebase-common-20.4.3.aar (com.google.firebase:firebase-common:20.4.3) with JetifyTransform
[        ] Transforming firebase-common-20.4.3.aar (com.google.firebase:firebase-common:20.4.3) with ExtractAarTransform
[        ] Transforming firebase-common-20.4.3.aar (com.google.firebase:firebase-common:20.4.3) with AarTransform
[        ] Transforming firebase-common-20.4.3.aar (com.google.firebase:firebase-common:20.4.3) with JetifyTransform
[        ] Transforming firebase-common-20.4.3.aar (com.google.firebase:firebase-common:20.4.3) with ExtractAarTransform
[        ] Transforming firebase-common-20.4.3.aar (com.google.firebase:firebase-common:20.4.3) with AarTransform
[        ] Transforming play-services-auth-api-phone-17.4.0.aar (com.google.android.gms:play-services-auth-api-phone:17.4.0) with JetifyTransform
[        ] Transforming play-services-auth-api-phone-17.4.0.aar (com.google.android.gms:play-services-auth-api-phone:17.4.0) with ExtractAarTransform
[        ] Transforming play-services-auth-api-phone-17.4.0.aar (com.google.android.gms:play-services-auth-api-phone:17.4.0) with AarTransform
[        ] Transforming recaptcha-18.4.0.aar (com.google.android.recaptcha:recaptcha:18.4.0) with JetifyTransform
[        ] Transforming recaptcha-18.4.0.aar (com.google.android.recaptcha:recaptcha:18.4.0) with ExtractAarTransform
[        ] Transforming recaptcha-18.4.0.aar (com.google.android.recaptcha:recaptcha:18.4.0) with AarTransform
[        ] Transforming integrity-1.2.0.aar (com.google.android.play:integrity:1.2.0) with JetifyTransform
[        ] Transforming integrity-1.2.0.aar (com.google.android.play:integrity:1.2.0) with ExtractAarTransform
[        ] Transforming integrity-1.2.0.aar (com.google.android.play:integrity:1.2.0) with AarTransform
[        ] Transforming firebase-appcheck-interop-17.0.0.aar (com.google.firebase:firebase-appcheck-interop:17.0.0) with JetifyTransform
[        ] Transforming firebase-appcheck-interop-17.0.0.aar (com.google.firebase:firebase-appcheck-interop:17.0.0) with ExtractAarTransform
[        ] Transforming firebase-appcheck-interop-17.0.0.aar (com.google.firebase:firebase-appcheck-interop:17.0.0) with AarTransform
[        ] Transforming fragment-ktx-1.7.1.aar (androidx.fragment:fragment-ktx:1.7.1) with JetifyTransform
[        ] Transforming fragment-ktx-1.7.1.aar (androidx.fragment:fragment-ktx:1.7.1) with ExtractAarTransform
[        ] Transforming fragment-ktx-1.7.1.aar (androidx.fragment:fragment-ktx:1.7.1) with AarTransform
[        ] Transforming play-services-base-18.0.1.aar (com.google.android.gms:play-services-base:18.0.1) with JetifyTransform
[        ] Transforming play-services-base-18.0.1.aar (com.google.android.gms:play-services-base:18.0.1) with ExtractAarTransform
[        ] Transforming play-services-base-18.0.1.aar (com.google.android.gms:play-services-base:18.0.1) with AarTransform
[        ] Transforming fragment-1.7.1.aar (androidx.fragment:fragment:1.7.1) with JetifyTransform
[        ] Transforming fragment-1.7.1.aar (androidx.fragment:fragment:1.7.1) with ExtractAarTransform
[        ] Transforming fragment-1.7.1.aar (androidx.fragment:fragment:1.7.1) with AarTransform
[        ] Transforming fragment-1.7.1.aar (androidx.fragment:fragment:1.7.1) with JetifyTransform
[        ] Transforming fragment-1.7.1.aar (androidx.fragment:fragment:1.7.1) with ExtractAarTransform
[        ] Transforming fragment-1.7.1.aar (androidx.fragment:fragment:1.7.1) with AarTransform
[        ] Transforming activity-ktx-1.8.1.aar (androidx.activity:activity-ktx:1.8.1) with JetifyTransform
[        ] Transforming activity-ktx-1.8.1.aar (androidx.activity:activity-ktx:1.8.1) with ExtractAarTransform
[        ] Transforming activity-ktx-1.8.1.aar (androidx.activity:activity-ktx:1.8.1) with AarTransform
[        ] Transforming activity-1.8.1.aar (androidx.activity:activity:1.8.1) with JetifyTransform
[        ] Transforming activity-1.8.1.aar (androidx.activity:activity:1.8.1) with ExtractAarTransform
[        ] Transforming activity-1.8.1.aar (androidx.activity:activity:1.8.1) with AarTransform
[        ] Transforming legacy-support-core-utils-1.0.0.aar (androidx.legacy:legacy-support-core-utils:1.0.0) with JetifyTransform
[        ] Transforming legacy-support-core-utils-1.0.0.aar (androidx.legacy:legacy-support-core-utils:1.0.0) with ExtractAarTransform
[        ] Transforming legacy-support-core-utils-1.0.0.aar (androidx.legacy:legacy-support-core-utils:1.0.0) with AarTransform
[        ] Transforming loader-1.0.0.aar (androidx.loader:loader:1.0.0) with JetifyTransform
[        ] Transforming loader-1.0.0.aar (androidx.loader:loader:1.0.0) with ExtractAarTransform
[        ] Transforming loader-1.0.0.aar (androidx.loader:loader:1.0.0) with AarTransform
[        ] Transforming loader-1.0.0.aar (androidx.loader:loader:1.0.0) with JetifyTransform
[        ] Transforming loader-1.0.0.aar (androidx.loader:loader:1.0.0) with ExtractAarTransform
[        ] Transforming loader-1.0.0.aar (androidx.loader:loader:1.0.0) with AarTransform
[        ] Transforming lifecycle-runtime-ktx-2.7.0.aar (androidx.lifecycle:lifecycle-runtime-ktx:2.7.0) with JetifyTransform
[        ] Transforming lifecycle-runtime-ktx-2.7.0.aar (androidx.lifecycle:lifecycle-runtime-ktx:2.7.0) with ExtractAarTransform
[        ] Transforming lifecycle-runtime-ktx-2.7.0.aar (androidx.lifecycle:lifecycle-runtime-ktx:2.7.0) with AarTransform
[        ] Transforming lifecycle-livedata-2.7.0.aar (androidx.lifecycle:lifecycle-livedata:2.7.0) with JetifyTransform
[        ] Transforming lifecycle-livedata-2.7.0.aar (androidx.lifecycle:lifecycle-livedata:2.7.0) with ExtractAarTransform
[        ] Transforming lifecycle-livedata-2.7.0.aar (androidx.lifecycle:lifecycle-livedata:2.7.0) with AarTransform
[        ] Transforming lifecycle-livedata-core-ktx-2.7.0.aar (androidx.lifecycle:lifecycle-livedata-core-ktx:2.7.0) with JetifyTransform
[        ] Transforming lifecycle-livedata-core-ktx-2.7.0.aar (androidx.lifecycle:lifecycle-livedata-core-ktx:2.7.0) with ExtractAarTransform
[        ] Transforming lifecycle-livedata-core-ktx-2.7.0.aar (androidx.lifecycle:lifecycle-livedata-core-ktx:2.7.0) with AarTransform
[        ] Transforming lifecycle-viewmodel-ktx-2.7.0.aar (androidx.lifecycle:lifecycle-viewmodel-ktx:2.7.0) with JetifyTransform
[        ] Transforming lifecycle-viewmodel-ktx-2.7.0.aar (androidx.lifecycle:lifecycle-viewmodel-ktx:2.7.0) with ExtractAarTransform
[        ] Transforming lifecycle-viewmodel-ktx-2.7.0.aar (androidx.lifecycle:lifecycle-viewmodel-ktx:2.7.0) with AarTransform
[        ] Transforming lifecycle-viewmodel-savedstate-2.7.0.aar (androidx.lifecycle:lifecycle-viewmodel-savedstate:2.7.0) with JetifyTransform
[        ] Transforming lifecycle-viewmodel-savedstate-2.7.0.aar (androidx.lifecycle:lifecycle-viewmodel-savedstate:2.7.0) with ExtractAarTransform
[        ] Transforming lifecycle-viewmodel-savedstate-2.7.0.aar (androidx.lifecycle:lifecycle-viewmodel-savedstate:2.7.0) with AarTransform
[        ] Transforming lifecycle-viewmodel-2.7.0.aar (androidx.lifecycle:lifecycle-viewmodel:2.7.0) with JetifyTransform
[        ] Transforming lifecycle-viewmodel-2.7.0.aar (androidx.lifecycle:lifecycle-viewmodel:2.7.0) with ExtractAarTransform
[        ] Transforming lifecycle-viewmodel-2.7.0.aar (androidx.lifecycle:lifecycle-viewmodel:2.7.0) with AarTransform
[        ] Transforming lifecycle-viewmodel-2.7.0.aar (androidx.lifecycle:lifecycle-viewmodel:2.7.0) with JetifyTransform
[        ] Transforming lifecycle-viewmodel-2.7.0.aar (androidx.lifecycle:lifecycle-viewmodel:2.7.0) with ExtractAarTransform
[        ] Transforming lifecycle-viewmodel-2.7.0.aar (androidx.lifecycle:lifecycle-viewmodel:2.7.0) with AarTransform
[        ] Transforming lifecycle-livedata-core-2.7.0.aar (androidx.lifecycle:lifecycle-livedata-core:2.7.0) with JetifyTransform
[        ] Transforming lifecycle-livedata-core-2.7.0.aar (androidx.lifecycle:lifecycle-livedata-core:2.7.0) with ExtractAarTransform
[        ] Transforming lifecycle-livedata-core-2.7.0.aar (androidx.lifecycle:lifecycle-livedata-core:2.7.0) with AarTransform
[        ] Transforming lifecycle-runtime-2.7.0.aar (androidx.lifecycle:lifecycle-runtime:2.7.0) with JetifyTransform
[        ] Transforming lifecycle-runtime-2.7.0.aar (androidx.lifecycle:lifecycle-runtime:2.7.0) with ExtractAarTransform
[        ] Transforming lifecycle-runtime-2.7.0.aar (androidx.lifecycle:lifecycle-runtime:2.7.0) with AarTransform
[        ] Transforming lifecycle-process-2.7.0.aar (androidx.lifecycle:lifecycle-process:2.7.0) with JetifyTransform
[        ] Transforming lifecycle-process-2.7.0.aar (androidx.lifecycle:lifecycle-process:2.7.0) with ExtractAarTransform
[        ] Transforming lifecycle-process-2.7.0.aar (androidx.lifecycle:lifecycle-process:2.7.0) with AarTransform
[        ] Transforming savedstate-ktx-1.2.1.aar (androidx.savedstate:savedstate-ktx:1.2.1) with JetifyTransform
[        ] Transforming savedstate-ktx-1.2.1.aar (androidx.savedstate:savedstate-ktx:1.2.1) with ExtractAarTransform
[        ] Transforming savedstate-ktx-1.2.1.aar (androidx.savedstate:savedstate-ktx:1.2.1) with AarTransform
[        ] Transforming savedstate-1.2.1.aar (androidx.savedstate:savedstate:1.2.1) with JetifyTransform
[        ] Transforming savedstate-1.2.1.aar (androidx.savedstate:savedstate:1.2.1) with ExtractAarTransform
[        ] Transforming savedstate-1.2.1.aar (androidx.savedstate:savedstate:1.2.1) with AarTransform
[        ] Transforming datastore-core-release.aar (androidx.datastore:datastore-core-android:1.1.1) with JetifyTransform
[        ] Transforming datastore-core-release.aar (androidx.datastore:datastore-core-android:1.1.1) with ExtractAarTransform
[        ] Transforming datastore-core-release.aar (androidx.datastore:datastore-core-android:1.1.1) with AarTransform
[        ] Transforming datastore-preferences-release.aar (androidx.datastore:datastore-preferences-android:1.1.1) with JetifyTransform
[        ] Transforming datastore-preferences-release.aar (androidx.datastore:datastore-preferences-android:1.1.1) with ExtractAarTransform
[        ] Transforming datastore-preferences-release.aar (androidx.datastore:datastore-preferences-android:1.1.1) with AarTransform
[        ] Transforming datastore-release.aar (androidx.datastore:datastore-android:1.1.1) with JetifyTransform
[        ] Transforming datastore-release.aar (androidx.datastore:datastore-android:1.1.1) with ExtractAarTransform
[        ] Transforming datastore-release.aar (androidx.datastore:datastore-android:1.1.1) with AarTransform
[        ] Transforming play-services-tasks-18.1.0.aar (com.google.android.gms:play-services-tasks:18.1.0) with JetifyTransform
[        ] Transforming play-services-tasks-18.1.0.aar (com.google.android.gms:play-services-tasks:18.1.0) with ExtractAarTransform
[        ] Transforming play-services-tasks-18.1.0.aar (com.google.android.gms:play-services-tasks:18.1.0) with AarTransform
[        ] Transforming play-services-tasks-18.1.0.aar (com.google.android.gms:play-services-tasks:18.1.0) with JetifyTransform
[        ] Transforming play-services-tasks-18.1.0.aar (com.google.android.gms:play-services-tasks:18.1.0) with ExtractAarTransform
[        ] Transforming play-services-tasks-18.1.0.aar (com.google.android.gms:play-services-tasks:18.1.0) with AarTransform
[        ] Transforming play-services-basement-18.3.0.aar (com.google.android.gms:play-services-basement:18.3.0) with JetifyTransform
[        ] Transforming play-services-basement-18.3.0.aar (com.google.android.gms:play-services-basement:18.3.0) with ExtractAarTransform
[        ] Transforming play-services-basement-18.3.0.aar (com.google.android.gms:play-services-basement:18.3.0) with AarTransform
[        ] Transforming viewpager-1.0.0.aar (androidx.viewpager:viewpager:1.0.0) with JetifyTransform
[        ] Transforming viewpager-1.0.0.aar (androidx.viewpager:viewpager:1.0.0) with ExtractAarTransform
[        ] Transforming viewpager-1.0.0.aar (androidx.viewpager:viewpager:1.0.0) with AarTransform
[        ] Transforming viewpager-1.0.0.aar (androidx.viewpager:viewpager:1.0.0) with JetifyTransform
[        ] Transforming viewpager-1.0.0.aar (androidx.viewpager:viewpager:1.0.0) with ExtractAarTransform
[        ] Transforming viewpager-1.0.0.aar (androidx.viewpager:viewpager:1.0.0) with AarTransform
[        ] Transforming appcompat-resources-1.1.0.aar (androidx.appcompat:appcompat-resources:1.1.0) with JetifyTransform
[        ] Transforming appcompat-resources-1.1.0.aar (androidx.appcompat:appcompat-resources:1.1.0) with ExtractAarTransform
[        ] Transforming appcompat-resources-1.1.0.aar (androidx.appcompat:appcompat-resources:1.1.0) with AarTransform
[        ] Transforming drawerlayout-1.0.0.aar (androidx.drawerlayout:drawerlayout:1.0.0) with JetifyTransform
[        ] Transforming drawerlayout-1.0.0.aar (androidx.drawerlayout:drawerlayout:1.0.0) with ExtractAarTransform
[        ] Transforming drawerlayout-1.0.0.aar (androidx.drawerlayout:drawerlayout:1.0.0) with AarTransform
[        ] Transforming coordinatorlayout-1.0.0.aar (androidx.coordinatorlayout:coordinatorlayout:1.0.0) with JetifyTransform
[        ] Transforming coordinatorlayout-1.0.0.aar (androidx.coordinatorlayout:coordinatorlayout:1.0.0) with ExtractAarTransform
[        ] Transforming coordinatorlayout-1.0.0.aar (androidx.coordinatorlayout:coordinatorlayout:1.0.0) with AarTransform
[        ] Transforming customview-1.1.0.aar (androidx.customview:customview:1.1.0) with JetifyTransform
[        ] Transforming customview-1.1.0.aar (androidx.customview:customview:1.1.0) with ExtractAarTransform
[        ] Transforming customview-1.1.0.aar (androidx.customview:customview:1.1.0) with AarTransform
[        ] Transforming customview-1.1.0.aar (androidx.customview:customview:1.1.0) with JetifyTransform
[        ] Transforming customview-1.1.0.aar (androidx.customview:customview:1.1.0) with ExtractAarTransform
[        ] Transforming customview-1.1.0.aar (androidx.customview:customview:1.1.0) with AarTransform
[        ] Transforming transition-1.4.1.aar (androidx.transition:transition:1.4.1) with JetifyTransform
[        ] Transforming transition-1.4.1.aar (androidx.transition:transition:1.4.1) with ExtractAarTransform
[        ] Transforming transition-1.4.1.aar (androidx.transition:transition:1.4.1) with AarTransform
[        ] Transforming core-ktx-1.13.1.aar (androidx.core:core-ktx:1.13.1) with JetifyTransform
[        ] Transforming core-ktx-1.13.1.aar (androidx.core:core-ktx:1.13.1) with ExtractAarTransform
[        ] Transforming core-ktx-1.13.1.aar (androidx.core:core-ktx:1.13.1) with AarTransform
[        ] Transforming vectordrawable-animated-1.1.0.aar (androidx.vectordrawable:vectordrawable-animated:1.1.0) with JetifyTransform
[        ] Transforming vectordrawable-animated-1.1.0.aar (androidx.vectordrawable:vectordrawable-animated:1.1.0) with ExtractAarTransform
[        ] Transforming vectordrawable-animated-1.1.0.aar (androidx.vectordrawable:vectordrawable-animated:1.1.0) with AarTransform
[        ] Transforming vectordrawable-1.1.0.aar (androidx.vectordrawable:vectordrawable:1.1.0) with JetifyTransform
[        ] Transforming vectordrawable-1.1.0.aar (androidx.vectordrawable:vectordrawable:1.1.0) with ExtractAarTransform
[        ] Transforming vectordrawable-1.1.0.aar (androidx.vectordrawable:vectordrawable:1.1.0) with AarTransform
[        ] Transforming swiperefreshlayout-1.0.0.aar (androidx.swiperefreshlayout:swiperefreshlayout:1.0.0) with JetifyTransform
[        ] Transforming swiperefreshlayout-1.0.0.aar (androidx.swiperefreshlayout:swiperefreshlayout:1.0.0) with ExtractAarTransform
[        ] Transforming swiperefreshlayout-1.0.0.aar (androidx.swiperefreshlayout:swiperefreshlayout:1.0.0) with AarTransform
[        ] Transforming asynclayoutinflater-1.0.0.aar (androidx.asynclayoutinflater:asynclayoutinflater:1.0.0) with JetifyTransform
[        ] Transforming asynclayoutinflater-1.0.0.aar (androidx.asynclayoutinflater:asynclayoutinflater:1.0.0) with ExtractAarTransform
[        ] Transforming asynclayoutinflater-1.0.0.aar (androidx.asynclayoutinflater:asynclayoutinflater:1.0.0) with AarTransform
[        ] Transforming core-1.13.1.aar (androidx.core:core:1.13.1) with JetifyTransform
[        ] Transforming core-1.13.1.aar (androidx.core:core:1.13.1) with ExtractAarTransform
[        ] Transforming core-1.13.1.aar (androidx.core:core:1.13.1) with AarTransform
[        ] Transforming core-1.13.1.aar (androidx.core:core:1.13.1) with JetifyTransform
[        ] Transforming core-1.13.1.aar (androidx.core:core:1.13.1) with ExtractAarTransform
[        ] Transforming core-1.13.1.aar (androidx.core:core:1.13.1) with AarTransform
[        ] Transforming profileinstaller-1.3.1.aar (androidx.profileinstaller:profileinstaller:1.3.1) with JetifyTransform
[        ] Transforming profileinstaller-1.3.1.aar (androidx.profileinstaller:profileinstaller:1.3.1) with ExtractAarTransform
[        ] Transforming profileinstaller-1.3.1.aar (androidx.profileinstaller:profileinstaller:1.3.1) with AarTransform
[        ] Transforming startup-runtime-1.1.1.aar (androidx.startup:startup-runtime:1.1.1) with JetifyTransform
[        ] Transforming startup-runtime-1.1.1.aar (androidx.startup:startup-runtime:1.1.1) with ExtractAarTransform
[        ] Transforming startup-runtime-1.1.1.aar (androidx.startup:startup-runtime:1.1.1) with AarTransform
[        ] Transforming tracing-1.2.0.aar (androidx.tracing:tracing:1.2.0) with JetifyTransform
[        ] Transforming tracing-1.2.0.aar (androidx.tracing:tracing:1.2.0) with ExtractAarTransform
[        ] Transforming tracing-1.2.0.aar (androidx.tracing:tracing:1.2.0) with AarTransform
[        ] Transforming interpolator-1.0.0.aar (androidx.interpolator:interpolator:1.0.0) with JetifyTransform
[        ] Transforming interpolator-1.0.0.aar (androidx.interpolator:interpolator:1.0.0) with ExtractAarTransform
[        ] Transforming interpolator-1.0.0.aar (androidx.interpolator:interpolator:1.0.0) with AarTransform
[        ] Transforming interpolator-1.0.0.aar (androidx.interpolator:interpolator:1.0.0) with JetifyTransform
[        ] Transforming interpolator-1.0.0.aar (androidx.interpolator:interpolator:1.0.0) with ExtractAarTransform
[        ] Transforming interpolator-1.0.0.aar (androidx.interpolator:interpolator:1.0.0) with AarTransform
[        ] Transforming versionedparcelable-1.1.1.aar (androidx.versionedparcelable:versionedparcelable:1.1.1) with JetifyTransform
[        ] Transforming versionedparcelable-1.1.1.aar (androidx.versionedparcelable:versionedparcelable:1.1.1) with ExtractAarTransform
[        ] Transforming versionedparcelable-1.1.1.aar (androidx.versionedparcelable:versionedparcelable:1.1.1) with AarTransform
[        ] Transforming localbroadcastmanager-1.0.0.aar (androidx.localbroadcastmanager:localbroadcastmanager:1.0.0) with JetifyTransform
[        ] Transforming localbroadcastmanager-1.0.0.aar (androidx.localbroadcastmanager:localbroadcastmanager:1.0.0) with ExtractAarTransform
[        ] Transforming localbroadcastmanager-1.0.0.aar (androidx.localbroadcastmanager:localbroadcastmanager:1.0.0) with AarTransform
[        ] Transforming firebase-components-17.1.5.aar (com.google.firebase:firebase-components:17.1.5) with JetifyTransform
[        ] Transforming firebase-components-17.1.5.aar (com.google.firebase:firebase-components:17.1.5) with ExtractAarTransform
[        ] Transforming firebase-components-17.1.5.aar (com.google.firebase:firebase-components:17.1.5) with AarTransform
[        ] Transforming core-runtime-2.2.0.aar (androidx.arch.core:core-runtime:2.2.0) with JetifyTransform
[        ] Transforming core-runtime-2.2.0.aar (androidx.arch.core:core-runtime:2.2.0) with ExtractAarTransform
[        ] Transforming core-runtime-2.2.0.aar (androidx.arch.core:core-runtime:2.2.0) with AarTransform
[        ] Transforming cursoradapter-1.0.0.aar (androidx.cursoradapter:cursoradapter:1.0.0) with JetifyTransform
[        ] Transforming cursoradapter-1.0.0.aar (androidx.cursoradapter:cursoradapter:1.0.0) with ExtractAarTransform
[        ] Transforming cursoradapter-1.0.0.aar (androidx.cursoradapter:cursoradapter:1.0.0) with AarTransform
[        ] Transforming core-1.0.0.aar (androidx.window.extensions.core:core:1.0.0) with JetifyTransform
[        ] Transforming core-1.0.0.aar (androidx.window.extensions.core:core:1.0.0) with ExtractAarTransform
[        ] Transforming core-1.0.0.aar (androidx.window.extensions.core:core:1.0.0) with AarTransform
[        ] Transforming documentfile-1.0.0.aar (androidx.documentfile:documentfile:1.0.0) with JetifyTransform
[        ] Transforming documentfile-1.0.0.aar (androidx.documentfile:documentfile:1.0.0) with ExtractAarTransform
[        ] Transforming documentfile-1.0.0.aar (androidx.documentfile:documentfile:1.0.0) with AarTransform
[        ] Transforming print-1.0.0.aar (androidx.print:print:1.0.0) with JetifyTransform
[        ] Transforming print-1.0.0.aar (androidx.print:print:1.0.0) with ExtractAarTransform
[        ] Transforming print-1.0.0.aar (androidx.print:print:1.0.0) with AarTransform
[        ] Transforming annotation-experimental-1.4.1.aar (androidx.annotation:annotation-experimental:1.4.1) with JetifyTransform
[        ] Transforming annotation-experimental-1.4.1.aar (androidx.annotation:annotation-experimental:1.4.1) with ExtractAarTransform
[        ] Transforming annotation-experimental-1.4.1.aar (androidx.annotation:annotation-experimental:1.4.1) with AarTransform
[        ] Transforming relinker-1.4.5.aar (com.getkeepsafe.relinker:relinker:1.4.5) with JetifyTransform
[        ] Transforming relinker-1.4.5.aar (com.getkeepsafe.relinker:relinker:1.4.5) with ExtractAarTransform
[        ] Transforming relinker-1.4.5.aar (com.getkeepsafe.relinker:relinker:1.4.5) with AarTransform
[        ] Transforming firebase-auth-22.3.1.aar (com.google.firebase:firebase-auth:22.3.1) with JetifyTransform
[        ] Transforming firebase-auth-22.3.1.aar (com.google.firebase:firebase-auth:22.3.1) with ExtractAarTransform
[        ] Transforming firebase-auth-22.3.1.aar (com.google.firebase:firebase-auth:22.3.1) with AarTransform
[        ] Transforming firebase-common-ktx-20.4.3.aar (com.google.firebase:firebase-common-ktx:20.4.3) with JetifyTransform
[        ] Transforming firebase-common-ktx-20.4.3.aar (com.google.firebase:firebase-common-ktx:20.4.3) with ExtractAarTransform
[        ] Transforming firebase-common-ktx-20.4.3.aar (com.google.firebase:firebase-common-ktx:20.4.3) with AarTransform
[        ] Transforming preference-1.2.1.aar (androidx.preference:preference:1.2.1) with JetifyTransform
[        ] Transforming preference-1.2.1.aar (androidx.preference:preference:1.2.1) with ExtractAarTransform
[        ] Transforming preference-1.2.1.aar (androidx.preference:preference:1.2.1) with AarTransform
[        ] Transforming browser-1.8.0.aar (androidx.browser:browser:1.8.0) with JetifyTransform
[        ] Transforming browser-1.8.0.aar (androidx.browser:browser:1.8.0) with ExtractAarTransform
[        ] Transforming browser-1.8.0.aar (androidx.browser:browser:1.8.0) with AarTransform
[        ] Transforming browser-1.8.0.aar (androidx.browser:browser:1.8.0) with JetifyTransform
[        ] Transforming browser-1.8.0.aar (androidx.browser:browser:1.8.0) with ExtractAarTransform
[        ] Transforming browser-1.8.0.aar (androidx.browser:browser:1.8.0) with AarTransform
[        ] Transforming webkit-1.12.1.aar (androidx.webkit:webkit:1.12.1) with JetifyTransform
[        ] Transforming webkit-1.12.1.aar (androidx.webkit:webkit:1.12.1) with ExtractAarTransform
[        ] Transforming webkit-1.12.1.aar (androidx.webkit:webkit:1.12.1) with AarTransform
[        ] Transforming recyclerview-1.0.0.aar (androidx.recyclerview:recyclerview:1.0.0) with JetifyTransform
[        ] Transforming recyclerview-1.0.0.aar (androidx.recyclerview:recyclerview:1.0.0) with ExtractAarTransform
[        ] Transforming recyclerview-1.0.0.aar (androidx.recyclerview:recyclerview:1.0.0) with AarTransform
[        ] Transforming legacy-support-core-ui-1.0.0.aar (androidx.legacy:legacy-support-core-ui:1.0.0) with JetifyTransform
[        ] Transforming legacy-support-core-ui-1.0.0.aar (androidx.legacy:legacy-support-core-ui:1.0.0) with ExtractAarTransform
[        ] Transforming legacy-support-core-ui-1.0.0.aar (androidx.legacy:legacy-support-core-ui:1.0.0) with AarTransform
[        ] Transforming slidingpanelayout-1.2.0.aar (androidx.slidingpanelayout:slidingpanelayout:1.2.0) with JetifyTransform
[        ] Transforming slidingpanelayout-1.2.0.aar (androidx.slidingpanelayout:slidingpanelayout:1.2.0) with ExtractAarTransform
[        ] Transforming slidingpanelayout-1.2.0.aar (androidx.slidingpanelayout:slidingpanelayout:1.2.0) with AarTransform
[        ] Transforming slidingpanelayout-1.2.0.aar (androidx.slidingpanelayout:slidingpanelayout:1.2.0) with JetifyTransform
[        ] Transforming slidingpanelayout-1.2.0.aar (androidx.slidingpanelayout:slidingpanelayout:1.2.0) with ExtractAarTransform
[        ] Transforming slidingpanelayout-1.2.0.aar (androidx.slidingpanelayout:slidingpanelayout:1.2.0) with AarTransform
[        ] Transforming window-1.2.0.aar (androidx.window:window:1.2.0) with JetifyTransform
[        ] Transforming window-1.2.0.aar (androidx.window:window:1.2.0) with ExtractAarTransform
[        ] Transforming window-1.2.0.aar (androidx.window:window:1.2.0) with AarTransform
[        ] Transforming window-java-1.2.0.aar (androidx.window:window-java:1.2.0) with JetifyTransform
[        ] Transforming window-java-1.2.0.aar (androidx.window:window-java:1.2.0) with ExtractAarTransform
[        ] Transforming window-java-1.2.0.aar (androidx.window:window-java:1.2.0) with AarTransform
[        ] Transforming appcompat-1.1.0.aar (androidx.appcompat:appcompat:1.1.0) with JetifyTransform
[        ] Transforming appcompat-1.1.0.aar (androidx.appcompat:appcompat:1.1.0) with ExtractAarTransform
[        ] Transforming appcompat-1.1.0.aar (androidx.appcompat:appcompat:1.1.0) with AarTransform
[        ] Transforming firebase-auth-interop-20.0.0.aar (com.google.firebase:firebase-auth-interop:20.0.0) with JetifyTransform
[        ] Transforming firebase-auth-interop-20.0.0.aar (com.google.firebase:firebase-auth-interop:20.0.0) with ExtractAarTransform
[        ] Transforming firebase-auth-interop-20.0.0.aar (com.google.firebase:firebase-auth-interop:20.0.0) with AarTransform
[        ] Transforming firebase-common-20.4.3.aar (com.google.firebase:firebase-common:20.4.3) with JetifyTransform
[        ] Transforming firebase-common-20.4.3.aar (com.google.firebase:firebase-common:20.4.3) with ExtractAarTransform
[        ] Transforming firebase-common-20.4.3.aar (com.google.firebase:firebase-common:20.4.3) with AarTransform
[        ] Transforming firebase-common-20.4.3.aar (com.google.firebase:firebase-common:20.4.3) with JetifyTransform
[        ] Transforming firebase-common-20.4.3.aar (com.google.firebase:firebase-common:20.4.3) with ExtractAarTransform
[        ] Transforming firebase-common-20.4.3.aar (com.google.firebase:firebase-common:20.4.3) with AarTransform
[        ] Transforming play-services-auth-api-phone-17.4.0.aar (com.google.android.gms:play-services-auth-api-phone:17.4.0) with JetifyTransform
[        ] Transforming play-services-auth-api-phone-17.4.0.aar (com.google.android.gms:play-services-auth-api-phone:17.4.0) with ExtractAarTransform
[        ] Transforming play-services-auth-api-phone-17.4.0.aar (com.google.android.gms:play-services-auth-api-phone:17.4.0) with AarTransform
[        ] Transforming recaptcha-18.4.0.aar (com.google.android.recaptcha:recaptcha:18.4.0) with JetifyTransform
[        ] Transforming recaptcha-18.4.0.aar (com.google.android.recaptcha:recaptcha:18.4.0) with ExtractAarTransform
[        ] Transforming recaptcha-18.4.0.aar (com.google.android.recaptcha:recaptcha:18.4.0) with AarTransform
[        ] Transforming integrity-1.2.0.aar (com.google.android.play:integrity:1.2.0) with JetifyTransform
[        ] Transforming integrity-1.2.0.aar (com.google.android.play:integrity:1.2.0) with ExtractAarTransform
[        ] Transforming integrity-1.2.0.aar (com.google.android.play:integrity:1.2.0) with AarTransform
[        ] Transforming firebase-appcheck-interop-17.0.0.aar (com.google.firebase:firebase-appcheck-interop:17.0.0) with JetifyTransform
[        ] Transforming firebase-appcheck-interop-17.0.0.aar (com.google.firebase:firebase-appcheck-interop:17.0.0) with ExtractAarTransform
[        ] Transforming firebase-appcheck-interop-17.0.0.aar (com.google.firebase:firebase-appcheck-interop:17.0.0) with AarTransform
[        ] Transforming fragment-ktx-1.7.1.aar (androidx.fragment:fragment-ktx:1.7.1) with JetifyTransform
[        ] Transforming fragment-ktx-1.7.1.aar (androidx.fragment:fragment-ktx:1.7.1) with ExtractAarTransform
[        ] Transforming fragment-ktx-1.7.1.aar (androidx.fragment:fragment-ktx:1.7.1) with AarTransform
[        ] Transforming play-services-base-18.0.1.aar (com.google.android.gms:play-services-base:18.0.1) with JetifyTransform
[        ] Transforming play-services-base-18.0.1.aar (com.google.android.gms:play-services-base:18.0.1) with ExtractAarTransform
[        ] Transforming play-services-base-18.0.1.aar (com.google.android.gms:play-services-base:18.0.1) with AarTransform
[        ] Transforming fragment-1.7.1.aar (androidx.fragment:fragment:1.7.1) with JetifyTransform
[        ] Transforming fragment-1.7.1.aar (androidx.fragment:fragment:1.7.1) with ExtractAarTransform
[        ] Transforming fragment-1.7.1.aar (androidx.fragment:fragment:1.7.1) with AarTransform
[        ] Transforming fragment-1.7.1.aar (androidx.fragment:fragment:1.7.1) with JetifyTransform
[        ] Transforming fragment-1.7.1.aar (androidx.fragment:fragment:1.7.1) with ExtractAarTransform
[        ] Transforming fragment-1.7.1.aar (androidx.fragment:fragment:1.7.1) with AarTransform
[        ] Transforming activity-ktx-1.8.1.aar (androidx.activity:activity-ktx:1.8.1) with JetifyTransform
[        ] Transforming activity-ktx-1.8.1.aar (androidx.activity:activity-ktx:1.8.1) with ExtractAarTransform
[        ] Transforming activity-ktx-1.8.1.aar (androidx.activity:activity-ktx:1.8.1) with AarTransform
[        ] Transforming activity-1.8.1.aar (androidx.activity:activity:1.8.1) with JetifyTransform
[        ] Transforming activity-1.8.1.aar (androidx.activity:activity:1.8.1) with ExtractAarTransform
[        ] Transforming activity-1.8.1.aar (androidx.activity:activity:1.8.1) with AarTransform
[        ] Transforming legacy-support-core-utils-1.0.0.aar (androidx.legacy:legacy-support-core-utils:1.0.0) with JetifyTransform
[        ] Transforming legacy-support-core-utils-1.0.0.aar (androidx.legacy:legacy-support-core-utils:1.0.0) with ExtractAarTransform
[        ] Transforming legacy-support-core-utils-1.0.0.aar (androidx.legacy:legacy-support-core-utils:1.0.0) with AarTransform
[        ] Transforming loader-1.0.0.aar (androidx.loader:loader:1.0.0) with JetifyTransform
[        ] Transforming loader-1.0.0.aar (androidx.loader:loader:1.0.0) with ExtractAarTransform
[        ] Transforming loader-1.0.0.aar (androidx.loader:loader:1.0.0) with AarTransform
[        ] Transforming loader-1.0.0.aar (androidx.loader:loader:1.0.0) with JetifyTransform
[        ] Transforming loader-1.0.0.aar (androidx.loader:loader:1.0.0) with ExtractAarTransform
[        ] Transforming loader-1.0.0.aar (androidx.loader:loader:1.0.0) with AarTransform
[        ] Transforming lifecycle-runtime-ktx-2.7.0.aar (androidx.lifecycle:lifecycle-runtime-ktx:2.7.0) with JetifyTransform
[        ] Transforming lifecycle-runtime-ktx-2.7.0.aar (androidx.lifecycle:lifecycle-runtime-ktx:2.7.0) with ExtractAarTransform
[        ] Transforming lifecycle-runtime-ktx-2.7.0.aar (androidx.lifecycle:lifecycle-runtime-ktx:2.7.0) with AarTransform
[        ] Transforming lifecycle-livedata-2.7.0.aar (androidx.lifecycle:lifecycle-livedata:2.7.0) with JetifyTransform
[        ] Transforming lifecycle-livedata-2.7.0.aar (androidx.lifecycle:lifecycle-livedata:2.7.0) with ExtractAarTransform
[        ] Transforming lifecycle-livedata-2.7.0.aar (androidx.lifecycle:lifecycle-livedata:2.7.0) with AarTransform
[        ] Transforming lifecycle-livedata-core-ktx-2.7.0.aar (androidx.lifecycle:lifecycle-livedata-core-ktx:2.7.0) with JetifyTransform
[        ] Transforming lifecycle-livedata-core-ktx-2.7.0.aar (androidx.lifecycle:lifecycle-livedata-core-ktx:2.7.0) with ExtractAarTransform
[        ] Transforming lifecycle-livedata-core-ktx-2.7.0.aar (androidx.lifecycle:lifecycle-livedata-core-ktx:2.7.0) with AarTransform
[        ] Transforming lifecycle-viewmodel-ktx-2.7.0.aar (androidx.lifecycle:lifecycle-viewmodel-ktx:2.7.0) with JetifyTransform
[        ] Transforming lifecycle-viewmodel-ktx-2.7.0.aar (androidx.lifecycle:lifecycle-viewmodel-ktx:2.7.0) with ExtractAarTransform
[        ] Transforming lifecycle-viewmodel-ktx-2.7.0.aar (androidx.lifecycle:lifecycle-viewmodel-ktx:2.7.0) with AarTransform
[        ] Transforming lifecycle-viewmodel-savedstate-2.7.0.aar (androidx.lifecycle:lifecycle-viewmodel-savedstate:2.7.0) with JetifyTransform
[        ] Transforming lifecycle-viewmodel-savedstate-2.7.0.aar (androidx.lifecycle:lifecycle-viewmodel-savedstate:2.7.0) with ExtractAarTransform
[        ] Transforming lifecycle-viewmodel-savedstate-2.7.0.aar (androidx.lifecycle:lifecycle-viewmodel-savedstate:2.7.0) with AarTransform
[        ] Transforming lifecycle-viewmodel-2.7.0.aar (androidx.lifecycle:lifecycle-viewmodel:2.7.0) with JetifyTransform
[        ] Transforming lifecycle-viewmodel-2.7.0.aar (androidx.lifecycle:lifecycle-viewmodel:2.7.0) with ExtractAarTransform
[        ] Transforming lifecycle-viewmodel-2.7.0.aar (androidx.lifecycle:lifecycle-viewmodel:2.7.0) with AarTransform
[        ] Transforming lifecycle-viewmodel-2.7.0.aar (androidx.lifecycle:lifecycle-viewmodel:2.7.0) with JetifyTransform
[        ] Transforming lifecycle-viewmodel-2.7.0.aar (androidx.lifecycle:lifecycle-viewmodel:2.7.0) with ExtractAarTransform
[        ] Transforming lifecycle-viewmodel-2.7.0.aar (androidx.lifecycle:lifecycle-viewmodel:2.7.0) with AarTransform
[        ] Transforming lifecycle-livedata-core-2.7.0.aar (androidx.lifecycle:lifecycle-livedata-core:2.7.0) with JetifyTransform
[        ] Transforming lifecycle-livedata-core-2.7.0.aar (androidx.lifecycle:lifecycle-livedata-core:2.7.0) with ExtractAarTransform
[        ] Transforming lifecycle-livedata-core-2.7.0.aar (androidx.lifecycle:lifecycle-livedata-core:2.7.0) with AarTransform
[        ] Transforming lifecycle-runtime-2.7.0.aar (androidx.lifecycle:lifecycle-runtime:2.7.0) with JetifyTransform
[        ] Transforming lifecycle-runtime-2.7.0.aar (androidx.lifecycle:lifecycle-runtime:2.7.0) with ExtractAarTransform
[        ] Transforming lifecycle-runtime-2.7.0.aar (androidx.lifecycle:lifecycle-runtime:2.7.0) with AarTransform
[        ] Transforming lifecycle-process-2.7.0.aar (androidx.lifecycle:lifecycle-process:2.7.0) with JetifyTransform
[        ] Transforming lifecycle-process-2.7.0.aar (androidx.lifecycle:lifecycle-process:2.7.0) with ExtractAarTransform
[        ] Transforming lifecycle-process-2.7.0.aar (androidx.lifecycle:lifecycle-process:2.7.0) with AarTransform
[        ] Transforming savedstate-ktx-1.2.1.aar (androidx.savedstate:savedstate-ktx:1.2.1) with JetifyTransform
[        ] Transforming savedstate-ktx-1.2.1.aar (androidx.savedstate:savedstate-ktx:1.2.1) with ExtractAarTransform
[        ] Transforming savedstate-ktx-1.2.1.aar (androidx.savedstate:savedstate-ktx:1.2.1) with AarTransform
[        ] Transforming savedstate-1.2.1.aar (androidx.savedstate:savedstate:1.2.1) with JetifyTransform
[        ] Transforming savedstate-1.2.1.aar (androidx.savedstate:savedstate:1.2.1) with ExtractAarTransform
[        ] Transforming savedstate-1.2.1.aar (androidx.savedstate:savedstate:1.2.1) with AarTransform
[        ] Transforming datastore-core-release.aar (androidx.datastore:datastore-core-android:1.1.1) with JetifyTransform
[        ] Transforming datastore-core-release.aar (androidx.datastore:datastore-core-android:1.1.1) with ExtractAarTransform
[        ] Transforming datastore-core-release.aar (androidx.datastore:datastore-core-android:1.1.1) with AarTransform
[        ] Transforming datastore-preferences-release.aar (androidx.datastore:datastore-preferences-android:1.1.1) with JetifyTransform
[        ] Transforming datastore-preferences-release.aar (androidx.datastore:datastore-preferences-android:1.1.1) with ExtractAarTransform
[        ] Transforming datastore-preferences-release.aar (androidx.datastore:datastore-preferences-android:1.1.1) with AarTransform
[        ] Transforming datastore-release.aar (androidx.datastore:datastore-android:1.1.1) with JetifyTransform
[        ] Transforming datastore-release.aar (androidx.datastore:datastore-android:1.1.1) with ExtractAarTransform
[        ] Transforming datastore-release.aar (androidx.datastore:datastore-android:1.1.1) with AarTransform
[        ] Transforming play-services-tasks-18.1.0.aar (com.google.android.gms:play-services-tasks:18.1.0) with JetifyTransform
[        ] Transforming play-services-tasks-18.1.0.aar (com.google.android.gms:play-services-tasks:18.1.0) with ExtractAarTransform
[        ] Transforming play-services-tasks-18.1.0.aar (com.google.android.gms:play-services-tasks:18.1.0) with AarTransform
[        ] Transforming play-services-tasks-18.1.0.aar (com.google.android.gms:play-services-tasks:18.1.0) with JetifyTransform
[        ] Transforming play-services-tasks-18.1.0.aar (com.google.android.gms:play-services-tasks:18.1.0) with ExtractAarTransform
[        ] Transforming play-services-tasks-18.1.0.aar (com.google.android.gms:play-services-tasks:18.1.0) with AarTransform
[        ] Transforming play-services-basement-18.3.0.aar (com.google.android.gms:play-services-basement:18.3.0) with JetifyTransform
[        ] Transforming play-services-basement-18.3.0.aar (com.google.android.gms:play-services-basement:18.3.0) with ExtractAarTransform
[        ] Transforming play-services-basement-18.3.0.aar (com.google.android.gms:play-services-basement:18.3.0) with AarTransform
[        ] Transforming viewpager-1.0.0.aar (androidx.viewpager:viewpager:1.0.0) with JetifyTransform
[        ] Transforming viewpager-1.0.0.aar (androidx.viewpager:viewpager:1.0.0) with ExtractAarTransform
[        ] Transforming viewpager-1.0.0.aar (androidx.viewpager:viewpager:1.0.0) with AarTransform
[        ] Transforming viewpager-1.0.0.aar (androidx.viewpager:viewpager:1.0.0) with JetifyTransform
[        ] Transforming viewpager-1.0.0.aar (androidx.viewpager:viewpager:1.0.0) with ExtractAarTransform
[        ] Transforming viewpager-1.0.0.aar (androidx.viewpager:viewpager:1.0.0) with AarTransform
[        ] Transforming appcompat-resources-1.1.0.aar (androidx.appcompat:appcompat-resources:1.1.0) with JetifyTransform
[        ] Transforming appcompat-resources-1.1.0.aar (androidx.appcompat:appcompat-resources:1.1.0) with ExtractAarTransform
[        ] Transforming appcompat-resources-1.1.0.aar (androidx.appcompat:appcompat-resources:1.1.0) with AarTransform
[        ] Transforming drawerlayout-1.0.0.aar (androidx.drawerlayout:drawerlayout:1.0.0) with JetifyTransform
[        ] Transforming drawerlayout-1.0.0.aar (androidx.drawerlayout:drawerlayout:1.0.0) with ExtractAarTransform
[        ] Transforming drawerlayout-1.0.0.aar (androidx.drawerlayout:drawerlayout:1.0.0) with AarTransform
[        ] Transforming coordinatorlayout-1.0.0.aar (androidx.coordinatorlayout:coordinatorlayout:1.0.0) with JetifyTransform
[        ] Transforming coordinatorlayout-1.0.0.aar (androidx.coordinatorlayout:coordinatorlayout:1.0.0) with ExtractAarTransform
[        ] Transforming coordinatorlayout-1.0.0.aar (androidx.coordinatorlayout:coordinatorlayout:1.0.0) with AarTransform
[        ] Transforming customview-1.1.0.aar (androidx.customview:customview:1.1.0) with JetifyTransform
[        ] Transforming customview-1.1.0.aar (androidx.customview:customview:1.1.0) with ExtractAarTransform
[        ] Transforming customview-1.1.0.aar (androidx.customview:customview:1.1.0) with AarTransform
[        ] Transforming customview-1.1.0.aar (androidx.customview:customview:1.1.0) with JetifyTransform
[        ] Transforming customview-1.1.0.aar (androidx.customview:customview:1.1.0) with ExtractAarTransform
[        ] Transforming customview-1.1.0.aar (androidx.customview:customview:1.1.0) with AarTransform
[        ] Transforming transition-1.4.1.aar (androidx.transition:transition:1.4.1) with JetifyTransform
[        ] Transforming transition-1.4.1.aar (androidx.transition:transition:1.4.1) with ExtractAarTransform
[        ] Transforming transition-1.4.1.aar (androidx.transition:transition:1.4.1) with AarTransform
[        ] Transforming core-ktx-1.13.1.aar (androidx.core:core-ktx:1.13.1) with JetifyTransform
[        ] Transforming core-ktx-1.13.1.aar (androidx.core:core-ktx:1.13.1) with ExtractAarTransform
[        ] Transforming core-ktx-1.13.1.aar (androidx.core:core-ktx:1.13.1) with AarTransform
[        ] Transforming vectordrawable-animated-1.1.0.aar (androidx.vectordrawable:vectordrawable-animated:1.1.0) with JetifyTransform
[        ] Transforming vectordrawable-animated-1.1.0.aar (androidx.vectordrawable:vectordrawable-animated:1.1.0) with ExtractAarTransform
[        ] Transforming vectordrawable-animated-1.1.0.aar (androidx.vectordrawable:vectordrawable-animated:1.1.0) with AarTransform
[        ] Transforming vectordrawable-1.1.0.aar (androidx.vectordrawable:vectordrawable:1.1.0) with JetifyTransform
[        ] Transforming vectordrawable-1.1.0.aar (androidx.vectordrawable:vectordrawable:1.1.0) with ExtractAarTransform
[        ] Transforming vectordrawable-1.1.0.aar (androidx.vectordrawable:vectordrawable:1.1.0) with AarTransform
[        ] Transforming swiperefreshlayout-1.0.0.aar (androidx.swiperefreshlayout:swiperefreshlayout:1.0.0) with JetifyTransform
[        ] Transforming swiperefreshlayout-1.0.0.aar (androidx.swiperefreshlayout:swiperefreshlayout:1.0.0) with ExtractAarTransform
[        ] Transforming swiperefreshlayout-1.0.0.aar (androidx.swiperefreshlayout:swiperefreshlayout:1.0.0) with AarTransform
[        ] Transforming asynclayoutinflater-1.0.0.aar (androidx.asynclayoutinflater:asynclayoutinflater:1.0.0) with JetifyTransform
[        ] Transforming asynclayoutinflater-1.0.0.aar (androidx.asynclayoutinflater:asynclayoutinflater:1.0.0) with ExtractAarTransform
[        ] Transforming asynclayoutinflater-1.0.0.aar (androidx.asynclayoutinflater:asynclayoutinflater:1.0.0) with AarTransform
[        ] Transforming core-1.13.1.aar (androidx.core:core:1.13.1) with JetifyTransform
[        ] Transforming core-1.13.1.aar (androidx.core:core:1.13.1) with ExtractAarTransform
[        ] Transforming core-1.13.1.aar (androidx.core:core:1.13.1) with AarTransform
[        ] Transforming core-1.13.1.aar (androidx.core:core:1.13.1) with JetifyTransform
[        ] Transforming core-1.13.1.aar (androidx.core:core:1.13.1) with ExtractAarTransform
[        ] Transforming core-1.13.1.aar (androidx.core:core:1.13.1) with AarTransform
[        ] Transforming profileinstaller-1.3.1.aar (androidx.profileinstaller:profileinstaller:1.3.1) with JetifyTransform
[        ] Transforming profileinstaller-1.3.1.aar (androidx.profileinstaller:profileinstaller:1.3.1) with ExtractAarTransform
[        ] Transforming profileinstaller-1.3.1.aar (androidx.profileinstaller:profileinstaller:1.3.1) with AarTransform
[        ] Transforming startup-runtime-1.1.1.aar (androidx.startup:startup-runtime:1.1.1) with JetifyTransform
[        ] Transforming startup-runtime-1.1.1.aar (androidx.startup:startup-runtime:1.1.1) with ExtractAarTransform
[        ] Transforming startup-runtime-1.1.1.aar (androidx.startup:startup-runtime:1.1.1) with AarTransform
[        ] Transforming tracing-1.2.0.aar (androidx.tracing:tracing:1.2.0) with JetifyTransform
[        ] Transforming tracing-1.2.0.aar (androidx.tracing:tracing:1.2.0) with ExtractAarTransform
[        ] Transforming tracing-1.2.0.aar (androidx.tracing:tracing:1.2.0) with AarTransform
[        ] Transforming interpolator-1.0.0.aar (androidx.interpolator:interpolator:1.0.0) with JetifyTransform
[        ] Transforming interpolator-1.0.0.aar (androidx.interpolator:interpolator:1.0.0) with ExtractAarTransform
[        ] Transforming interpolator-1.0.0.aar (androidx.interpolator:interpolator:1.0.0) with AarTransform
[        ] Transforming interpolator-1.0.0.aar (androidx.interpolator:interpolator:1.0.0) with JetifyTransform
[        ] Transforming interpolator-1.0.0.aar (androidx.interpolator:interpolator:1.0.0) with ExtractAarTransform
[        ] Transforming interpolator-1.0.0.aar (androidx.interpolator:interpolator:1.0.0) with AarTransform
[        ] Transforming versionedparcelable-1.1.1.aar (androidx.versionedparcelable:versionedparcelable:1.1.1) with JetifyTransform
[        ] Transforming versionedparcelable-1.1.1.aar (androidx.versionedparcelable:versionedparcelable:1.1.1) with ExtractAarTransform
[        ] Transforming versionedparcelable-1.1.1.aar (androidx.versionedparcelable:versionedparcelable:1.1.1) with AarTransform
[        ] Transforming localbroadcastmanager-1.0.0.aar (androidx.localbroadcastmanager:localbroadcastmanager:1.0.0) with JetifyTransform
[        ] Transforming localbroadcastmanager-1.0.0.aar (androidx.localbroadcastmanager:localbroadcastmanager:1.0.0) with ExtractAarTransform
[        ] Transforming localbroadcastmanager-1.0.0.aar (androidx.localbroadcastmanager:localbroadcastmanager:1.0.0) with AarTransform
[        ] Transforming firebase-components-17.1.5.aar (com.google.firebase:firebase-components:17.1.5) with JetifyTransform
[        ] Transforming firebase-components-17.1.5.aar (com.google.firebase:firebase-components:17.1.5) with ExtractAarTransform
[        ] Transforming firebase-components-17.1.5.aar (com.google.firebase:firebase-components:17.1.5) with AarTransform
[        ] Transforming core-runtime-2.2.0.aar (androidx.arch.core:core-runtime:2.2.0) with JetifyTransform
[        ] Transforming core-runtime-2.2.0.aar (androidx.arch.core:core-runtime:2.2.0) with ExtractAarTransform
[        ] Transforming core-runtime-2.2.0.aar (androidx.arch.core:core-runtime:2.2.0) with AarTransform
[        ] Transforming cursoradapter-1.0.0.aar (androidx.cursoradapter:cursoradapter:1.0.0) with JetifyTransform
[        ] Transforming cursoradapter-1.0.0.aar (androidx.cursoradapter:cursoradapter:1.0.0) with ExtractAarTransform
[        ] Transforming cursoradapter-1.0.0.aar (androidx.cursoradapter:cursoradapter:1.0.0) with AarTransform
[        ] Transforming core-1.0.0.aar (androidx.window.extensions.core:core:1.0.0) with JetifyTransform
[        ] Transforming core-1.0.0.aar (androidx.window.extensions.core:core:1.0.0) with ExtractAarTransform
[        ] Transforming core-1.0.0.aar (androidx.window.extensions.core:core:1.0.0) with AarTransform
[        ] Transforming documentfile-1.0.0.aar (androidx.documentfile:documentfile:1.0.0) with JetifyTransform
[        ] Transforming documentfile-1.0.0.aar (androidx.documentfile:documentfile:1.0.0) with ExtractAarTransform
[        ] Transforming documentfile-1.0.0.aar (androidx.documentfile:documentfile:1.0.0) with AarTransform
[        ] Transforming print-1.0.0.aar (androidx.print:print:1.0.0) with JetifyTransform
[        ] Transforming print-1.0.0.aar (androidx.print:print:1.0.0) with ExtractAarTransform
[        ] Transforming print-1.0.0.aar (androidx.print:print:1.0.0) with AarTransform
[        ] Transforming annotation-experimental-1.4.1.aar (androidx.annotation:annotation-experimental:1.4.1) with JetifyTransform
[        ] Transforming annotation-experimental-1.4.1.aar (androidx.annotation:annotation-experimental:1.4.1) with ExtractAarTransform
[        ] Transforming annotation-experimental-1.4.1.aar (androidx.annotation:annotation-experimental:1.4.1) with AarTransform
[        ] Transforming relinker-1.4.5.aar (com.getkeepsafe.relinker:relinker:1.4.5) with JetifyTransform
[        ] Transforming relinker-1.4.5.aar (com.getkeepsafe.relinker:relinker:1.4.5) with ExtractAarTransform
[        ] Transforming relinker-1.4.5.aar (com.getkeepsafe.relinker:relinker:1.4.5) with AarTransform
[        ] Caching disabled for task ':app:processDebugMainManifest' because:
[        ]   Build cache is disabled
[        ] Skipping task ':app:processDebugMainManifest' as it is up-to-date.
[        ] Resolve mutations for :app:processDebugManifest (Thread[#1829,Execution worker Thread 12,5,main]) started.
[        ] :app:processDebugManifest (Thread[#1829,Execution worker Thread 12,5,main]) started.
[        ] > Task :app:processDebugManifest UP-TO-DATE
[        ] Caching disabled for task ':app:processDebugManifest' because:
[        ]   Build cache is disabled
[        ] Skipping task ':app:processDebugManifest' as it is up-to-date.
[        ] Resolve mutations for :app:processDebugManifestForPackage (Thread[#1829,Execution worker Thread 12,5,main]) started.
[        ] :app:processDebugManifestForPackage (Thread[#1829,Execution worker Thread 12,5,main]) started.
[        ] > Task :app:processDebugManifestForPackage UP-TO-DATE
[        ] Custom actions are attached to task ':app:processDebugManifestForPackage'.
[        ] Caching disabled for task ':app:processDebugManifestForPackage' because:
[        ]   Build cache is disabled
[        ] Skipping task ':app:processDebugManifestForPackage' as it is up-to-date.
[        ] Resolve mutations for :firebase_auth:compileDebugLibraryResources (Thread[#1829,Execution worker Thread 12,5,main]) started.
[        ] :firebase_auth:compileDebugLibraryResources (Thread[#1829,Execution worker Thread 12,5,main]) started.
[        ] > Task :firebase_auth:compileDebugLibraryResources UP-TO-DATE
[        ] Caching disabled for task ':firebase_auth:compileDebugLibraryResources' because:
[        ]   Build cache is disabled
[        ] Skipping task ':firebase_auth:compileDebugLibraryResources' as it is up-to-date.
[        ] work action resolve out (project :firebase_auth) (Thread[#1829,Execution worker Thread 12,5,main]) started.
[        ] Resolve mutations for :firebase_auth:parseDebugLocalResources (Thread[#1829,Execution worker Thread 12,5,main]) started.
[        ] :firebase_auth:parseDebugLocalResources (Thread[#1829,Execution worker Thread 12,5,main]) started.
[        ] > Task :firebase_auth:parseDebugLocalResources UP-TO-DATE
[        ] Transforming android.jar with PlatformAttrTransform
[        ] Transforming android.jar with PlatformAttrTransform
[        ] Caching disabled for task ':firebase_auth:parseDebugLocalResources' because:
[        ]   Build cache is disabled
[        ] Skipping task ':firebase_auth:parseDebugLocalResources' as it is up-to-date.
[        ] Resolve mutations for :firebase_auth:generateDebugRFile (Thread[#1829,Execution worker Thread 12,5,main]) started.
[        ] :firebase_auth:generateDebugRFile (Thread[#1829,Execution worker Thread 12,5,main]) started.
[        ] > Task :firebase_auth:generateDebugRFile UP-TO-DATE
[        ] Transforming android.jar with PlatformAttrTransform
[        ] Caching disabled for task ':firebase_auth:generateDebugRFile' because:
[        ]   Build cache is disabled
[        ] Skipping task ':firebase_auth:generateDebugRFile' as it is up-to-date.
[        ] work action resolve package-aware-r.txt (project :firebase_auth) (Thread[#1829,Execution worker Thread 12,5,main]) started.
[        ] Resolve mutations for :firebase_core:compileDebugLibraryResources (Thread[#1821,Execution worker Thread 5,5,main]) started.
[        ] :firebase_core:compileDebugLibraryResources (Thread[#1821,Execution worker Thread 5,5,main]) started.
[        ] > Task :firebase_core:compileDebugLibraryResources UP-TO-DATE
[        ] Caching disabled for task ':firebase_core:compileDebugLibraryResources' because:
[        ]   Build cache is disabled
[        ] Skipping task ':firebase_core:compileDebugLibraryResources' as it is up-to-date.
[        ] work action resolve out (project :firebase_core) (Thread[#1821,Execution worker Thread 5,5,main]) started.
[        ] Resolve mutations for :firebase_core:parseDebugLocalResources (Thread[#1829,Execution worker Thread 12,5,main]) started.
[        ] :firebase_core:parseDebugLocalResources (Thread[#1829,Execution worker Thread 12,5,main]) started.
[        ] > Task :firebase_core:parseDebugLocalResources UP-TO-DATE
[        ] Transforming android.jar with PlatformAttrTransform
[        ] Transforming android.jar with PlatformAttrTransform
[        ] Caching disabled for task ':firebase_core:parseDebugLocalResources' because:
[        ]   Build cache is disabled
[        ] Skipping task ':firebase_core:parseDebugLocalResources' as it is up-to-date.
[        ] Resolve mutations for :firebase_core:generateDebugRFile (Thread[#1829,Execution worker Thread 12,5,main]) started.
[        ] :firebase_core:generateDebugRFile (Thread[#1829,Execution worker Thread 12,5,main]) started.
[        ] > Task :firebase_core:generateDebugRFile UP-TO-DATE
[        ] Transforming android.jar with PlatformAttrTransform
[        ] Caching disabled for task ':firebase_core:generateDebugRFile' because:
[        ]   Build cache is disabled
[        ] Skipping task ':firebase_core:generateDebugRFile' as it is up-to-date.
[        ] work action resolve package-aware-r.txt (project :firebase_core) (Thread[#1829,Execution worker Thread 12,5,main]) started.
[        ] Resolve mutations for :flutter_native_splash:compileDebugLibraryResources (Thread[#1829,Execution worker Thread 12,5,main]) started.
[        ] :flutter_native_splash:compileDebugLibraryResources (Thread[#1829,Execution worker Thread 12,5,main]) started.
[        ] > Task :flutter_native_splash:compileDebugLibraryResources UP-TO-DATE
[        ] Caching disabled for task ':flutter_native_splash:compileDebugLibraryResources' because:
[        ]   Build cache is disabled
[        ] Skipping task ':flutter_native_splash:compileDebugLibraryResources' as it is up-to-date.
[        ] work action resolve out (project :flutter_native_splash) (Thread[#1829,Execution worker Thread 12,5,main]) started.
[        ] Resolve mutations for :flutter_native_splash:parseDebugLocalResources (Thread[#1829,Execution worker Thread 12,5,main]) started.
[        ] :flutter_native_splash:parseDebugLocalResources (Thread[#1829,Execution worker Thread 12,5,main]) started.
[        ] > Task :flutter_native_splash:parseDebugLocalResources UP-TO-DATE
[        ] Transforming android.jar with PlatformAttrTransform
[        ] Transforming android.jar with PlatformAttrTransform
[        ] Caching disabled for task ':flutter_native_splash:parseDebugLocalResources' because:
[        ]   Build cache is disabled
[        ] Skipping task ':flutter_native_splash:parseDebugLocalResources' as it is up-to-date.
[        ] Resolve mutations for :flutter_native_splash:generateDebugRFile (Thread[#1829,Execution worker Thread 12,5,main]) started.
[        ] :flutter_native_splash:generateDebugRFile (Thread[#1829,Execution worker Thread 12,5,main]) started.
[        ] > Task :flutter_native_splash:generateDebugRFile UP-TO-DATE
[        ] Transforming android.jar with PlatformAttrTransform
[        ] Caching disabled for task ':flutter_native_splash:generateDebugRFile' because:
[        ]   Build cache is disabled
[        ] Skipping task ':flutter_native_splash:generateDebugRFile' as it is up-to-date.
[        ] work action resolve package-aware-r.txt (project :flutter_native_splash) (Thread[#1829,Execution worker Thread 12,5,main]) started.
[        ] Resolve mutations for :shared_preferences_android:compileDebugLibraryResources (Thread[#1829,Execution worker Thread 12,5,main]) started.
[        ] :shared_preferences_android:compileDebugLibraryResources (Thread[#1829,Execution worker Thread 12,5,main]) started.
[        ] > Task :shared_preferences_android:compileDebugLibraryResources UP-TO-DATE
[        ] Caching disabled for task ':shared_preferences_android:compileDebugLibraryResources' because:
[        ]   Build cache is disabled
[        ] Skipping task ':shared_preferences_android:compileDebugLibraryResources' as it is up-to-date.
[        ] work action resolve out (project :shared_preferences_android) (Thread[#1829,Execution worker Thread 12,5,main]) started.
[        ] Resolve mutations for :shared_preferences_android:parseDebugLocalResources (Thread[#1829,Execution worker Thread 12,5,main]) started.
[        ] :shared_preferences_android:parseDebugLocalResources (Thread[#1829,Execution worker Thread 12,5,main]) started.
[        ] > Task :shared_preferences_android:parseDebugLocalResources UP-TO-DATE
[        ] Transforming android.jar with PlatformAttrTransform
[        ] Transforming android.jar with PlatformAttrTransform
[        ] Caching disabled for task ':shared_preferences_android:parseDebugLocalResources' because:
[        ]   Build cache is disabled
[        ] Skipping task ':shared_preferences_android:parseDebugLocalResources' as it is up-to-date.
[        ] Resolve mutations for :shared_preferences_android:generateDebugRFile (Thread[#1829,Execution worker Thread 12,5,main]) started.
[        ] :shared_preferences_android:generateDebugRFile (Thread[#1829,Execution worker Thread 12,5,main]) started.
[        ] > Task :shared_preferences_android:generateDebugRFile UP-TO-DATE
[        ] Transforming android.jar with PlatformAttrTransform
[        ] Caching disabled for task ':shared_preferences_android:generateDebugRFile' because:
[        ]   Build cache is disabled
[        ] Skipping task ':shared_preferences_android:generateDebugRFile' as it is up-to-date.
[        ] work action resolve package-aware-r.txt (project :shared_preferences_android) (Thread[#1829,Execution worker Thread 12,5,main]) started.
[        ] Resolve mutations for :url_launcher_android:compileDebugLibraryResources (Thread[#1829,Execution worker Thread 12,5,main]) started.
[        ] :url_launcher_android:compileDebugLibraryResources (Thread[#1829,Execution worker Thread 12,5,main]) started.
[        ] > Task :url_launcher_android:compileDebugLibraryResources UP-TO-DATE
[        ] Caching disabled for task ':url_launcher_android:compileDebugLibraryResources' because:
[        ]   Build cache is disabled
[        ] Skipping task ':url_launcher_android:compileDebugLibraryResources' as it is up-to-date.
[        ] work action resolve out (project :url_launcher_android) (Thread[#1831,Execution worker Thread 14,5,main]) started.
[        ] Resolve mutations for :url_launcher_android:parseDebugLocalResources (Thread[#1820,Execution worker Thread 4,5,main]) started.
[        ] :url_launcher_android:parseDebugLocalResources (Thread[#1820,Execution worker Thread 4,5,main]) started.
[        ] > Task :url_launcher_android:parseDebugLocalResources UP-TO-DATE
[        ] Transforming android.jar with PlatformAttrTransform
[        ] Transforming android.jar with PlatformAttrTransform
[        ] Caching disabled for task ':url_launcher_android:parseDebugLocalResources' because:
[        ]   Build cache is disabled
[        ] Skipping task ':url_launcher_android:parseDebugLocalResources' as it is up-to-date.
[        ] Resolve mutations for :url_launcher_android:generateDebugRFile (Thread[#1820,Execution worker Thread 4,5,main]) started.
[        ] :url_launcher_android:generateDebugRFile (Thread[#1820,Execution worker Thread 4,5,main]) started.
[        ] > Task :url_launcher_android:generateDebugRFile UP-TO-DATE
[        ] Transforming android.jar with PlatformAttrTransform
[        ] Caching disabled for task ':url_launcher_android:generateDebugRFile' because:
[        ]   Build cache is disabled
[        ] Skipping task ':url_launcher_android:generateDebugRFile' as it is up-to-date.
[        ] work action resolve package-aware-r.txt (project :url_launcher_android) (Thread[#1820,Execution worker Thread 4,5,main]) started.
[        ] Resolve mutations for :webview_flutter_android:compileDebugLibraryResources (Thread[#1820,Execution worker Thread 4,5,main]) started.
[        ] :webview_flutter_android:compileDebugLibraryResources (Thread[#1820,Execution worker Thread 4,5,main]) started.
[        ] > Task :webview_flutter_android:compileDebugLibraryResources UP-TO-DATE
[        ] Caching disabled for task ':webview_flutter_android:compileDebugLibraryResources' because:
[        ]   Build cache is disabled
[        ] Skipping task ':webview_flutter_android:compileDebugLibraryResources' as it is up-to-date.
[        ] work action resolve out (project :webview_flutter_android) (Thread[#1820,Execution worker Thread 4,5,main]) started.
[        ] Resolve mutations for :webview_flutter_android:parseDebugLocalResources (Thread[#1820,Execution worker Thread 4,5,main]) started.
[        ] :webview_flutter_android:parseDebugLocalResources (Thread[#1820,Execution worker Thread 4,5,main]) started.
[        ] > Task :webview_flutter_android:parseDebugLocalResources UP-TO-DATE
[        ] Transforming android.jar with PlatformAttrTransform
[        ] Transforming android.jar with PlatformAttrTransform
[        ] Caching disabled for task ':webview_flutter_android:parseDebugLocalResources' because:
[        ]   Build cache is disabled
[        ] Skipping task ':webview_flutter_android:parseDebugLocalResources' as it is up-to-date.
[        ] Resolve mutations for :webview_flutter_android:generateDebugRFile (Thread[#1820,Execution worker Thread 4,5,main]) started.
[        ] :webview_flutter_android:generateDebugRFile (Thread[#1820,Execution worker Thread 4,5,main]) started.
[        ] > Task :webview_flutter_android:generateDebugRFile UP-TO-DATE
[        ] Transforming android.jar with PlatformAttrTransform
[        ] Caching disabled for task ':webview_flutter_android:generateDebugRFile' because:
[        ]   Build cache is disabled
[        ] Skipping task ':webview_flutter_android:generateDebugRFile' as it is up-to-date.
[        ] work action resolve package-aware-r.txt (project :webview_flutter_android) (Thread[#1820,Execution worker Thread 4,5,main]) started.
[        ] Resolve mutations for :app:processDebugResources (Thread[#1820,Execution worker Thread 4,5,main]) started.
[        ] :app:processDebugResources (Thread[#1820,Execution worker Thread 4,5,main]) started.
[        ] > Task :app:processDebugResources UP-TO-DATE
[        ] Transforming aapt2-8.7.0-12006047-osx.jar (com.android.tools.build:aapt2:8.7.0-12006047) with Aapt2Extractor
[        ] Transforming firebase-auth-22.3.1.aar (com.google.firebase:firebase-auth:22.3.1) with JetifyTransform
[        ] Transforming firebase-auth-22.3.1.aar (com.google.firebase:firebase-auth:22.3.1) with ExtractAarTransform
[        ] Transforming firebase-auth-22.3.1.aar (com.google.firebase:firebase-auth:22.3.1) with AarResourcesCompilerTransform
[        ] Transforming firebase-common-ktx-20.4.3.aar (com.google.firebase:firebase-common-ktx:20.4.3) with JetifyTransform
[        ] Transforming firebase-common-ktx-20.4.3.aar (com.google.firebase:firebase-common-ktx:20.4.3) with ExtractAarTransform
[        ] Transforming firebase-common-ktx-20.4.3.aar (com.google.firebase:firebase-common-ktx:20.4.3) with AarResourcesCompilerTransform
[        ] Transforming preference-1.2.1.aar (androidx.preference:preference:1.2.1) with JetifyTransform
[        ] Transforming preference-1.2.1.aar (androidx.preference:preference:1.2.1) with ExtractAarTransform
[        ] Transforming preference-1.2.1.aar (androidx.preference:preference:1.2.1) with AarResourcesCompilerTransform
[        ] Transforming browser-1.8.0.aar (androidx.browser:browser:1.8.0) with JetifyTransform
[        ] Transforming browser-1.8.0.aar (androidx.browser:browser:1.8.0) with ExtractAarTransform
[        ] Transforming browser-1.8.0.aar (androidx.browser:browser:1.8.0) with AarResourcesCompilerTransform
[        ] Transforming browser-1.8.0.aar (androidx.browser:browser:1.8.0) with JetifyTransform
[        ] Transforming browser-1.8.0.aar (androidx.browser:browser:1.8.0) with ExtractAarTransform
[        ] Transforming browser-1.8.0.aar (androidx.browser:browser:1.8.0) with AarResourcesCompilerTransform
[        ] Transforming webkit-1.12.1.aar (androidx.webkit:webkit:1.12.1) with JetifyTransform
[        ] Transforming webkit-1.12.1.aar (androidx.webkit:webkit:1.12.1) with ExtractAarTransform
[        ] Transforming webkit-1.12.1.aar (androidx.webkit:webkit:1.12.1) with AarResourcesCompilerTransform
[        ] Transforming recyclerview-1.0.0.aar (androidx.recyclerview:recyclerview:1.0.0) with JetifyTransform
[        ] Transforming recyclerview-1.0.0.aar (androidx.recyclerview:recyclerview:1.0.0) with ExtractAarTransform
[        ] Transforming recyclerview-1.0.0.aar (androidx.recyclerview:recyclerview:1.0.0) with AarResourcesCompilerTransform
[        ] Transforming legacy-support-core-ui-1.0.0.aar (androidx.legacy:legacy-support-core-ui:1.0.0) with JetifyTransform
[        ] Transforming legacy-support-core-ui-1.0.0.aar (androidx.legacy:legacy-support-core-ui:1.0.0) with ExtractAarTransform
[        ] Transforming legacy-support-core-ui-1.0.0.aar (androidx.legacy:legacy-support-core-ui:1.0.0) with AarResourcesCompilerTransform
[        ] Transforming slidingpanelayout-1.2.0.aar (androidx.slidingpanelayout:slidingpanelayout:1.2.0) with JetifyTransform
[        ] Transforming slidingpanelayout-1.2.0.aar (androidx.slidingpanelayout:slidingpanelayout:1.2.0) with ExtractAarTransform
[        ] Transforming slidingpanelayout-1.2.0.aar (androidx.slidingpanelayout:slidingpanelayout:1.2.0) with AarResourcesCompilerTransform
[        ] Transforming slidingpanelayout-1.2.0.aar (androidx.slidingpanelayout:slidingpanelayout:1.2.0) with JetifyTransform
[        ] Transforming slidingpanelayout-1.2.0.aar (androidx.slidingpanelayout:slidingpanelayout:1.2.0) with ExtractAarTransform
[        ] Transforming slidingpanelayout-1.2.0.aar (androidx.slidingpanelayout:slidingpanelayout:1.2.0) with AarResourcesCompilerTransform
[        ] Transforming window-1.2.0.aar (androidx.window:window:1.2.0) with JetifyTransform
[        ] Transforming window-1.2.0.aar (androidx.window:window:1.2.0) with ExtractAarTransform
[        ] Transforming window-1.2.0.aar (androidx.window:window:1.2.0) with AarResourcesCompilerTransform
[        ] Transforming window-java-1.2.0.aar (androidx.window:window-java:1.2.0) with JetifyTransform
[        ] Transforming window-java-1.2.0.aar (androidx.window:window-java:1.2.0) with ExtractAarTransform
[        ] Transforming window-java-1.2.0.aar (androidx.window:window-java:1.2.0) with AarResourcesCompilerTransform
[        ] Transforming appcompat-1.1.0.aar (androidx.appcompat:appcompat:1.1.0) with JetifyTransform
[        ] Transforming appcompat-1.1.0.aar (androidx.appcompat:appcompat:1.1.0) with ExtractAarTransform
[        ] Transforming appcompat-1.1.0.aar (androidx.appcompat:appcompat:1.1.0) with AarResourcesCompilerTransform
[        ] Transforming firebase-auth-interop-20.0.0.aar (com.google.firebase:firebase-auth-interop:20.0.0) with JetifyTransform
[        ] Transforming firebase-auth-interop-20.0.0.aar (com.google.firebase:firebase-auth-interop:20.0.0) with ExtractAarTransform
[        ] Transforming firebase-auth-interop-20.0.0.aar (com.google.firebase:firebase-auth-interop:20.0.0) with AarResourcesCompilerTransform
[        ] Transforming firebase-common-20.4.3.aar (com.google.firebase:firebase-common:20.4.3) with JetifyTransform
[        ] Transforming firebase-common-20.4.3.aar (com.google.firebase:firebase-common:20.4.3) with ExtractAarTransform
[        ] Transforming firebase-common-20.4.3.aar (com.google.firebase:firebase-common:20.4.3) with AarResourcesCompilerTransform
[        ] Transforming firebase-common-20.4.3.aar (com.google.firebase:firebase-common:20.4.3) with JetifyTransform
[        ] Transforming firebase-common-20.4.3.aar (com.google.firebase:firebase-common:20.4.3) with ExtractAarTransform
[        ] Transforming firebase-common-20.4.3.aar (com.google.firebase:firebase-common:20.4.3) with AarResourcesCompilerTransform
[        ] Transforming play-services-auth-api-phone-17.4.0.aar (com.google.android.gms:play-services-auth-api-phone:17.4.0) with JetifyTransform
[        ] Transforming play-services-auth-api-phone-17.4.0.aar (com.google.android.gms:play-services-auth-api-phone:17.4.0) with ExtractAarTransform
[        ] Transforming play-services-auth-api-phone-17.4.0.aar (com.google.android.gms:play-services-auth-api-phone:17.4.0) with AarResourcesCompilerTransform
[        ] Transforming recaptcha-18.4.0.aar (com.google.android.recaptcha:recaptcha:18.4.0) with JetifyTransform
[        ] Transforming recaptcha-18.4.0.aar (com.google.android.recaptcha:recaptcha:18.4.0) with ExtractAarTransform
[        ] Transforming recaptcha-18.4.0.aar (com.google.android.recaptcha:recaptcha:18.4.0) with AarResourcesCompilerTransform
[        ] Transforming integrity-1.2.0.aar (com.google.android.play:integrity:1.2.0) with JetifyTransform
[        ] Transforming integrity-1.2.0.aar (com.google.android.play:integrity:1.2.0) with ExtractAarTransform
[        ] Transforming integrity-1.2.0.aar (com.google.android.play:integrity:1.2.0) with AarResourcesCompilerTransform
[        ] Transforming firebase-appcheck-interop-17.0.0.aar (com.google.firebase:firebase-appcheck-interop:17.0.0) with JetifyTransform
[        ] Transforming firebase-appcheck-interop-17.0.0.aar (com.google.firebase:firebase-appcheck-interop:17.0.0) with ExtractAarTransform
[        ] Transforming firebase-appcheck-interop-17.0.0.aar (com.google.firebase:firebase-appcheck-interop:17.0.0) with AarResourcesCompilerTransform
[        ] Transforming fragment-ktx-1.7.1.aar (androidx.fragment:fragment-ktx:1.7.1) with JetifyTransform
[        ] Transforming fragment-ktx-1.7.1.aar (androidx.fragment:fragment-ktx:1.7.1) with ExtractAarTransform
[        ] Transforming fragment-ktx-1.7.1.aar (androidx.fragment:fragment-ktx:1.7.1) with AarResourcesCompilerTransform
[        ] Transforming play-services-base-18.0.1.aar (com.google.android.gms:play-services-base:18.0.1) with JetifyTransform
[        ] Transforming play-services-base-18.0.1.aar (com.google.android.gms:play-services-base:18.0.1) with ExtractAarTransform
[        ] Transforming play-services-base-18.0.1.aar (com.google.android.gms:play-services-base:18.0.1) with AarResourcesCompilerTransform
[        ] Transforming fragment-1.7.1.aar (androidx.fragment:fragment:1.7.1) with JetifyTransform
[        ] Transforming fragment-1.7.1.aar (androidx.fragment:fragment:1.7.1) with ExtractAarTransform
[        ] Transforming fragment-1.7.1.aar (androidx.fragment:fragment:1.7.1) with AarResourcesCompilerTransform
[        ] Transforming fragment-1.7.1.aar (androidx.fragment:fragment:1.7.1) with JetifyTransform
[        ] Transforming fragment-1.7.1.aar (androidx.fragment:fragment:1.7.1) with ExtractAarTransform
[        ] Transforming fragment-1.7.1.aar (androidx.fragment:fragment:1.7.1) with AarResourcesCompilerTransform
[        ] Transforming activity-ktx-1.8.1.aar (androidx.activity:activity-ktx:1.8.1) with JetifyTransform
[        ] Transforming activity-ktx-1.8.1.aar (androidx.activity:activity-ktx:1.8.1) with ExtractAarTransform
[        ] Transforming activity-ktx-1.8.1.aar (androidx.activity:activity-ktx:1.8.1) with AarResourcesCompilerTransform
[        ] Transforming activity-1.8.1.aar (androidx.activity:activity:1.8.1) with JetifyTransform
[        ] Transforming activity-1.8.1.aar (androidx.activity:activity:1.8.1) with ExtractAarTransform
[        ] Transforming activity-1.8.1.aar (androidx.activity:activity:1.8.1) with AarResourcesCompilerTransform
[        ] Transforming legacy-support-core-utils-1.0.0.aar (androidx.legacy:legacy-support-core-utils:1.0.0) with JetifyTransform
[        ] Transforming legacy-support-core-utils-1.0.0.aar (androidx.legacy:legacy-support-core-utils:1.0.0) with ExtractAarTransform
[        ] Transforming legacy-support-core-utils-1.0.0.aar (androidx.legacy:legacy-support-core-utils:1.0.0) with AarResourcesCompilerTransform
[        ] Transforming loader-1.0.0.aar (androidx.loader:loader:1.0.0) with JetifyTransform
[   +1 ms] Transforming loader-1.0.0.aar (androidx.loader:loader:1.0.0) with ExtractAarTransform
[        ] Transforming loader-1.0.0.aar (androidx.loader:loader:1.0.0) with AarResourcesCompilerTransform
[        ] Transforming loader-1.0.0.aar (androidx.loader:loader:1.0.0) with JetifyTransform
[        ] Transforming loader-1.0.0.aar (androidx.loader:loader:1.0.0) with ExtractAarTransform
[        ] Transforming loader-1.0.0.aar (androidx.loader:loader:1.0.0) with AarResourcesCompilerTransform
[        ] Transforming lifecycle-runtime-ktx-2.7.0.aar (androidx.lifecycle:lifecycle-runtime-ktx:2.7.0) with JetifyTransform
[        ] Transforming lifecycle-runtime-ktx-2.7.0.aar (androidx.lifecycle:lifecycle-runtime-ktx:2.7.0) with ExtractAarTransform
[        ] Transforming lifecycle-runtime-ktx-2.7.0.aar (androidx.lifecycle:lifecycle-runtime-ktx:2.7.0) with AarResourcesCompilerTransform
[        ] Transforming lifecycle-livedata-2.7.0.aar (androidx.lifecycle:lifecycle-livedata:2.7.0) with JetifyTransform
[        ] Transforming lifecycle-livedata-2.7.0.aar (androidx.lifecycle:lifecycle-livedata:2.7.0) with ExtractAarTransform
[        ] Transforming lifecycle-livedata-2.7.0.aar (androidx.lifecycle:lifecycle-livedata:2.7.0) with AarResourcesCompilerTransform
[        ] Transforming lifecycle-livedata-core-ktx-2.7.0.aar (androidx.lifecycle:lifecycle-livedata-core-ktx:2.7.0) with JetifyTransform
[        ] Transforming lifecycle-livedata-core-ktx-2.7.0.aar (androidx.lifecycle:lifecycle-livedata-core-ktx:2.7.0) with ExtractAarTransform
[        ] Transforming lifecycle-livedata-core-ktx-2.7.0.aar (androidx.lifecycle:lifecycle-livedata-core-ktx:2.7.0) with AarResourcesCompilerTransform
[        ] Transforming lifecycle-viewmodel-ktx-2.7.0.aar (androidx.lifecycle:lifecycle-viewmodel-ktx:2.7.0) with JetifyTransform
[        ] Transforming lifecycle-viewmodel-ktx-2.7.0.aar (androidx.lifecycle:lifecycle-viewmodel-ktx:2.7.0) with ExtractAarTransform
[        ] Transforming lifecycle-viewmodel-ktx-2.7.0.aar (androidx.lifecycle:lifecycle-viewmodel-ktx:2.7.0) with AarResourcesCompilerTransform
[        ] Transforming lifecycle-viewmodel-savedstate-2.7.0.aar (androidx.lifecycle:lifecycle-viewmodel-savedstate:2.7.0) with JetifyTransform
[        ] Transforming lifecycle-viewmodel-savedstate-2.7.0.aar (androidx.lifecycle:lifecycle-viewmodel-savedstate:2.7.0) with ExtractAarTransform
[        ] Transforming lifecycle-viewmodel-savedstate-2.7.0.aar (androidx.lifecycle:lifecycle-viewmodel-savedstate:2.7.0) with AarResourcesCompilerTransform
[        ] Transforming lifecycle-viewmodel-2.7.0.aar (androidx.lifecycle:lifecycle-viewmodel:2.7.0) with JetifyTransform
[        ] Transforming lifecycle-viewmodel-2.7.0.aar (androidx.lifecycle:lifecycle-viewmodel:2.7.0) with ExtractAarTransform
[        ] Transforming lifecycle-viewmodel-2.7.0.aar (androidx.lifecycle:lifecycle-viewmodel:2.7.0) with AarResourcesCompilerTransform
[        ] Transforming lifecycle-viewmodel-2.7.0.aar (androidx.lifecycle:lifecycle-viewmodel:2.7.0) with JetifyTransform
[        ] Transforming lifecycle-viewmodel-2.7.0.aar (androidx.lifecycle:lifecycle-viewmodel:2.7.0) with ExtractAarTransform
[        ] Transforming lifecycle-viewmodel-2.7.0.aar (androidx.lifecycle:lifecycle-viewmodel:2.7.0) with AarResourcesCompilerTransform
[        ] Transforming lifecycle-livedata-core-2.7.0.aar (androidx.lifecycle:lifecycle-livedata-core:2.7.0) with JetifyTransform
[        ] Transforming lifecycle-livedata-core-2.7.0.aar (androidx.lifecycle:lifecycle-livedata-core:2.7.0) with ExtractAarTransform
[        ] Transforming lifecycle-livedata-core-2.7.0.aar (androidx.lifecycle:lifecycle-livedata-core:2.7.0) with AarResourcesCompilerTransform
[        ] Transforming lifecycle-runtime-2.7.0.aar (androidx.lifecycle:lifecycle-runtime:2.7.0) with JetifyTransform
[        ] Transforming lifecycle-runtime-2.7.0.aar (androidx.lifecycle:lifecycle-runtime:2.7.0) with ExtractAarTransform
[        ] Transforming lifecycle-runtime-2.7.0.aar (androidx.lifecycle:lifecycle-runtime:2.7.0) with AarResourcesCompilerTransform
[        ] Transforming lifecycle-process-2.7.0.aar (androidx.lifecycle:lifecycle-process:2.7.0) with JetifyTransform
[        ] Transforming lifecycle-process-2.7.0.aar (androidx.lifecycle:lifecycle-process:2.7.0) with ExtractAarTransform
[        ] Transforming lifecycle-process-2.7.0.aar (androidx.lifecycle:lifecycle-process:2.7.0) with AarResourcesCompilerTransform
[        ] Transforming savedstate-ktx-1.2.1.aar (androidx.savedstate:savedstate-ktx:1.2.1) with JetifyTransform
[        ] Transforming savedstate-ktx-1.2.1.aar (androidx.savedstate:savedstate-ktx:1.2.1) with ExtractAarTransform
[        ] Transforming savedstate-ktx-1.2.1.aar (androidx.savedstate:savedstate-ktx:1.2.1) with AarResourcesCompilerTransform
[        ] Transforming savedstate-1.2.1.aar (androidx.savedstate:savedstate:1.2.1) with JetifyTransform
[        ] Transforming savedstate-1.2.1.aar (androidx.savedstate:savedstate:1.2.1) with ExtractAarTransform
[        ] Transforming savedstate-1.2.1.aar (androidx.savedstate:savedstate:1.2.1) with AarResourcesCompilerTransform
[        ] Transforming datastore-core-release.aar (androidx.datastore:datastore-core-android:1.1.1) with JetifyTransform
[        ] Transforming datastore-core-release.aar (androidx.datastore:datastore-core-android:1.1.1) with ExtractAarTransform
[        ] Transforming datastore-core-release.aar (androidx.datastore:datastore-core-android:1.1.1) with AarResourcesCompilerTransform
[        ] Transforming datastore-preferences-release.aar (androidx.datastore:datastore-preferences-android:1.1.1) with JetifyTransform
[        ] Transforming datastore-preferences-release.aar (androidx.datastore:datastore-preferences-android:1.1.1) with ExtractAarTransform
[        ] Transforming datastore-preferences-release.aar (androidx.datastore:datastore-preferences-android:1.1.1) with AarResourcesCompilerTransform
[        ] Transforming datastore-release.aar (androidx.datastore:datastore-android:1.1.1) with JetifyTransform
[        ] Transforming datastore-release.aar (androidx.datastore:datastore-android:1.1.1) with ExtractAarTransform
[        ] Transforming datastore-release.aar (androidx.datastore:datastore-android:1.1.1) with AarResourcesCompilerTransform
[        ] Transforming play-services-tasks-18.1.0.aar (com.google.android.gms:play-services-tasks:18.1.0) with JetifyTransform
[        ] Transforming play-services-tasks-18.1.0.aar (com.google.android.gms:play-services-tasks:18.1.0) with ExtractAarTransform
[        ] Transforming play-services-tasks-18.1.0.aar (com.google.android.gms:play-services-tasks:18.1.0) with AarResourcesCompilerTransform
[        ] Transforming play-services-tasks-18.1.0.aar (com.google.android.gms:play-services-tasks:18.1.0) with JetifyTransform
[        ] Transforming play-services-tasks-18.1.0.aar (com.google.android.gms:play-services-tasks:18.1.0) with ExtractAarTransform
[        ] Transforming play-services-tasks-18.1.0.aar (com.google.android.gms:play-services-tasks:18.1.0) with AarResourcesCompilerTransform
[        ] Transforming play-services-basement-18.3.0.aar (com.google.android.gms:play-services-basement:18.3.0) with JetifyTransform
[        ] Transforming play-services-basement-18.3.0.aar (com.google.android.gms:play-services-basement:18.3.0) with ExtractAarTransform
[        ] Transforming play-services-basement-18.3.0.aar (com.google.android.gms:play-services-basement:18.3.0) with AarResourcesCompilerTransform
[        ] Transforming viewpager-1.0.0.aar (androidx.viewpager:viewpager:1.0.0) with JetifyTransform
[        ] Transforming viewpager-1.0.0.aar (androidx.viewpager:viewpager:1.0.0) with ExtractAarTransform
[        ] Transforming viewpager-1.0.0.aar (androidx.viewpager:viewpager:1.0.0) with AarResourcesCompilerTransform
[        ] Transforming viewpager-1.0.0.aar (androidx.viewpager:viewpager:1.0.0) with JetifyTransform
[        ] Transforming viewpager-1.0.0.aar (androidx.viewpager:viewpager:1.0.0) with ExtractAarTransform
[        ] Transforming viewpager-1.0.0.aar (androidx.viewpager:viewpager:1.0.0) with AarResourcesCompilerTransform
[        ] Transforming appcompat-resources-1.1.0.aar (androidx.appcompat:appcompat-resources:1.1.0) with JetifyTransform
[        ] Transforming appcompat-resources-1.1.0.aar (androidx.appcompat:appcompat-resources:1.1.0) with ExtractAarTransform
[        ] Transforming appcompat-resources-1.1.0.aar (androidx.appcompat:appcompat-resources:1.1.0) with AarResourcesCompilerTransform
[        ] Transforming drawerlayout-1.0.0.aar (androidx.drawerlayout:drawerlayout:1.0.0) with JetifyTransform
[        ] Transforming drawerlayout-1.0.0.aar (androidx.drawerlayout:drawerlayout:1.0.0) with ExtractAarTransform
[        ] Transforming drawerlayout-1.0.0.aar (androidx.drawerlayout:drawerlayout:1.0.0) with AarResourcesCompilerTransform
[        ] Transforming coordinatorlayout-1.0.0.aar (androidx.coordinatorlayout:coordinatorlayout:1.0.0) with JetifyTransform
[        ] Transforming coordinatorlayout-1.0.0.aar (androidx.coordinatorlayout:coordinatorlayout:1.0.0) with ExtractAarTransform
[        ] Transforming coordinatorlayout-1.0.0.aar (androidx.coordinatorlayout:coordinatorlayout:1.0.0) with AarResourcesCompilerTransform
[        ] Transforming customview-1.1.0.aar (androidx.customview:customview:1.1.0) with JetifyTransform
[        ] Transforming customview-1.1.0.aar (androidx.customview:customview:1.1.0) with ExtractAarTransform
[        ] Transforming customview-1.1.0.aar (androidx.customview:customview:1.1.0) with AarResourcesCompilerTransform
[        ] Transforming customview-1.1.0.aar (androidx.customview:customview:1.1.0) with JetifyTransform
[        ] Transforming customview-1.1.0.aar (androidx.customview:customview:1.1.0) with ExtractAarTransform
[        ] Transforming customview-1.1.0.aar (androidx.customview:customview:1.1.0) with AarResourcesCompilerTransform
[        ] Transforming transition-1.4.1.aar (androidx.transition:transition:1.4.1) with JetifyTransform
[        ] Transforming transition-1.4.1.aar (androidx.transition:transition:1.4.1) with ExtractAarTransform
[        ] Transforming transition-1.4.1.aar (androidx.transition:transition:1.4.1) with AarResourcesCompilerTransform
[        ] Transforming core-ktx-1.13.1.aar (androidx.core:core-ktx:1.13.1) with JetifyTransform
[        ] Transforming core-ktx-1.13.1.aar (androidx.core:core-ktx:1.13.1) with ExtractAarTransform
[        ] Transforming core-ktx-1.13.1.aar (androidx.core:core-ktx:1.13.1) with AarResourcesCompilerTransform
[        ] Transforming vectordrawable-animated-1.1.0.aar (androidx.vectordrawable:vectordrawable-animated:1.1.0) with JetifyTransform
[        ] Transforming vectordrawable-animated-1.1.0.aar (androidx.vectordrawable:vectordrawable-animated:1.1.0) with ExtractAarTransform
[        ] Transforming vectordrawable-animated-1.1.0.aar (androidx.vectordrawable:vectordrawable-animated:1.1.0) with AarResourcesCompilerTransform
[        ] Transforming vectordrawable-1.1.0.aar (androidx.vectordrawable:vectordrawable:1.1.0) with JetifyTransform
[        ] Transforming vectordrawable-1.1.0.aar (androidx.vectordrawable:vectordrawable:1.1.0) with ExtractAarTransform
[        ] Transforming vectordrawable-1.1.0.aar (androidx.vectordrawable:vectordrawable:1.1.0) with AarResourcesCompilerTransform
[        ] Transforming swiperefreshlayout-1.0.0.aar (androidx.swiperefreshlayout:swiperefreshlayout:1.0.0) with JetifyTransform
[        ] Transforming swiperefreshlayout-1.0.0.aar (androidx.swiperefreshlayout:swiperefreshlayout:1.0.0) with ExtractAarTransform
[        ] Transforming swiperefreshlayout-1.0.0.aar (androidx.swiperefreshlayout:swiperefreshlayout:1.0.0) with AarResourcesCompilerTransform
[        ] Transforming asynclayoutinflater-1.0.0.aar (androidx.asynclayoutinflater:asynclayoutinflater:1.0.0) with JetifyTransform
[        ] Transforming asynclayoutinflater-1.0.0.aar (androidx.asynclayoutinflater:asynclayoutinflater:1.0.0) with ExtractAarTransform
[        ] Transforming asynclayoutinflater-1.0.0.aar (androidx.asynclayoutinflater:asynclayoutinflater:1.0.0) with AarResourcesCompilerTransform
[        ] Transforming core-1.13.1.aar (androidx.core:core:1.13.1) with JetifyTransform
[        ] Transforming core-1.13.1.aar (androidx.core:core:1.13.1) with ExtractAarTransform
[        ] Transforming core-1.13.1.aar (androidx.core:core:1.13.1) with AarResourcesCompilerTransform
[        ] Transforming core-1.13.1.aar (androidx.core:core:1.13.1) with JetifyTransform
[        ] Transforming core-1.13.1.aar (androidx.core:core:1.13.1) with ExtractAarTransform
[        ] Transforming core-1.13.1.aar (androidx.core:core:1.13.1) with AarResourcesCompilerTransform
[        ] Transforming profileinstaller-1.3.1.aar (androidx.profileinstaller:profileinstaller:1.3.1) with JetifyTransform
[        ] Transforming profileinstaller-1.3.1.aar (androidx.profileinstaller:profileinstaller:1.3.1) with ExtractAarTransform
[        ] Transforming profileinstaller-1.3.1.aar (androidx.profileinstaller:profileinstaller:1.3.1) with AarResourcesCompilerTransform
[        ] Transforming startup-runtime-1.1.1.aar (androidx.startup:startup-runtime:1.1.1) with JetifyTransform
[        ] Transforming startup-runtime-1.1.1.aar (androidx.startup:startup-runtime:1.1.1) with ExtractAarTransform
[        ] Transforming startup-runtime-1.1.1.aar (androidx.startup:startup-runtime:1.1.1) with AarResourcesCompilerTransform
[        ] Transforming tracing-1.2.0.aar (androidx.tracing:tracing:1.2.0) with JetifyTransform
[        ] Transforming tracing-1.2.0.aar (androidx.tracing:tracing:1.2.0) with ExtractAarTransform
[        ] Transforming tracing-1.2.0.aar (androidx.tracing:tracing:1.2.0) with AarResourcesCompilerTransform
[        ] Transforming interpolator-1.0.0.aar (androidx.interpolator:interpolator:1.0.0) with JetifyTransform
[        ] Transforming interpolator-1.0.0.aar (androidx.interpolator:interpolator:1.0.0) with ExtractAarTransform
[        ] Transforming interpolator-1.0.0.aar (androidx.interpolator:interpolator:1.0.0) with AarResourcesCompilerTransform
[        ] Transforming interpolator-1.0.0.aar (androidx.interpolator:interpolator:1.0.0) with JetifyTransform
[        ] Transforming interpolator-1.0.0.aar (androidx.interpolator:interpolator:1.0.0) with ExtractAarTransform
[        ] Transforming interpolator-1.0.0.aar (androidx.interpolator:interpolator:1.0.0) with AarResourcesCompilerTransform
[        ] Transforming versionedparcelable-1.1.1.aar (androidx.versionedparcelable:versionedparcelable:1.1.1) with JetifyTransform
[        ] Transforming versionedparcelable-1.1.1.aar (androidx.versionedparcelable:versionedparcelable:1.1.1) with ExtractAarTransform
[        ] Transforming versionedparcelable-1.1.1.aar (androidx.versionedparcelable:versionedparcelable:1.1.1) with AarResourcesCompilerTransform
[        ] Transforming localbroadcastmanager-1.0.0.aar (androidx.localbroadcastmanager:localbroadcastmanager:1.0.0) with JetifyTransform
[        ] Transforming localbroadcastmanager-1.0.0.aar (androidx.localbroadcastmanager:localbroadcastmanager:1.0.0) with ExtractAarTransform
[        ] Transforming localbroadcastmanager-1.0.0.aar (androidx.localbroadcastmanager:localbroadcastmanager:1.0.0) with AarResourcesCompilerTransform
[        ] Transforming firebase-components-17.1.5.aar (com.google.firebase:firebase-components:17.1.5) with JetifyTransform
[        ] Transforming firebase-components-17.1.5.aar (com.google.firebase:firebase-components:17.1.5) with ExtractAarTransform
[        ] Transforming firebase-components-17.1.5.aar (com.google.firebase:firebase-components:17.1.5) with AarResourcesCompilerTransform
[        ] Transforming core-runtime-2.2.0.aar (androidx.arch.core:core-runtime:2.2.0) with JetifyTransform
[        ] Transforming core-runtime-2.2.0.aar (androidx.arch.core:core-runtime:2.2.0) with ExtractAarTransform
[        ] Transforming core-runtime-2.2.0.aar (androidx.arch.core:core-runtime:2.2.0) with AarResourcesCompilerTransform
[        ] Transforming cursoradapter-1.0.0.aar (androidx.cursoradapter:cursoradapter:1.0.0) with JetifyTransform
[        ] Transforming cursoradapter-1.0.0.aar (androidx.cursoradapter:cursoradapter:1.0.0) with ExtractAarTransform
[        ] Transforming cursoradapter-1.0.0.aar (androidx.cursoradapter:cursoradapter:1.0.0) with AarResourcesCompilerTransform
[        ] Transforming core-1.0.0.aar (androidx.window.extensions.core:core:1.0.0) with JetifyTransform
[        ] Transforming core-1.0.0.aar (androidx.window.extensions.core:core:1.0.0) with ExtractAarTransform
[        ] Transforming core-1.0.0.aar (androidx.window.extensions.core:core:1.0.0) with AarResourcesCompilerTransform
[        ] Transforming documentfile-1.0.0.aar (androidx.documentfile:documentfile:1.0.0) with JetifyTransform
[        ] Transforming documentfile-1.0.0.aar (androidx.documentfile:documentfile:1.0.0) with ExtractAarTransform
[        ] Transforming documentfile-1.0.0.aar (androidx.documentfile:documentfile:1.0.0) with AarResourcesCompilerTransform
[        ] Transforming print-1.0.0.aar (androidx.print:print:1.0.0) with JetifyTransform
[        ] Transforming print-1.0.0.aar (androidx.print:print:1.0.0) with ExtractAarTransform
[        ] Transforming print-1.0.0.aar (androidx.print:print:1.0.0) with AarResourcesCompilerTransform
[        ] Transforming annotation-experimental-1.4.1.aar (androidx.annotation:annotation-experimental:1.4.1) with JetifyTransform
[        ] Transforming annotation-experimental-1.4.1.aar (androidx.annotation:annotation-experimental:1.4.1) with ExtractAarTransform
[        ] Transforming annotation-experimental-1.4.1.aar (androidx.annotation:annotation-experimental:1.4.1) with AarResourcesCompilerTransform
[        ] Transforming relinker-1.4.5.aar (com.getkeepsafe.relinker:relinker:1.4.5) with JetifyTransform
[        ] Transforming relinker-1.4.5.aar (com.getkeepsafe.relinker:relinker:1.4.5) with ExtractAarTransform
[        ] Transforming relinker-1.4.5.aar (com.getkeepsafe.relinker:relinker:1.4.5) with AarResourcesCompilerTransform
[        ] Transforming firebase-auth-22.3.1.aar (com.google.firebase:firebase-auth:22.3.1) with JetifyTransform
[        ] Transforming firebase-auth-22.3.1.aar (com.google.firebase:firebase-auth:22.3.1) with ExtractAarTransform
[        ] Transforming firebase-auth-22.3.1.aar (com.google.firebase:firebase-auth:22.3.1) with LibrarySymbolTableTransform
[        ] Transforming firebase-common-ktx-20.4.3.aar (com.google.firebase:firebase-common-ktx:20.4.3) with JetifyTransform
[        ] Transforming firebase-common-ktx-20.4.3.aar (com.google.firebase:firebase-common-ktx:20.4.3) with ExtractAarTransform
[        ] Transforming firebase-common-ktx-20.4.3.aar (com.google.firebase:firebase-common-ktx:20.4.3) with LibrarySymbolTableTransform
[        ] Transforming preference-1.2.1.aar (androidx.preference:preference:1.2.1) with JetifyTransform
[        ] Transforming preference-1.2.1.aar (androidx.preference:preference:1.2.1) with ExtractAarTransform
[        ] Transforming preference-1.2.1.aar (androidx.preference:preference:1.2.1) with LibrarySymbolTableTransform
[        ] Transforming browser-1.8.0.aar (androidx.browser:browser:1.8.0) with JetifyTransform
[        ] Transforming browser-1.8.0.aar (androidx.browser:browser:1.8.0) with ExtractAarTransform
[        ] Transforming browser-1.8.0.aar (androidx.browser:browser:1.8.0) with LibrarySymbolTableTransform
[        ] Transforming browser-1.8.0.aar (androidx.browser:browser:1.8.0) with JetifyTransform
[        ] Transforming browser-1.8.0.aar (androidx.browser:browser:1.8.0) with ExtractAarTransform
[        ] Transforming browser-1.8.0.aar (androidx.browser:browser:1.8.0) with LibrarySymbolTableTransform
[        ] Transforming webkit-1.12.1.aar (androidx.webkit:webkit:1.12.1) with JetifyTransform
[        ] Transforming webkit-1.12.1.aar (androidx.webkit:webkit:1.12.1) with ExtractAarTransform
[        ] Transforming webkit-1.12.1.aar (androidx.webkit:webkit:1.12.1) with LibrarySymbolTableTransform
[        ] Transforming recyclerview-1.0.0.aar (androidx.recyclerview:recyclerview:1.0.0) with JetifyTransform
[        ] Transforming recyclerview-1.0.0.aar (androidx.recyclerview:recyclerview:1.0.0) with ExtractAarTransform
[        ] Transforming recyclerview-1.0.0.aar (androidx.recyclerview:recyclerview:1.0.0) with LibrarySymbolTableTransform
[        ] Transforming legacy-support-core-ui-1.0.0.aar (androidx.legacy:legacy-support-core-ui:1.0.0) with JetifyTransform
[        ] Transforming legacy-support-core-ui-1.0.0.aar (androidx.legacy:legacy-support-core-ui:1.0.0) with ExtractAarTransform
[        ] Transforming legacy-support-core-ui-1.0.0.aar (androidx.legacy:legacy-support-core-ui:1.0.0) with LibrarySymbolTableTransform
[        ] Transforming slidingpanelayout-1.2.0.aar (androidx.slidingpanelayout:slidingpanelayout:1.2.0) with JetifyTransform
[        ] Transforming slidingpanelayout-1.2.0.aar (androidx.slidingpanelayout:slidingpanelayout:1.2.0) with ExtractAarTransform
[        ] Transforming slidingpanelayout-1.2.0.aar (androidx.slidingpanelayout:slidingpanelayout:1.2.0) with LibrarySymbolTableTransform
[        ] Transforming slidingpanelayout-1.2.0.aar (androidx.slidingpanelayout:slidingpanelayout:1.2.0) with JetifyTransform
[        ] Transforming slidingpanelayout-1.2.0.aar (androidx.slidingpanelayout:slidingpanelayout:1.2.0) with ExtractAarTransform
[        ] Transforming slidingpanelayout-1.2.0.aar (androidx.slidingpanelayout:slidingpanelayout:1.2.0) with LibrarySymbolTableTransform
[        ] Transforming window-1.2.0.aar (androidx.window:window:1.2.0) with JetifyTransform
[        ] Transforming window-1.2.0.aar (androidx.window:window:1.2.0) with ExtractAarTransform
[        ] Transforming window-1.2.0.aar (androidx.window:window:1.2.0) with LibrarySymbolTableTransform
[        ] Transforming window-java-1.2.0.aar (androidx.window:window-java:1.2.0) with JetifyTransform
[        ] Transforming window-java-1.2.0.aar (androidx.window:window-java:1.2.0) with ExtractAarTransform
[        ] Transforming window-java-1.2.0.aar (androidx.window:window-java:1.2.0) with LibrarySymbolTableTransform
[        ] Transforming appcompat-1.1.0.aar (androidx.appcompat:appcompat:1.1.0) with JetifyTransform
[        ] Transforming appcompat-1.1.0.aar (androidx.appcompat:appcompat:1.1.0) with ExtractAarTransform
[        ] Transforming appcompat-1.1.0.aar (androidx.appcompat:appcompat:1.1.0) with LibrarySymbolTableTransform
[        ] Transforming firebase-auth-interop-20.0.0.aar (com.google.firebase:firebase-auth-interop:20.0.0) with JetifyTransform
[        ] Transforming firebase-auth-interop-20.0.0.aar (com.google.firebase:firebase-auth-interop:20.0.0) with ExtractAarTransform
[        ] Transforming firebase-auth-interop-20.0.0.aar (com.google.firebase:firebase-auth-interop:20.0.0) with LibrarySymbolTableTransform
[        ] Transforming firebase-common-20.4.3.aar (com.google.firebase:firebase-common:20.4.3) with JetifyTransform
[        ] Transforming firebase-common-20.4.3.aar (com.google.firebase:firebase-common:20.4.3) with ExtractAarTransform
[        ] Transforming firebase-common-20.4.3.aar (com.google.firebase:firebase-common:20.4.3) with LibrarySymbolTableTransform
[        ] Transforming firebase-common-20.4.3.aar (com.google.firebase:firebase-common:20.4.3) with JetifyTransform
[        ] Transforming firebase-common-20.4.3.aar (com.google.firebase:firebase-common:20.4.3) with ExtractAarTransform
[        ] Transforming firebase-common-20.4.3.aar (com.google.firebase:firebase-common:20.4.3) with LibrarySymbolTableTransform
[        ] Transforming play-services-auth-api-phone-17.4.0.aar (com.google.android.gms:play-services-auth-api-phone:17.4.0) with JetifyTransform
[        ] Transforming play-services-auth-api-phone-17.4.0.aar (com.google.android.gms:play-services-auth-api-phone:17.4.0) with ExtractAarTransform
[        ] Transforming play-services-auth-api-phone-17.4.0.aar (com.google.android.gms:play-services-auth-api-phone:17.4.0) with LibrarySymbolTableTransform
[        ] Transforming recaptcha-18.4.0.aar (com.google.android.recaptcha:recaptcha:18.4.0) with JetifyTransform
[        ] Transforming recaptcha-18.4.0.aar (com.google.android.recaptcha:recaptcha:18.4.0) with ExtractAarTransform
[        ] Transforming recaptcha-18.4.0.aar (com.google.android.recaptcha:recaptcha:18.4.0) with LibrarySymbolTableTransform
[        ] Transforming integrity-1.2.0.aar (com.google.android.play:integrity:1.2.0) with JetifyTransform
[        ] Transforming integrity-1.2.0.aar (com.google.android.play:integrity:1.2.0) with ExtractAarTransform
[        ] Transforming integrity-1.2.0.aar (com.google.android.play:integrity:1.2.0) with LibrarySymbolTableTransform
[        ] Transforming firebase-appcheck-interop-17.0.0.aar (com.google.firebase:firebase-appcheck-interop:17.0.0) with JetifyTransform
[        ] Transforming firebase-appcheck-interop-17.0.0.aar (com.google.firebase:firebase-appcheck-interop:17.0.0) with ExtractAarTransform
[        ] Transforming firebase-appcheck-interop-17.0.0.aar (com.google.firebase:firebase-appcheck-interop:17.0.0) with LibrarySymbolTableTransform
[        ] Transforming fragment-ktx-1.7.1.aar (androidx.fragment:fragment-ktx:1.7.1) with JetifyTransform
[        ] Transforming fragment-ktx-1.7.1.aar (androidx.fragment:fragment-ktx:1.7.1) with ExtractAarTransform
[        ] Transforming fragment-ktx-1.7.1.aar (androidx.fragment:fragment-ktx:1.7.1) with LibrarySymbolTableTransform
[        ] Transforming play-services-base-18.0.1.aar (com.google.android.gms:play-services-base:18.0.1) with JetifyTransform
[        ] Transforming play-services-base-18.0.1.aar (com.google.android.gms:play-services-base:18.0.1) with ExtractAarTransform
[        ] Transforming play-services-base-18.0.1.aar (com.google.android.gms:play-services-base:18.0.1) with LibrarySymbolTableTransform
[        ] Transforming fragment-1.7.1.aar (androidx.fragment:fragment:1.7.1) with JetifyTransform
[        ] Transforming fragment-1.7.1.aar (androidx.fragment:fragment:1.7.1) with ExtractAarTransform
[        ] Transforming fragment-1.7.1.aar (androidx.fragment:fragment:1.7.1) with LibrarySymbolTableTransform
[        ] Transforming fragment-1.7.1.aar (androidx.fragment:fragment:1.7.1) with JetifyTransform
[        ] Transforming fragment-1.7.1.aar (androidx.fragment:fragment:1.7.1) with ExtractAarTransform
[        ] Transforming fragment-1.7.1.aar (androidx.fragment:fragment:1.7.1) with LibrarySymbolTableTransform
[        ] Transforming activity-ktx-1.8.1.aar (androidx.activity:activity-ktx:1.8.1) with JetifyTransform
[        ] Transforming activity-ktx-1.8.1.aar (androidx.activity:activity-ktx:1.8.1) with ExtractAarTransform
[        ] Transforming activity-ktx-1.8.1.aar (androidx.activity:activity-ktx:1.8.1) with LibrarySymbolTableTransform
[        ] Transforming activity-1.8.1.aar (androidx.activity:activity:1.8.1) with JetifyTransform
[        ] Transforming activity-1.8.1.aar (androidx.activity:activity:1.8.1) with ExtractAarTransform
[        ] Transforming activity-1.8.1.aar (androidx.activity:activity:1.8.1) with LibrarySymbolTableTransform
[        ] Transforming legacy-support-core-utils-1.0.0.aar (androidx.legacy:legacy-support-core-utils:1.0.0) with JetifyTransform
[        ] Transforming legacy-support-core-utils-1.0.0.aar (androidx.legacy:legacy-support-core-utils:1.0.0) with ExtractAarTransform
[        ] Transforming legacy-support-core-utils-1.0.0.aar (androidx.legacy:legacy-support-core-utils:1.0.0) with LibrarySymbolTableTransform
[        ] Transforming loader-1.0.0.aar (androidx.loader:loader:1.0.0) with JetifyTransform
[        ] Transforming loader-1.0.0.aar (androidx.loader:loader:1.0.0) with ExtractAarTransform
[        ] Transforming loader-1.0.0.aar (androidx.loader:loader:1.0.0) with LibrarySymbolTableTransform
[        ] Transforming loader-1.0.0.aar (androidx.loader:loader:1.0.0) with JetifyTransform
[        ] Transforming loader-1.0.0.aar (androidx.loader:loader:1.0.0) with ExtractAarTransform
[        ] Transforming loader-1.0.0.aar (androidx.loader:loader:1.0.0) with LibrarySymbolTableTransform
[        ] Transforming lifecycle-runtime-ktx-2.7.0.aar (androidx.lifecycle:lifecycle-runtime-ktx:2.7.0) with JetifyTransform
[        ] Transforming lifecycle-runtime-ktx-2.7.0.aar (androidx.lifecycle:lifecycle-runtime-ktx:2.7.0) with ExtractAarTransform
[        ] Transforming lifecycle-runtime-ktx-2.7.0.aar (androidx.lifecycle:lifecycle-runtime-ktx:2.7.0) with LibrarySymbolTableTransform
[        ] Transforming lifecycle-livedata-2.7.0.aar (androidx.lifecycle:lifecycle-livedata:2.7.0) with JetifyTransform
[        ] Transforming lifecycle-livedata-2.7.0.aar (androidx.lifecycle:lifecycle-livedata:2.7.0) with ExtractAarTransform
[        ] Transforming lifecycle-livedata-2.7.0.aar (androidx.lifecycle:lifecycle-livedata:2.7.0) with LibrarySymbolTableTransform
[        ] Transforming lifecycle-livedata-core-ktx-2.7.0.aar (androidx.lifecycle:lifecycle-livedata-core-ktx:2.7.0) with JetifyTransform
[        ] Transforming lifecycle-livedata-core-ktx-2.7.0.aar (androidx.lifecycle:lifecycle-livedata-core-ktx:2.7.0) with ExtractAarTransform
[        ] Transforming lifecycle-livedata-core-ktx-2.7.0.aar (androidx.lifecycle:lifecycle-livedata-core-ktx:2.7.0) with LibrarySymbolTableTransform
[        ] Transforming lifecycle-viewmodel-ktx-2.7.0.aar (androidx.lifecycle:lifecycle-viewmodel-ktx:2.7.0) with JetifyTransform
[        ] Transforming lifecycle-viewmodel-ktx-2.7.0.aar (androidx.lifecycle:lifecycle-viewmodel-ktx:2.7.0) with ExtractAarTransform
[        ] Transforming lifecycle-viewmodel-ktx-2.7.0.aar (androidx.lifecycle:lifecycle-viewmodel-ktx:2.7.0) with LibrarySymbolTableTransform
[        ] Transforming lifecycle-viewmodel-savedstate-2.7.0.aar (androidx.lifecycle:lifecycle-viewmodel-savedstate:2.7.0) with JetifyTransform
[        ] Transforming lifecycle-viewmodel-savedstate-2.7.0.aar (androidx.lifecycle:lifecycle-viewmodel-savedstate:2.7.0) with ExtractAarTransform
[        ] Transforming lifecycle-viewmodel-savedstate-2.7.0.aar (androidx.lifecycle:lifecycle-viewmodel-savedstate:2.7.0) with LibrarySymbolTableTransform
[        ] Transforming lifecycle-viewmodel-2.7.0.aar (androidx.lifecycle:lifecycle-viewmodel:2.7.0) with JetifyTransform
[        ] Transforming lifecycle-viewmodel-2.7.0.aar (androidx.lifecycle:lifecycle-viewmodel:2.7.0) with ExtractAarTransform
[        ] Transforming lifecycle-viewmodel-2.7.0.aar (androidx.lifecycle:lifecycle-viewmodel:2.7.0) with LibrarySymbolTableTransform
[        ] Transforming lifecycle-viewmodel-2.7.0.aar (androidx.lifecycle:lifecycle-viewmodel:2.7.0) with JetifyTransform
[        ] Transforming lifecycle-viewmodel-2.7.0.aar (androidx.lifecycle:lifecycle-viewmodel:2.7.0) with ExtractAarTransform
[        ] Transforming lifecycle-viewmodel-2.7.0.aar (androidx.lifecycle:lifecycle-viewmodel:2.7.0) with LibrarySymbolTableTransform
[        ] Transforming lifecycle-livedata-core-2.7.0.aar (androidx.lifecycle:lifecycle-livedata-core:2.7.0) with JetifyTransform
[        ] Transforming lifecycle-livedata-core-2.7.0.aar (androidx.lifecycle:lifecycle-livedata-core:2.7.0) with ExtractAarTransform
[        ] Transforming lifecycle-livedata-core-2.7.0.aar (androidx.lifecycle:lifecycle-livedata-core:2.7.0) with LibrarySymbolTableTransform
[        ] Transforming lifecycle-runtime-2.7.0.aar (androidx.lifecycle:lifecycle-runtime:2.7.0) with JetifyTransform
[        ] Transforming lifecycle-runtime-2.7.0.aar (androidx.lifecycle:lifecycle-runtime:2.7.0) with ExtractAarTransform
[        ] Transforming lifecycle-runtime-2.7.0.aar (androidx.lifecycle:lifecycle-runtime:2.7.0) with LibrarySymbolTableTransform
[        ] Transforming lifecycle-process-2.7.0.aar (androidx.lifecycle:lifecycle-process:2.7.0) with JetifyTransform
[        ] Transforming lifecycle-process-2.7.0.aar (androidx.lifecycle:lifecycle-process:2.7.0) with ExtractAarTransform
[        ] Transforming lifecycle-process-2.7.0.aar (androidx.lifecycle:lifecycle-process:2.7.0) with LibrarySymbolTableTransform
[        ] Transforming savedstate-ktx-1.2.1.aar (androidx.savedstate:savedstate-ktx:1.2.1) with JetifyTransform
[        ] Transforming savedstate-ktx-1.2.1.aar (androidx.savedstate:savedstate-ktx:1.2.1) with ExtractAarTransform
[        ] Transforming savedstate-ktx-1.2.1.aar (androidx.savedstate:savedstate-ktx:1.2.1) with LibrarySymbolTableTransform
[        ] Transforming savedstate-1.2.1.aar (androidx.savedstate:savedstate:1.2.1) with JetifyTransform
[        ] Transforming savedstate-1.2.1.aar (androidx.savedstate:savedstate:1.2.1) with ExtractAarTransform
[        ] Transforming savedstate-1.2.1.aar (androidx.savedstate:savedstate:1.2.1) with LibrarySymbolTableTransform
[        ] Transforming datastore-core-release.aar (androidx.datastore:datastore-core-android:1.1.1) with JetifyTransform
[        ] Transforming datastore-core-release.aar (androidx.datastore:datastore-core-android:1.1.1) with ExtractAarTransform
[        ] Transforming datastore-core-release.aar (androidx.datastore:datastore-core-android:1.1.1) with LibrarySymbolTableTransform
[        ] Transforming datastore-preferences-release.aar (androidx.datastore:datastore-preferences-android:1.1.1) with JetifyTransform
[        ] Transforming datastore-preferences-release.aar (androidx.datastore:datastore-preferences-android:1.1.1) with ExtractAarTransform
[        ] Transforming datastore-preferences-release.aar (androidx.datastore:datastore-preferences-android:1.1.1) with LibrarySymbolTableTransform
[        ] Transforming datastore-release.aar (androidx.datastore:datastore-android:1.1.1) with JetifyTransform
[        ] Transforming datastore-release.aar (androidx.datastore:datastore-android:1.1.1) with ExtractAarTransform
[        ] Transforming datastore-release.aar (androidx.datastore:datastore-android:1.1.1) with LibrarySymbolTableTransform
[        ] Transforming play-services-tasks-18.1.0.aar (com.google.android.gms:play-services-tasks:18.1.0) with JetifyTransform
[        ] Transforming play-services-tasks-18.1.0.aar (com.google.android.gms:play-services-tasks:18.1.0) with ExtractAarTransform
[        ] Transforming play-services-tasks-18.1.0.aar (com.google.android.gms:play-services-tasks:18.1.0) with LibrarySymbolTableTransform
[        ] Transforming play-services-tasks-18.1.0.aar (com.google.android.gms:play-services-tasks:18.1.0) with JetifyTransform
[        ] Transforming play-services-tasks-18.1.0.aar (com.google.android.gms:play-services-tasks:18.1.0) with ExtractAarTransform
[        ] Transforming play-services-tasks-18.1.0.aar (com.google.android.gms:play-services-tasks:18.1.0) with LibrarySymbolTableTransform
[        ] Transforming play-services-basement-18.3.0.aar (com.google.android.gms:play-services-basement:18.3.0) with JetifyTransform
[        ] Transforming play-services-basement-18.3.0.aar (com.google.android.gms:play-services-basement:18.3.0) with ExtractAarTransform
[        ] Transforming play-services-basement-18.3.0.aar (com.google.android.gms:play-services-basement:18.3.0) with LibrarySymbolTableTransform
[        ] Transforming viewpager-1.0.0.aar (androidx.viewpager:viewpager:1.0.0) with JetifyTransform
[        ] Transforming viewpager-1.0.0.aar (androidx.viewpager:viewpager:1.0.0) with ExtractAarTransform
[        ] Transforming viewpager-1.0.0.aar (androidx.viewpager:viewpager:1.0.0) with LibrarySymbolTableTransform
[        ] Transforming viewpager-1.0.0.aar (androidx.viewpager:viewpager:1.0.0) with JetifyTransform
[        ] Transforming viewpager-1.0.0.aar (androidx.viewpager:viewpager:1.0.0) with ExtractAarTransform
[        ] Transforming viewpager-1.0.0.aar (androidx.viewpager:viewpager:1.0.0) with LibrarySymbolTableTransform
[        ] Transforming appcompat-resources-1.1.0.aar (androidx.appcompat:appcompat-resources:1.1.0) with JetifyTransform
[        ] Transforming appcompat-resources-1.1.0.aar (androidx.appcompat:appcompat-resources:1.1.0) with ExtractAarTransform
[        ] Transforming appcompat-resources-1.1.0.aar (androidx.appcompat:appcompat-resources:1.1.0) with LibrarySymbolTableTransform
[        ] Transforming drawerlayout-1.0.0.aar (androidx.drawerlayout:drawerlayout:1.0.0) with JetifyTransform
[        ] Transforming drawerlayout-1.0.0.aar (androidx.drawerlayout:drawerlayout:1.0.0) with ExtractAarTransform
[        ] Transforming drawerlayout-1.0.0.aar (androidx.drawerlayout:drawerlayout:1.0.0) with LibrarySymbolTableTransform
[        ] Transforming coordinatorlayout-1.0.0.aar (androidx.coordinatorlayout:coordinatorlayout:1.0.0) with JetifyTransform
[        ] Transforming coordinatorlayout-1.0.0.aar (androidx.coordinatorlayout:coordinatorlayout:1.0.0) with ExtractAarTransform
[        ] Transforming coordinatorlayout-1.0.0.aar (androidx.coordinatorlayout:coordinatorlayout:1.0.0) with LibrarySymbolTableTransform
[        ] Transforming customview-1.1.0.aar (androidx.customview:customview:1.1.0) with JetifyTransform
[        ] Transforming customview-1.1.0.aar (androidx.customview:customview:1.1.0) with ExtractAarTransform
[        ] Transforming customview-1.1.0.aar (androidx.customview:customview:1.1.0) with LibrarySymbolTableTransform
[        ] Transforming customview-1.1.0.aar (androidx.customview:customview:1.1.0) with JetifyTransform
[        ] Transforming customview-1.1.0.aar (androidx.customview:customview:1.1.0) with ExtractAarTransform
[        ] Transforming customview-1.1.0.aar (androidx.customview:customview:1.1.0) with LibrarySymbolTableTransform
[        ] Transforming transition-1.4.1.aar (androidx.transition:transition:1.4.1) with JetifyTransform
[        ] Transforming transition-1.4.1.aar (androidx.transition:transition:1.4.1) with ExtractAarTransform
[        ] Transforming transition-1.4.1.aar (androidx.transition:transition:1.4.1) with LibrarySymbolTableTransform
[        ] Transforming core-ktx-1.13.1.aar (androidx.core:core-ktx:1.13.1) with JetifyTransform
[        ] Transforming core-ktx-1.13.1.aar (androidx.core:core-ktx:1.13.1) with ExtractAarTransform
[        ] Transforming core-ktx-1.13.1.aar (androidx.core:core-ktx:1.13.1) with LibrarySymbolTableTransform
[        ] Transforming vectordrawable-animated-1.1.0.aar (androidx.vectordrawable:vectordrawable-animated:1.1.0) with JetifyTransform
[        ] Transforming vectordrawable-animated-1.1.0.aar (androidx.vectordrawable:vectordrawable-animated:1.1.0) with ExtractAarTransform
[        ] Transforming vectordrawable-animated-1.1.0.aar (androidx.vectordrawable:vectordrawable-animated:1.1.0) with LibrarySymbolTableTransform
[        ] Transforming vectordrawable-1.1.0.aar (androidx.vectordrawable:vectordrawable:1.1.0) with JetifyTransform
[        ] Transforming vectordrawable-1.1.0.aar (androidx.vectordrawable:vectordrawable:1.1.0) with ExtractAarTransform
[        ] Transforming vectordrawable-1.1.0.aar (androidx.vectordrawable:vectordrawable:1.1.0) with LibrarySymbolTableTransform
[        ] Transforming swiperefreshlayout-1.0.0.aar (androidx.swiperefreshlayout:swiperefreshlayout:1.0.0) with JetifyTransform
[        ] Transforming swiperefreshlayout-1.0.0.aar (androidx.swiperefreshlayout:swiperefreshlayout:1.0.0) with ExtractAarTransform
[        ] Transforming swiperefreshlayout-1.0.0.aar (androidx.swiperefreshlayout:swiperefreshlayout:1.0.0) with LibrarySymbolTableTransform
[        ] Transforming asynclayoutinflater-1.0.0.aar (androidx.asynclayoutinflater:asynclayoutinflater:1.0.0) with JetifyTransform
[        ] Transforming asynclayoutinflater-1.0.0.aar (androidx.asynclayoutinflater:asynclayoutinflater:1.0.0) with ExtractAarTransform
[        ] Transforming asynclayoutinflater-1.0.0.aar (androidx.asynclayoutinflater:asynclayoutinflater:1.0.0) with LibrarySymbolTableTransform
[        ] Transforming core-1.13.1.aar (androidx.core:core:1.13.1) with JetifyTransform
[        ] Transforming core-1.13.1.aar (androidx.core:core:1.13.1) with ExtractAarTransform
[        ] Transforming core-1.13.1.aar (androidx.core:core:1.13.1) with LibrarySymbolTableTransform
[        ] Transforming core-1.13.1.aar (androidx.core:core:1.13.1) with JetifyTransform
[        ] Transforming core-1.13.1.aar (androidx.core:core:1.13.1) with ExtractAarTransform
[        ] Transforming core-1.13.1.aar (androidx.core:core:1.13.1) with LibrarySymbolTableTransform
[        ] Transforming profileinstaller-1.3.1.aar (androidx.profileinstaller:profileinstaller:1.3.1) with JetifyTransform
[        ] Transforming profileinstaller-1.3.1.aar (androidx.profileinstaller:profileinstaller:1.3.1) with ExtractAarTransform
[        ] Transforming profileinstaller-1.3.1.aar (androidx.profileinstaller:profileinstaller:1.3.1) with LibrarySymbolTableTransform
[        ] Transforming startup-runtime-1.1.1.aar (androidx.startup:startup-runtime:1.1.1) with JetifyTransform
[        ] Transforming startup-runtime-1.1.1.aar (androidx.startup:startup-runtime:1.1.1) with ExtractAarTransform
[        ] Transforming startup-runtime-1.1.1.aar (androidx.startup:startup-runtime:1.1.1) with LibrarySymbolTableTransform
[        ] Transforming tracing-1.2.0.aar (androidx.tracing:tracing:1.2.0) with JetifyTransform
[        ] Transforming tracing-1.2.0.aar (androidx.tracing:tracing:1.2.0) with ExtractAarTransform
[        ] Transforming tracing-1.2.0.aar (androidx.tracing:tracing:1.2.0) with LibrarySymbolTableTransform
[        ] Transforming interpolator-1.0.0.aar (androidx.interpolator:interpolator:1.0.0) with JetifyTransform
[        ] Transforming interpolator-1.0.0.aar (androidx.interpolator:interpolator:1.0.0) with ExtractAarTransform
[        ] Transforming interpolator-1.0.0.aar (androidx.interpolator:interpolator:1.0.0) with LibrarySymbolTableTransform
[        ] Transforming interpolator-1.0.0.aar (androidx.interpolator:interpolator:1.0.0) with JetifyTransform
[        ] Transforming interpolator-1.0.0.aar (androidx.interpolator:interpolator:1.0.0) with ExtractAarTransform
[        ] Transforming interpolator-1.0.0.aar (androidx.interpolator:interpolator:1.0.0) with LibrarySymbolTableTransform
[        ] Transforming versionedparcelable-1.1.1.aar (androidx.versionedparcelable:versionedparcelable:1.1.1) with JetifyTransform
[        ] Transforming versionedparcelable-1.1.1.aar (androidx.versionedparcelable:versionedparcelable:1.1.1) with ExtractAarTransform
[        ] Transforming versionedparcelable-1.1.1.aar (androidx.versionedparcelable:versionedparcelable:1.1.1) with LibrarySymbolTableTransform
[        ] Transforming localbroadcastmanager-1.0.0.aar (androidx.localbroadcastmanager:localbroadcastmanager:1.0.0) with JetifyTransform
[        ] Transforming localbroadcastmanager-1.0.0.aar (androidx.localbroadcastmanager:localbroadcastmanager:1.0.0) with ExtractAarTransform
[        ] Transforming localbroadcastmanager-1.0.0.aar (androidx.localbroadcastmanager:localbroadcastmanager:1.0.0) with LibrarySymbolTableTransform
[        ] Transforming firebase-components-17.1.5.aar (com.google.firebase:firebase-components:17.1.5) with JetifyTransform
[        ] Transforming firebase-components-17.1.5.aar (com.google.firebase:firebase-components:17.1.5) with ExtractAarTransform
[        ] Transforming firebase-components-17.1.5.aar (com.google.firebase:firebase-components:17.1.5) with LibrarySymbolTableTransform
[        ] Transforming core-runtime-2.2.0.aar (androidx.arch.core:core-runtime:2.2.0) with JetifyTransform
[        ] Transforming core-runtime-2.2.0.aar (androidx.arch.core:core-runtime:2.2.0) with ExtractAarTransform
[        ] Transforming core-runtime-2.2.0.aar (androidx.arch.core:core-runtime:2.2.0) with LibrarySymbolTableTransform
[        ] Transforming cursoradapter-1.0.0.aar (androidx.cursoradapter:cursoradapter:1.0.0) with JetifyTransform
[        ] Transforming cursoradapter-1.0.0.aar (androidx.cursoradapter:cursoradapter:1.0.0) with ExtractAarTransform
[        ] Transforming cursoradapter-1.0.0.aar (androidx.cursoradapter:cursoradapter:1.0.0) with LibrarySymbolTableTransform
[        ] Transforming core-1.0.0.aar (androidx.window.extensions.core:core:1.0.0) with JetifyTransform
[        ] Transforming core-1.0.0.aar (androidx.window.extensions.core:core:1.0.0) with ExtractAarTransform
[        ] Transforming core-1.0.0.aar (androidx.window.extensions.core:core:1.0.0) with LibrarySymbolTableTransform
[        ] Transforming documentfile-1.0.0.aar (androidx.documentfile:documentfile:1.0.0) with JetifyTransform
[        ] Transforming documentfile-1.0.0.aar (androidx.documentfile:documentfile:1.0.0) with ExtractAarTransform
[        ] Transforming documentfile-1.0.0.aar (androidx.documentfile:documentfile:1.0.0) with LibrarySymbolTableTransform
[        ] Transforming print-1.0.0.aar (androidx.print:print:1.0.0) with JetifyTransform
[        ] Transforming print-1.0.0.aar (androidx.print:print:1.0.0) with ExtractAarTransform
[        ] Transforming print-1.0.0.aar (androidx.print:print:1.0.0) with LibrarySymbolTableTransform
[        ] Transforming annotation-experimental-1.4.1.aar (androidx.annotation:annotation-experimental:1.4.1) with JetifyTransform
[        ] Transforming annotation-experimental-1.4.1.aar (androidx.annotation:annotation-experimental:1.4.1) with ExtractAarTransform
[        ] Transforming annotation-experimental-1.4.1.aar (androidx.annotation:annotation-experimental:1.4.1) with LibrarySymbolTableTransform
[        ] Transforming relinker-1.4.5.aar (com.getkeepsafe.relinker:relinker:1.4.5) with JetifyTransform
[        ] Transforming relinker-1.4.5.aar (com.getkeepsafe.relinker:relinker:1.4.5) with ExtractAarTransform
[        ] Transforming relinker-1.4.5.aar (com.getkeepsafe.relinker:relinker:1.4.5) with LibrarySymbolTableTransform
[        ] Registered task dependencies: app:debugCompileClasspath
[        ] Skipping misunderstood TO dep string: project :firebase_auth
[        ] Skipping misunderstood TO dep string: project :firebase_core
[        ] Skipping misunderstood TO dep string: project :firebase_core
[        ] Skipping misunderstood TO dep string: project :flutter_native_splash
[        ] Skipping misunderstood TO dep string: project :shared_preferences_android
[        ] Skipping misunderstood TO dep string: project :url_launcher_android
[        ] Skipping misunderstood TO dep string: project :webview_flutter_android
[        ] Starting dependency analysis
[        ] Caching disabled for task ':app:processDebugResources' because:
[        ]   Build cache is disabled
[        ] Skipping task ':app:processDebugResources' as it is up-to-date.
[        ] Resolve mutations for :firebase_auth:generateDebugBuildConfig (Thread[#1820,Execution worker Thread 4,5,main]) started.
[        ] :firebase_auth:generateDebugBuildConfig (Thread[#1820,Execution worker Thread 4,5,main]) started.
[        ] > Task :firebase_auth:generateDebugBuildConfig UP-TO-DATE
[        ] Caching disabled for task ':firebase_auth:generateDebugBuildConfig' because:
[        ]   Build cache is disabled
[        ] Skipping task ':firebase_auth:generateDebugBuildConfig' as it is up-to-date.
[        ] Resolve mutations for :firebase_auth:javaPreCompileDebug (Thread[#1820,Execution worker Thread 4,5,main]) started.
[        ] :firebase_auth:javaPreCompileDebug (Thread[#1820,Execution worker Thread 4,5,main]) started.
[        ] > Task :firebase_auth:javaPreCompileDebug UP-TO-DATE
[        ] Caching disabled for task ':firebase_auth:javaPreCompileDebug' because:
[        ]   Build cache is disabled
[        ] Skipping task ':firebase_auth:javaPreCompileDebug' as it is up-to-date.
[        ] Resolve mutations for :firebase_core:generateDebugBuildConfig (Thread[#1820,Execution worker Thread 4,5,main]) started.
[        ] :firebase_core:generateDebugBuildConfig (Thread[#1820,Execution worker Thread 4,5,main]) started.
[        ] > Task :firebase_core:generateDebugBuildConfig UP-TO-DATE
[        ] Caching disabled for task ':firebase_core:generateDebugBuildConfig' because:
[        ]   Build cache is disabled
[        ] Skipping task ':firebase_core:generateDebugBuildConfig' as it is up-to-date.
[        ] Resolve mutations for :firebase_core:javaPreCompileDebug (Thread[#1831,Execution worker Thread 14,5,main]) started.
[        ] :firebase_core:javaPreCompileDebug (Thread[#1832,Execution worker Thread 15,5,main]) started.
[        ] > Task :firebase_core:javaPreCompileDebug UP-TO-DATE
[        ] Caching disabled for task ':firebase_core:javaPreCompileDebug' because:
[        ]   Build cache is disabled
[        ] Skipping task ':firebase_core:javaPreCompileDebug' as it is up-to-date.
[        ] Resolve mutations for :firebase_core:compileDebugJavaWithJavac (Thread[#1832,Execution worker Thread 15,5,main]) started.
[        ] :firebase_core:compileDebugJavaWithJavac (Thread[#1832,Execution worker Thread 15,5,main]) started.
[  +36 ms] > Task :firebase_core:compileDebugJavaWithJavac UP-TO-DATE
[        ] Transforming flutter_embedding_debug-1.0.0-cf56914b326edb0ccb123ffdc60f00060bd513fa.jar (io.flutter:flutter_embedding_debug:1.0.0-cf56914b326edb0ccb123ffdc60f00060bd513fa) with JetifyTransform
[        ] Transforming flutter_embedding_debug-1.0.0-cf56914b326edb0ccb123ffdc60f00060bd513fa.jar (io.flutter:flutter_embedding_debug:1.0.0-cf56914b326edb0ccb123ffdc60f00060bd513fa) with IdentityTransform
[        ] Transforming firebase-common-20.4.3.aar (com.google.firebase:firebase-common:20.4.3) with JetifyTransform
[        ] Transforming firebase-common-20.4.3.aar (com.google.firebase:firebase-common:20.4.3) with AarToClassTransform
[        ] Transforming window-1.2.0.aar (androidx.window:window:1.2.0) with JetifyTransform
[        ] Transforming window-1.2.0.aar (androidx.window:window:1.2.0) with AarToClassTransform
[        ] Transforming window-java-1.2.0.aar (androidx.window:window-java:1.2.0) with JetifyTransform
[        ] Transforming window-java-1.2.0.aar (androidx.window:window-java:1.2.0) with AarToClassTransform
[        ] Transforming activity-1.8.1.aar (androidx.activity:activity:1.8.1) with JetifyTransform
[        ] Transforming activity-1.8.1.aar (androidx.activity:activity:1.8.1) with AarToClassTransform
[        ] Transforming loader-1.0.0.aar (androidx.loader:loader:1.0.0) with JetifyTransform
[        ] Transforming loader-1.0.0.aar (androidx.loader:loader:1.0.0) with AarToClassTransform
[        ] Transforming lifecycle-livedata-core-ktx-2.7.0.aar (androidx.lifecycle:lifecycle-livedata-core-ktx:2.7.0) with JetifyTransform
[        ] Transforming lifecycle-livedata-core-ktx-2.7.0.aar (androidx.lifecycle:lifecycle-livedata-core-ktx:2.7.0) with AarToClassTransform
[        ] Transforming lifecycle-livedata-2.7.0.aar (androidx.lifecycle:lifecycle-livedata:2.7.0) with JetifyTransform
[        ] Transforming lifecycle-livedata-2.7.0.aar (androidx.lifecycle:lifecycle-livedata:2.7.0) with AarToClassTransform
[        ] Transforming lifecycle-viewmodel-2.7.0.aar (androidx.lifecycle:lifecycle-viewmodel:2.7.0) with JetifyTransform
[        ] Transforming lifecycle-viewmodel-2.7.0.aar (androidx.lifecycle:lifecycle-viewmodel:2.7.0) with AarToClassTransform
[        ] Transforming lifecycle-viewmodel-2.7.0.aar (androidx.lifecycle:lifecycle-viewmodel:2.7.0) with JetifyTransform
[        ] Transforming lifecycle-viewmodel-2.7.0.aar (androidx.lifecycle:lifecycle-viewmodel:2.7.0) with AarToClassTransform
[        ] Transforming lifecycle-livedata-core-2.7.0.aar (androidx.lifecycle:lifecycle-livedata-core:2.7.0) with JetifyTransform
[        ] Transforming lifecycle-livedata-core-2.7.0.aar (androidx.lifecycle:lifecycle-livedata-core:2.7.0) with AarToClassTransform
[        ] Transforming lifecycle-viewmodel-savedstate-2.7.0.aar (androidx.lifecycle:lifecycle-viewmodel-savedstate:2.7.0) with JetifyTransform
[        ] Transforming lifecycle-viewmodel-savedstate-2.7.0.aar (androidx.lifecycle:lifecycle-viewmodel-savedstate:2.7.0) with AarToClassTransform
[        ] Transforming play-services-tasks-18.1.0.aar (com.google.android.gms:play-services-tasks:18.1.0) with JetifyTransform
[        ] Transforming play-services-tasks-18.1.0.aar (com.google.android.gms:play-services-tasks:18.1.0) with AarToClassTransform
[        ] Transforming play-services-tasks-18.1.0.aar (com.google.android.gms:play-services-tasks:18.1.0) with JetifyTransform
[        ] Transforming play-services-tasks-18.1.0.aar (com.google.android.gms:play-services-tasks:18.1.0) with AarToClassTransform
[        ] Transforming play-services-basement-18.3.0.aar (com.google.android.gms:play-services-basement:18.3.0) with JetifyTransform
[        ] Transforming play-services-basement-18.3.0.aar (com.google.android.gms:play-services-basement:18.3.0) with AarToClassTransform
[        ] Transforming fragment-1.7.1.aar (androidx.fragment:fragment:1.7.1) with JetifyTransform
[        ] Transforming fragment-1.7.1.aar (androidx.fragment:fragment:1.7.1) with AarToClassTransform
[        ] Transforming fragment-1.7.1.aar (androidx.fragment:fragment:1.7.1) with JetifyTransform
[        ] Transforming kotlinx-coroutines-android-1.7.1.jar (org.jetbrains.kotlinx:kotlinx-coroutines-android:1.7.1) with JetifyTransform
[        ] Transforming kotlinx-coroutines-core-jvm-1.7.1.jar (org.jetbrains.kotlinx:kotlinx-coroutines-core-jvm:1.7.1) with JetifyTransform
[        ] Transforming kotlinx-coroutines-android-1.7.1.jar (org.jetbrains.kotlinx:kotlinx-coroutines-android:1.7.1) with IdentityTransform
[        ] Transforming kotlinx-coroutines-core-jvm-1.7.1.jar (org.jetbrains.kotlinx:kotlinx-coroutines-core-jvm:1.7.1) with IdentityTransform
[        ] Transforming fragment-1.7.1.aar (androidx.fragment:fragment:1.7.1) with AarToClassTransform
[        ] Transforming kotlinx-coroutines-play-services-1.7.1.jar (org.jetbrains.kotlinx:kotlinx-coroutines-play-services:1.7.1) with JetifyTransform
[        ] Transforming core-ktx-1.13.1.aar (androidx.core:core-ktx:1.13.1) with JetifyTransform
[        ] Transforming kotlinx-coroutines-play-services-1.7.1.jar (org.jetbrains.kotlinx:kotlinx-coroutines-play-services:1.7.1) with IdentityTransform
[        ] Transforming core-ktx-1.13.1.aar (androidx.core:core-ktx:1.13.1) with AarToClassTransform
[        ] Transforming viewpager-1.0.0.aar (androidx.viewpager:viewpager:1.0.0) with JetifyTransform
[        ] Transforming viewpager-1.0.0.aar (androidx.viewpager:viewpager:1.0.0) with AarToClassTransform
[        ] Transforming core-1.13.1.aar (androidx.core:core:1.13.1) with JetifyTransform
[        ] Transforming core-1.13.1.aar (androidx.core:core:1.13.1) with AarToClassTransform
[        ] Transforming core-1.13.1.aar (androidx.core:core:1.13.1) with JetifyTransform
[        ] Transforming core-1.13.1.aar (androidx.core:core:1.13.1) with AarToClassTransform
[        ] Transforming lifecycle-runtime-2.7.0.aar (androidx.lifecycle:lifecycle-runtime:2.7.0) with JetifyTransform
[        ] Transforming lifecycle-runtime-2.7.0.aar (androidx.lifecycle:lifecycle-runtime:2.7.0) with AarToClassTransform
[        ] Transforming customview-1.0.0.aar (androidx.customview:customview:1.0.0) with JetifyTransform
[        ] Transforming lifecycle-process-2.7.0.aar (androidx.lifecycle:lifecycle-process:2.7.0) with JetifyTransform
[        ] Transforming customview-1.0.0.aar (androidx.customview:customview:1.0.0) with AarToClassTransform
[        ] Transforming lifecycle-process-2.7.0.aar (androidx.lifecycle:lifecycle-process:2.7.0) with AarToClassTransform
[        ] Transforming lifecycle-common-java8-2.7.0.jar (androidx.lifecycle:lifecycle-common-java8:2.7.0) with JetifyTransform
[        ] Transforming lifecycle-common-java8-2.7.0.jar (androidx.lifecycle:lifecycle-common-java8:2.7.0) with IdentityTransform
[        ] Transforming lifecycle-common-2.7.0.jar (androidx.lifecycle:lifecycle-common:2.7.0) with JetifyTransform
[        ] Transforming lifecycle-common-2.7.0.jar (androidx.lifecycle:lifecycle-common:2.7.0) with IdentityTransform
[        ] Transforming firebase-components-17.1.5.aar (com.google.firebase:firebase-components:17.1.5) with JetifyTransform
[        ] Transforming firebase-components-17.1.5.aar (com.google.firebase:firebase-components:17.1.5) with AarToClassTransform
[        ] Transforming concurrent-futures-1.1.0.jar (androidx.concurrent:concurrent-futures:1.1.0) with JetifyTransform
[        ] Transforming concurrent-futures-1.1.0.jar (androidx.concurrent:concurrent-futures:1.1.0) with IdentityTransform
[        ] Transforming core-runtime-2.2.0.aar (androidx.arch.core:core-runtime:2.2.0) with JetifyTransform
[        ] Transforming core-runtime-2.2.0.aar (androidx.arch.core:core-runtime:2.2.0) with AarToClassTransform
[        ] Transforming core-common-2.2.0.jar (androidx.arch.core:core-common:2.2.0) with JetifyTransform
[        ] Transforming core-common-2.2.0.jar (androidx.arch.core:core-common:2.2.0) with IdentityTransform
[        ] Transforming versionedparcelable-1.1.1.aar (androidx.versionedparcelable:versionedparcelable:1.1.1) with JetifyTransform
[        ] Transforming versionedparcelable-1.1.1.aar (androidx.versionedparcelable:versionedparcelable:1.1.1) with AarToClassTransform
[        ] Transforming collection-1.1.0.jar (androidx.collection:collection:1.1.0) with JetifyTransform
[        ] Transforming collection-1.1.0.jar (androidx.collection:collection:1.1.0) with IdentityTransform
[        ] Transforming savedstate-1.2.1.aar (androidx.savedstate:savedstate:1.2.1) with JetifyTransform
[        ] Transforming savedstate-1.2.1.aar (androidx.savedstate:savedstate:1.2.1) with AarToClassTransform
[        ] Transforming annotations-23.0.0.jar (org.jetbrains:annotations:23.0.0) with JetifyTransform
[        ] Transforming annotations-23.0.0.jar (org.jetbrains:annotations:23.0.0) with IdentityTransform
[        ] Transforming listenablefuture-1.0.jar (com.google.guava:listenablefuture:1.0) with JetifyTransform
[        ] Transforming annotation-jvm-1.8.0.jar (androidx.annotation:annotation-jvm:1.8.0) with JetifyTransform
[        ] Transforming listenablefuture-1.0.jar (com.google.guava:listenablefuture:1.0) with IdentityTransform
[        ] Transforming annotation-jvm-1.8.0.jar (androidx.annotation:annotation-jvm:1.8.0) with IdentityTransform
[        ] Transforming startup-runtime-1.1.1.aar (androidx.startup:startup-runtime:1.1.1) with JetifyTransform
[        ] Transforming annotation-experimental-1.4.0.aar (androidx.annotation:annotation-experimental:1.4.0) with JetifyTransform
[        ] Transforming kotlin-stdlib-jdk8-1.8.20.jar (org.jetbrains.kotlin:kotlin-stdlib-jdk8:1.8.20) with JetifyTransform
[        ] Transforming annotation-experimental-1.4.0.aar (androidx.annotation:annotation-experimental:1.4.0) with AarToClassTransform
[        ] Transforming startup-runtime-1.1.1.aar (androidx.startup:startup-runtime:1.1.1) with AarToClassTransform
[        ] Transforming kotlin-stdlib-common-1.8.22.jar (org.jetbrains.kotlin:kotlin-stdlib-common:1.8.22) with JetifyTransform
[        ] Transforming tracing-1.2.0.aar (androidx.tracing:tracing:1.2.0) with JetifyTransform
[        ] Transforming kotlin-stdlib-jdk7-1.8.20.jar (org.jetbrains.kotlin:kotlin-stdlib-jdk7:1.8.20) with JetifyTransform
[        ] Transforming kotlin-stdlib-jdk8-1.8.20.jar (org.jetbrains.kotlin:kotlin-stdlib-jdk8:1.8.20) with IdentityTransform
[        ] Transforming kotlin-stdlib-1.8.22.jar (org.jetbrains.kotlin:kotlin-stdlib:1.8.22) with JetifyTransform
[        ] Transforming kotlin-stdlib-jdk7-1.8.20.jar (org.jetbrains.kotlin:kotlin-stdlib-jdk7:1.8.20) with IdentityTransform
[        ] Transforming tracing-1.2.0.aar (androidx.tracing:tracing:1.2.0) with AarToClassTransform
[        ] Transforming kotlin-stdlib-common-1.8.22.jar (org.jetbrains.kotlin:kotlin-stdlib-common:1.8.22) with IdentityTransform
[        ] Transforming relinker-1.4.5.aar (com.getkeepsafe.relinker:relinker:1.4.5) with JetifyTransform
[        ] Transforming kotlin-stdlib-1.8.22.jar (org.jetbrains.kotlin:kotlin-stdlib:1.8.22) with IdentityTransform
[        ] Transforming relinker-1.4.5.aar (com.getkeepsafe.relinker:relinker:1.4.5) with AarToClassTransform
[        ] Transforming firebase-annotations-16.2.0.jar (com.google.firebase:firebase-annotations:16.2.0) with JetifyTransform
[        ] Transforming firebase-annotations-16.2.0.jar (com.google.firebase:firebase-annotations:16.2.0) with IdentityTransform
[        ] Transforming javax.inject-1.jar (javax.inject:javax.inject:1) with JetifyTransform
[        ] Transforming javax.inject-1.jar (javax.inject:javax.inject:1) with IdentityTransform
[        ] Transforming error_prone_annotations-2.9.0.jar (com.google.errorprone:error_prone_annotations:2.9.0) with JetifyTransform
[        ] Transforming error_prone_annotations-2.9.0.jar (com.google.errorprone:error_prone_annotations:2.9.0) with IdentityTransform
[        ] Custom actions are attached to task ':firebase_core:compileDebugJavaWithJavac'.
[        ] Caching disabled for task ':firebase_core:compileDebugJavaWithJavac' because:
[        ]   Build cache is disabled
[        ] Skipping task ':firebase_core:compileDebugJavaWithJavac' as it is up-to-date.
[        ] No compile result for :firebase_core:compileDebugJavaWithJavac
[        ] Resolve mutations for :firebase_core:bundleLibCompileToJarDebug (Thread[#1832,Execution worker Thread 15,5,main]) started.
[        ] :firebase_core:bundleLibCompileToJarDebug (Thread[#1832,Execution worker Thread 15,5,main]) started.
[        ] > Task :firebase_core:bundleLibCompileToJarDebug UP-TO-DATE
[        ] Caching disabled for task ':firebase_core:bundleLibCompileToJarDebug' because:
[        ]   Build cache is disabled
[        ]   Simple merging task
[        ] Skipping task ':firebase_core:bundleLibCompileToJarDebug' as it is up-to-date.
[        ] work action resolve classes.jar (project :firebase_core) (Thread[#1832,Execution worker Thread 15,5,main]) started.
[        ] Resolve mutations for :firebase_auth:compileDebugJavaWithJavac (Thread[#1832,Execution worker Thread 15,5,main]) started.
[        ] :firebase_auth:compileDebugJavaWithJavac (Thread[#1832,Execution worker Thread 15,5,main]) started.
[        ] > Task :firebase_auth:compileDebugJavaWithJavac UP-TO-DATE
[        ] Transforming flutter_embedding_debug-1.0.0-cf56914b326edb0ccb123ffdc60f00060bd513fa.jar (io.flutter:flutter_embedding_debug:1.0.0-cf56914b326edb0ccb123ffdc60f00060bd513fa) with JetifyTransform
[        ] Transforming flutter_embedding_debug-1.0.0-cf56914b326edb0ccb123ffdc60f00060bd513fa.jar (io.flutter:flutter_embedding_debug:1.0.0-cf56914b326edb0ccb123ffdc60f00060bd513fa) with IdentityTransform
[        ] Transforming firebase-auth-22.3.1.aar (com.google.firebase:firebase-auth:22.3.1) with JetifyTransform
[        ] Transforming firebase-auth-22.3.1.aar (com.google.firebase:firebase-auth:22.3.1) with AarToClassTransform
[        ] Transforming firebase-common-ktx-20.4.3.aar (com.google.firebase:firebase-common-ktx:20.4.3) with JetifyTransform
[        ] Transforming firebase-common-ktx-20.4.3.aar (com.google.firebase:firebase-common-ktx:20.4.3) with AarToClassTransform
[        ] Transforming firebase-auth-interop-20.0.0.aar (com.google.firebase:firebase-auth-interop:20.0.0) with JetifyTransform
[        ] Transforming firebase-auth-interop-20.0.0.aar (com.google.firebase:firebase-auth-interop:20.0.0) with AarToClassTransform
[        ] Transforming firebase-common-20.4.3.aar (com.google.firebase:firebase-common:20.4.3) with JetifyTransform
[        ] Transforming firebase-common-20.4.3.aar (com.google.firebase:firebase-common:20.4.3) with AarToClassTransform
[        ] Transforming play-services-auth-api-phone-17.4.0.aar (com.google.android.gms:play-services-auth-api-phone:17.4.0) with JetifyTransform
[        ] Transforming play-services-auth-api-phone-17.4.0.aar (com.google.android.gms:play-services-auth-api-phone:17.4.0) with AarToClassTransform
[        ] Transforming recaptcha-18.4.0.aar (com.google.android.recaptcha:recaptcha:18.4.0) with JetifyTransform
[        ] Transforming recaptcha-18.4.0.aar (com.google.android.recaptcha:recaptcha:18.4.0) with AarToClassTransform
[        ] Transforming integrity-1.2.0.aar (com.google.android.play:integrity:1.2.0) with JetifyTransform
[        ] Transforming integrity-1.2.0.aar (com.google.android.play:integrity:1.2.0) with AarToClassTransform
[        ] Transforming firebase-appcheck-interop-17.0.0.aar (com.google.firebase:firebase-appcheck-interop:17.0.0) with JetifyTransform
[        ] Transforming firebase-appcheck-interop-17.0.0.aar (com.google.firebase:firebase-appcheck-interop:17.0.0) with AarToClassTransform
[        ] Transforming activity-1.8.1.aar (androidx.activity:activity:1.8.1) with JetifyTransform
[        ] Transforming activity-1.8.1.aar (androidx.activity:activity:1.8.1) with AarToClassTransform
[        ] Transforming loader-1.0.0.aar (androidx.loader:loader:1.0.0) with JetifyTransform
[        ] Transforming loader-1.0.0.aar (androidx.loader:loader:1.0.0) with AarToClassTransform
[        ] Transforming lifecycle-livedata-core-ktx-2.7.0.aar (androidx.lifecycle:lifecycle-livedata-core-ktx:2.7.0) with JetifyTransform
[        ] Transforming lifecycle-livedata-core-ktx-2.7.0.aar (androidx.lifecycle:lifecycle-livedata-core-ktx:2.7.0) with AarToClassTransform
[        ] Transforming lifecycle-livedata-2.7.0.aar (androidx.lifecycle:lifecycle-livedata:2.7.0) with JetifyTransform
[        ] Transforming lifecycle-livedata-2.7.0.aar (androidx.lifecycle:lifecycle-livedata:2.7.0) with AarToClassTransform
[        ] Transforming lifecycle-viewmodel-2.7.0.aar (androidx.lifecycle:lifecycle-viewmodel:2.7.0) with JetifyTransform
[        ] Transforming lifecycle-viewmodel-2.7.0.aar (androidx.lifecycle:lifecycle-viewmodel:2.7.0) with AarToClassTransform
[        ] Transforming lifecycle-viewmodel-2.7.0.aar (androidx.lifecycle:lifecycle-viewmodel:2.7.0) with JetifyTransform
[        ] Transforming lifecycle-viewmodel-2.7.0.aar (androidx.lifecycle:lifecycle-viewmodel:2.7.0) with AarToClassTransform
[        ] Transforming lifecycle-livedata-core-2.7.0.aar (androidx.lifecycle:lifecycle-livedata-core:2.7.0) with JetifyTransform
[        ] Transforming lifecycle-livedata-core-2.7.0.aar (androidx.lifecycle:lifecycle-livedata-core:2.7.0) with AarToClassTransform
[        ] Transforming lifecycle-viewmodel-savedstate-2.7.0.aar (androidx.lifecycle:lifecycle-viewmodel-savedstate:2.7.0) with JetifyTransform
[        ] Transforming lifecycle-viewmodel-savedstate-2.7.0.aar (androidx.lifecycle:lifecycle-viewmodel-savedstate:2.7.0) with AarToClassTransform
[        ] Transforming window-java-1.2.0.aar (androidx.window:window-java:1.2.0) with JetifyTransform
[        ] Transforming window-java-1.2.0.aar (androidx.window:window-java:1.2.0) with AarToClassTransform
[        ] Transforming window-1.2.0.aar (androidx.window:window:1.2.0) with JetifyTransform
[        ] Transforming window-1.2.0.aar (androidx.window:window:1.2.0) with AarToClassTransform
[        ] Transforming kotlinx-coroutines-android-1.7.3.jar (org.jetbrains.kotlinx:kotlinx-coroutines-android:1.7.3) with JetifyTransform
[        ] Transforming kotlinx-coroutines-android-1.7.3.jar (org.jetbrains.kotlinx:kotlinx-coroutines-android:1.7.3) with IdentityTransform
[        ] Transforming kotlinx-coroutines-core-jvm-1.7.3.jar (org.jetbrains.kotlinx:kotlinx-coroutines-core-jvm:1.7.3) with JetifyTransform
[        ] Transforming kotlinx-coroutines-core-jvm-1.7.3.jar (org.jetbrains.kotlinx:kotlinx-coroutines-core-jvm:1.7.3) with IdentityTransform
[        ] Transforming kotlinx-coroutines-play-services-1.7.3.jar (org.jetbrains.kotlinx:kotlinx-coroutines-play-services:1.7.3) with JetifyTransform
[        ] Transforming kotlinx-coroutines-play-services-1.7.3.jar (org.jetbrains.kotlinx:kotlinx-coroutines-play-services:1.7.3) with IdentityTransform
[        ] Transforming play-services-base-18.0.1.aar (com.google.android.gms:play-services-base:18.0.1) with JetifyTransform
[        ] Transforming play-services-base-18.0.1.aar (com.google.android.gms:play-services-base:18.0.1) with AarToClassTransform
[        ] Transforming play-services-tasks-18.1.0.aar (com.google.android.gms:play-services-tasks:18.1.0) with JetifyTransform
[        ] Transforming play-services-tasks-18.1.0.aar (com.google.android.gms:play-services-tasks:18.1.0) with AarToClassTransform
[        ] Transforming play-services-tasks-18.1.0.aar (com.google.android.gms:play-services-tasks:18.1.0) with JetifyTransform
[        ] Transforming play-services-tasks-18.1.0.aar (com.google.android.gms:play-services-tasks:18.1.0) with AarToClassTransform
[        ] Transforming play-services-basement-18.3.0.aar (com.google.android.gms:play-services-basement:18.3.0) with JetifyTransform
[        ] Transforming play-services-basement-18.3.0.aar (com.google.android.gms:play-services-basement:18.3.0) with AarToClassTransform
[        ] Transforming fragment-1.7.1.aar (androidx.fragment:fragment:1.7.1) with JetifyTransform
[        ] Transforming fragment-1.7.1.aar (androidx.fragment:fragment:1.7.1) with AarToClassTransform
[        ] Transforming fragment-1.7.1.aar (androidx.fragment:fragment:1.7.1) with JetifyTransform
[        ] Transforming fragment-1.7.1.aar (androidx.fragment:fragment:1.7.1) with AarToClassTransform
[        ] Transforming core-ktx-1.13.1.aar (androidx.core:core-ktx:1.13.1) with JetifyTransform
[        ] Transforming core-ktx-1.13.1.aar (androidx.core:core-ktx:1.13.1) with AarToClassTransform
[        ] Transforming viewpager-1.0.0.aar (androidx.viewpager:viewpager:1.0.0) with JetifyTransform
[        ] Transforming viewpager-1.0.0.aar (androidx.viewpager:viewpager:1.0.0) with AarToClassTransform
[        ] Transforming customview-1.0.0.aar (androidx.customview:customview:1.0.0) with JetifyTransform
[        ] Transforming customview-1.0.0.aar (androidx.customview:customview:1.0.0) with AarToClassTransform
[        ] Transforming browser-1.4.0.aar (androidx.browser:browser:1.4.0) with JetifyTransform
[        ] Transforming core-1.13.1.aar (androidx.core:core:1.13.1) with JetifyTransform
[        ] Transforming core-1.13.1.aar (androidx.core:core:1.13.1) with AarToClassTransform
[        ] Transforming browser-1.4.0.aar (androidx.browser:browser:1.4.0) with AarToClassTransform
[        ] Transforming core-1.13.1.aar (androidx.core:core:1.13.1) with JetifyTransform
[        ] Transforming core-1.13.1.aar (androidx.core:core:1.13.1) with AarToClassTransform
[        ] Transforming lifecycle-runtime-2.7.0.aar (androidx.lifecycle:lifecycle-runtime:2.7.0) with JetifyTransform
[        ] Transforming lifecycle-runtime-2.7.0.aar (androidx.lifecycle:lifecycle-runtime:2.7.0) with AarToClassTransform
[        ] Transforming lifecycle-process-2.7.0.aar (androidx.lifecycle:lifecycle-process:2.7.0) with JetifyTransform
[        ] Transforming lifecycle-process-2.7.0.aar (androidx.lifecycle:lifecycle-process:2.7.0) with AarToClassTransform
[        ] Transforming lifecycle-common-java8-2.7.0.jar (androidx.lifecycle:lifecycle-common-java8:2.7.0) with JetifyTransform
[        ] Transforming lifecycle-common-java8-2.7.0.jar (androidx.lifecycle:lifecycle-common-java8:2.7.0) with IdentityTransform
[        ] Transforming lifecycle-common-2.7.0.jar (androidx.lifecycle:lifecycle-common:2.7.0) with JetifyTransform
[        ] Transforming lifecycle-common-2.7.0.jar (androidx.lifecycle:lifecycle-common:2.7.0) with IdentityTransform
[        ] Transforming versionedparcelable-1.1.1.aar (androidx.versionedparcelable:versionedparcelable:1.1.1) with JetifyTransform
[        ] Transforming versionedparcelable-1.1.1.aar (androidx.versionedparcelable:versionedparcelable:1.1.1) with AarToClassTransform
[        ] Transforming collection-1.1.0.jar (androidx.collection:collection:1.1.0) with JetifyTransform
[        ] Transforming collection-1.1.0.jar (androidx.collection:collection:1.1.0) with IdentityTransform
[        ] Transforming localbroadcastmanager-1.0.0.aar (androidx.localbroadcastmanager:localbroadcastmanager:1.0.0) with JetifyTransform
[        ] Transforming localbroadcastmanager-1.0.0.aar (androidx.localbroadcastmanager:localbroadcastmanager:1.0.0) with AarToClassTransform
[        ] Transforming firebase-components-17.1.5.aar (com.google.firebase:firebase-components:17.1.5) with JetifyTransform
[        ] Transforming firebase-components-17.1.5.aar (com.google.firebase:firebase-components:17.1.5) with AarToClassTransform
[        ] Transforming core-runtime-2.2.0.aar (androidx.arch.core:core-runtime:2.2.0) with JetifyTransform
[        ] Transforming core-runtime-2.2.0.aar (androidx.arch.core:core-runtime:2.2.0) with AarToClassTransform
[        ] Transforming core-common-2.2.0.jar (androidx.arch.core:core-common:2.2.0) with JetifyTransform
[        ] Transforming core-common-2.2.0.jar (androidx.arch.core:core-common:2.2.0) with IdentityTransform
[        ] Transforming savedstate-1.2.1.aar (androidx.savedstate:savedstate:1.2.1) with JetifyTransform
[        ] Transforming savedstate-1.2.1.aar (androidx.savedstate:savedstate:1.2.1) with AarToClassTransform
[        ] Transforming concurrent-futures-1.1.0.jar (androidx.concurrent:concurrent-futures:1.1.0) with JetifyTransform
[        ] Transforming concurrent-futures-1.1.0.jar (androidx.concurrent:concurrent-futures:1.1.0) with IdentityTransform
[        ] Transforming annotation-jvm-1.8.0.jar (androidx.annotation:annotation-jvm:1.8.0) with JetifyTransform
[        ] Transforming annotation-jvm-1.8.0.jar (androidx.annotation:annotation-jvm:1.8.0) with IdentityTransform
[        ] Transforming annotation-experimental-1.4.0.aar (androidx.annotation:annotation-experimental:1.4.0) with JetifyTransform
[        ] Transforming annotation-experimental-1.4.0.aar (androidx.annotation:annotation-experimental:1.4.0) with AarToClassTransform
[        ] Transforming kotlin-stdlib-jdk8-1.8.20.jar (org.jetbrains.kotlin:kotlin-stdlib-jdk8:1.8.20) with JetifyTransform
[        ] Transforming kotlin-stdlib-jdk8-1.8.20.jar (org.jetbrains.kotlin:kotlin-stdlib-jdk8:1.8.20) with IdentityTransform
[        ] Transforming kotlin-stdlib-jdk7-1.8.20.jar (org.jetbrains.kotlin:kotlin-stdlib-jdk7:1.8.20) with JetifyTransform
[        ] Transforming kotlin-stdlib-jdk7-1.8.20.jar (org.jetbrains.kotlin:kotlin-stdlib-jdk7:1.8.20) with IdentityTransform
[        ] Transforming kotlin-stdlib-1.8.22.jar (org.jetbrains.kotlin:kotlin-stdlib:1.8.22) with JetifyTransform
[        ] Transforming kotlin-stdlib-1.8.22.jar (org.jetbrains.kotlin:kotlin-stdlib:1.8.22) with IdentityTransform
[        ] Transforming kotlin-stdlib-common-1.8.22.jar (org.jetbrains.kotlin:kotlin-stdlib-common:1.8.22) with JetifyTransform
[        ] Transforming kotlin-stdlib-common-1.8.22.jar (org.jetbrains.kotlin:kotlin-stdlib-common:1.8.22) with IdentityTransform
[        ] Transforming annotations-23.0.0.jar (org.jetbrains:annotations:23.0.0) with JetifyTransform
[        ] Transforming annotations-23.0.0.jar (org.jetbrains:annotations:23.0.0) with IdentityTransform
[        ] Transforming listenablefuture-1.0.jar (com.google.guava:listenablefuture:1.0) with JetifyTransform
[        ] Transforming listenablefuture-1.0.jar (com.google.guava:listenablefuture:1.0) with IdentityTransform
[        ] Transforming startup-runtime-1.1.1.aar (androidx.startup:startup-runtime:1.1.1) with JetifyTransform
[        ] Transforming startup-runtime-1.1.1.aar (androidx.startup:startup-runtime:1.1.1) with AarToClassTransform
[        ] Transforming tracing-1.2.0.aar (androidx.tracing:tracing:1.2.0) with JetifyTransform
[        ] Transforming tracing-1.2.0.aar (androidx.tracing:tracing:1.2.0) with AarToClassTransform
[        ] Transforming relinker-1.4.5.aar (com.getkeepsafe.relinker:relinker:1.4.5) with JetifyTransform
[        ] Transforming relinker-1.4.5.aar (com.getkeepsafe.relinker:relinker:1.4.5) with AarToClassTransform
[        ] Transforming firebase-annotations-16.2.0.jar (com.google.firebase:firebase-annotations:16.2.0) with JetifyTransform
[        ] Transforming firebase-annotations-16.2.0.jar (com.google.firebase:firebase-annotations:16.2.0) with IdentityTransform
[        ] Transforming javax.inject-1.jar (javax.inject:javax.inject:1) with JetifyTransform
[        ] Transforming javax.inject-1.jar (javax.inject:javax.inject:1) with IdentityTransform
[        ] Transforming error_prone_annotations-2.9.0.jar (com.google.errorprone:error_prone_annotations:2.9.0) with JetifyTransform
[        ] Transforming error_prone_annotations-2.9.0.jar (com.google.errorprone:error_prone_annotations:2.9.0) with IdentityTransform
[        ] Custom actions are attached to task ':firebase_auth:compileDebugJavaWithJavac'.
[   +1 ms] Caching disabled for task ':firebase_auth:compileDebugJavaWithJavac' because:
[        ]   Build cache is disabled
[        ] Skipping task ':firebase_auth:compileDebugJavaWithJavac' as it is up-to-date.
[        ] No compile result for :firebase_auth:compileDebugJavaWithJavac
[        ] Resolve mutations for :firebase_auth:bundleLibCompileToJarDebug (Thread[#1832,Execution worker Thread 15,5,main]) started.
[        ] :firebase_auth:bundleLibCompileToJarDebug (Thread[#1832,Execution worker Thread 15,5,main]) started.
[        ] > Task :firebase_auth:bundleLibCompileToJarDebug UP-TO-DATE
[        ] Caching disabled for task ':firebase_auth:bundleLibCompileToJarDebug' because:
[        ]   Build cache is disabled
[        ]   Simple merging task
[        ] Skipping task ':firebase_auth:bundleLibCompileToJarDebug' as it is up-to-date.
[        ] work action resolve classes.jar (project :firebase_auth) (Thread[#1832,Execution worker Thread 15,5,main]) started.
[        ] Resolve mutations for :flutter_native_splash:javaPreCompileDebug (Thread[#1832,Execution worker Thread 15,5,main]) started.
[        ] :flutter_native_splash:javaPreCompileDebug (Thread[#1832,Execution worker Thread 15,5,main]) started.
[        ] > Task :flutter_native_splash:javaPreCompileDebug UP-TO-DATE
[        ] Caching disabled for task ':flutter_native_splash:javaPreCompileDebug' because:
[        ]   Build cache is disabled
[        ] Skipping task ':flutter_native_splash:javaPreCompileDebug' as it is up-to-date.
[        ] Resolve mutations for :flutter_native_splash:compileDebugJavaWithJavac (Thread[#1832,Execution worker Thread 15,5,main]) started.
[        ] :flutter_native_splash:compileDebugJavaWithJavac (Thread[#1832,Execution worker Thread 15,5,main]) started.
[        ] > Task :flutter_native_splash:compileDebugJavaWithJavac UP-TO-DATE
[        ] Transforming flutter_embedding_debug-1.0.0-cf56914b326edb0ccb123ffdc60f00060bd513fa.jar (io.flutter:flutter_embedding_debug:1.0.0-cf56914b326edb0ccb123ffdc60f00060bd513fa) with JetifyTransform
[        ] Transforming flutter_embedding_debug-1.0.0-cf56914b326edb0ccb123ffdc60f00060bd513fa.jar (io.flutter:flutter_embedding_debug:1.0.0-cf56914b326edb0ccb123ffdc60f00060bd513fa) with IdentityTransform
[        ] Transforming fragment-1.7.1.aar (androidx.fragment:fragment:1.7.1) with JetifyTransform
[        ] Transforming fragment-1.7.1.aar (androidx.fragment:fragment:1.7.1) with AarToClassTransform
[        ] Transforming activity-1.8.1.aar (androidx.activity:activity:1.8.1) with JetifyTransform
[        ] Transforming activity-1.8.1.aar (androidx.activity:activity:1.8.1) with AarToClassTransform
[        ] Transforming loader-1.0.0.aar (androidx.loader:loader:1.0.0) with JetifyTransform
[        ] Transforming loader-1.0.0.aar (androidx.loader:loader:1.0.0) with AarToClassTransform
[        ] Transforming lifecycle-livedata-core-ktx-2.7.0.aar (androidx.lifecycle:lifecycle-livedata-core-ktx:2.7.0) with JetifyTransform
[        ] Transforming lifecycle-livedata-core-ktx-2.7.0.aar (androidx.lifecycle:lifecycle-livedata-core-ktx:2.7.0) with AarToClassTransform
[        ] Transforming lifecycle-livedata-2.7.0.aar (androidx.lifecycle:lifecycle-livedata:2.7.0) with JetifyTransform
[        ] Transforming lifecycle-livedata-2.7.0.aar (androidx.lifecycle:lifecycle-livedata:2.7.0) with AarToClassTransform
[        ] Transforming lifecycle-viewmodel-2.7.0.aar (androidx.lifecycle:lifecycle-viewmodel:2.7.0) with JetifyTransform
[        ] Transforming lifecycle-viewmodel-2.7.0.aar (androidx.lifecycle:lifecycle-viewmodel:2.7.0) with AarToClassTransform
[        ] Transforming lifecycle-viewmodel-2.7.0.aar (androidx.lifecycle:lifecycle-viewmodel:2.7.0) with JetifyTransform
[        ] Transforming lifecycle-viewmodel-2.7.0.aar (androidx.lifecycle:lifecycle-viewmodel:2.7.0) with AarToClassTransform
[        ] Transforming lifecycle-livedata-core-2.7.0.aar (androidx.lifecycle:lifecycle-livedata-core:2.7.0) with JetifyTransform
[        ] Transforming lifecycle-livedata-core-2.7.0.aar (androidx.lifecycle:lifecycle-livedata-core:2.7.0) with AarToClassTransform
[        ] Transforming lifecycle-viewmodel-savedstate-2.7.0.aar (androidx.lifecycle:lifecycle-viewmodel-savedstate:2.7.0) with JetifyTransform
[        ] Transforming lifecycle-viewmodel-savedstate-2.7.0.aar (androidx.lifecycle:lifecycle-viewmodel-savedstate:2.7.0) with AarToClassTransform
[        ] Transforming core-ktx-1.13.1.aar (androidx.core:core-ktx:1.13.1) with JetifyTransform
[        ] Transforming core-ktx-1.13.1.aar (androidx.core:core-ktx:1.13.1) with AarToClassTransform
[        ] Transforming viewpager-1.0.0.aar (androidx.viewpager:viewpager:1.0.0) with JetifyTransform
[        ] Transforming viewpager-1.0.0.aar (androidx.viewpager:viewpager:1.0.0) with AarToClassTransform
[        ] Transforming customview-1.0.0.aar (androidx.customview:customview:1.0.0) with JetifyTransform
[        ] Transforming customview-1.0.0.aar (androidx.customview:customview:1.0.0) with AarToClassTransform
[        ] Transforming core-1.13.1.aar (androidx.core:core:1.13.1) with JetifyTransform
[        ] Transforming core-1.13.1.aar (androidx.core:core:1.13.1) with AarToClassTransform
[        ] Transforming core-1.13.1.aar (androidx.core:core:1.13.1) with JetifyTransform
[        ] Transforming core-1.13.1.aar (androidx.core:core:1.13.1) with AarToClassTransform
[        ] Transforming lifecycle-runtime-2.7.0.aar (androidx.lifecycle:lifecycle-runtime:2.7.0) with JetifyTransform
[        ] Transforming lifecycle-runtime-2.7.0.aar (androidx.lifecycle:lifecycle-runtime:2.7.0) with AarToClassTransform
[        ] Transforming lifecycle-process-2.7.0.aar (androidx.lifecycle:lifecycle-process:2.7.0) with JetifyTransform
[        ] Transforming lifecycle-process-2.7.0.aar (androidx.lifecycle:lifecycle-process:2.7.0) with AarToClassTransform
[        ] Transforming lifecycle-common-java8-2.7.0.jar (androidx.lifecycle:lifecycle-common-java8:2.7.0) with JetifyTransform
[        ] Transforming lifecycle-common-java8-2.7.0.jar (androidx.lifecycle:lifecycle-common-java8:2.7.0) with IdentityTransform
[        ] Transforming lifecycle-common-2.7.0.jar (androidx.lifecycle:lifecycle-common:2.7.0) with JetifyTransform
[        ] Transforming lifecycle-common-2.7.0.jar (androidx.lifecycle:lifecycle-common:2.7.0) with IdentityTransform
[        ] Transforming core-runtime-2.2.0.aar (androidx.arch.core:core-runtime:2.2.0) with JetifyTransform
[        ] Transforming core-runtime-2.2.0.aar (androidx.arch.core:core-runtime:2.2.0) with AarToClassTransform
[        ] Transforming core-common-2.2.0.jar (androidx.arch.core:core-common:2.2.0) with JetifyTransform
[        ] Transforming core-common-2.2.0.jar (androidx.arch.core:core-common:2.2.0) with IdentityTransform
[        ] Transforming versionedparcelable-1.1.1.aar (androidx.versionedparcelable:versionedparcelable:1.1.1) with JetifyTransform
[        ] Transforming versionedparcelable-1.1.1.aar (androidx.versionedparcelable:versionedparcelable:1.1.1) with AarToClassTransform
[        ] Transforming collection-1.1.0.jar (androidx.collection:collection:1.1.0) with JetifyTransform
[        ] Transforming collection-1.1.0.jar (androidx.collection:collection:1.1.0) with IdentityTransform
[        ] Transforming savedstate-1.2.1.aar (androidx.savedstate:savedstate:1.2.1) with JetifyTransform
[        ] Transforming savedstate-1.2.1.aar (androidx.savedstate:savedstate:1.2.1) with AarToClassTransform
[        ] Transforming annotation-jvm-1.8.0.jar (androidx.annotation:annotation-jvm:1.8.0) with JetifyTransform
[        ] Transforming annotation-jvm-1.8.0.jar (androidx.annotation:annotation-jvm:1.8.0) with IdentityTransform
[        ] Transforming window-1.2.0.aar (androidx.window:window:1.2.0) with JetifyTransform
[        ] Transforming window-1.2.0.aar (androidx.window:window:1.2.0) with AarToClassTransform
[        ] Transforming window-java-1.2.0.aar (androidx.window:window-java:1.2.0) with JetifyTransform
[        ] Transforming window-java-1.2.0.aar (androidx.window:window-java:1.2.0) with AarToClassTransform
[        ] Transforming annotation-experimental-1.4.0.aar (androidx.annotation:annotation-experimental:1.4.0) with JetifyTransform
[        ] Transforming annotation-experimental-1.4.0.aar (androidx.annotation:annotation-experimental:1.4.0) with AarToClassTransform
[        ] Transforming kotlinx-coroutines-core-jvm-1.7.1.jar (org.jetbrains.kotlinx:kotlinx-coroutines-core-jvm:1.7.1) with JetifyTransform
[        ] Transforming kotlinx-coroutines-core-jvm-1.7.1.jar (org.jetbrains.kotlinx:kotlinx-coroutines-core-jvm:1.7.1) with IdentityTransform
[        ] Transforming kotlinx-coroutines-android-1.7.1.jar (org.jetbrains.kotlinx:kotlinx-coroutines-android:1.7.1) with JetifyTransform
[        ] Transforming kotlinx-coroutines-android-1.7.1.jar (org.jetbrains.kotlinx:kotlinx-coroutines-android:1.7.1) with IdentityTransform
[        ] Transforming kotlin-stdlib-jdk8-1.8.20.jar (org.jetbrains.kotlin:kotlin-stdlib-jdk8:1.8.20) with JetifyTransform
[        ] Transforming kotlin-stdlib-jdk8-1.8.20.jar (org.jetbrains.kotlin:kotlin-stdlib-jdk8:1.8.20) with IdentityTransform
[        ] Transforming kotlin-stdlib-jdk7-1.8.20.jar (org.jetbrains.kotlin:kotlin-stdlib-jdk7:1.8.20) with JetifyTransform
[        ] Transforming kotlin-stdlib-jdk7-1.8.20.jar (org.jetbrains.kotlin:kotlin-stdlib-jdk7:1.8.20) with IdentityTransform
[        ] Transforming kotlin-stdlib-1.8.22.jar (org.jetbrains.kotlin:kotlin-stdlib:1.8.22) with JetifyTransform
[        ] Transforming kotlin-stdlib-1.8.22.jar (org.jetbrains.kotlin:kotlin-stdlib:1.8.22) with IdentityTransform
[        ] Transforming kotlin-stdlib-common-1.8.22.jar (org.jetbrains.kotlin:kotlin-stdlib-common:1.8.22) with JetifyTransform
[        ] Transforming kotlin-stdlib-common-1.8.22.jar (org.jetbrains.kotlin:kotlin-stdlib-common:1.8.22) with IdentityTransform
[        ] Transforming annotations-23.0.0.jar (org.jetbrains:annotations:23.0.0) with JetifyTransform
[        ] Transforming annotations-23.0.0.jar (org.jetbrains:annotations:23.0.0) with IdentityTransform
[        ] Transforming startup-runtime-1.1.1.aar (androidx.startup:startup-runtime:1.1.1) with JetifyTransform
[        ] Transforming startup-runtime-1.1.1.aar (androidx.startup:startup-runtime:1.1.1) with AarToClassTransform
[        ] Transforming tracing-1.2.0.aar (androidx.tracing:tracing:1.2.0) with JetifyTransform
[        ] Transforming tracing-1.2.0.aar (androidx.tracing:tracing:1.2.0) with AarToClassTransform
[        ] Transforming relinker-1.4.5.aar (com.getkeepsafe.relinker:relinker:1.4.5) with JetifyTransform
[        ] Transforming relinker-1.4.5.aar (com.getkeepsafe.relinker:relinker:1.4.5) with AarToClassTransform
[        ] Custom actions are attached to task ':flutter_native_splash:compileDebugJavaWithJavac'.
[        ] Caching disabled for task ':flutter_native_splash:compileDebugJavaWithJavac' because:
[        ]   Build cache is disabled
[        ] Skipping task ':flutter_native_splash:compileDebugJavaWithJavac' as it is up-to-date.
[        ] No compile result for :flutter_native_splash:compileDebugJavaWithJavac
[        ] Resolve mutations for :flutter_native_splash:bundleLibCompileToJarDebug (Thread[#1832,Execution worker Thread 15,5,main]) started.
[        ] :flutter_native_splash:bundleLibCompileToJarDebug (Thread[#1832,Execution worker Thread 15,5,main]) started.
[        ] > Task :flutter_native_splash:bundleLibCompileToJarDebug UP-TO-DATE
[        ] Caching disabled for task ':flutter_native_splash:bundleLibCompileToJarDebug' because:
[        ]   Build cache is disabled
[        ]   Simple merging task
[        ] Skipping task ':flutter_native_splash:bundleLibCompileToJarDebug' as it is up-to-date.
[        ] work action resolve classes.jar (project :flutter_native_splash) (Thread[#1832,Execution worker Thread 15,5,main]) started.
[        ] Resolve mutations for :shared_preferences_android:compileDebugKotlin (Thread[#1832,Execution worker Thread 15,5,main]) started.
[        ] :shared_preferences_android:compileDebugKotlin (Thread[#1832,Execution worker Thread 15,5,main]) started.
[        ] > Task :shared_preferences_android:compileDebugKotlin UP-TO-DATE
[        ] Transforming kotlin-stdlib-jdk7-1.8.22.jar (org.jetbrains.kotlin:kotlin-stdlib-jdk7:1.8.22) with JetifyTransform
[        ] Transforming kotlin-stdlib-jdk7-1.8.22.jar (org.jetbrains.kotlin:kotlin-stdlib-jdk7:1.8.22) with IdentityTransform
[        ] Transforming flutter_embedding_debug-1.0.0-cf56914b326edb0ccb123ffdc60f00060bd513fa.jar (io.flutter:flutter_embedding_debug:1.0.0-cf56914b326edb0ccb123ffdc60f00060bd513fa) with JetifyTransform
[        ] Transforming flutter_embedding_debug-1.0.0-cf56914b326edb0ccb123ffdc60f00060bd513fa.jar (io.flutter:flutter_embedding_debug:1.0.0-cf56914b326edb0ccb123ffdc60f00060bd513fa) with IdentityTransform
[        ] Transforming preference-1.2.1.aar (androidx.preference:preference:1.2.1) with JetifyTransform
[        ] Transforming preference-1.2.1.aar (androidx.preference:preference:1.2.1) with AarToClassTransform
[        ] Transforming appcompat-1.1.0.aar (androidx.appcompat:appcompat:1.1.0) with JetifyTransform
[        ] Transforming appcompat-1.1.0.aar (androidx.appcompat:appcompat:1.1.0) with AarToClassTransform
[        ] Transforming fragment-ktx-1.7.1.aar (androidx.fragment:fragment-ktx:1.7.1) with JetifyTransform
[        ] Transforming fragment-ktx-1.7.1.aar (androidx.fragment:fragment-ktx:1.7.1) with AarToClassTransform
[        ] Transforming fragment-1.7.1.aar (androidx.fragment:fragment:1.7.1) with JetifyTransform
[        ] Transforming fragment-1.7.1.aar (androidx.fragment:fragment:1.7.1) with AarToClassTransform
[        ] Transforming fragment-1.7.1.aar (androidx.fragment:fragment:1.7.1) with JetifyTransform
[        ] Transforming fragment-1.7.1.aar (androidx.fragment:fragment:1.7.1) with AarToClassTransform
[        ] Transforming recyclerview-1.0.0.aar (androidx.recyclerview:recyclerview:1.0.0) with JetifyTransform
[        ] Transforming recyclerview-1.0.0.aar (androidx.recyclerview:recyclerview:1.0.0) with AarToClassTransform
[        ] Transforming activity-ktx-1.8.1.aar (androidx.activity:activity-ktx:1.8.1) with JetifyTransform
[        ] Transforming activity-ktx-1.8.1.aar (androidx.activity:activity-ktx:1.8.1) with AarToClassTransform
[        ] Transforming activity-1.8.1.aar (androidx.activity:activity:1.8.1) with JetifyTransform
[        ] Transforming activity-1.8.1.aar (androidx.activity:activity:1.8.1) with AarToClassTransform
[        ] Transforming legacy-support-core-ui-1.0.0.aar (androidx.legacy:legacy-support-core-ui:1.0.0) with JetifyTransform
[        ] Transforming legacy-support-core-ui-1.0.0.aar (androidx.legacy:legacy-support-core-ui:1.0.0) with AarToClassTransform
[        ] Transforming legacy-support-core-utils-1.0.0.aar (androidx.legacy:legacy-support-core-utils:1.0.0) with JetifyTransform
[        ] Transforming legacy-support-core-utils-1.0.0.aar (androidx.legacy:legacy-support-core-utils:1.0.0) with AarToClassTransform
[        ] Transforming loader-1.0.0.aar (androidx.loader:loader:1.0.0) with JetifyTransform
[        ] Transforming loader-1.0.0.aar (androidx.loader:loader:1.0.0) with AarToClassTransform
[        ] Transforming loader-1.0.0.aar (androidx.loader:loader:1.0.0) with JetifyTransform
[        ] Transforming loader-1.0.0.aar (androidx.loader:loader:1.0.0) with AarToClassTransform
[        ] Transforming lifecycle-livedata-2.7.0.aar (androidx.lifecycle:lifecycle-livedata:2.7.0) with JetifyTransform
[        ] Transforming lifecycle-livedata-2.7.0.aar (androidx.lifecycle:lifecycle-livedata:2.7.0) with AarToClassTransform
[        ] Transforming lifecycle-livedata-core-ktx-2.7.0.aar (androidx.lifecycle:lifecycle-livedata-core-ktx:2.7.0) with JetifyTransform
[        ] Transforming lifecycle-livedata-core-ktx-2.7.0.aar (androidx.lifecycle:lifecycle-livedata-core-ktx:2.7.0) with AarToClassTransform
[        ] Transforming lifecycle-viewmodel-ktx-2.7.0.aar (androidx.lifecycle:lifecycle-viewmodel-ktx:2.7.0) with JetifyTransform
[        ] Transforming lifecycle-viewmodel-ktx-2.7.0.aar (androidx.lifecycle:lifecycle-viewmodel-ktx:2.7.0) with AarToClassTransform
[        ] Transforming lifecycle-runtime-ktx-2.7.0.aar (androidx.lifecycle:lifecycle-runtime-ktx:2.7.0) with JetifyTransform
[        ] Transforming lifecycle-runtime-ktx-2.7.0.aar (androidx.lifecycle:lifecycle-runtime-ktx:2.7.0) with AarToClassTransform
[        ] Transforming lifecycle-viewmodel-2.7.0.aar (androidx.lifecycle:lifecycle-viewmodel:2.7.0) with JetifyTransform
[        ] Transforming lifecycle-viewmodel-2.7.0.aar (androidx.lifecycle:lifecycle-viewmodel:2.7.0) with AarToClassTransform
[        ] Transforming lifecycle-viewmodel-2.7.0.aar (androidx.lifecycle:lifecycle-viewmodel:2.7.0) with JetifyTransform
[        ] Transforming lifecycle-viewmodel-2.7.0.aar (androidx.lifecycle:lifecycle-viewmodel:2.7.0) with AarToClassTransform
[        ] Transforming lifecycle-livedata-core-2.7.0.aar (androidx.lifecycle:lifecycle-livedata-core:2.7.0) with JetifyTransform
[        ] Transforming lifecycle-livedata-core-2.7.0.aar (androidx.lifecycle:lifecycle-livedata-core:2.7.0) with AarToClassTransform
[        ] Transforming lifecycle-viewmodel-savedstate-2.7.0.aar (androidx.lifecycle:lifecycle-viewmodel-savedstate:2.7.0) with JetifyTransform
[        ] Transforming lifecycle-viewmodel-savedstate-2.7.0.aar (androidx.lifecycle:lifecycle-viewmodel-savedstate:2.7.0) with AarToClassTransform
[        ] Transforming core-ktx-1.13.1.aar (androidx.core:core-ktx:1.13.1) with JetifyTransform
[        ] Transforming core-ktx-1.13.1.aar (androidx.core:core-ktx:1.13.1) with AarToClassTransform
[        ] Transforming viewpager-1.0.0.aar (androidx.viewpager:viewpager:1.0.0) with JetifyTransform
[        ] Transforming viewpager-1.0.0.aar (androidx.viewpager:viewpager:1.0.0) with AarToClassTransform
[        ] Transforming viewpager-1.0.0.aar (androidx.viewpager:viewpager:1.0.0) with JetifyTransform
[        ] Transforming viewpager-1.0.0.aar (androidx.viewpager:viewpager:1.0.0) with AarToClassTransform
[        ] Transforming appcompat-resources-1.1.0.aar (androidx.appcompat:appcompat-resources:1.1.0) with JetifyTransform
[        ] Transforming appcompat-resources-1.1.0.aar (androidx.appcompat:appcompat-resources:1.1.0) with AarToClassTransform
[        ] Transforming drawerlayout-1.0.0.aar (androidx.drawerlayout:drawerlayout:1.0.0) with JetifyTransform
[        ] Transforming drawerlayout-1.0.0.aar (androidx.drawerlayout:drawerlayout:1.0.0) with AarToClassTransform
[        ] Transforming slidingpanelayout-1.2.0.aar (androidx.slidingpanelayout:slidingpanelayout:1.2.0) with JetifyTransform
[        ] Transforming slidingpanelayout-1.2.0.aar (androidx.slidingpanelayout:slidingpanelayout:1.2.0) with AarToClassTransform
[        ] Transforming slidingpanelayout-1.2.0.aar (androidx.slidingpanelayout:slidingpanelayout:1.2.0) with JetifyTransform
[        ] Transforming slidingpanelayout-1.2.0.aar (androidx.slidingpanelayout:slidingpanelayout:1.2.0) with AarToClassTransform
[        ] Transforming coordinatorlayout-1.0.0.aar (androidx.coordinatorlayout:coordinatorlayout:1.0.0) with JetifyTransform
[        ] Transforming coordinatorlayout-1.0.0.aar (androidx.coordinatorlayout:coordinatorlayout:1.0.0) with AarToClassTransform
[        ] Transforming customview-1.1.0.aar (androidx.customview:customview:1.1.0) with JetifyTransform
[        ] Transforming customview-1.1.0.aar (androidx.customview:customview:1.1.0) with AarToClassTransform
[        ] Transforming customview-1.1.0.aar (androidx.customview:customview:1.1.0) with JetifyTransform
[        ] Transforming customview-1.1.0.aar (androidx.customview:customview:1.1.0) with AarToClassTransform
[        ] Transforming vectordrawable-animated-1.1.0.aar (androidx.vectordrawable:vectordrawable-animated:1.1.0) with JetifyTransform
[        ] Transforming vectordrawable-animated-1.1.0.aar (androidx.vectordrawable:vectordrawable-animated:1.1.0) with AarToClassTransform
[        ] Transforming vectordrawable-1.1.0.aar (androidx.vectordrawable:vectordrawable:1.1.0) with JetifyTransform
[        ] Transforming vectordrawable-1.1.0.aar (androidx.vectordrawable:vectordrawable:1.1.0) with AarToClassTransform
[        ] Transforming swiperefreshlayout-1.0.0.aar (androidx.swiperefreshlayout:swiperefreshlayout:1.0.0) with JetifyTransform
[        ] Transforming swiperefreshlayout-1.0.0.aar (androidx.swiperefreshlayout:swiperefreshlayout:1.0.0) with AarToClassTransform
[        ] Transforming asynclayoutinflater-1.0.0.aar (androidx.asynclayoutinflater:asynclayoutinflater:1.0.0) with JetifyTransform
[        ] Transforming asynclayoutinflater-1.0.0.aar (androidx.asynclayoutinflater:asynclayoutinflater:1.0.0) with AarToClassTransform
[        ] Transforming core-1.13.1.aar (androidx.core:core:1.13.1) with JetifyTransform
[        ] Transforming core-1.13.1.aar (androidx.core:core:1.13.1) with AarToClassTransform
[        ] Transforming core-1.13.1.aar (androidx.core:core:1.13.1) with JetifyTransform
[        ] Transforming core-1.13.1.aar (androidx.core:core:1.13.1) with AarToClassTransform
[        ] Transforming lifecycle-runtime-2.7.0.aar (androidx.lifecycle:lifecycle-runtime:2.7.0) with JetifyTransform
[        ] Transforming lifecycle-runtime-2.7.0.aar (androidx.lifecycle:lifecycle-runtime:2.7.0) with AarToClassTransform
[        ] Transforming lifecycle-process-2.7.0.aar (androidx.lifecycle:lifecycle-process:2.7.0) with JetifyTransform
[        ] Transforming lifecycle-process-2.7.0.aar (androidx.lifecycle:lifecycle-process:2.7.0) with AarToClassTransform
[        ] Transforming lifecycle-common-java8-2.7.0.jar (androidx.lifecycle:lifecycle-common-java8:2.7.0) with JetifyTransform
[        ] Transforming lifecycle-common-java8-2.7.0.jar (androidx.lifecycle:lifecycle-common-java8:2.7.0) with IdentityTransform
[        ] Transforming lifecycle-common-2.7.0.jar (androidx.lifecycle:lifecycle-common:2.7.0) with JetifyTransform
[        ] Transforming lifecycle-common-2.7.0.jar (androidx.lifecycle:lifecycle-common:2.7.0) with IdentityTransform
[        ] Transforming window-1.2.0.aar (androidx.window:window:1.2.0) with JetifyTransform
[        ] Transforming window-1.2.0.aar (androidx.window:window:1.2.0) with AarToClassTransform
[        ] Transforming window-java-1.2.0.aar (androidx.window:window-java:1.2.0) with JetifyTransform
[        ] Transforming window-java-1.2.0.aar (androidx.window:window-java:1.2.0) with AarToClassTransform
[        ] Transforming datastore-preferences-core-jvm-1.1.1.jar (androidx.datastore:datastore-preferences-core-jvm:1.1.1) with JetifyTransform
[        ] Transforming datastore-preferences-core-jvm-1.1.1.jar (androidx.datastore:datastore-preferences-core-jvm:1.1.1) with IdentityTransform
[        ] Transforming datastore-core-okio-jvm-1.1.1.jar (androidx.datastore:datastore-core-okio-jvm:1.1.1) with JetifyTransform
[        ] Transforming datastore-core-okio-jvm-1.1.1.jar (androidx.datastore:datastore-core-okio-jvm:1.1.1) with IdentityTransform
[        ] Transforming datastore-core-release.aar (androidx.datastore:datastore-core-android:1.1.1) with JetifyTransform
[        ] Transforming datastore-core-release.aar (androidx.datastore:datastore-core-android:1.1.1) with AarToClassTransform
[        ] Transforming datastore-preferences-release.aar (androidx.datastore:datastore-preferences-android:1.1.1) with JetifyTransform
[        ] Transforming datastore-preferences-release.aar (androidx.datastore:datastore-preferences-android:1.1.1) with AarToClassTransform
[        ] Transforming datastore-release.aar (androidx.datastore:datastore-android:1.1.1) with JetifyTransform
[        ] Transforming datastore-release.aar (androidx.datastore:datastore-android:1.1.1) with AarToClassTransform
[        ] Transforming annotation-experimental-1.4.0.aar (androidx.annotation:annotation-experimental:1.4.0) with JetifyTransform
[        ] Transforming annotation-experimental-1.4.0.aar (androidx.annotation:annotation-experimental:1.4.0) with AarToClassTransform
[        ] Transforming savedstate-ktx-1.2.1.aar (androidx.savedstate:savedstate-ktx:1.2.1) with JetifyTransform
[        ] Transforming savedstate-ktx-1.2.1.aar (androidx.savedstate:savedstate-ktx:1.2.1) with AarToClassTransform
[        ] Transforming savedstate-1.2.1.aar (androidx.savedstate:savedstate:1.2.1) with JetifyTransform
[        ] Transforming savedstate-1.2.1.aar (androidx.savedstate:savedstate:1.2.1) with AarToClassTransform
[        ] Transforming core-runtime-2.2.0.aar (androidx.arch.core:core-runtime:2.2.0) with JetifyTransform
[        ] Transforming core-runtime-2.2.0.aar (androidx.arch.core:core-runtime:2.2.0) with AarToClassTransform
[        ] Transforming core-common-2.2.0.jar (androidx.arch.core:core-common:2.2.0) with JetifyTransform
[        ] Transforming core-common-2.2.0.jar (androidx.arch.core:core-common:2.2.0) with IdentityTransform
[        ] Transforming versionedparcelable-1.1.1.aar (androidx.versionedparcelable:versionedparcelable:1.1.1) with JetifyTransform
[        ] Transforming versionedparcelable-1.1.1.aar (androidx.versionedparcelable:versionedparcelable:1.1.1) with AarToClassTransform
[        ] Transforming collection-ktx-1.1.0.jar (androidx.collection:collection-ktx:1.1.0) with JetifyTransform
[        ] Transforming collection-ktx-1.1.0.jar (androidx.collection:collection-ktx:1.1.0) with IdentityTransform
[        ] Transforming collection-1.1.0.jar (androidx.collection:collection:1.1.0) with JetifyTransform
[        ] Transforming collection-1.1.0.jar (androidx.collection:collection:1.1.0) with IdentityTransform
[        ] Transforming cursoradapter-1.0.0.aar (androidx.cursoradapter:cursoradapter:1.0.0) with JetifyTransform
[        ] Transforming cursoradapter-1.0.0.aar (androidx.cursoradapter:cursoradapter:1.0.0) with AarToClassTransform
[        ] Transforming interpolator-1.0.0.aar (androidx.interpolator:interpolator:1.0.0) with JetifyTransform
[        ] Transforming interpolator-1.0.0.aar (androidx.interpolator:interpolator:1.0.0) with AarToClassTransform
[        ] Transforming documentfile-1.0.0.aar (androidx.documentfile:documentfile:1.0.0) with JetifyTransform
[        ] Transforming documentfile-1.0.0.aar (androidx.documentfile:documentfile:1.0.0) with AarToClassTransform
[        ] Transforming localbroadcastmanager-1.0.0.aar (androidx.localbroadcastmanager:localbroadcastmanager:1.0.0) with JetifyTransform
[        ] Transforming localbroadcastmanager-1.0.0.aar (androidx.localbroadcastmanager:localbroadcastmanager:1.0.0) with AarToClassTransform
[        ] Transforming print-1.0.0.aar (androidx.print:print:1.0.0) with JetifyTransform
[        ] Transforming print-1.0.0.aar (androidx.print:print:1.0.0) with AarToClassTransform
[        ] Transforming annotation-jvm-1.8.0.jar (androidx.annotation:annotation-jvm:1.8.0) with JetifyTransform
[        ] Transforming annotation-jvm-1.8.0.jar (androidx.annotation:annotation-jvm:1.8.0) with IdentityTransform
[        ] Transforming kotlinx-coroutines-android-1.7.3.jar (org.jetbrains.kotlinx:kotlinx-coroutines-android:1.7.3) with JetifyTransform
[        ] Transforming kotlinx-coroutines-android-1.7.3.jar (org.jetbrains.kotlinx:kotlinx-coroutines-android:1.7.3) with IdentityTransform
[        ] Transforming kotlinx-coroutines-core-jvm-1.7.3.jar (org.jetbrains.kotlinx:kotlinx-coroutines-core-jvm:1.7.3) with JetifyTransform
[        ] Transforming kotlinx-coroutines-core-jvm-1.7.3.jar (org.jetbrains.kotlinx:kotlinx-coroutines-core-jvm:1.7.3) with IdentityTransform
[        ] Transforming okio-jvm-3.4.0.jar (com.squareup.okio:okio-jvm:3.4.0) with JetifyTransform
[        ] Transforming okio-jvm-3.4.0.jar (com.squareup.okio:okio-jvm:3.4.0) with IdentityTransform
[        ] Transforming kotlin-stdlib-jdk8-1.8.22.jar (org.jetbrains.kotlin:kotlin-stdlib-jdk8:1.8.22) with JetifyTransform
[        ] Transforming kotlin-stdlib-jdk8-1.8.22.jar (org.jetbrains.kotlin:kotlin-stdlib-jdk8:1.8.22) with IdentityTransform
[        ] Transforming annotations-23.0.0.jar (org.jetbrains:annotations:23.0.0) with JetifyTransform
[        ] Transforming annotations-23.0.0.jar (org.jetbrains:annotations:23.0.0) with IdentityTransform
[        ] Transforming startup-runtime-1.1.1.aar (androidx.startup:startup-runtime:1.1.1) with JetifyTransform
[        ] Transforming startup-runtime-1.1.1.aar (androidx.startup:startup-runtime:1.1.1) with AarToClassTransform
[        ] Transforming tracing-1.2.0.aar (androidx.tracing:tracing:1.2.0) with JetifyTransform
[        ] Transforming tracing-1.2.0.aar (androidx.tracing:tracing:1.2.0) with AarToClassTransform
[        ] Transforming kotlin-stdlib-1.9.22.jar (org.jetbrains.kotlin:kotlin-stdlib:1.9.22) with JetifyTransform
[        ] Transforming relinker-1.4.5.aar (com.getkeepsafe.relinker:relinker:1.4.5) with JetifyTransform
[        ] Transforming kotlin-stdlib-1.9.22.jar (org.jetbrains.kotlin:kotlin-stdlib:1.9.22) with IdentityTransform
[        ] Transforming relinker-1.4.5.aar (com.getkeepsafe.relinker:relinker:1.4.5) with AarToClassTransform
[        ] Transforming R.jar with ClasspathEntrySnapshotTransform
[        ] Transforming jetified-kotlin-stdlib-jdk7-1.8.22.jar with ClasspathEntrySnapshotTransform
[        ] Transforming jetified-flutter_embedding_debug-1.0.0-cf56914b326edb0ccb123ffdc60f00060bd513fa.jar with ClasspathEntrySnapshotTransform
[        ] Transforming preference-1.2.1-api.jar with ClasspathEntrySnapshotTransform
[        ] Transforming appcompat-1.1.0-api.jar with ClasspathEntrySnapshotTransform
[        ] Transforming jetified-fragment-ktx-1.7.1-api.jar with ClasspathEntrySnapshotTransform
[        ] Transforming fragment-1.7.1-api.jar with ClasspathEntrySnapshotTransform
[        ] Transforming recyclerview-1.0.0-api.jar with ClasspathEntrySnapshotTransform
[        ] Transforming jetified-activity-ktx-1.8.1-api.jar with ClasspathEntrySnapshotTransform
[        ] Transforming jetified-activity-1.8.1-api.jar with ClasspathEntrySnapshotTransform
[        ] Transforming legacy-support-core-ui-1.0.0-api.jar with ClasspathEntrySnapshotTransform
[        ] Transforming legacy-support-core-utils-1.0.0-api.jar with ClasspathEntrySnapshotTransform
[        ] Transforming loader-1.0.0-api.jar with ClasspathEntrySnapshotTransform
[        ] Transforming lifecycle-livedata-2.7.0-api.jar with ClasspathEntrySnapshotTransform
[        ] Transforming jetified-lifecycle-livedata-core-ktx-2.7.0-api.jar with ClasspathEntrySnapshotTransform
[        ] Transforming jetified-lifecycle-viewmodel-ktx-2.7.0-api.jar with ClasspathEntrySnapshotTransform
[        ] Transforming jetified-lifecycle-runtime-ktx-2.7.0-api.jar with ClasspathEntrySnapshotTransform
[        ] Transforming lifecycle-viewmodel-2.7.0-api.jar with ClasspathEntrySnapshotTransform
[        ] Transforming lifecycle-livedata-core-2.7.0-api.jar with ClasspathEntrySnapshotTransform
[        ] Transforming jetified-lifecycle-viewmodel-savedstate-2.7.0-api.jar with ClasspathEntrySnapshotTransform
[        ] Transforming jetified-core-ktx-1.13.1-api.jar with ClasspathEntrySnapshotTransform
[        ] Transforming viewpager-1.0.0-api.jar with ClasspathEntrySnapshotTransform
[        ] Transforming jetified-appcompat-resources-1.1.0-api.jar with ClasspathEntrySnapshotTransform
[        ] Transforming drawerlayout-1.0.0-api.jar with ClasspathEntrySnapshotTransform
[        ] Transforming slidingpanelayout-1.2.0-api.jar with ClasspathEntrySnapshotTransform
[        ] Transforming coordinatorlayout-1.0.0-api.jar with ClasspathEntrySnapshotTransform
[        ] Transforming customview-1.1.0-api.jar with ClasspathEntrySnapshotTransform
[        ] Transforming vectordrawable-animated-1.1.0-api.jar with ClasspathEntrySnapshotTransform
[        ] Transforming vectordrawable-1.1.0-api.jar with ClasspathEntrySnapshotTransform
[        ] Transforming swiperefreshlayout-1.0.0-api.jar with ClasspathEntrySnapshotTransform
[        ] Transforming asynclayoutinflater-1.0.0-api.jar with ClasspathEntrySnapshotTransform
[        ] Transforming core-1.13.1-api.jar with ClasspathEntrySnapshotTransform
[        ] Transforming lifecycle-runtime-2.7.0-api.jar with ClasspathEntrySnapshotTransform
[        ] Transforming jetified-lifecycle-process-2.7.0-api.jar with ClasspathEntrySnapshotTransform
[        ] Transforming lifecycle-common-java8-2.7.0.jar with ClasspathEntrySnapshotTransform
[        ] Transforming lifecycle-common-2.7.0.jar with ClasspathEntrySnapshotTransform
[        ] Transforming jetified-window-1.2.0-api.jar with ClasspathEntrySnapshotTransform
[        ] Transforming jetified-window-java-1.2.0-api.jar with ClasspathEntrySnapshotTransform
[        ] Transforming jetified-datastore-preferences-core-jvm-1.1.1.jar with ClasspathEntrySnapshotTransform
[        ] Transforming jetified-datastore-core-okio-jvm-1.1.1.jar with ClasspathEntrySnapshotTransform
[        ] Transforming jetified-datastore-core-release-api.jar with ClasspathEntrySnapshotTransform
[        ] Transforming jetified-datastore-preferences-release-api.jar with ClasspathEntrySnapshotTransform
[        ] Transforming jetified-datastore-release-api.jar with ClasspathEntrySnapshotTransform
[        ] Transforming jetified-annotation-experimental-1.4.0-api.jar with ClasspathEntrySnapshotTransform
[        ] Transforming jetified-savedstate-ktx-1.2.1-api.jar with ClasspathEntrySnapshotTransform
[        ] Transforming jetified-savedstate-1.2.1-api.jar with ClasspathEntrySnapshotTransform
[        ] Transforming core-runtime-2.2.0-api.jar with ClasspathEntrySnapshotTransform
[        ] Transforming core-common-2.2.0.jar with ClasspathEntrySnapshotTransform
[        ] Transforming versionedparcelable-1.1.1-api.jar with ClasspathEntrySnapshotTransform
[        ] Transforming jetified-collection-ktx-1.1.0.jar with ClasspathEntrySnapshotTransform
[        ] Transforming collection-1.1.0.jar with ClasspathEntrySnapshotTransform
[        ] Transforming cursoradapter-1.0.0-api.jar with ClasspathEntrySnapshotTransform
[        ] Transforming interpolator-1.0.0-api.jar with ClasspathEntrySnapshotTransform
[        ] Transforming documentfile-1.0.0-api.jar with ClasspathEntrySnapshotTransform
[        ] Transforming localbroadcastmanager-1.0.0-api.jar with ClasspathEntrySnapshotTransform
[        ] Transforming print-1.0.0-api.jar with ClasspathEntrySnapshotTransform
[        ] Transforming jetified-annotation-jvm-1.8.0.jar with ClasspathEntrySnapshotTransform
[        ] Transforming jetified-kotlinx-coroutines-android-1.7.3.jar with ClasspathEntrySnapshotTransform
[        ] Transforming jetified-kotlinx-coroutines-core-jvm-1.7.3.jar with ClasspathEntrySnapshotTransform
[        ] Transforming jetified-okio-jvm-3.4.0.jar with ClasspathEntrySnapshotTransform
[        ] Transforming jetified-kotlin-stdlib-1.9.22.jar with ClasspathEntrySnapshotTransform
[        ] Transforming jetified-kotlin-stdlib-jdk8-1.8.22.jar with ClasspathEntrySnapshotTransform
[        ] Transforming jetified-annotations-23.0.0.jar with ClasspathEntrySnapshotTransform
[        ] Transforming jetified-startup-runtime-1.1.1-api.jar with ClasspathEntrySnapshotTransform
[        ] Transforming jetified-tracing-1.2.0-api.jar with ClasspathEntrySnapshotTransform
[        ] Transforming jetified-relinker-1.4.5-api.jar with ClasspathEntrySnapshotTransform
[        ] Transforming android.jar with ClasspathEntrySnapshotTransform
[        ] Transforming core-lambda-stubs.jar with ClasspathEntrySnapshotTransform
[        ] Caching disabled for task ':shared_preferences_android:compileDebugKotlin' because:
[        ]   Build cache is disabled
[        ] Skipping task ':shared_preferences_android:compileDebugKotlin' as it is up-to-date.
[        ] Resolve mutations for :shared_preferences_android:javaPreCompileDebug (Thread[#1832,Execution worker Thread 15,5,main]) started.
[        ] :shared_preferences_android:javaPreCompileDebug (Thread[#1832,Execution worker Thread 15,5,main]) started.
[        ] > Task :shared_preferences_android:javaPreCompileDebug UP-TO-DATE
[        ] Caching disabled for task ':shared_preferences_android:javaPreCompileDebug' because:
[        ]   Build cache is disabled
[        ] Skipping task ':shared_preferences_android:javaPreCompileDebug' as it is up-to-date.
[        ] Resolve mutations for :shared_preferences_android:compileDebugJavaWithJavac (Thread[#1832,Execution worker Thread 15,5,main]) started.
[        ] :shared_preferences_android:compileDebugJavaWithJavac (Thread[#1832,Execution worker Thread 15,5,main]) started.
[  +66 ms] > Task :shared_preferences_android:compileDebugJavaWithJavac UP-TO-DATE
[        ] Transforming core-for-system-modules.jar with JdkImageTransform
[        ] Transforming core-for-system-modules.jar with JdkImageTransform
[        ] Transforming core-for-system-modules.jar with JdkImageTransform
[        ] Transforming core-for-system-modules.jar with JdkImageTransform
[        ] Transforming core-for-system-modules.jar with JdkImageTransform
[        ] Transforming core-for-system-modules.jar with JdkImageTransform
[        ] Custom actions are attached to task ':shared_preferences_android:compileDebugJavaWithJavac'.
[        ] Caching disabled for task ':shared_preferences_android:compileDebugJavaWithJavac' because:
[        ]   Build cache is disabled
[        ] Skipping task ':shared_preferences_android:compileDebugJavaWithJavac' as it is up-to-date.
[        ] No compile result for :shared_preferences_android:compileDebugJavaWithJavac
[        ] Resolve mutations for :shared_preferences_android:bundleLibCompileToJarDebug (Thread[#1832,Execution worker Thread 15,5,main]) started.
[        ] :shared_preferences_android:bundleLibCompileToJarDebug (Thread[#1832,Execution worker Thread 15,5,main]) started.
[        ] > Task :shared_preferences_android:bundleLibCompileToJarDebug UP-TO-DATE
[        ] Caching disabled for task ':shared_preferences_android:bundleLibCompileToJarDebug' because:
[        ]   Build cache is disabled
[        ]   Simple merging task
[        ] Skipping task ':shared_preferences_android:bundleLibCompileToJarDebug' as it is up-to-date.
[        ] work action resolve classes.jar (project :shared_preferences_android) (Thread[#1832,Execution worker Thread 15,5,main]) started.
[        ] Resolve mutations for :url_launcher_android:generateDebugBuildConfig (Thread[#1832,Execution worker Thread 15,5,main]) started.
[        ] :url_launcher_android:generateDebugBuildConfig (Thread[#1832,Execution worker Thread 15,5,main]) started.
[        ] > Task :url_launcher_android:generateDebugBuildConfig UP-TO-DATE
[        ] Caching disabled for task ':url_launcher_android:generateDebugBuildConfig' because:
[        ]   Build cache is disabled
[        ] Skipping task ':url_launcher_android:generateDebugBuildConfig' as it is up-to-date.
[        ] Resolve mutations for :url_launcher_android:javaPreCompileDebug (Thread[#1832,Execution worker Thread 15,5,main]) started.
[        ] :url_launcher_android:javaPreCompileDebug (Thread[#1832,Execution worker Thread 15,5,main]) started.
[        ] > Task :url_launcher_android:javaPreCompileDebug UP-TO-DATE
[        ] Caching disabled for task ':url_launcher_android:javaPreCompileDebug' because:
[        ]   Build cache is disabled
[        ] Skipping task ':url_launcher_android:javaPreCompileDebug' as it is up-to-date.
[        ] Resolve mutations for :url_launcher_android:compileDebugJavaWithJavac (Thread[#1819,Execution worker Thread 3,5,main]) started.
[        ] :url_launcher_android:compileDebugJavaWithJavac (Thread[#1819,Execution worker Thread 3,5,main]) started.
[        ] > Task :url_launcher_android:compileDebugJavaWithJavac UP-TO-DATE
[        ] Transforming flutter_embedding_debug-1.0.0-cf56914b326edb0ccb123ffdc60f00060bd513fa.jar (io.flutter:flutter_embedding_debug:1.0.0-cf56914b326edb0ccb123ffdc60f00060bd513fa) with JetifyTransform
[        ] Transforming flutter_embedding_debug-1.0.0-cf56914b326edb0ccb123ffdc60f00060bd513fa.jar (io.flutter:flutter_embedding_debug:1.0.0-cf56914b326edb0ccb123ffdc60f00060bd513fa) with IdentityTransform
[        ] Transforming browser-1.8.0.aar (androidx.browser:browser:1.8.0) with JetifyTransform
[        ] Transforming browser-1.8.0.aar (androidx.browser:browser:1.8.0) with AarToClassTransform
[        ] Transforming fragment-1.7.1.aar (androidx.fragment:fragment:1.7.1) with JetifyTransform
[        ] Transforming fragment-1.7.1.aar (androidx.fragment:fragment:1.7.1) with AarToClassTransform
[        ] Transforming activity-1.8.1.aar (androidx.activity:activity:1.8.1) with JetifyTransform
[        ] Transforming activity-1.8.1.aar (androidx.activity:activity:1.8.1) with AarToClassTransform
[        ] Transforming loader-1.0.0.aar (androidx.loader:loader:1.0.0) with JetifyTransform
[        ] Transforming loader-1.0.0.aar (androidx.loader:loader:1.0.0) with AarToClassTransform
[        ] Transforming lifecycle-livedata-core-ktx-2.7.0.aar (androidx.lifecycle:lifecycle-livedata-core-ktx:2.7.0) with JetifyTransform
[        ] Transforming lifecycle-livedata-core-ktx-2.7.0.aar (androidx.lifecycle:lifecycle-livedata-core-ktx:2.7.0) with AarToClassTransform
[        ] Transforming lifecycle-livedata-2.7.0.aar (androidx.lifecycle:lifecycle-livedata:2.7.0) with JetifyTransform
[        ] Transforming lifecycle-livedata-2.7.0.aar (androidx.lifecycle:lifecycle-livedata:2.7.0) with AarToClassTransform
[        ] Transforming lifecycle-viewmodel-2.7.0.aar (androidx.lifecycle:lifecycle-viewmodel:2.7.0) with JetifyTransform
[        ] Transforming lifecycle-viewmodel-2.7.0.aar (androidx.lifecycle:lifecycle-viewmodel:2.7.0) with AarToClassTransform
[        ] Transforming lifecycle-viewmodel-2.7.0.aar (androidx.lifecycle:lifecycle-viewmodel:2.7.0) with JetifyTransform
[        ] Transforming lifecycle-viewmodel-2.7.0.aar (androidx.lifecycle:lifecycle-viewmodel:2.7.0) with AarToClassTransform
[        ] Transforming lifecycle-livedata-core-2.7.0.aar (androidx.lifecycle:lifecycle-livedata-core:2.7.0) with JetifyTransform
[        ] Transforming lifecycle-livedata-core-2.7.0.aar (androidx.lifecycle:lifecycle-livedata-core:2.7.0) with AarToClassTransform
[        ] Transforming lifecycle-process-2.7.0.aar (androidx.lifecycle:lifecycle-process:2.7.0) with JetifyTransform
[        ] Transforming lifecycle-process-2.7.0.aar (androidx.lifecycle:lifecycle-process:2.7.0) with AarToClassTransform
[        ] Transforming lifecycle-common-java8-2.7.0.jar (androidx.lifecycle:lifecycle-common-java8:2.7.0) with JetifyTransform
[        ] Transforming lifecycle-common-java8-2.7.0.jar (androidx.lifecycle:lifecycle-common-java8:2.7.0) with IdentityTransform
[        ] Transforming lifecycle-common-2.7.0.jar (androidx.lifecycle:lifecycle-common:2.7.0) with JetifyTransform
[        ] Transforming lifecycle-common-2.7.0.jar (androidx.lifecycle:lifecycle-common:2.7.0) with IdentityTransform
[        ] Transforming lifecycle-runtime-2.7.0.aar (androidx.lifecycle:lifecycle-runtime:2.7.0) with JetifyTransform
[        ] Transforming lifecycle-runtime-2.7.0.aar (androidx.lifecycle:lifecycle-runtime:2.7.0) with AarToClassTransform
[        ] Transforming lifecycle-viewmodel-savedstate-2.7.0.aar (androidx.lifecycle:lifecycle-viewmodel-savedstate:2.7.0) with JetifyTransform
[        ] Transforming lifecycle-viewmodel-savedstate-2.7.0.aar (androidx.lifecycle:lifecycle-viewmodel-savedstate:2.7.0) with AarToClassTransform
[        ] Transforming core-ktx-1.13.1.aar (androidx.core:core-ktx:1.13.1) with JetifyTransform
[        ] Transforming core-ktx-1.13.1.aar (androidx.core:core-ktx:1.13.1) with AarToClassTransform
[        ] Transforming viewpager-1.0.0.aar (androidx.viewpager:viewpager:1.0.0) with JetifyTransform
[        ] Transforming viewpager-1.0.0.aar (androidx.viewpager:viewpager:1.0.0) with AarToClassTransform
[        ] Transforming customview-1.0.0.aar (androidx.customview:customview:1.0.0) with JetifyTransform
[        ] Transforming customview-1.0.0.aar (androidx.customview:customview:1.0.0) with AarToClassTransform
[        ] Transforming core-1.13.1.aar (androidx.core:core:1.13.1) with JetifyTransform
[        ] Transforming core-1.13.1.aar (androidx.core:core:1.13.1) with AarToClassTransform
[        ] Transforming core-1.13.1.aar (androidx.core:core:1.13.1) with JetifyTransform
[        ] Transforming core-1.13.1.aar (androidx.core:core:1.13.1) with AarToClassTransform
[        ] Transforming versionedparcelable-1.1.1.aar (androidx.versionedparcelable:versionedparcelable:1.1.1) with JetifyTransform
[        ] Transforming versionedparcelable-1.1.1.aar (androidx.versionedparcelable:versionedparcelable:1.1.1) with AarToClassTransform
[        ] Transforming core-runtime-2.2.0.aar (androidx.arch.core:core-runtime:2.2.0) with JetifyTransform
[        ] Transforming core-runtime-2.2.0.aar (androidx.arch.core:core-runtime:2.2.0) with AarToClassTransform
[        ] Transforming core-common-2.2.0.jar (androidx.arch.core:core-common:2.2.0) with JetifyTransform
[        ] Transforming core-common-2.2.0.jar (androidx.arch.core:core-common:2.2.0) with IdentityTransform
[        ] Transforming collection-1.1.0.jar (androidx.collection:collection:1.1.0) with JetifyTransform
[        ] Transforming collection-1.1.0.jar (androidx.collection:collection:1.1.0) with IdentityTransform
[        ] Transforming savedstate-1.2.1.aar (androidx.savedstate:savedstate:1.2.1) with JetifyTransform
[        ] Transforming savedstate-1.2.1.aar (androidx.savedstate:savedstate:1.2.1) with AarToClassTransform
[        ] Transforming annotation-jvm-1.9.1.jar (androidx.annotation:annotation-jvm:1.9.1) with JetifyTransform
[        ] Transforming annotation-jvm-1.9.1.jar (androidx.annotation:annotation-jvm:1.9.1) with IdentityTransform
[        ] Transforming window-1.2.0.aar (androidx.window:window:1.2.0) with JetifyTransform
[        ] Transforming window-1.2.0.aar (androidx.window:window:1.2.0) with AarToClassTransform
[        ] Transforming window-java-1.2.0.aar (androidx.window:window-java:1.2.0) with JetifyTransform
[        ] Transforming window-java-1.2.0.aar (androidx.window:window-java:1.2.0) with AarToClassTransform
[        ] Transforming annotation-experimental-1.4.0.aar (androidx.annotation:annotation-experimental:1.4.0) with JetifyTransform
[        ] Transforming annotation-experimental-1.4.0.aar (androidx.annotation:annotation-experimental:1.4.0) with AarToClassTransform
[        ] Transforming kotlinx-coroutines-android-1.7.1.jar (org.jetbrains.kotlinx:kotlinx-coroutines-android:1.7.1) with JetifyTransform
[        ] Transforming kotlinx-coroutines-android-1.7.1.jar (org.jetbrains.kotlinx:kotlinx-coroutines-android:1.7.1) with IdentityTransform
[        ] Transforming kotlinx-coroutines-core-jvm-1.7.1.jar (org.jetbrains.kotlinx:kotlinx-coroutines-core-jvm:1.7.1) with JetifyTransform
[        ] Transforming kotlinx-coroutines-core-jvm-1.7.1.jar (org.jetbrains.kotlinx:kotlinx-coroutines-core-jvm:1.7.1) with IdentityTransform
[        ] Transforming kotlin-stdlib-jdk8-1.8.20.jar (org.jetbrains.kotlin:kotlin-stdlib-jdk8:1.8.20) with JetifyTransform
[        ] Transforming kotlin-stdlib-jdk8-1.8.20.jar (org.jetbrains.kotlin:kotlin-stdlib-jdk8:1.8.20) with IdentityTransform
[        ] Transforming kotlin-stdlib-jdk7-1.8.20.jar (org.jetbrains.kotlin:kotlin-stdlib-jdk7:1.8.20) with JetifyTransform
[        ] Transforming kotlin-stdlib-jdk7-1.8.20.jar (org.jetbrains.kotlin:kotlin-stdlib-jdk7:1.8.20) with IdentityTransform
[        ] Transforming kotlin-stdlib-1.9.24.jar (org.jetbrains.kotlin:kotlin-stdlib:1.9.24) with JetifyTransform
[        ] Transforming kotlin-stdlib-1.9.24.jar (org.jetbrains.kotlin:kotlin-stdlib:1.9.24) with IdentityTransform
[        ] Transforming annotations-23.0.0.jar (org.jetbrains:annotations:23.0.0) with JetifyTransform
[        ] Transforming annotations-23.0.0.jar (org.jetbrains:annotations:23.0.0) with IdentityTransform
[        ] Transforming listenablefuture-1.0.jar (com.google.guava:listenablefuture:1.0) with JetifyTransform
[        ] Transforming listenablefuture-1.0.jar (com.google.guava:listenablefuture:1.0) with IdentityTransform
[        ] Transforming startup-runtime-1.1.1.aar (androidx.startup:startup-runtime:1.1.1) with JetifyTransform
[        ] Transforming startup-runtime-1.1.1.aar (androidx.startup:startup-runtime:1.1.1) with AarToClassTransform
[        ] Transforming tracing-1.2.0.aar (androidx.tracing:tracing:1.2.0) with JetifyTransform
[        ] Transforming tracing-1.2.0.aar (androidx.tracing:tracing:1.2.0) with AarToClassTransform
[        ] Transforming relinker-1.4.5.aar (com.getkeepsafe.relinker:relinker:1.4.5) with JetifyTransform
[        ] Transforming relinker-1.4.5.aar (com.getkeepsafe.relinker:relinker:1.4.5) with AarToClassTransform
[        ] Transforming core-for-system-modules.jar with JdkImageTransform
[        ] Transforming core-for-system-modules.jar with JdkImageTransform
[        ] Transforming core-for-system-modules.jar with JdkImageTransform
[        ] Transforming core-for-system-modules.jar with JdkImageTransform
[        ] Transforming core-for-system-modules.jar with JdkImageTransform
[        ] Transforming core-for-system-modules.jar with JdkImageTransform
[        ] Custom actions are attached to task ':url_launcher_android:compileDebugJavaWithJavac'.
[        ] Caching disabled for task ':url_launcher_android:compileDebugJavaWithJavac' because:
[        ]   Build cache is disabled
[        ] Skipping task ':url_launcher_android:compileDebugJavaWithJavac' as it is up-to-date.
[        ] No compile result for :url_launcher_android:compileDebugJavaWithJavac
[        ] Resolve mutations for :url_launcher_android:bundleLibCompileToJarDebug (Thread[#1819,Execution worker Thread 3,5,main]) started.
[        ] :url_launcher_android:bundleLibCompileToJarDebug (Thread[#1819,Execution worker Thread 3,5,main]) started.
[        ] > Task :url_launcher_android:bundleLibCompileToJarDebug UP-TO-DATE
[        ] Caching disabled for task ':url_launcher_android:bundleLibCompileToJarDebug' because:
[        ]   Build cache is disabled
[        ]   Simple merging task
[        ] Skipping task ':url_launcher_android:bundleLibCompileToJarDebug' as it is up-to-date.
[        ] work action resolve classes.jar (project :url_launcher_android) (Thread[#1819,Execution worker Thread 3,5,main]) started.
[        ] Resolve mutations for :webview_flutter_android:compileDebugKotlin (Thread[#1819,Execution worker Thread 3,5,main]) started.
[        ] :webview_flutter_android:compileDebugKotlin (Thread[#1819,Execution worker Thread 3,5,main]) started.
[        ] > Task :webview_flutter_android:compileDebugKotlin UP-TO-DATE
[        ] Transforming kotlin-stdlib-jdk7-1.8.22.jar (org.jetbrains.kotlin:kotlin-stdlib-jdk7:1.8.22) with JetifyTransform
[        ] Transforming kotlin-stdlib-jdk7-1.8.22.jar (org.jetbrains.kotlin:kotlin-stdlib-jdk7:1.8.22) with IdentityTransform
[        ] Transforming flutter_embedding_debug-1.0.0-cf56914b326edb0ccb123ffdc60f00060bd513fa.jar (io.flutter:flutter_embedding_debug:1.0.0-cf56914b326edb0ccb123ffdc60f00060bd513fa) with JetifyTransform
[        ] Transforming flutter_embedding_debug-1.0.0-cf56914b326edb0ccb123ffdc60f00060bd513fa.jar (io.flutter:flutter_embedding_debug:1.0.0-cf56914b326edb0ccb123ffdc60f00060bd513fa) with IdentityTransform
[        ] Transforming fragment-1.7.1.aar (androidx.fragment:fragment:1.7.1) with JetifyTransform
[        ] Transforming fragment-1.7.1.aar (androidx.fragment:fragment:1.7.1) with AarToClassTransform
[        ] Transforming webkit-1.12.1.aar (androidx.webkit:webkit:1.12.1) with JetifyTransform
[        ] Transforming webkit-1.12.1.aar (androidx.webkit:webkit:1.12.1) with AarToClassTransform
[        ] Transforming activity-1.8.1.aar (androidx.activity:activity:1.8.1) with JetifyTransform
[        ] Transforming activity-1.8.1.aar (androidx.activity:activity:1.8.1) with AarToClassTransform
[        ] Transforming loader-1.0.0.aar (androidx.loader:loader:1.0.0) with JetifyTransform
[        ] Transforming loader-1.0.0.aar (androidx.loader:loader:1.0.0) with AarToClassTransform
[        ] Transforming lifecycle-livedata-core-ktx-2.7.0.aar (androidx.lifecycle:lifecycle-livedata-core-ktx:2.7.0) with JetifyTransform
[        ] Transforming lifecycle-livedata-core-ktx-2.7.0.aar (androidx.lifecycle:lifecycle-livedata-core-ktx:2.7.0) with AarToClassTransform
[        ] Transforming lifecycle-livedata-2.7.0.aar (androidx.lifecycle:lifecycle-livedata:2.7.0) with JetifyTransform
[        ] Transforming lifecycle-livedata-2.7.0.aar (androidx.lifecycle:lifecycle-livedata:2.7.0) with AarToClassTransform
[        ] Transforming lifecycle-viewmodel-2.7.0.aar (androidx.lifecycle:lifecycle-viewmodel:2.7.0) with JetifyTransform
[        ] Transforming lifecycle-viewmodel-2.7.0.aar (androidx.lifecycle:lifecycle-viewmodel:2.7.0) with AarToClassTransform
[        ] Transforming lifecycle-viewmodel-2.7.0.aar (androidx.lifecycle:lifecycle-viewmodel:2.7.0) with JetifyTransform
[        ] Transforming lifecycle-viewmodel-2.7.0.aar (androidx.lifecycle:lifecycle-viewmodel:2.7.0) with AarToClassTransform
[        ] Transforming lifecycle-livedata-core-2.7.0.aar (androidx.lifecycle:lifecycle-livedata-core:2.7.0) with JetifyTransform
[        ] Transforming lifecycle-livedata-core-2.7.0.aar (androidx.lifecycle:lifecycle-livedata-core:2.7.0) with AarToClassTransform
[        ] Transforming lifecycle-viewmodel-savedstate-2.7.0.aar (androidx.lifecycle:lifecycle-viewmodel-savedstate:2.7.0) with JetifyTransform
[        ] Transforming lifecycle-viewmodel-savedstate-2.7.0.aar (androidx.lifecycle:lifecycle-viewmodel-savedstate:2.7.0) with AarToClassTransform
[        ] Transforming core-ktx-1.13.1.aar (androidx.core:core-ktx:1.13.1) with JetifyTransform
[        ] Transforming core-ktx-1.13.1.aar (androidx.core:core-ktx:1.13.1) with AarToClassTransform
[        ] Transforming viewpager-1.0.0.aar (androidx.viewpager:viewpager:1.0.0) with JetifyTransform
[        ] Transforming viewpager-1.0.0.aar (androidx.viewpager:viewpager:1.0.0) with AarToClassTransform
[        ] Transforming customview-1.0.0.aar (androidx.customview:customview:1.0.0) with JetifyTransform
[        ] Transforming customview-1.0.0.aar (androidx.customview:customview:1.0.0) with AarToClassTransform
[        ] Transforming core-1.13.1.aar (androidx.core:core:1.13.1) with JetifyTransform
[        ] Transforming core-1.13.1.aar (androidx.core:core:1.13.1) with AarToClassTransform
[        ] Transforming core-1.13.1.aar (androidx.core:core:1.13.1) with JetifyTransform
[        ] Transforming core-1.13.1.aar (androidx.core:core:1.13.1) with AarToClassTransform
[        ] Transforming lifecycle-runtime-2.7.0.aar (androidx.lifecycle:lifecycle-runtime:2.7.0) with JetifyTransform
[        ] Transforming lifecycle-runtime-2.7.0.aar (androidx.lifecycle:lifecycle-runtime:2.7.0) with AarToClassTransform
[        ] Transforming lifecycle-process-2.7.0.aar (androidx.lifecycle:lifecycle-process:2.7.0) with JetifyTransform
[        ] Transforming lifecycle-process-2.7.0.aar (androidx.lifecycle:lifecycle-process:2.7.0) with AarToClassTransform
[        ] Transforming lifecycle-common-java8-2.7.0.jar (androidx.lifecycle:lifecycle-common-java8:2.7.0) with JetifyTransform
[        ] Transforming lifecycle-common-java8-2.7.0.jar (androidx.lifecycle:lifecycle-common-java8:2.7.0) with IdentityTransform
[        ] Transforming lifecycle-common-2.7.0.jar (androidx.lifecycle:lifecycle-common:2.7.0) with JetifyTransform
[        ] Transforming lifecycle-common-2.7.0.jar (androidx.lifecycle:lifecycle-common:2.7.0) with IdentityTransform
[        ] Transforming window-1.2.0.aar (androidx.window:window:1.2.0) with JetifyTransform
[        ] Transforming window-1.2.0.aar (androidx.window:window:1.2.0) with AarToClassTransform
[        ] Transforming window-java-1.2.0.aar (androidx.window:window-java:1.2.0) with JetifyTransform
[        ] Transforming window-java-1.2.0.aar (androidx.window:window-java:1.2.0) with AarToClassTransform
[        ] Transforming core-runtime-2.2.0.aar (androidx.arch.core:core-runtime:2.2.0) with JetifyTransform
[        ] Transforming core-runtime-2.2.0.aar (androidx.arch.core:core-runtime:2.2.0) with AarToClassTransform
[        ] Transforming core-common-2.2.0.jar (androidx.arch.core:core-common:2.2.0) with JetifyTransform
[        ] Transforming core-common-2.2.0.jar (androidx.arch.core:core-common:2.2.0) with IdentityTransform
[        ] Transforming versionedparcelable-1.1.1.aar (androidx.versionedparcelable:versionedparcelable:1.1.1) with JetifyTransform
[        ] Transforming versionedparcelable-1.1.1.aar (androidx.versionedparcelable:versionedparcelable:1.1.1) with AarToClassTransform
[        ] Transforming collection-1.1.0.jar (androidx.collection:collection:1.1.0) with JetifyTransform
[        ] Transforming collection-1.1.0.jar (androidx.collection:collection:1.1.0) with IdentityTransform
[        ] Transforming savedstate-1.2.1.aar (androidx.savedstate:savedstate:1.2.1) with JetifyTransform
[        ] Transforming savedstate-1.2.1.aar (androidx.savedstate:savedstate:1.2.1) with AarToClassTransform
[        ] Transforming annotation-jvm-1.9.1.jar (androidx.annotation:annotation-jvm:1.9.1) with JetifyTransform
[        ] Transforming annotation-jvm-1.9.1.jar (androidx.annotation:annotation-jvm:1.9.1) with IdentityTransform
[        ] Transforming annotation-experimental-1.4.1.aar (androidx.annotation:annotation-experimental:1.4.1) with JetifyTransform
[        ] Transforming annotation-experimental-1.4.1.aar (androidx.annotation:annotation-experimental:1.4.1) with AarToClassTransform
[        ] Transforming kotlinx-coroutines-android-1.7.1.jar (org.jetbrains.kotlinx:kotlinx-coroutines-android:1.7.1) with JetifyTransform
[        ] Transforming kotlinx-coroutines-android-1.7.1.jar (org.jetbrains.kotlinx:kotlinx-coroutines-android:1.7.1) with IdentityTransform
[        ] Transforming kotlinx-coroutines-core-jvm-1.7.1.jar (org.jetbrains.kotlinx:kotlinx-coroutines-core-jvm:1.7.1) with JetifyTransform
[        ] Transforming kotlinx-coroutines-core-jvm-1.7.1.jar (org.jetbrains.kotlinx:kotlinx-coroutines-core-jvm:1.7.1) with IdentityTransform
[        ] Transforming kotlin-stdlib-1.9.24.jar (org.jetbrains.kotlin:kotlin-stdlib:1.9.24) with JetifyTransform
[        ] Transforming kotlin-stdlib-1.9.24.jar (org.jetbrains.kotlin:kotlin-stdlib:1.9.24) with IdentityTransform
[        ] Transforming kotlin-stdlib-jdk8-1.8.22.jar (org.jetbrains.kotlin:kotlin-stdlib-jdk8:1.8.22) with JetifyTransform
[        ] Transforming kotlin-stdlib-jdk8-1.8.22.jar (org.jetbrains.kotlin:kotlin-stdlib-jdk8:1.8.22) with IdentityTransform
[        ] Transforming annotations-23.0.0.jar (org.jetbrains:annotations:23.0.0) with JetifyTransform
[        ] Transforming annotations-23.0.0.jar (org.jetbrains:annotations:23.0.0) with IdentityTransform
[        ] Transforming startup-runtime-1.1.1.aar (androidx.startup:startup-runtime:1.1.1) with JetifyTransform
[        ] Transforming startup-runtime-1.1.1.aar (androidx.startup:startup-runtime:1.1.1) with AarToClassTransform
[        ] Transforming tracing-1.2.0.aar (androidx.tracing:tracing:1.2.0) with JetifyTransform
[        ] Transforming tracing-1.2.0.aar (androidx.tracing:tracing:1.2.0) with AarToClassTransform
[        ] Transforming relinker-1.4.5.aar (com.getkeepsafe.relinker:relinker:1.4.5) with JetifyTransform
[        ] Transforming relinker-1.4.5.aar (com.getkeepsafe.relinker:relinker:1.4.5) with AarToClassTransform
[        ] Transforming R.jar with ClasspathEntrySnapshotTransform
[        ] Transforming jetified-kotlin-stdlib-jdk7-1.8.22.jar with ClasspathEntrySnapshotTransform
[        ] Transforming jetified-flutter_embedding_debug-1.0.0-cf56914b326edb0ccb123ffdc60f00060bd513fa.jar with ClasspathEntrySnapshotTransform
[        ] Transforming fragment-1.7.1-api.jar with ClasspathEntrySnapshotTransform
[        ] Transforming webkit-1.12.1-api.jar with ClasspathEntrySnapshotTransform
[        ] Transforming jetified-activity-1.8.1-api.jar with ClasspathEntrySnapshotTransform
[        ] Transforming loader-1.0.0-api.jar with ClasspathEntrySnapshotTransform
[        ] Transforming jetified-lifecycle-livedata-core-ktx-2.7.0-api.jar with ClasspathEntrySnapshotTransform
[        ] Transforming lifecycle-livedata-2.7.0-api.jar with ClasspathEntrySnapshotTransform
[        ] Transforming lifecycle-viewmodel-2.7.0-api.jar with ClasspathEntrySnapshotTransform
[        ] Transforming lifecycle-livedata-core-2.7.0-api.jar with ClasspathEntrySnapshotTransform
[        ] Transforming jetified-lifecycle-viewmodel-savedstate-2.7.0-api.jar with ClasspathEntrySnapshotTransform
[        ] Transforming jetified-core-ktx-1.13.1-api.jar with ClasspathEntrySnapshotTransform
[        ] Transforming viewpager-1.0.0-api.jar with ClasspathEntrySnapshotTransform
[        ] Transforming customview-1.0.0-api.jar with ClasspathEntrySnapshotTransform
[        ] Transforming core-1.13.1-api.jar with ClasspathEntrySnapshotTransform
[        ] Transforming lifecycle-runtime-2.7.0-api.jar with ClasspathEntrySnapshotTransform
[        ] Transforming jetified-lifecycle-process-2.7.0-api.jar with ClasspathEntrySnapshotTransform
[        ] Transforming lifecycle-common-java8-2.7.0.jar with ClasspathEntrySnapshotTransform
[        ] Transforming lifecycle-common-2.7.0.jar with ClasspathEntrySnapshotTransform
[        ] Transforming jetified-window-1.2.0-api.jar with ClasspathEntrySnapshotTransform
[        ] Transforming jetified-window-java-1.2.0-api.jar with ClasspathEntrySnapshotTransform
[        ] Transforming core-runtime-2.2.0-api.jar with ClasspathEntrySnapshotTransform
[        ] Transforming core-common-2.2.0.jar with ClasspathEntrySnapshotTransform
[        ] Transforming versionedparcelable-1.1.1-api.jar with ClasspathEntrySnapshotTransform
[        ] Transforming collection-1.1.0.jar with ClasspathEntrySnapshotTransform
[        ] Transforming jetified-savedstate-1.2.1-api.jar with ClasspathEntrySnapshotTransform
[        ] Transforming jetified-annotation-jvm-1.9.1.jar with ClasspathEntrySnapshotTransform
[        ] Transforming jetified-annotation-experimental-1.4.1-api.jar with ClasspathEntrySnapshotTransform
[        ] Transforming jetified-kotlinx-coroutines-android-1.7.1.jar with ClasspathEntrySnapshotTransform
[        ] Transforming jetified-kotlinx-coroutines-core-jvm-1.7.1.jar with ClasspathEntrySnapshotTransform
[        ] Transforming jetified-kotlin-stdlib-1.9.24.jar with ClasspathEntrySnapshotTransform
[        ] Transforming jetified-kotlin-stdlib-jdk8-1.8.22.jar with ClasspathEntrySnapshotTransform
[        ] Transforming jetified-annotations-23.0.0.jar with ClasspathEntrySnapshotTransform
[        ] Transforming jetified-startup-runtime-1.1.1-api.jar with ClasspathEntrySnapshotTransform
[        ] Transforming jetified-tracing-1.2.0-api.jar with ClasspathEntrySnapshotTransform
[        ] Transforming jetified-relinker-1.4.5-api.jar with ClasspathEntrySnapshotTransform
[        ] Transforming android.jar with ClasspathEntrySnapshotTransform
[        ] Transforming core-lambda-stubs.jar with ClasspathEntrySnapshotTransform
[        ] Caching disabled for task ':webview_flutter_android:compileDebugKotlin' because:
[        ]   Build cache is disabled
[        ] Skipping task ':webview_flutter_android:compileDebugKotlin' as it is up-to-date.
[        ] Resolve mutations for :webview_flutter_android:javaPreCompileDebug (Thread[#1819,Execution worker Thread 3,5,main]) started.
[        ] :webview_flutter_android:javaPreCompileDebug (Thread[#1819,Execution worker Thread 3,5,main]) started.
[        ] > Task :webview_flutter_android:javaPreCompileDebug UP-TO-DATE
[        ] Caching disabled for task ':webview_flutter_android:javaPreCompileDebug' because:
[        ]   Build cache is disabled
[        ] Skipping task ':webview_flutter_android:javaPreCompileDebug' as it is up-to-date.
[        ] Resolve mutations for :webview_flutter_android:compileDebugJavaWithJavac (Thread[#1819,Execution worker Thread 3,5,main]) started.
[        ] :webview_flutter_android:compileDebugJavaWithJavac (Thread[#1819,Execution worker Thread 3,5,main]) started.
[        ] > Task :webview_flutter_android:compileDebugJavaWithJavac UP-TO-DATE
[        ] Transforming core-for-system-modules.jar with JdkImageTransform
[        ] Transforming core-for-system-modules.jar with JdkImageTransform
[        ] Transforming core-for-system-modules.jar with JdkImageTransform
[        ] Transforming core-for-system-modules.jar with JdkImageTransform
[        ] Transforming core-for-system-modules.jar with JdkImageTransform
[        ] Transforming core-for-system-modules.jar with JdkImageTransform
[        ] Custom actions are attached to task ':webview_flutter_android:compileDebugJavaWithJavac'.
[        ] Caching disabled for task ':webview_flutter_android:compileDebugJavaWithJavac' because:
[        ]   Build cache is disabled
[        ] Skipping task ':webview_flutter_android:compileDebugJavaWithJavac' as it is up-to-date.
[        ] No compile result for :webview_flutter_android:compileDebugJavaWithJavac
[        ] Resolve mutations for :webview_flutter_android:bundleLibCompileToJarDebug (Thread[#1819,Execution worker Thread 3,5,main]) started.
[        ] :webview_flutter_android:bundleLibCompileToJarDebug (Thread[#1819,Execution worker Thread 3,5,main]) started.
[        ] > Task :webview_flutter_android:bundleLibCompileToJarDebug UP-TO-DATE
[        ] Caching disabled for task ':webview_flutter_android:bundleLibCompileToJarDebug' because:
[        ]   Build cache is disabled
[        ]   Simple merging task
[        ] Skipping task ':webview_flutter_android:bundleLibCompileToJarDebug' as it is up-to-date.
[        ] work action resolve classes.jar (project :webview_flutter_android) (Thread[#1819,Execution worker Thread 3,5,main]) started.
[        ] Resolve mutations for :app:compileDebugKotlin (Thread[#1819,Execution worker Thread 3,5,main]) started.
[        ] :app:compileDebugKotlin (Thread[#1819,Execution worker Thread 3,5,main]) started.
[        ] > Task :app:compileDebugKotlin UP-TO-DATE
[        ] Transforming libs.jar with JetifyTransform
[        ] Transforming libs.jar with IdentityTransform
[        ] Transforming kotlin-stdlib-jdk7-1.8.22.jar (org.jetbrains.kotlin:kotlin-stdlib-jdk7:1.8.22) with JetifyTransform
[        ] Transforming kotlin-stdlib-jdk7-1.8.22.jar (org.jetbrains.kotlin:kotlin-stdlib-jdk7:1.8.22) with IdentityTransform
[        ] Transforming flutter_embedding_debug-1.0.0-cf56914b326edb0ccb123ffdc60f00060bd513fa.jar (io.flutter:flutter_embedding_debug:1.0.0-cf56914b326edb0ccb123ffdc60f00060bd513fa) with JetifyTransform
[        ] Transforming flutter_embedding_debug-1.0.0-cf56914b326edb0ccb123ffdc60f00060bd513fa.jar (io.flutter:flutter_embedding_debug:1.0.0-cf56914b326edb0ccb123ffdc60f00060bd513fa) with IdentityTransform
[        ] Transforming fragment-1.7.1.aar (androidx.fragment:fragment:1.7.1) with JetifyTransform
[        ] Transforming fragment-1.7.1.aar (androidx.fragment:fragment:1.7.1) with AarToClassTransform
[        ] Transforming activity-1.8.1.aar (androidx.activity:activity:1.8.1) with JetifyTransform
[        ] Transforming activity-1.8.1.aar (androidx.activity:activity:1.8.1) with AarToClassTransform
[        ] Transforming loader-1.0.0.aar (androidx.loader:loader:1.0.0) with JetifyTransform
[        ] Transforming loader-1.0.0.aar (androidx.loader:loader:1.0.0) with AarToClassTransform
[        ] Transforming lifecycle-livedata-core-ktx-2.7.0.aar (androidx.lifecycle:lifecycle-livedata-core-ktx:2.7.0) with JetifyTransform
[        ] Transforming lifecycle-livedata-core-ktx-2.7.0.aar (androidx.lifecycle:lifecycle-livedata-core-ktx:2.7.0) with AarToClassTransform
[        ] Transforming lifecycle-livedata-2.7.0.aar (androidx.lifecycle:lifecycle-livedata:2.7.0) with JetifyTransform
[        ] Transforming lifecycle-livedata-2.7.0.aar (androidx.lifecycle:lifecycle-livedata:2.7.0) with AarToClassTransform
[        ] Transforming lifecycle-viewmodel-2.7.0.aar (androidx.lifecycle:lifecycle-viewmodel:2.7.0) with JetifyTransform
[        ] Transforming lifecycle-viewmodel-2.7.0.aar (androidx.lifecycle:lifecycle-viewmodel:2.7.0) with AarToClassTransform
[        ] Transforming lifecycle-viewmodel-2.7.0.aar (androidx.lifecycle:lifecycle-viewmodel:2.7.0) with JetifyTransform
[        ] Transforming lifecycle-viewmodel-2.7.0.aar (androidx.lifecycle:lifecycle-viewmodel:2.7.0) with AarToClassTransform
[        ] Transforming lifecycle-livedata-core-2.7.0.aar (androidx.lifecycle:lifecycle-livedata-core:2.7.0) with JetifyTransform
[        ] Transforming lifecycle-livedata-core-2.7.0.aar (androidx.lifecycle:lifecycle-livedata-core:2.7.0) with AarToClassTransform
[        ] Transforming lifecycle-viewmodel-savedstate-2.7.0.aar (androidx.lifecycle:lifecycle-viewmodel-savedstate:2.7.0) with JetifyTransform
[        ] Transforming lifecycle-viewmodel-savedstate-2.7.0.aar (androidx.lifecycle:lifecycle-viewmodel-savedstate:2.7.0) with AarToClassTransform
[        ] Transforming core-ktx-1.13.1.aar (androidx.core:core-ktx:1.13.1) with JetifyTransform
[        ] Transforming core-ktx-1.13.1.aar (androidx.core:core-ktx:1.13.1) with AarToClassTransform
[        ] Transforming viewpager-1.0.0.aar (androidx.viewpager:viewpager:1.0.0) with JetifyTransform
[        ] Transforming viewpager-1.0.0.aar (androidx.viewpager:viewpager:1.0.0) with AarToClassTransform
[        ] Transforming customview-1.1.0.aar (androidx.customview:customview:1.1.0) with JetifyTransform
[        ] Transforming customview-1.1.0.aar (androidx.customview:customview:1.1.0) with AarToClassTransform
[        ] Transforming core-1.13.1.aar (androidx.core:core:1.13.1) with JetifyTransform
[        ] Transforming core-1.13.1.aar (androidx.core:core:1.13.1) with AarToClassTransform
[        ] Transforming core-1.13.1.aar (androidx.core:core:1.13.1) with JetifyTransform
[        ] Transforming core-1.13.1.aar (androidx.core:core:1.13.1) with AarToClassTransform
[        ] Transforming lifecycle-runtime-2.7.0.aar (androidx.lifecycle:lifecycle-runtime:2.7.0) with JetifyTransform
[        ] Transforming lifecycle-runtime-2.7.0.aar (androidx.lifecycle:lifecycle-runtime:2.7.0) with AarToClassTransform
[        ] Transforming lifecycle-process-2.7.0.aar (androidx.lifecycle:lifecycle-process:2.7.0) with JetifyTransform
[        ] Transforming lifecycle-process-2.7.0.aar (androidx.lifecycle:lifecycle-process:2.7.0) with AarToClassTransform
[        ] Transforming lifecycle-common-java8-2.7.0.jar (androidx.lifecycle:lifecycle-common-java8:2.7.0) with JetifyTransform
[        ] Transforming lifecycle-common-java8-2.7.0.jar (androidx.lifecycle:lifecycle-common-java8:2.7.0) with IdentityTransform
[        ] Transforming lifecycle-common-2.7.0.jar (androidx.lifecycle:lifecycle-common:2.7.0) with JetifyTransform
[        ] Transforming lifecycle-common-2.7.0.jar (androidx.lifecycle:lifecycle-common:2.7.0) with IdentityTransform
[        ] Transforming window-1.2.0.aar (androidx.window:window:1.2.0) with JetifyTransform
[        ] Transforming window-1.2.0.aar (androidx.window:window:1.2.0) with AarToClassTransform
[        ] Transforming window-java-1.2.0.aar (androidx.window:window-java:1.2.0) with JetifyTransform
[        ] Transforming window-java-1.2.0.aar (androidx.window:window-java:1.2.0) with AarToClassTransform
[        ] Transforming annotation-experimental-1.4.1.aar (androidx.annotation:annotation-experimental:1.4.1) with JetifyTransform
[        ] Transforming annotation-experimental-1.4.1.aar (androidx.annotation:annotation-experimental:1.4.1) with AarToClassTransform
[        ] Transforming savedstate-1.2.1.aar (androidx.savedstate:savedstate:1.2.1) with JetifyTransform
[        ] Transforming savedstate-1.2.1.aar (androidx.savedstate:savedstate:1.2.1) with AarToClassTransform
[        ] Transforming core-runtime-2.2.0.aar (androidx.arch.core:core-runtime:2.2.0) with JetifyTransform
[        ] Transforming core-runtime-2.2.0.aar (androidx.arch.core:core-runtime:2.2.0) with AarToClassTransform
[        ] Transforming core-common-2.2.0.jar (androidx.arch.core:core-common:2.2.0) with JetifyTransform
[        ] Transforming core-common-2.2.0.jar (androidx.arch.core:core-common:2.2.0) with IdentityTransform
[        ] Transforming versionedparcelable-1.1.1.aar (androidx.versionedparcelable:versionedparcelable:1.1.1) with JetifyTransform
[        ] Transforming versionedparcelable-1.1.1.aar (androidx.versionedparcelable:versionedparcelable:1.1.1) with AarToClassTransform
[        ] Transforming collection-1.1.0.jar (androidx.collection:collection:1.1.0) with JetifyTransform
[        ] Transforming collection-1.1.0.jar (androidx.collection:collection:1.1.0) with IdentityTransform
[        ] Transforming annotation-jvm-1.9.1.jar (androidx.annotation:annotation-jvm:1.9.1) with JetifyTransform
[        ] Transforming annotation-jvm-1.9.1.jar (androidx.annotation:annotation-jvm:1.9.1) with IdentityTransform
[        ] Transforming kotlinx-coroutines-android-1.7.3.jar (org.jetbrains.kotlinx:kotlinx-coroutines-android:1.7.3) with JetifyTransform
[        ] Transforming kotlinx-coroutines-android-1.7.3.jar (org.jetbrains.kotlinx:kotlinx-coroutines-android:1.7.3) with IdentityTransform
[        ] Transforming kotlinx-coroutines-core-jvm-1.7.3.jar (org.jetbrains.kotlinx:kotlinx-coroutines-core-jvm:1.7.3) with JetifyTransform
[        ] Transforming kotlinx-coroutines-core-jvm-1.7.3.jar (org.jetbrains.kotlinx:kotlinx-coroutines-core-jvm:1.7.3) with IdentityTransform
[        ] Transforming kotlin-stdlib-1.9.24.jar (org.jetbrains.kotlin:kotlin-stdlib:1.9.24) with JetifyTransform
[        ] Transforming kotlin-stdlib-1.9.24.jar (org.jetbrains.kotlin:kotlin-stdlib:1.9.24) with IdentityTransform
[        ] Transforming kotlin-stdlib-jdk8-1.8.22.jar (org.jetbrains.kotlin:kotlin-stdlib-jdk8:1.8.22) with JetifyTransform
[        ] Transforming kotlin-stdlib-jdk8-1.8.22.jar (org.jetbrains.kotlin:kotlin-stdlib-jdk8:1.8.22) with IdentityTransform
[        ] Transforming annotations-23.0.0.jar (org.jetbrains:annotations:23.0.0) with JetifyTransform
[        ] Transforming annotations-23.0.0.jar (org.jetbrains:annotations:23.0.0) with IdentityTransform
[        ] Transforming startup-runtime-1.1.1.aar (androidx.startup:startup-runtime:1.1.1) with JetifyTransform
[        ] Transforming startup-runtime-1.1.1.aar (androidx.startup:startup-runtime:1.1.1) with AarToClassTransform
[        ] Transforming tracing-1.2.0.aar (androidx.tracing:tracing:1.2.0) with JetifyTransform
[        ] Transforming tracing-1.2.0.aar (androidx.tracing:tracing:1.2.0) with AarToClassTransform
[        ] Transforming relinker-1.4.5.aar (com.getkeepsafe.relinker:relinker:1.4.5) with JetifyTransform
[        ] Transforming relinker-1.4.5.aar (com.getkeepsafe.relinker:relinker:1.4.5) with AarToClassTransform
[        ] Transforming x86_64_debug-1.0.0-cf56914b326edb0ccb123ffdc60f00060bd513fa.jar (io.flutter:x86_64_debug:1.0.0-cf56914b326edb0ccb123ffdc60f00060bd513fa) with JetifyTransform
[        ] Transforming x86_64_debug-1.0.0-cf56914b326edb0ccb123ffdc60f00060bd513fa.jar (io.flutter:x86_64_debug:1.0.0-cf56914b326edb0ccb123ffdc60f00060bd513fa) with IdentityTransform
[        ] Transforming R.jar with ClasspathEntrySnapshotTransform
[        ] Transforming jetified-libs.jar with ClasspathEntrySnapshotTransform
[        ] Transforming classes.jar with ClasspathEntrySnapshotTransform
[        ] Transforming classes.jar with ClasspathEntrySnapshotTransform
[        ] Transforming jetified-kotlin-stdlib-jdk7-1.8.22.jar with ClasspathEntrySnapshotTransform
[        ] Transforming classes.jar with ClasspathEntrySnapshotTransform
[        ] Transforming classes.jar with ClasspathEntrySnapshotTransform
[        ] Transforming classes.jar with ClasspathEntrySnapshotTransform
[        ] Transforming classes.jar with ClasspathEntrySnapshotTransform
[        ] Transforming jetified-flutter_embedding_debug-1.0.0-cf56914b326edb0ccb123ffdc60f00060bd513fa.jar with ClasspathEntrySnapshotTransform
[        ] Transforming fragment-1.7.1-api.jar with ClasspathEntrySnapshotTransform
[        ] Transforming jetified-activity-1.8.1-api.jar with ClasspathEntrySnapshotTransform
[        ] Transforming loader-1.0.0-api.jar with ClasspathEntrySnapshotTransform
[        ] Transforming jetified-lifecycle-livedata-core-ktx-2.7.0-api.jar with ClasspathEntrySnapshotTransform
[        ] Transforming lifecycle-livedata-2.7.0-api.jar with ClasspathEntrySnapshotTransform
[        ] Transforming lifecycle-viewmodel-2.7.0-api.jar with ClasspathEntrySnapshotTransform
[        ] Transforming lifecycle-livedata-core-2.7.0-api.jar with ClasspathEntrySnapshotTransform
[        ] Transforming jetified-lifecycle-viewmodel-savedstate-2.7.0-api.jar with ClasspathEntrySnapshotTransform
[        ] Transforming jetified-core-ktx-1.13.1-api.jar with ClasspathEntrySnapshotTransform
[        ] Transforming viewpager-1.0.0-api.jar with ClasspathEntrySnapshotTransform
[        ] Transforming customview-1.1.0-api.jar with ClasspathEntrySnapshotTransform
[        ] Transforming core-1.13.1-api.jar with ClasspathEntrySnapshotTransform
[        ] Transforming lifecycle-runtime-2.7.0-api.jar with ClasspathEntrySnapshotTransform
[        ] Transforming jetified-lifecycle-process-2.7.0-api.jar with ClasspathEntrySnapshotTransform
[        ] Transforming lifecycle-common-java8-2.7.0.jar with ClasspathEntrySnapshotTransform
[        ] Transforming lifecycle-common-2.7.0.jar with ClasspathEntrySnapshotTransform
[        ] Transforming jetified-window-1.2.0-api.jar with ClasspathEntrySnapshotTransform
[        ] Transforming jetified-window-java-1.2.0-api.jar with ClasspathEntrySnapshotTransform
[        ] Transforming jetified-annotation-experimental-1.4.1-api.jar with ClasspathEntrySnapshotTransform
[        ] Transforming jetified-savedstate-1.2.1-api.jar with ClasspathEntrySnapshotTransform
[        ] Transforming core-runtime-2.2.0-api.jar with ClasspathEntrySnapshotTransform
[        ] Transforming core-common-2.2.0.jar with ClasspathEntrySnapshotTransform
[        ] Transforming versionedparcelable-1.1.1-api.jar with ClasspathEntrySnapshotTransform
[        ] Transforming collection-1.1.0.jar with ClasspathEntrySnapshotTransform
[        ] Transforming jetified-annotation-jvm-1.9.1.jar with ClasspathEntrySnapshotTransform
[        ] Transforming jetified-kotlinx-coroutines-android-1.7.3.jar with ClasspathEntrySnapshotTransform
[        ] Transforming jetified-kotlinx-coroutines-core-jvm-1.7.3.jar with ClasspathEntrySnapshotTransform
[        ] Transforming jetified-kotlin-stdlib-1.9.24.jar with ClasspathEntrySnapshotTransform
[        ] Transforming jetified-kotlin-stdlib-jdk8-1.8.22.jar with ClasspathEntrySnapshotTransform
[        ] Transforming jetified-x86_64_debug-1.0.0-cf56914b326edb0ccb123ffdc60f00060bd513fa.jar with ClasspathEntrySnapshotTransform
[        ] Transforming jetified-annotations-23.0.0.jar with ClasspathEntrySnapshotTransform
[        ] Transforming jetified-startup-runtime-1.1.1-api.jar with ClasspathEntrySnapshotTransform
[        ] Transforming jetified-tracing-1.2.0-api.jar with ClasspathEntrySnapshotTransform
[        ] Transforming jetified-relinker-1.4.5-api.jar with ClasspathEntrySnapshotTransform
[        ] Transforming android.jar with ClasspathEntrySnapshotTransform
[        ] Transforming core-lambda-stubs.jar with ClasspathEntrySnapshotTransform
[        ] Registered task dependencies: app:kotlinCompilerClasspath
[        ] Starting dependency analysis
[        ] Registered task dependencies: app:kotlinCompilerPluginClasspathDebug
[        ] Starting dependency analysis
[        ] Caching disabled for task ':app:compileDebugKotlin' because:
[        ]   Build cache is disabled
[        ] Skipping task ':app:compileDebugKotlin' as it is up-to-date.
[        ] Resolve mutations for :app:javaPreCompileDebug (Thread[#1819,Execution worker Thread 3,5,main]) started.
[        ] :app:javaPreCompileDebug (Thread[#1819,Execution worker Thread 3,5,main]) started.
[        ] > Task :app:javaPreCompileDebug UP-TO-DATE
[        ] Caching disabled for task ':app:javaPreCompileDebug' because:
[        ]   Build cache is disabled
[        ] Skipping task ':app:javaPreCompileDebug' as it is up-to-date.
[        ] Resolve mutations for :app:compileDebugJavaWithJavac (Thread[#1819,Execution worker Thread 3,5,main]) started.
[        ] :app:compileDebugJavaWithJavac (Thread[#1819,Execution worker Thread 3,5,main]) started.
[        ] > Task :app:compileDebugJavaWithJavac UP-TO-DATE
[        ] Transforming libs.jar with JetifyTransform
[        ] Transforming libs.jar with IdentityTransform
[        ] Transforming core-for-system-modules.jar with JdkImageTransform
[        ] Transforming core-for-system-modules.jar with JdkImageTransform
[        ] Transforming core-for-system-modules.jar with JdkImageTransform
[        ] Transforming core-for-system-modules.jar with JdkImageTransform
[        ] Transforming libs.jar with JetifyTransform
[        ] Transforming libs.jar with IdentityTransform
[        ] Transforming core-for-system-modules.jar with JdkImageTransform
[        ] Transforming core-for-system-modules.jar with JdkImageTransform
[        ] Custom actions are attached to task ':app:compileDebugJavaWithJavac'.
[        ] Caching disabled for task ':app:compileDebugJavaWithJavac' because:
[        ]   Build cache is disabled
[        ] Skipping task ':app:compileDebugJavaWithJavac' as it is up-to-date.
[        ] No compile result for :app:compileDebugJavaWithJavac
[        ] Resolve mutations for :app:compressDebugAssets (Thread[#1819,Execution worker Thread 3,5,main]) started.
[        ] :app:compressDebugAssets (Thread[#1819,Execution worker Thread 3,5,main]) started.
[        ] > Task :app:compressDebugAssets UP-TO-DATE
[        ] Caching disabled for task ':app:compressDebugAssets' because:
[        ]   Build cache is disabled
[        ] Skipping task ':app:compressDebugAssets' as it is up-to-date.
[        ] Resolve mutations for :app:processDebugJavaRes (Thread[#1819,Execution worker Thread 3,5,main]) started.
[        ] :app:processDebugJavaRes (Thread[#1819,Execution worker Thread 3,5,main]) started.
[        ] > Task :app:processDebugJavaRes UP-TO-DATE
[        ] file or directory '/Users/anas/Documents/Code/tijus_academy/android/app/src/main/resources', not found
[        ] file or directory '/Users/anas/Documents/Code/tijus_academy/android/app/src/debug/resources', not found
[        ] file or directory '/Users/anas/Documents/Code/tijus_academy/android/app/src/main/resources', not found
[        ] file or directory '/Users/anas/Documents/Code/tijus_academy/android/app/src/debug/resources', not found
[        ] Caching disabled for task ':app:processDebugJavaRes' because:
[        ]   Build cache is disabled
[        ]   Caching has been disabled for the task
[        ] Skipping task ':app:processDebugJavaRes' as it is up-to-date.
[        ] Resolve mutations for :firebase_auth:processDebugJavaRes (Thread[#1819,Execution worker Thread 3,5,main]) started.
[        ] :firebase_auth:processDebugJavaRes (Thread[#1819,Execution worker Thread 3,5,main]) started.
[        ] > Task :firebase_auth:processDebugJavaRes NO-SOURCE
[        ] file or directory '/Users/anas/.pub-cache/hosted/pub.dev/firebase_auth-4.20.0/android/src/main/resources', not found
[        ] file or directory '/Users/anas/.pub-cache/hosted/pub.dev/firebase_auth-4.20.0/android/src/debug/resources', not found
[        ] Skipping task ':firebase_auth:processDebugJavaRes' as it has no source files and no previous output files.
[        ] work action resolve out (project :firebase_auth) (Thread[#1819,Execution worker Thread 3,5,main]) started.
[        ] Resolve mutations for :firebase_core:processDebugJavaRes (Thread[#1819,Execution worker Thread 3,5,main]) started.
[        ] :firebase_core:processDebugJavaRes (Thread[#1819,Execution worker Thread 3,5,main]) started.
[        ] > Task :firebase_core:processDebugJavaRes NO-SOURCE
[        ] file or directory '/Users/anas/.pub-cache/hosted/pub.dev/firebase_core-2.32.0/android/src/main/resources', not found
[        ] file or directory '/Users/anas/.pub-cache/hosted/pub.dev/firebase_core-2.32.0/android/src/debug/resources', not found
[        ] Skipping task ':firebase_core:processDebugJavaRes' as it has no source files and no previous output files.
[        ] work action resolve out (project :firebase_core) (Thread[#1819,Execution worker Thread 3,5,main]) started.
[        ] Resolve mutations for :flutter_native_splash:processDebugJavaRes (Thread[#1819,Execution worker Thread 3,5,main]) started.
[        ] :flutter_native_splash:processDebugJavaRes (Thread[#1819,Execution worker Thread 3,5,main]) started.
[        ] > Task :flutter_native_splash:processDebugJavaRes NO-SOURCE
[        ] file or directory '/Users/anas/.pub-cache/hosted/pub.dev/flutter_native_splash-2.4.5/android/src/main/resources', not found
[        ] file or directory '/Users/anas/.pub-cache/hosted/pub.dev/flutter_native_splash-2.4.5/android/src/debug/resources', not found
[        ] Skipping task ':flutter_native_splash:processDebugJavaRes' as it has no source files and no previous output files.
[        ] work action resolve out (project :flutter_native_splash) (Thread[#1819,Execution worker Thread 3,5,main]) started.
[        ] Resolve mutations for :shared_preferences_android:processDebugJavaRes (Thread[#1819,Execution worker Thread 3,5,main]) started.
[        ] :shared_preferences_android:processDebugJavaRes (Thread[#1819,Execution worker Thread 3,5,main]) started.
[        ] > Task :shared_preferences_android:processDebugJavaRes UP-TO-DATE
[        ] file or directory '/Users/anas/.pub-cache/hosted/pub.dev/shared_preferences_android-2.4.6/android/src/main/resources', not found
[        ] file or directory '/Users/anas/.pub-cache/hosted/pub.dev/shared_preferences_android-2.4.6/android/src/debug/resources', not found
[        ] file or directory '/Users/anas/.pub-cache/hosted/pub.dev/shared_preferences_android-2.4.6/android/src/main/resources', not found
[        ] file or directory '/Users/anas/.pub-cache/hosted/pub.dev/shared_preferences_android-2.4.6/android/src/debug/resources', not found
[        ] Caching disabled for task ':shared_preferences_android:processDebugJavaRes' because:
[        ]   Build cache is disabled
[        ]   Caching has been disabled for the task
[        ] Skipping task ':shared_preferences_android:processDebugJavaRes' as it is up-to-date.
[        ] work action resolve out (project :shared_preferences_android) (Thread[#1819,Execution worker Thread 3,5,main]) started.
[        ] Resolve mutations for :url_launcher_android:processDebugJavaRes (Thread[#1819,Execution worker Thread 3,5,main]) started.
[        ] :url_launcher_android:processDebugJavaRes (Thread[#1819,Execution worker Thread 3,5,main]) started.
[        ] > Task :url_launcher_android:processDebugJavaRes NO-SOURCE
[        ] file or directory '/Users/anas/.pub-cache/hosted/pub.dev/url_launcher_android-6.3.14/android/src/main/resources', not found
[        ] file or directory '/Users/anas/.pub-cache/hosted/pub.dev/url_launcher_android-6.3.14/android/src/debug/resources', not found
[        ] Skipping task ':url_launcher_android:processDebugJavaRes' as it has no source files and no previous output files.
[        ] work action resolve out (project :url_launcher_android) (Thread[#1817,Execution worker,5,main]) started.
[        ] Resolve mutations for :webview_flutter_android:processDebugJavaRes (Thread[#1817,Execution worker,5,main]) started.
[        ] :webview_flutter_android:processDebugJavaRes (Thread[#1817,Execution worker,5,main]) started.
[        ] > Task :webview_flutter_android:processDebugJavaRes UP-TO-DATE
[        ] file or directory '/Users/anas/.pub-cache/hosted/pub.dev/webview_flutter_android-4.3.2/android/src/main/resources', not found
[        ] file or directory '/Users/anas/.pub-cache/hosted/pub.dev/webview_flutter_android-4.3.2/android/src/debug/resources', not found
[        ] file or directory '/Users/anas/.pub-cache/hosted/pub.dev/webview_flutter_android-4.3.2/android/src/main/resources', not found
[        ] file or directory '/Users/anas/.pub-cache/hosted/pub.dev/webview_flutter_android-4.3.2/android/src/debug/resources', not found
[        ] Caching disabled for task ':webview_flutter_android:processDebugJavaRes' because:
[        ]   Build cache is disabled
[        ]   Caching has been disabled for the task
[        ] Skipping task ':webview_flutter_android:processDebugJavaRes' as it is up-to-date.
[        ] work action resolve out (project :webview_flutter_android) (Thread[#1817,Execution worker,5,main]) started.
[        ] Resolve mutations for :app:mergeDebugJavaResource (Thread[#1817,Execution worker,5,main]) started.
[        ] :app:mergeDebugJavaResource (Thread[#1817,Execution worker,5,main]) started.
[        ] > Task :app:mergeDebugJavaResource UP-TO-DATE
[        ] Transforming libs.jar with JetifyTransform
[        ] Transforming libs.jar with IdentityTransform
[        ] Transforming firebase-auth-22.3.1.aar (com.google.firebase:firebase-auth:22.3.1) with JetifyTransform
[        ] Transforming firebase-auth-22.3.1.aar (com.google.firebase:firebase-auth:22.3.1) with ExtractAarTransform
[        ] Transforming firebase-auth-22.3.1.aar (com.google.firebase:firebase-auth:22.3.1) with AarTransform
[        ] Transforming firebase-common-ktx-20.4.3.aar (com.google.firebase:firebase-common-ktx:20.4.3) with JetifyTransform
[        ] Transforming firebase-common-ktx-20.4.3.aar (com.google.firebase:firebase-common-ktx:20.4.3) with ExtractAarTransform
[        ] Transforming firebase-common-ktx-20.4.3.aar (com.google.firebase:firebase-common-ktx:20.4.3) with AarTransform
[        ] Transforming kotlin-stdlib-jdk7-1.8.22.jar (org.jetbrains.kotlin:kotlin-stdlib-jdk7:1.8.22) with JetifyTransform
[        ] Transforming kotlin-stdlib-jdk7-1.8.22.jar (org.jetbrains.kotlin:kotlin-stdlib-jdk7:1.8.22) with IdentityTransform
[        ] Transforming flutter_embedding_debug-1.0.0-cf56914b326edb0ccb123ffdc60f00060bd513fa.jar (io.flutter:flutter_embedding_debug:1.0.0-cf56914b326edb0ccb123ffdc60f00060bd513fa) with JetifyTransform
[        ] Transforming flutter_embedding_debug-1.0.0-cf56914b326edb0ccb123ffdc60f00060bd513fa.jar (io.flutter:flutter_embedding_debug:1.0.0-cf56914b326edb0ccb123ffdc60f00060bd513fa) with IdentityTransform
[        ] Transforming preference-1.2.1.aar (androidx.preference:preference:1.2.1) with JetifyTransform
[        ] Transforming preference-1.2.1.aar (androidx.preference:preference:1.2.1) with ExtractAarTransform
[        ] Transforming preference-1.2.1.aar (androidx.preference:preference:1.2.1) with AarTransform
[        ] Transforming browser-1.8.0.aar (androidx.browser:browser:1.8.0) with JetifyTransform
[        ] Transforming browser-1.8.0.aar (androidx.browser:browser:1.8.0) with ExtractAarTransform
[        ] Transforming browser-1.8.0.aar (androidx.browser:browser:1.8.0) with AarTransform
[        ] Transforming browser-1.8.0.aar (androidx.browser:browser:1.8.0) with JetifyTransform
[        ] Transforming browser-1.8.0.aar (androidx.browser:browser:1.8.0) with ExtractAarTransform
[        ] Transforming browser-1.8.0.aar (androidx.browser:browser:1.8.0) with AarTransform
[        ] Transforming webkit-1.12.1.aar (androidx.webkit:webkit:1.12.1) with JetifyTransform
[        ] Transforming webkit-1.12.1.aar (androidx.webkit:webkit:1.12.1) with ExtractAarTransform
[        ] Transforming webkit-1.12.1.aar (androidx.webkit:webkit:1.12.1) with AarTransform
[        ] Transforming recyclerview-1.0.0.aar (androidx.recyclerview:recyclerview:1.0.0) with JetifyTransform
[        ] Transforming recyclerview-1.0.0.aar (androidx.recyclerview:recyclerview:1.0.0) with ExtractAarTransform
[        ] Transforming recyclerview-1.0.0.aar (androidx.recyclerview:recyclerview:1.0.0) with AarTransform
[        ] Transforming legacy-support-core-ui-1.0.0.aar (androidx.legacy:legacy-support-core-ui:1.0.0) with JetifyTransform
[        ] Transforming legacy-support-core-ui-1.0.0.aar (androidx.legacy:legacy-support-core-ui:1.0.0) with ExtractAarTransform
[        ] Transforming legacy-support-core-ui-1.0.0.aar (androidx.legacy:legacy-support-core-ui:1.0.0) with AarTransform
[        ] Transforming slidingpanelayout-1.2.0.aar (androidx.slidingpanelayout:slidingpanelayout:1.2.0) with JetifyTransform
[        ] Transforming slidingpanelayout-1.2.0.aar (androidx.slidingpanelayout:slidingpanelayout:1.2.0) with ExtractAarTransform
[        ] Transforming slidingpanelayout-1.2.0.aar (androidx.slidingpanelayout:slidingpanelayout:1.2.0) with AarTransform
[        ] Transforming slidingpanelayout-1.2.0.aar (androidx.slidingpanelayout:slidingpanelayout:1.2.0) with JetifyTransform
[        ] Transforming slidingpanelayout-1.2.0.aar (androidx.slidingpanelayout:slidingpanelayout:1.2.0) with ExtractAarTransform
[        ] Transforming slidingpanelayout-1.2.0.aar (androidx.slidingpanelayout:slidingpanelayout:1.2.0) with AarTransform
[        ] Transforming window-1.2.0.aar (androidx.window:window:1.2.0) with JetifyTransform
[        ] Transforming window-1.2.0.aar (androidx.window:window:1.2.0) with ExtractAarTransform
[        ] Transforming window-1.2.0.aar (androidx.window:window:1.2.0) with AarTransform
[        ] Transforming window-java-1.2.0.aar (androidx.window:window-java:1.2.0) with JetifyTransform
[        ] Transforming window-java-1.2.0.aar (androidx.window:window-java:1.2.0) with ExtractAarTransform
[        ] Transforming window-java-1.2.0.aar (androidx.window:window-java:1.2.0) with AarTransform
[        ] Transforming appcompat-1.1.0.aar (androidx.appcompat:appcompat:1.1.0) with JetifyTransform
[        ] Transforming appcompat-1.1.0.aar (androidx.appcompat:appcompat:1.1.0) with ExtractAarTransform
[        ] Transforming appcompat-1.1.0.aar (androidx.appcompat:appcompat:1.1.0) with AarTransform
[        ] Transforming firebase-auth-interop-20.0.0.aar (com.google.firebase:firebase-auth-interop:20.0.0) with JetifyTransform
[        ] Transforming firebase-auth-interop-20.0.0.aar (com.google.firebase:firebase-auth-interop:20.0.0) with ExtractAarTransform
[        ] Transforming firebase-auth-interop-20.0.0.aar (com.google.firebase:firebase-auth-interop:20.0.0) with AarTransform
[        ] Transforming firebase-common-20.4.3.aar (com.google.firebase:firebase-common:20.4.3) with JetifyTransform
[        ] Transforming firebase-common-20.4.3.aar (com.google.firebase:firebase-common:20.4.3) with ExtractAarTransform
[        ] Transforming firebase-common-20.4.3.aar (com.google.firebase:firebase-common:20.4.3) with AarTransform
[        ] Transforming firebase-common-20.4.3.aar (com.google.firebase:firebase-common:20.4.3) with JetifyTransform
[        ] Transforming firebase-common-20.4.3.aar (com.google.firebase:firebase-common:20.4.3) with ExtractAarTransform
[        ] Transforming firebase-common-20.4.3.aar (com.google.firebase:firebase-common:20.4.3) with AarTransform
[        ] Transforming play-services-auth-api-phone-17.4.0.aar (com.google.android.gms:play-services-auth-api-phone:17.4.0) with JetifyTransform
[        ] Transforming play-services-auth-api-phone-17.4.0.aar (com.google.android.gms:play-services-auth-api-phone:17.4.0) with ExtractAarTransform
[        ] Transforming play-services-auth-api-phone-17.4.0.aar (com.google.android.gms:play-services-auth-api-phone:17.4.0) with AarTransform
[        ] Transforming recaptcha-18.4.0.aar (com.google.android.recaptcha:recaptcha:18.4.0) with JetifyTransform
[        ] Transforming recaptcha-18.4.0.aar (com.google.android.recaptcha:recaptcha:18.4.0) with ExtractAarTransform
[        ] Transforming recaptcha-18.4.0.aar (com.google.android.recaptcha:recaptcha:18.4.0) with AarTransform
[        ] Transforming integrity-1.2.0.aar (com.google.android.play:integrity:1.2.0) with JetifyTransform
[        ] Transforming integrity-1.2.0.aar (com.google.android.play:integrity:1.2.0) with ExtractAarTransform
[        ] Transforming integrity-1.2.0.aar (com.google.android.play:integrity:1.2.0) with AarTransform
[        ] Transforming firebase-appcheck-interop-17.0.0.aar (com.google.firebase:firebase-appcheck-interop:17.0.0) with JetifyTransform
[        ] Transforming firebase-appcheck-interop-17.0.0.aar (com.google.firebase:firebase-appcheck-interop:17.0.0) with ExtractAarTransform
[        ] Transforming firebase-appcheck-interop-17.0.0.aar (com.google.firebase:firebase-appcheck-interop:17.0.0) with AarTransform
[        ] Transforming fragment-ktx-1.7.1.aar (androidx.fragment:fragment-ktx:1.7.1) with JetifyTransform
[        ] Transforming fragment-ktx-1.7.1.aar (androidx.fragment:fragment-ktx:1.7.1) with ExtractAarTransform
[        ] Transforming fragment-ktx-1.7.1.aar (androidx.fragment:fragment-ktx:1.7.1) with AarTransform
[        ] Transforming play-services-base-18.0.1.aar (com.google.android.gms:play-services-base:18.0.1) with JetifyTransform
[        ] Transforming play-services-base-18.0.1.aar (com.google.android.gms:play-services-base:18.0.1) with ExtractAarTransform
[        ] Transforming play-services-base-18.0.1.aar (com.google.android.gms:play-services-base:18.0.1) with AarTransform
[        ] Transforming fragment-1.7.1.aar (androidx.fragment:fragment:1.7.1) with JetifyTransform
[        ] Transforming fragment-1.7.1.aar (androidx.fragment:fragment:1.7.1) with ExtractAarTransform
[        ] Transforming fragment-1.7.1.aar (androidx.fragment:fragment:1.7.1) with AarTransform
[        ] Transforming fragment-1.7.1.aar (androidx.fragment:fragment:1.7.1) with JetifyTransform
[        ] Transforming fragment-1.7.1.aar (androidx.fragment:fragment:1.7.1) with ExtractAarTransform
[        ] Transforming fragment-1.7.1.aar (androidx.fragment:fragment:1.7.1) with AarTransform
[        ] Transforming activity-ktx-1.8.1.aar (androidx.activity:activity-ktx:1.8.1) with JetifyTransform
[        ] Transforming activity-ktx-1.8.1.aar (androidx.activity:activity-ktx:1.8.1) with ExtractAarTransform
[        ] Transforming activity-ktx-1.8.1.aar (androidx.activity:activity-ktx:1.8.1) with AarTransform
[        ] Transforming activity-1.8.1.aar (androidx.activity:activity:1.8.1) with JetifyTransform
[        ] Transforming activity-1.8.1.aar (androidx.activity:activity:1.8.1) with ExtractAarTransform
[        ] Transforming activity-1.8.1.aar (androidx.activity:activity:1.8.1) with AarTransform
[        ] Transforming legacy-support-core-utils-1.0.0.aar (androidx.legacy:legacy-support-core-utils:1.0.0) with JetifyTransform
[        ] Transforming legacy-support-core-utils-1.0.0.aar (androidx.legacy:legacy-support-core-utils:1.0.0) with ExtractAarTransform
[        ] Transforming legacy-support-core-utils-1.0.0.aar (androidx.legacy:legacy-support-core-utils:1.0.0) with AarTransform
[        ] Transforming loader-1.0.0.aar (androidx.loader:loader:1.0.0) with JetifyTransform
[        ] Transforming loader-1.0.0.aar (androidx.loader:loader:1.0.0) with ExtractAarTransform
[        ] Transforming loader-1.0.0.aar (androidx.loader:loader:1.0.0) with AarTransform
[        ] Transforming loader-1.0.0.aar (androidx.loader:loader:1.0.0) with JetifyTransform
[        ] Transforming loader-1.0.0.aar (androidx.loader:loader:1.0.0) with ExtractAarTransform
[        ] Transforming loader-1.0.0.aar (androidx.loader:loader:1.0.0) with AarTransform
[        ] Transforming lifecycle-runtime-ktx-2.7.0.aar (androidx.lifecycle:lifecycle-runtime-ktx:2.7.0) with JetifyTransform
[        ] Transforming lifecycle-runtime-ktx-2.7.0.aar (androidx.lifecycle:lifecycle-runtime-ktx:2.7.0) with ExtractAarTransform
[        ] Transforming lifecycle-runtime-ktx-2.7.0.aar (androidx.lifecycle:lifecycle-runtime-ktx:2.7.0) with AarTransform
[        ] Transforming lifecycle-livedata-2.7.0.aar (androidx.lifecycle:lifecycle-livedata:2.7.0) with JetifyTransform
[        ] Transforming lifecycle-livedata-2.7.0.aar (androidx.lifecycle:lifecycle-livedata:2.7.0) with ExtractAarTransform
[        ] Transforming lifecycle-livedata-2.7.0.aar (androidx.lifecycle:lifecycle-livedata:2.7.0) with AarTransform
[        ] Transforming lifecycle-livedata-core-ktx-2.7.0.aar (androidx.lifecycle:lifecycle-livedata-core-ktx:2.7.0) with JetifyTransform
[        ] Transforming lifecycle-livedata-core-ktx-2.7.0.aar (androidx.lifecycle:lifecycle-livedata-core-ktx:2.7.0) with ExtractAarTransform
[        ] Transforming lifecycle-livedata-core-ktx-2.7.0.aar (androidx.lifecycle:lifecycle-livedata-core-ktx:2.7.0) with AarTransform
[        ] Transforming lifecycle-viewmodel-ktx-2.7.0.aar (androidx.lifecycle:lifecycle-viewmodel-ktx:2.7.0) with JetifyTransform
[        ] Transforming lifecycle-viewmodel-ktx-2.7.0.aar (androidx.lifecycle:lifecycle-viewmodel-ktx:2.7.0) with ExtractAarTransform
[        ] Transforming lifecycle-viewmodel-ktx-2.7.0.aar (androidx.lifecycle:lifecycle-viewmodel-ktx:2.7.0) with AarTransform
[        ] Transforming lifecycle-viewmodel-savedstate-2.7.0.aar (androidx.lifecycle:lifecycle-viewmodel-savedstate:2.7.0) with JetifyTransform
[        ] Transforming lifecycle-viewmodel-savedstate-2.7.0.aar (androidx.lifecycle:lifecycle-viewmodel-savedstate:2.7.0) with ExtractAarTransform
[        ] Transforming lifecycle-viewmodel-savedstate-2.7.0.aar (androidx.lifecycle:lifecycle-viewmodel-savedstate:2.7.0) with AarTransform
[        ] Transforming lifecycle-viewmodel-2.7.0.aar (androidx.lifecycle:lifecycle-viewmodel:2.7.0) with JetifyTransform
[        ] Transforming lifecycle-viewmodel-2.7.0.aar (androidx.lifecycle:lifecycle-viewmodel:2.7.0) with ExtractAarTransform
[        ] Transforming lifecycle-viewmodel-2.7.0.aar (androidx.lifecycle:lifecycle-viewmodel:2.7.0) with AarTransform
[        ] Transforming lifecycle-viewmodel-2.7.0.aar (androidx.lifecycle:lifecycle-viewmodel:2.7.0) with JetifyTransform
[        ] Transforming lifecycle-viewmodel-2.7.0.aar (androidx.lifecycle:lifecycle-viewmodel:2.7.0) with ExtractAarTransform
[        ] Transforming lifecycle-viewmodel-2.7.0.aar (androidx.lifecycle:lifecycle-viewmodel:2.7.0) with AarTransform
[        ] Transforming lifecycle-livedata-core-2.7.0.aar (androidx.lifecycle:lifecycle-livedata-core:2.7.0) with JetifyTransform
[        ] Transforming lifecycle-livedata-core-2.7.0.aar (androidx.lifecycle:lifecycle-livedata-core:2.7.0) with ExtractAarTransform
[        ] Transforming lifecycle-livedata-core-2.7.0.aar (androidx.lifecycle:lifecycle-livedata-core:2.7.0) with AarTransform
[        ] Transforming lifecycle-runtime-2.7.0.aar (androidx.lifecycle:lifecycle-runtime:2.7.0) with JetifyTransform
[        ] Transforming lifecycle-runtime-2.7.0.aar (androidx.lifecycle:lifecycle-runtime:2.7.0) with ExtractAarTransform
[        ] Transforming lifecycle-runtime-2.7.0.aar (androidx.lifecycle:lifecycle-runtime:2.7.0) with AarTransform
[        ] Transforming lifecycle-process-2.7.0.aar (androidx.lifecycle:lifecycle-process:2.7.0) with JetifyTransform
[        ] Transforming lifecycle-process-2.7.0.aar (androidx.lifecycle:lifecycle-process:2.7.0) with ExtractAarTransform
[        ] Transforming lifecycle-process-2.7.0.aar (androidx.lifecycle:lifecycle-process:2.7.0) with AarTransform
[        ] Transforming lifecycle-common-java8-2.7.0.jar (androidx.lifecycle:lifecycle-common-java8:2.7.0) with JetifyTransform
[        ] Transforming lifecycle-common-java8-2.7.0.jar (androidx.lifecycle:lifecycle-common-java8:2.7.0) with IdentityTransform
[        ] Transforming savedstate-ktx-1.2.1.aar (androidx.savedstate:savedstate-ktx:1.2.1) with JetifyTransform
[        ] Transforming savedstate-ktx-1.2.1.aar (androidx.savedstate:savedstate-ktx:1.2.1) with ExtractAarTransform
[        ] Transforming savedstate-ktx-1.2.1.aar (androidx.savedstate:savedstate-ktx:1.2.1) with AarTransform
[        ] Transforming savedstate-1.2.1.aar (androidx.savedstate:savedstate:1.2.1) with JetifyTransform
[        ] Transforming savedstate-1.2.1.aar (androidx.savedstate:savedstate:1.2.1) with ExtractAarTransform
[        ] Transforming savedstate-1.2.1.aar (androidx.savedstate:savedstate:1.2.1) with AarTransform
[        ] Transforming lifecycle-common-2.7.0.jar (androidx.lifecycle:lifecycle-common:2.7.0) with JetifyTransform
[        ] Transforming lifecycle-common-2.7.0.jar (androidx.lifecycle:lifecycle-common:2.7.0) with IdentityTransform
[        ] Transforming kotlinx-coroutines-android-1.7.3.jar (org.jetbrains.kotlinx:kotlinx-coroutines-android:1.7.3) with JetifyTransform
[        ] Transforming kotlinx-coroutines-android-1.7.3.jar (org.jetbrains.kotlinx:kotlinx-coroutines-android:1.7.3) with IdentityTransform
[        ] Transforming datastore-preferences-core-jvm-1.1.1.jar (androidx.datastore:datastore-preferences-core-jvm:1.1.1) with JetifyTransform
[        ] Transforming datastore-preferences-core-jvm-1.1.1.jar (androidx.datastore:datastore-preferences-core-jvm:1.1.1) with IdentityTransform
[        ] Transforming datastore-core-okio-jvm-1.1.1.jar (androidx.datastore:datastore-core-okio-jvm:1.1.1) with JetifyTransform
[        ] Transforming datastore-core-okio-jvm-1.1.1.jar (androidx.datastore:datastore-core-okio-jvm:1.1.1) with IdentityTransform
[        ] Transforming datastore-core-release.aar (androidx.datastore:datastore-core-android:1.1.1) with JetifyTransform
[        ] Transforming datastore-core-release.aar (androidx.datastore:datastore-core-android:1.1.1) with ExtractAarTransform
[        ] Transforming datastore-core-release.aar (androidx.datastore:datastore-core-android:1.1.1) with AarTransform
[        ] Transforming datastore-preferences-release.aar (androidx.datastore:datastore-preferences-android:1.1.1) with JetifyTransform
[        ] Transforming datastore-preferences-release.aar (androidx.datastore:datastore-preferences-android:1.1.1) with ExtractAarTransform
[        ] Transforming datastore-preferences-release.aar (androidx.datastore:datastore-preferences-android:1.1.1) with AarTransform
[        ] Transforming datastore-release.aar (androidx.datastore:datastore-android:1.1.1) with JetifyTransform
[        ] Transforming datastore-release.aar (androidx.datastore:datastore-android:1.1.1) with ExtractAarTransform
[        ] Transforming datastore-release.aar (androidx.datastore:datastore-android:1.1.1) with AarTransform
[        ] Transforming kotlinx-coroutines-core-jvm-1.7.3.jar (org.jetbrains.kotlinx:kotlinx-coroutines-core-jvm:1.7.3) with JetifyTransform
[        ] Transforming kotlinx-coroutines-core-jvm-1.7.3.jar (org.jetbrains.kotlinx:kotlinx-coroutines-core-jvm:1.7.3) with IdentityTransform
[        ] Transforming kotlinx-coroutines-play-services-1.7.3.jar (org.jetbrains.kotlinx:kotlinx-coroutines-play-services:1.7.3) with JetifyTransform
[        ] Transforming kotlinx-coroutines-play-services-1.7.3.jar (org.jetbrains.kotlinx:kotlinx-coroutines-play-services:1.7.3) with IdentityTransform
[        ] Transforming play-services-tasks-18.1.0.aar (com.google.android.gms:play-services-tasks:18.1.0) with JetifyTransform
[        ] Transforming play-services-tasks-18.1.0.aar (com.google.android.gms:play-services-tasks:18.1.0) with ExtractAarTransform
[        ] Transforming play-services-tasks-18.1.0.aar (com.google.android.gms:play-services-tasks:18.1.0) with AarTransform
[        ] Transforming play-services-tasks-18.1.0.aar (com.google.android.gms:play-services-tasks:18.1.0) with JetifyTransform
[        ] Transforming play-services-tasks-18.1.0.aar (com.google.android.gms:play-services-tasks:18.1.0) with ExtractAarTransform
[        ] Transforming play-services-tasks-18.1.0.aar (com.google.android.gms:play-services-tasks:18.1.0) with AarTransform
[        ] Transforming play-services-basement-18.3.0.aar (com.google.android.gms:play-services-basement:18.3.0) with JetifyTransform
[        ] Transforming play-services-basement-18.3.0.aar (com.google.android.gms:play-services-basement:18.3.0) with ExtractAarTransform
[        ] Transforming play-services-basement-18.3.0.aar (com.google.android.gms:play-services-basement:18.3.0) with AarTransform
[        ] Transforming viewpager-1.0.0.aar (androidx.viewpager:viewpager:1.0.0) with JetifyTransform
[        ] Transforming viewpager-1.0.0.aar (androidx.viewpager:viewpager:1.0.0) with ExtractAarTransform
[        ] Transforming viewpager-1.0.0.aar (androidx.viewpager:viewpager:1.0.0) with AarTransform
[        ] Transforming viewpager-1.0.0.aar (androidx.viewpager:viewpager:1.0.0) with JetifyTransform
[        ] Transforming viewpager-1.0.0.aar (androidx.viewpager:viewpager:1.0.0) with ExtractAarTransform
[        ] Transforming viewpager-1.0.0.aar (androidx.viewpager:viewpager:1.0.0) with AarTransform
[        ] Transforming appcompat-resources-1.1.0.aar (androidx.appcompat:appcompat-resources:1.1.0) with JetifyTransform
[        ] Transforming appcompat-resources-1.1.0.aar (androidx.appcompat:appcompat-resources:1.1.0) with ExtractAarTransform
[        ] Transforming appcompat-resources-1.1.0.aar (androidx.appcompat:appcompat-resources:1.1.0) with AarTransform
[        ] Transforming drawerlayout-1.0.0.aar (androidx.drawerlayout:drawerlayout:1.0.0) with JetifyTransform
[        ] Transforming drawerlayout-1.0.0.aar (androidx.drawerlayout:drawerlayout:1.0.0) with ExtractAarTransform
[        ] Transforming drawerlayout-1.0.0.aar (androidx.drawerlayout:drawerlayout:1.0.0) with AarTransform
[        ] Transforming coordinatorlayout-1.0.0.aar (androidx.coordinatorlayout:coordinatorlayout:1.0.0) with JetifyTransform
[        ] Transforming coordinatorlayout-1.0.0.aar (androidx.coordinatorlayout:coordinatorlayout:1.0.0) with ExtractAarTransform
[        ] Transforming coordinatorlayout-1.0.0.aar (androidx.coordinatorlayout:coordinatorlayout:1.0.0) with AarTransform
[        ] Transforming customview-1.1.0.aar (androidx.customview:customview:1.1.0) with JetifyTransform
[        ] Transforming customview-1.1.0.aar (androidx.customview:customview:1.1.0) with ExtractAarTransform
[        ] Transforming customview-1.1.0.aar (androidx.customview:customview:1.1.0) with AarTransform
[        ] Transforming customview-1.1.0.aar (androidx.customview:customview:1.1.0) with JetifyTransform
[        ] Transforming customview-1.1.0.aar (androidx.customview:customview:1.1.0) with ExtractAarTransform
[        ] Transforming customview-1.1.0.aar (androidx.customview:customview:1.1.0) with AarTransform
[        ] Transforming transition-1.4.1.aar (androidx.transition:transition:1.4.1) with JetifyTransform
[        ] Transforming transition-1.4.1.aar (androidx.transition:transition:1.4.1) with ExtractAarTransform
[        ] Transforming transition-1.4.1.aar (androidx.transition:transition:1.4.1) with AarTransform
[        ] Transforming core-ktx-1.13.1.aar (androidx.core:core-ktx:1.13.1) with JetifyTransform
[        ] Transforming core-ktx-1.13.1.aar (androidx.core:core-ktx:1.13.1) with ExtractAarTransform
[        ] Transforming core-ktx-1.13.1.aar (androidx.core:core-ktx:1.13.1) with AarTransform
[        ] Transforming vectordrawable-animated-1.1.0.aar (androidx.vectordrawable:vectordrawable-animated:1.1.0) with JetifyTransform
[        ] Transforming vectordrawable-animated-1.1.0.aar (androidx.vectordrawable:vectordrawable-animated:1.1.0) with ExtractAarTransform
[        ] Transforming vectordrawable-animated-1.1.0.aar (androidx.vectordrawable:vectordrawable-animated:1.1.0) with AarTransform
[        ] Transforming vectordrawable-1.1.0.aar (androidx.vectordrawable:vectordrawable:1.1.0) with JetifyTransform
[        ] Transforming vectordrawable-1.1.0.aar (androidx.vectordrawable:vectordrawable:1.1.0) with ExtractAarTransform
[        ] Transforming vectordrawable-1.1.0.aar (androidx.vectordrawable:vectordrawable:1.1.0) with AarTransform
[        ] Transforming swiperefreshlayout-1.0.0.aar (androidx.swiperefreshlayout:swiperefreshlayout:1.0.0) with JetifyTransform
[        ] Transforming swiperefreshlayout-1.0.0.aar (androidx.swiperefreshlayout:swiperefreshlayout:1.0.0) with ExtractAarTransform
[        ] Transforming swiperefreshlayout-1.0.0.aar (androidx.swiperefreshlayout:swiperefreshlayout:1.0.0) with AarTransform
[        ] Transforming asynclayoutinflater-1.0.0.aar (androidx.asynclayoutinflater:asynclayoutinflater:1.0.0) with JetifyTransform
[        ] Transforming asynclayoutinflater-1.0.0.aar (androidx.asynclayoutinflater:asynclayoutinflater:1.0.0) with ExtractAarTransform
[        ] Transforming asynclayoutinflater-1.0.0.aar (androidx.asynclayoutinflater:asynclayoutinflater:1.0.0) with AarTransform
[        ] Transforming core-1.13.1.aar (androidx.core:core:1.13.1) with JetifyTransform
[        ] Transforming core-1.13.1.aar (androidx.core:core:1.13.1) with ExtractAarTransform
[        ] Transforming core-1.13.1.aar (androidx.core:core:1.13.1) with AarTransform
[        ] Transforming core-1.13.1.aar (androidx.core:core:1.13.1) with JetifyTransform
[        ] Transforming core-1.13.1.aar (androidx.core:core:1.13.1) with ExtractAarTransform
[        ] Transforming core-1.13.1.aar (androidx.core:core:1.13.1) with AarTransform
[        ] Transforming profileinstaller-1.3.1.aar (androidx.profileinstaller:profileinstaller:1.3.1) with JetifyTransform
[        ] Transforming profileinstaller-1.3.1.aar (androidx.profileinstaller:profileinstaller:1.3.1) with ExtractAarTransform
[        ] Transforming profileinstaller-1.3.1.aar (androidx.profileinstaller:profileinstaller:1.3.1) with AarTransform
[        ] Transforming startup-runtime-1.1.1.aar (androidx.startup:startup-runtime:1.1.1) with JetifyTransform
[        ] Transforming startup-runtime-1.1.1.aar (androidx.startup:startup-runtime:1.1.1) with ExtractAarTransform
[        ] Transforming startup-runtime-1.1.1.aar (androidx.startup:startup-runtime:1.1.1) with AarTransform
[        ] Transforming tracing-1.2.0.aar (androidx.tracing:tracing:1.2.0) with JetifyTransform
[        ] Transforming tracing-1.2.0.aar (androidx.tracing:tracing:1.2.0) with ExtractAarTransform
[        ] Transforming tracing-1.2.0.aar (androidx.tracing:tracing:1.2.0) with AarTransform
[        ] Transforming interpolator-1.0.0.aar (androidx.interpolator:interpolator:1.0.0) with JetifyTransform
[        ] Transforming interpolator-1.0.0.aar (androidx.interpolator:interpolator:1.0.0) with ExtractAarTransform
[        ] Transforming interpolator-1.0.0.aar (androidx.interpolator:interpolator:1.0.0) with AarTransform
[        ] Transforming interpolator-1.0.0.aar (androidx.interpolator:interpolator:1.0.0) with JetifyTransform
[        ] Transforming interpolator-1.0.0.aar (androidx.interpolator:interpolator:1.0.0) with ExtractAarTransform
[        ] Transforming interpolator-1.0.0.aar (androidx.interpolator:interpolator:1.0.0) with AarTransform
[        ] Transforming versionedparcelable-1.1.1.aar (androidx.versionedparcelable:versionedparcelable:1.1.1) with JetifyTransform
[        ] Transforming versionedparcelable-1.1.1.aar (androidx.versionedparcelable:versionedparcelable:1.1.1) with ExtractAarTransform
[        ] Transforming versionedparcelable-1.1.1.aar (androidx.versionedparcelable:versionedparcelable:1.1.1) with AarTransform
[        ] Transforming collection-ktx-1.1.0.jar (androidx.collection:collection-ktx:1.1.0) with JetifyTransform
[        ] Transforming collection-ktx-1.1.0.jar (androidx.collection:collection-ktx:1.1.0) with IdentityTransform
[        ] Transforming collection-1.1.0.jar (androidx.collection:collection:1.1.0) with JetifyTransform
[        ] Transforming collection-1.1.0.jar (androidx.collection:collection:1.1.0) with IdentityTransform
[        ] Transforming localbroadcastmanager-1.0.0.aar (androidx.localbroadcastmanager:localbroadcastmanager:1.0.0) with JetifyTransform
[        ] Transforming localbroadcastmanager-1.0.0.aar (androidx.localbroadcastmanager:localbroadcastmanager:1.0.0) with ExtractAarTransform
[        ] Transforming localbroadcastmanager-1.0.0.aar (androidx.localbroadcastmanager:localbroadcastmanager:1.0.0) with AarTransform
[        ] Transforming firebase-components-17.1.5.aar (com.google.firebase:firebase-components:17.1.5) with JetifyTransform
[        ] Transforming firebase-components-17.1.5.aar (com.google.firebase:firebase-components:17.1.5) with ExtractAarTransform
[        ] Transforming firebase-components-17.1.5.aar (com.google.firebase:firebase-components:17.1.5) with AarTransform
[        ] Transforming concurrent-futures-1.1.0.jar (androidx.concurrent:concurrent-futures:1.1.0) with JetifyTransform
[        ] Transforming concurrent-futures-1.1.0.jar (androidx.concurrent:concurrent-futures:1.1.0) with IdentityTransform
[        ] Transforming core-runtime-2.2.0.aar (androidx.arch.core:core-runtime:2.2.0) with JetifyTransform
[        ] Transforming core-runtime-2.2.0.aar (androidx.arch.core:core-runtime:2.2.0) with ExtractAarTransform
[        ] Transforming core-runtime-2.2.0.aar (androidx.arch.core:core-runtime:2.2.0) with AarTransform
[        ] Transforming core-common-2.2.0.jar (androidx.arch.core:core-common:2.2.0) with JetifyTransform
[        ] Transforming core-common-2.2.0.jar (androidx.arch.core:core-common:2.2.0) with IdentityTransform
[        ] Transforming cursoradapter-1.0.0.aar (androidx.cursoradapter:cursoradapter:1.0.0) with JetifyTransform
[        ] Transforming cursoradapter-1.0.0.aar (androidx.cursoradapter:cursoradapter:1.0.0) with ExtractAarTransform
[        ] Transforming cursoradapter-1.0.0.aar (androidx.cursoradapter:cursoradapter:1.0.0) with AarTransform
[        ] Transforming core-1.0.0.aar (androidx.window.extensions.core:core:1.0.0) with JetifyTransform
[        ] Transforming core-1.0.0.aar (androidx.window.extensions.core:core:1.0.0) with ExtractAarTransform
[        ] Transforming core-1.0.0.aar (androidx.window.extensions.core:core:1.0.0) with AarTransform
[        ] Transforming documentfile-1.0.0.aar (androidx.documentfile:documentfile:1.0.0) with JetifyTransform
[        ] Transforming documentfile-1.0.0.aar (androidx.documentfile:documentfile:1.0.0) with ExtractAarTransform
[        ] Transforming documentfile-1.0.0.aar (androidx.documentfile:documentfile:1.0.0) with AarTransform
[        ] Transforming print-1.0.0.aar (androidx.print:print:1.0.0) with JetifyTransform
[        ] Transforming print-1.0.0.aar (androidx.print:print:1.0.0) with ExtractAarTransform
[        ] Transforming print-1.0.0.aar (androidx.print:print:1.0.0) with AarTransform
[        ] Transforming annotation-jvm-1.9.1.jar (androidx.annotation:annotation-jvm:1.9.1) with JetifyTransform
[        ] Transforming annotation-jvm-1.9.1.jar (androidx.annotation:annotation-jvm:1.9.1) with IdentityTransform
[        ] Transforming annotation-experimental-1.4.1.aar (androidx.annotation:annotation-experimental:1.4.1) with JetifyTransform
[        ] Transforming annotation-experimental-1.4.1.aar (androidx.annotation:annotation-experimental:1.4.1) with ExtractAarTransform
[        ] Transforming annotation-experimental-1.4.1.aar (androidx.annotation:annotation-experimental:1.4.1) with AarTransform
[        ] Transforming kotlin-parcelize-runtime-1.9.22.jar (org.jetbrains.kotlin:kotlin-parcelize-runtime:1.9.22) with JetifyTransform
[        ] Transforming kotlin-parcelize-runtime-1.9.22.jar (org.jetbrains.kotlin:kotlin-parcelize-runtime:1.9.22) with IdentityTransform
[        ] Transforming kotlin-android-extensions-runtime-1.9.22.jar (org.jetbrains.kotlin:kotlin-android-extensions-runtime:1.9.22) with JetifyTransform
[        ] Transforming kotlin-android-extensions-runtime-1.9.22.jar (org.jetbrains.kotlin:kotlin-android-extensions-runtime:1.9.22) with IdentityTransform
[        ] Transforming kotlin-stdlib-1.9.24.jar (org.jetbrains.kotlin:kotlin-stdlib:1.9.24) with JetifyTransform
[        ] Transforming kotlin-stdlib-1.9.24.jar (org.jetbrains.kotlin:kotlin-stdlib:1.9.24) with IdentityTransform
[        ] Transforming okio-jvm-3.4.0.jar (com.squareup.okio:okio-jvm:3.4.0) with JetifyTransform
[        ] Transforming okio-jvm-3.4.0.jar (com.squareup.okio:okio-jvm:3.4.0) with IdentityTransform
[        ] Transforming kotlin-stdlib-jdk8-1.8.22.jar (org.jetbrains.kotlin:kotlin-stdlib-jdk8:1.8.22) with JetifyTransform
[        ] Transforming kotlin-stdlib-jdk8-1.8.22.jar (org.jetbrains.kotlin:kotlin-stdlib-jdk8:1.8.22) with IdentityTransform
[        ] Transforming x86_64_debug-1.0.0-cf56914b326edb0ccb123ffdc60f00060bd513fa.jar (io.flutter:x86_64_debug:1.0.0-cf56914b326edb0ccb123ffdc60f00060bd513fa) with JetifyTransform
[        ] Transforming x86_64_debug-1.0.0-cf56914b326edb0ccb123ffdc60f00060bd513fa.jar (io.flutter:x86_64_debug:1.0.0-cf56914b326edb0ccb123ffdc60f00060bd513fa) with IdentityTransform
[        ] Transforming annotations-23.0.0.jar (org.jetbrains:annotations:23.0.0) with JetifyTransform
[        ] Transforming annotations-23.0.0.jar (org.jetbrains:annotations:23.0.0) with IdentityTransform
[        ] Transforming relinker-1.4.5.aar (com.getkeepsafe.relinker:relinker:1.4.5) with JetifyTransform
[        ] Transforming relinker-1.4.5.aar (com.getkeepsafe.relinker:relinker:1.4.5) with ExtractAarTransform
[        ] Transforming relinker-1.4.5.aar (com.getkeepsafe.relinker:relinker:1.4.5) with AarTransform
[        ] Transforming listenablefuture-1.0.jar (com.google.guava:listenablefuture:1.0) with JetifyTransform
[        ] Transforming listenablefuture-1.0.jar (com.google.guava:listenablefuture:1.0) with IdentityTransform
[        ] Transforming firebase-annotations-16.2.0.jar (com.google.firebase:firebase-annotations:16.2.0) with JetifyTransform
[        ] Transforming firebase-annotations-16.2.0.jar (com.google.firebase:firebase-annotations:16.2.0) with IdentityTransform
[        ] Transforming javax.inject-1.jar (javax.inject:javax.inject:1) with JetifyTransform
[        ] Transforming javax.inject-1.jar (javax.inject:javax.inject:1) with IdentityTransform
[        ] Transforming error_prone_annotations-2.9.0.jar (com.google.errorprone:error_prone_annotations:2.9.0) with JetifyTransform
[   +1 ms] Transforming error_prone_annotations-2.9.0.jar (com.google.errorprone:error_prone_annotations:2.9.0) with IdentityTransform
[        ] Caching disabled for task ':app:mergeDebugJavaResource' because:
[        ]   Build cache is disabled
[        ]   Caching has been disabled for the task
[        ] Skipping task ':app:mergeDebugJavaResource' as it is up-to-date.
[        ] Resolve mutations for :app:checkDebugDuplicateClasses (Thread[#1817,Execution worker,5,main]) started.
[        ] :app:checkDebugDuplicateClasses (Thread[#1817,Execution worker,5,main]) started.
[  +58 ms] > Task :app:checkDebugDuplicateClasses UP-TO-DATE
[        ] Transforming libs.jar with JetifyTransform
[        ] Transforming libs.jar with IdentityTransform
[        ] Transforming libs.jar with EnumerateClassesTransform
[        ] Transforming firebase-auth-22.3.1.aar (com.google.firebase:firebase-auth:22.3.1) with JetifyTransform
[        ] Transforming firebase-auth-22.3.1.aar (com.google.firebase:firebase-auth:22.3.1) with AarToClassTransform
[        ] Transforming firebase-auth-22.3.1.aar (com.google.firebase:firebase-auth:22.3.1) with EnumerateClassesTransform
[        ] Transforming firebase-common-ktx-20.4.3.aar (com.google.firebase:firebase-common-ktx:20.4.3) with JetifyTransform
[        ] Transforming firebase-common-ktx-20.4.3.aar (com.google.firebase:firebase-common-ktx:20.4.3) with AarToClassTransform
[        ] Transforming firebase-common-ktx-20.4.3.aar (com.google.firebase:firebase-common-ktx:20.4.3) with EnumerateClassesTransform
[        ] Transforming kotlin-stdlib-jdk7-1.8.22.jar (org.jetbrains.kotlin:kotlin-stdlib-jdk7:1.8.22) with JetifyTransform
[        ] Transforming kotlin-stdlib-jdk7-1.8.22.jar (org.jetbrains.kotlin:kotlin-stdlib-jdk7:1.8.22) with IdentityTransform
[        ] Transforming kotlin-stdlib-jdk7-1.8.22.jar (org.jetbrains.kotlin:kotlin-stdlib-jdk7:1.8.22) with EnumerateClassesTransform
[        ] Transforming flutter_embedding_debug-1.0.0-cf56914b326edb0ccb123ffdc60f00060bd513fa.jar (io.flutter:flutter_embedding_debug:1.0.0-cf56914b326edb0ccb123ffdc60f00060bd513fa) with JetifyTransform
[        ] Transforming flutter_embedding_debug-1.0.0-cf56914b326edb0ccb123ffdc60f00060bd513fa.jar (io.flutter:flutter_embedding_debug:1.0.0-cf56914b326edb0ccb123ffdc60f00060bd513fa) with IdentityTransform
[        ] Transforming flutter_embedding_debug-1.0.0-cf56914b326edb0ccb123ffdc60f00060bd513fa.jar (io.flutter:flutter_embedding_debug:1.0.0-cf56914b326edb0ccb123ffdc60f00060bd513fa) with EnumerateClassesTransform
[        ] Transforming preference-1.2.1.aar (androidx.preference:preference:1.2.1) with JetifyTransform
[        ] Transforming preference-1.2.1.aar (androidx.preference:preference:1.2.1) with AarToClassTransform
[        ] Transforming preference-1.2.1.aar (androidx.preference:preference:1.2.1) with EnumerateClassesTransform
[        ] Transforming browser-1.8.0.aar (androidx.browser:browser:1.8.0) with JetifyTransform
[        ] Transforming browser-1.8.0.aar (androidx.browser:browser:1.8.0) with AarToClassTransform
[        ] Transforming browser-1.8.0.aar (androidx.browser:browser:1.8.0) with EnumerateClassesTransform
[        ] Transforming browser-1.8.0.aar (androidx.browser:browser:1.8.0) with JetifyTransform
[        ] Transforming browser-1.8.0.aar (androidx.browser:browser:1.8.0) with AarToClassTransform
[        ] Transforming browser-1.8.0.aar (androidx.browser:browser:1.8.0) with EnumerateClassesTransform
[        ] Transforming webkit-1.12.1.aar (androidx.webkit:webkit:1.12.1) with JetifyTransform
[        ] Transforming webkit-1.12.1.aar (androidx.webkit:webkit:1.12.1) with AarToClassTransform
[        ] Transforming webkit-1.12.1.aar (androidx.webkit:webkit:1.12.1) with EnumerateClassesTransform
[        ] Transforming recyclerview-1.0.0.aar (androidx.recyclerview:recyclerview:1.0.0) with JetifyTransform
[        ] Transforming recyclerview-1.0.0.aar (androidx.recyclerview:recyclerview:1.0.0) with AarToClassTransform
[        ] Transforming recyclerview-1.0.0.aar (androidx.recyclerview:recyclerview:1.0.0) with EnumerateClassesTransform
[        ] Transforming legacy-support-core-ui-1.0.0.aar (androidx.legacy:legacy-support-core-ui:1.0.0) with JetifyTransform
[        ] Transforming legacy-support-core-ui-1.0.0.aar (androidx.legacy:legacy-support-core-ui:1.0.0) with AarToClassTransform
[        ] Transforming legacy-support-core-ui-1.0.0.aar (androidx.legacy:legacy-support-core-ui:1.0.0) with EnumerateClassesTransform
[        ] Transforming slidingpanelayout-1.2.0.aar (androidx.slidingpanelayout:slidingpanelayout:1.2.0) with JetifyTransform
[        ] Transforming slidingpanelayout-1.2.0.aar (androidx.slidingpanelayout:slidingpanelayout:1.2.0) with AarToClassTransform
[        ] Transforming slidingpanelayout-1.2.0.aar (androidx.slidingpanelayout:slidingpanelayout:1.2.0) with EnumerateClassesTransform
[        ] Transforming slidingpanelayout-1.2.0.aar (androidx.slidingpanelayout:slidingpanelayout:1.2.0) with JetifyTransform
[        ] Transforming slidingpanelayout-1.2.0.aar (androidx.slidingpanelayout:slidingpanelayout:1.2.0) with AarToClassTransform
[        ] Transforming slidingpanelayout-1.2.0.aar (androidx.slidingpanelayout:slidingpanelayout:1.2.0) with EnumerateClassesTransform
[        ] Transforming window-1.2.0.aar (androidx.window:window:1.2.0) with JetifyTransform
[        ] Transforming window-1.2.0.aar (androidx.window:window:1.2.0) with AarToClassTransform
[        ] Transforming window-1.2.0.aar (androidx.window:window:1.2.0) with EnumerateClassesTransform
[        ] Transforming window-java-1.2.0.aar (androidx.window:window-java:1.2.0) with JetifyTransform
[        ] Transforming window-java-1.2.0.aar (androidx.window:window-java:1.2.0) with AarToClassTransform
[        ] Transforming window-java-1.2.0.aar (androidx.window:window-java:1.2.0) with EnumerateClassesTransform
[        ] Transforming appcompat-1.1.0.aar (androidx.appcompat:appcompat:1.1.0) with JetifyTransform
[        ] Transforming appcompat-1.1.0.aar (androidx.appcompat:appcompat:1.1.0) with AarToClassTransform
[        ] Transforming appcompat-1.1.0.aar (androidx.appcompat:appcompat:1.1.0) with EnumerateClassesTransform
[        ] Transforming firebase-auth-interop-20.0.0.aar (com.google.firebase:firebase-auth-interop:20.0.0) with JetifyTransform
[        ] Transforming firebase-auth-interop-20.0.0.aar (com.google.firebase:firebase-auth-interop:20.0.0) with AarToClassTransform
[        ] Transforming firebase-auth-interop-20.0.0.aar (com.google.firebase:firebase-auth-interop:20.0.0) with EnumerateClassesTransform
[        ] Transforming firebase-common-20.4.3.aar (com.google.firebase:firebase-common:20.4.3) with JetifyTransform
[        ] Transforming firebase-common-20.4.3.aar (com.google.firebase:firebase-common:20.4.3) with AarToClassTransform
[        ] Transforming firebase-common-20.4.3.aar (com.google.firebase:firebase-common:20.4.3) with EnumerateClassesTransform
[        ] Transforming firebase-common-20.4.3.aar (com.google.firebase:firebase-common:20.4.3) with JetifyTransform
[        ] Transforming firebase-common-20.4.3.aar (com.google.firebase:firebase-common:20.4.3) with AarToClassTransform
[        ] Transforming firebase-common-20.4.3.aar (com.google.firebase:firebase-common:20.4.3) with EnumerateClassesTransform
[        ] Transforming play-services-auth-api-phone-17.4.0.aar (com.google.android.gms:play-services-auth-api-phone:17.4.0) with JetifyTransform
[        ] Transforming play-services-auth-api-phone-17.4.0.aar (com.google.android.gms:play-services-auth-api-phone:17.4.0) with AarToClassTransform
[        ] Transforming play-services-auth-api-phone-17.4.0.aar (com.google.android.gms:play-services-auth-api-phone:17.4.0) with EnumerateClassesTransform
[        ] Transforming recaptcha-18.4.0.aar (com.google.android.recaptcha:recaptcha:18.4.0) with JetifyTransform
[        ] Transforming recaptcha-18.4.0.aar (com.google.android.recaptcha:recaptcha:18.4.0) with AarToClassTransform
[        ] Transforming recaptcha-18.4.0.aar (com.google.android.recaptcha:recaptcha:18.4.0) with EnumerateClassesTransform
[        ] Transforming integrity-1.2.0.aar (com.google.android.play:integrity:1.2.0) with JetifyTransform
[        ] Transforming integrity-1.2.0.aar (com.google.android.play:integrity:1.2.0) with AarToClassTransform
[        ] Transforming integrity-1.2.0.aar (com.google.android.play:integrity:1.2.0) with EnumerateClassesTransform
[        ] Transforming firebase-appcheck-interop-17.0.0.aar (com.google.firebase:firebase-appcheck-interop:17.0.0) with JetifyTransform
[        ] Transforming firebase-appcheck-interop-17.0.0.aar (com.google.firebase:firebase-appcheck-interop:17.0.0) with AarToClassTransform
[        ] Transforming firebase-appcheck-interop-17.0.0.aar (com.google.firebase:firebase-appcheck-interop:17.0.0) with EnumerateClassesTransform
[        ] Transforming fragment-ktx-1.7.1.aar (androidx.fragment:fragment-ktx:1.7.1) with JetifyTransform
[        ] Transforming fragment-ktx-1.7.1.aar (androidx.fragment:fragment-ktx:1.7.1) with AarToClassTransform
[        ] Transforming fragment-ktx-1.7.1.aar (androidx.fragment:fragment-ktx:1.7.1) with EnumerateClassesTransform
[        ] Transforming play-services-base-18.0.1.aar (com.google.android.gms:play-services-base:18.0.1) with JetifyTransform
[        ] Transforming play-services-base-18.0.1.aar (com.google.android.gms:play-services-base:18.0.1) with AarToClassTransform
[        ] Transforming play-services-base-18.0.1.aar (com.google.android.gms:play-services-base:18.0.1) with EnumerateClassesTransform
[        ] Transforming fragment-1.7.1.aar (androidx.fragment:fragment:1.7.1) with JetifyTransform
[        ] Transforming fragment-1.7.1.aar (androidx.fragment:fragment:1.7.1) with AarToClassTransform
[        ] Transforming fragment-1.7.1.aar (androidx.fragment:fragment:1.7.1) with EnumerateClassesTransform
[        ] Transforming fragment-1.7.1.aar (androidx.fragment:fragment:1.7.1) with JetifyTransform
[        ] Transforming fragment-1.7.1.aar (androidx.fragment:fragment:1.7.1) with AarToClassTransform
[        ] Transforming fragment-1.7.1.aar (androidx.fragment:fragment:1.7.1) with EnumerateClassesTransform
[        ] Transforming activity-ktx-1.8.1.aar (androidx.activity:activity-ktx:1.8.1) with JetifyTransform
[        ] Transforming activity-ktx-1.8.1.aar (androidx.activity:activity-ktx:1.8.1) with AarToClassTransform
[        ] Transforming activity-ktx-1.8.1.aar (androidx.activity:activity-ktx:1.8.1) with EnumerateClassesTransform
[        ] Transforming activity-1.8.1.aar (androidx.activity:activity:1.8.1) with JetifyTransform
[        ] Transforming activity-1.8.1.aar (androidx.activity:activity:1.8.1) with AarToClassTransform
[        ] Transforming activity-1.8.1.aar (androidx.activity:activity:1.8.1) with EnumerateClassesTransform
[        ] Transforming legacy-support-core-utils-1.0.0.aar (androidx.legacy:legacy-support-core-utils:1.0.0) with JetifyTransform
[        ] Transforming legacy-support-core-utils-1.0.0.aar (androidx.legacy:legacy-support-core-utils:1.0.0) with AarToClassTransform
[        ] Transforming legacy-support-core-utils-1.0.0.aar (androidx.legacy:legacy-support-core-utils:1.0.0) with EnumerateClassesTransform
[        ] Transforming loader-1.0.0.aar (androidx.loader:loader:1.0.0) with JetifyTransform
[        ] Transforming loader-1.0.0.aar (androidx.loader:loader:1.0.0) with AarToClassTransform
[        ] Transforming loader-1.0.0.aar (androidx.loader:loader:1.0.0) with EnumerateClassesTransform
[        ] Transforming loader-1.0.0.aar (androidx.loader:loader:1.0.0) with JetifyTransform
[        ] Transforming loader-1.0.0.aar (androidx.loader:loader:1.0.0) with AarToClassTransform
[        ] Transforming loader-1.0.0.aar (androidx.loader:loader:1.0.0) with EnumerateClassesTransform
[        ] Transforming lifecycle-runtime-ktx-2.7.0.aar (androidx.lifecycle:lifecycle-runtime-ktx:2.7.0) with JetifyTransform
[        ] Transforming lifecycle-runtime-ktx-2.7.0.aar (androidx.lifecycle:lifecycle-runtime-ktx:2.7.0) with AarToClassTransform
[        ] Transforming lifecycle-runtime-ktx-2.7.0.aar (androidx.lifecycle:lifecycle-runtime-ktx:2.7.0) with EnumerateClassesTransform
[        ] Transforming lifecycle-livedata-2.7.0.aar (androidx.lifecycle:lifecycle-livedata:2.7.0) with JetifyTransform
[        ] Transforming lifecycle-livedata-2.7.0.aar (androidx.lifecycle:lifecycle-livedata:2.7.0) with AarToClassTransform
[        ] Transforming lifecycle-livedata-2.7.0.aar (androidx.lifecycle:lifecycle-livedata:2.7.0) with EnumerateClassesTransform
[        ] Transforming lifecycle-livedata-core-ktx-2.7.0.aar (androidx.lifecycle:lifecycle-livedata-core-ktx:2.7.0) with JetifyTransform
[        ] Transforming lifecycle-livedata-core-ktx-2.7.0.aar (androidx.lifecycle:lifecycle-livedata-core-ktx:2.7.0) with AarToClassTransform
[        ] Transforming lifecycle-livedata-core-ktx-2.7.0.aar (androidx.lifecycle:lifecycle-livedata-core-ktx:2.7.0) with EnumerateClassesTransform
[        ] Transforming lifecycle-viewmodel-ktx-2.7.0.aar (androidx.lifecycle:lifecycle-viewmodel-ktx:2.7.0) with JetifyTransform
[        ] Transforming lifecycle-viewmodel-ktx-2.7.0.aar (androidx.lifecycle:lifecycle-viewmodel-ktx:2.7.0) with AarToClassTransform
[        ] Transforming lifecycle-viewmodel-ktx-2.7.0.aar (androidx.lifecycle:lifecycle-viewmodel-ktx:2.7.0) with EnumerateClassesTransform
[        ] Transforming lifecycle-viewmodel-savedstate-2.7.0.aar (androidx.lifecycle:lifecycle-viewmodel-savedstate:2.7.0) with JetifyTransform
[        ] Transforming lifecycle-viewmodel-savedstate-2.7.0.aar (androidx.lifecycle:lifecycle-viewmodel-savedstate:2.7.0) with AarToClassTransform
[        ] Transforming lifecycle-viewmodel-savedstate-2.7.0.aar (androidx.lifecycle:lifecycle-viewmodel-savedstate:2.7.0) with EnumerateClassesTransform
[        ] Transforming lifecycle-viewmodel-2.7.0.aar (androidx.lifecycle:lifecycle-viewmodel:2.7.0) with JetifyTransform
[        ] Transforming lifecycle-viewmodel-2.7.0.aar (androidx.lifecycle:lifecycle-viewmodel:2.7.0) with AarToClassTransform
[        ] Transforming lifecycle-viewmodel-2.7.0.aar (androidx.lifecycle:lifecycle-viewmodel:2.7.0) with EnumerateClassesTransform
[        ] Transforming lifecycle-viewmodel-2.7.0.aar (androidx.lifecycle:lifecycle-viewmodel:2.7.0) with JetifyTransform
[        ] Transforming lifecycle-viewmodel-2.7.0.aar (androidx.lifecycle:lifecycle-viewmodel:2.7.0) with AarToClassTransform
[        ] Transforming lifecycle-viewmodel-2.7.0.aar (androidx.lifecycle:lifecycle-viewmodel:2.7.0) with EnumerateClassesTransform
[        ] Transforming lifecycle-livedata-core-2.7.0.aar (androidx.lifecycle:lifecycle-livedata-core:2.7.0) with JetifyTransform
[        ] Transforming lifecycle-livedata-core-2.7.0.aar (androidx.lifecycle:lifecycle-livedata-core:2.7.0) with AarToClassTransform
[        ] Transforming lifecycle-livedata-core-2.7.0.aar (androidx.lifecycle:lifecycle-livedata-core:2.7.0) with EnumerateClassesTransform
[        ] Transforming lifecycle-runtime-2.7.0.aar (androidx.lifecycle:lifecycle-runtime:2.7.0) with JetifyTransform
[        ] Transforming lifecycle-runtime-2.7.0.aar (androidx.lifecycle:lifecycle-runtime:2.7.0) with AarToClassTransform
[        ] Transforming lifecycle-runtime-2.7.0.aar (androidx.lifecycle:lifecycle-runtime:2.7.0) with EnumerateClassesTransform
[        ] Transforming lifecycle-process-2.7.0.aar (androidx.lifecycle:lifecycle-process:2.7.0) with JetifyTransform
[        ] Transforming lifecycle-process-2.7.0.aar (androidx.lifecycle:lifecycle-process:2.7.0) with AarToClassTransform
[        ] Transforming lifecycle-process-2.7.0.aar (androidx.lifecycle:lifecycle-process:2.7.0) with EnumerateClassesTransform
[        ] Transforming lifecycle-common-java8-2.7.0.jar (androidx.lifecycle:lifecycle-common-java8:2.7.0) with JetifyTransform
[        ] Transforming lifecycle-common-java8-2.7.0.jar (androidx.lifecycle:lifecycle-common-java8:2.7.0) with IdentityTransform
[        ] Transforming lifecycle-common-java8-2.7.0.jar (androidx.lifecycle:lifecycle-common-java8:2.7.0) with EnumerateClassesTransform
[        ] Transforming savedstate-ktx-1.2.1.aar (androidx.savedstate:savedstate-ktx:1.2.1) with JetifyTransform
[        ] Transforming savedstate-ktx-1.2.1.aar (androidx.savedstate:savedstate-ktx:1.2.1) with AarToClassTransform
[        ] Transforming savedstate-ktx-1.2.1.aar (androidx.savedstate:savedstate-ktx:1.2.1) with EnumerateClassesTransform
[        ] Transforming savedstate-1.2.1.aar (androidx.savedstate:savedstate:1.2.1) with JetifyTransform
[        ] Transforming savedstate-1.2.1.aar (androidx.savedstate:savedstate:1.2.1) with AarToClassTransform
[        ] Transforming savedstate-1.2.1.aar (androidx.savedstate:savedstate:1.2.1) with EnumerateClassesTransform
[        ] Transforming lifecycle-common-2.7.0.jar (androidx.lifecycle:lifecycle-common:2.7.0) with JetifyTransform
[        ] Transforming lifecycle-common-2.7.0.jar (androidx.lifecycle:lifecycle-common:2.7.0) with IdentityTransform
[        ] Transforming lifecycle-common-2.7.0.jar (androidx.lifecycle:lifecycle-common:2.7.0) with EnumerateClassesTransform
[        ] Transforming kotlinx-coroutines-android-1.7.3.jar (org.jetbrains.kotlinx:kotlinx-coroutines-android:1.7.3) with JetifyTransform
[        ] Transforming kotlinx-coroutines-android-1.7.3.jar (org.jetbrains.kotlinx:kotlinx-coroutines-android:1.7.3) with IdentityTransform
[        ] Transforming kotlinx-coroutines-android-1.7.3.jar (org.jetbrains.kotlinx:kotlinx-coroutines-android:1.7.3) with EnumerateClassesTransform
[        ] Transforming datastore-preferences-core-jvm-1.1.1.jar (androidx.datastore:datastore-preferences-core-jvm:1.1.1) with JetifyTransform
[        ] Transforming datastore-preferences-core-jvm-1.1.1.jar (androidx.datastore:datastore-preferences-core-jvm:1.1.1) with IdentityTransform
[        ] Transforming datastore-preferences-core-jvm-1.1.1.jar (androidx.datastore:datastore-preferences-core-jvm:1.1.1) with EnumerateClassesTransform
[        ] Transforming datastore-core-okio-jvm-1.1.1.jar (androidx.datastore:datastore-core-okio-jvm:1.1.1) with JetifyTransform
[        ] Transforming datastore-core-okio-jvm-1.1.1.jar (androidx.datastore:datastore-core-okio-jvm:1.1.1) with IdentityTransform
[        ] Transforming datastore-core-okio-jvm-1.1.1.jar (androidx.datastore:datastore-core-okio-jvm:1.1.1) with EnumerateClassesTransform
[        ] Transforming datastore-core-release.aar (androidx.datastore:datastore-core-android:1.1.1) with JetifyTransform
[        ] Transforming datastore-core-release.aar (androidx.datastore:datastore-core-android:1.1.1) with AarToClassTransform
[        ] Transforming datastore-core-release.aar (androidx.datastore:datastore-core-android:1.1.1) with EnumerateClassesTransform
[        ] Transforming datastore-preferences-release.aar (androidx.datastore:datastore-preferences-android:1.1.1) with JetifyTransform
[        ] Transforming datastore-preferences-release.aar (androidx.datastore:datastore-preferences-android:1.1.1) with AarToClassTransform
[        ] Transforming datastore-preferences-release.aar (androidx.datastore:datastore-preferences-android:1.1.1) with EnumerateClassesTransform
[        ] Transforming datastore-release.aar (androidx.datastore:datastore-android:1.1.1) with JetifyTransform
[        ] Transforming datastore-release.aar (androidx.datastore:datastore-android:1.1.1) with AarToClassTransform
[        ] Transforming datastore-release.aar (androidx.datastore:datastore-android:1.1.1) with EnumerateClassesTransform
[        ] Transforming kotlinx-coroutines-core-jvm-1.7.3.jar (org.jetbrains.kotlinx:kotlinx-coroutines-core-jvm:1.7.3) with JetifyTransform
[        ] Transforming kotlinx-coroutines-core-jvm-1.7.3.jar (org.jetbrains.kotlinx:kotlinx-coroutines-core-jvm:1.7.3) with IdentityTransform
[        ] Transforming kotlinx-coroutines-core-jvm-1.7.3.jar (org.jetbrains.kotlinx:kotlinx-coroutines-core-jvm:1.7.3) with EnumerateClassesTransform
[        ] Transforming kotlinx-coroutines-play-services-1.7.3.jar (org.jetbrains.kotlinx:kotlinx-coroutines-play-services:1.7.3) with JetifyTransform
[        ] Transforming kotlinx-coroutines-play-services-1.7.3.jar (org.jetbrains.kotlinx:kotlinx-coroutines-play-services:1.7.3) with IdentityTransform
[        ] Transforming kotlinx-coroutines-play-services-1.7.3.jar (org.jetbrains.kotlinx:kotlinx-coroutines-play-services:1.7.3) with EnumerateClassesTransform
[        ] Transforming play-services-tasks-18.1.0.aar (com.google.android.gms:play-services-tasks:18.1.0) with JetifyTransform
[        ] Transforming play-services-tasks-18.1.0.aar (com.google.android.gms:play-services-tasks:18.1.0) with AarToClassTransform
[        ] Transforming play-services-tasks-18.1.0.aar (com.google.android.gms:play-services-tasks:18.1.0) with EnumerateClassesTransform
[        ] Transforming play-services-tasks-18.1.0.aar (com.google.android.gms:play-services-tasks:18.1.0) with JetifyTransform
[        ] Transforming play-services-tasks-18.1.0.aar (com.google.android.gms:play-services-tasks:18.1.0) with AarToClassTransform
[        ] Transforming play-services-tasks-18.1.0.aar (com.google.android.gms:play-services-tasks:18.1.0) with EnumerateClassesTransform
[        ] Transforming play-services-basement-18.3.0.aar (com.google.android.gms:play-services-basement:18.3.0) with JetifyTransform
[        ] Transforming play-services-basement-18.3.0.aar (com.google.android.gms:play-services-basement:18.3.0) with AarToClassTransform
[        ] Transforming play-services-basement-18.3.0.aar (com.google.android.gms:play-services-basement:18.3.0) with EnumerateClassesTransform
[        ] Transforming viewpager-1.0.0.aar (androidx.viewpager:viewpager:1.0.0) with JetifyTransform
[        ] Transforming viewpager-1.0.0.aar (androidx.viewpager:viewpager:1.0.0) with AarToClassTransform
[        ] Transforming viewpager-1.0.0.aar (androidx.viewpager:viewpager:1.0.0) with EnumerateClassesTransform
[        ] Transforming viewpager-1.0.0.aar (androidx.viewpager:viewpager:1.0.0) with JetifyTransform
[        ] Transforming viewpager-1.0.0.aar (androidx.viewpager:viewpager:1.0.0) with AarToClassTransform
[        ] Transforming viewpager-1.0.0.aar (androidx.viewpager:viewpager:1.0.0) with EnumerateClassesTransform
[        ] Transforming appcompat-resources-1.1.0.aar (androidx.appcompat:appcompat-resources:1.1.0) with JetifyTransform
[        ] Transforming appcompat-resources-1.1.0.aar (androidx.appcompat:appcompat-resources:1.1.0) with AarToClassTransform
[        ] Transforming appcompat-resources-1.1.0.aar (androidx.appcompat:appcompat-resources:1.1.0) with EnumerateClassesTransform
[        ] Transforming drawerlayout-1.0.0.aar (androidx.drawerlayout:drawerlayout:1.0.0) with JetifyTransform
[        ] Transforming drawerlayout-1.0.0.aar (androidx.drawerlayout:drawerlayout:1.0.0) with AarToClassTransform
[        ] Transforming drawerlayout-1.0.0.aar (androidx.drawerlayout:drawerlayout:1.0.0) with EnumerateClassesTransform
[        ] Transforming coordinatorlayout-1.0.0.aar (androidx.coordinatorlayout:coordinatorlayout:1.0.0) with JetifyTransform
[        ] Transforming coordinatorlayout-1.0.0.aar (androidx.coordinatorlayout:coordinatorlayout:1.0.0) with AarToClassTransform
[        ] Transforming coordinatorlayout-1.0.0.aar (androidx.coordinatorlayout:coordinatorlayout:1.0.0) with EnumerateClassesTransform
[        ] Transforming customview-1.1.0.aar (androidx.customview:customview:1.1.0) with JetifyTransform
[        ] Transforming customview-1.1.0.aar (androidx.customview:customview:1.1.0) with AarToClassTransform
[        ] Transforming customview-1.1.0.aar (androidx.customview:customview:1.1.0) with EnumerateClassesTransform
[        ] Transforming customview-1.1.0.aar (androidx.customview:customview:1.1.0) with JetifyTransform
[        ] Transforming customview-1.1.0.aar (androidx.customview:customview:1.1.0) with AarToClassTransform
[        ] Transforming customview-1.1.0.aar (androidx.customview:customview:1.1.0) with EnumerateClassesTransform
[        ] Transforming transition-1.4.1.aar (androidx.transition:transition:1.4.1) with JetifyTransform
[        ] Transforming transition-1.4.1.aar (androidx.transition:transition:1.4.1) with AarToClassTransform
[        ] Transforming transition-1.4.1.aar (androidx.transition:transition:1.4.1) with EnumerateClassesTransform
[        ] Transforming core-ktx-1.13.1.aar (androidx.core:core-ktx:1.13.1) with JetifyTransform
[        ] Transforming core-ktx-1.13.1.aar (androidx.core:core-ktx:1.13.1) with AarToClassTransform
[        ] Transforming core-ktx-1.13.1.aar (androidx.core:core-ktx:1.13.1) with EnumerateClassesTransform
[        ] Transforming vectordrawable-animated-1.1.0.aar (androidx.vectordrawable:vectordrawable-animated:1.1.0) with JetifyTransform
[        ] Transforming vectordrawable-animated-1.1.0.aar (androidx.vectordrawable:vectordrawable-animated:1.1.0) with AarToClassTransform
[        ] Transforming vectordrawable-animated-1.1.0.aar (androidx.vectordrawable:vectordrawable-animated:1.1.0) with EnumerateClassesTransform
[        ] Transforming vectordrawable-1.1.0.aar (androidx.vectordrawable:vectordrawable:1.1.0) with JetifyTransform
[        ] Transforming vectordrawable-1.1.0.aar (androidx.vectordrawable:vectordrawable:1.1.0) with AarToClassTransform
[        ] Transforming vectordrawable-1.1.0.aar (androidx.vectordrawable:vectordrawable:1.1.0) with EnumerateClassesTransform
[        ] Transforming swiperefreshlayout-1.0.0.aar (androidx.swiperefreshlayout:swiperefreshlayout:1.0.0) with JetifyTransform
[        ] Transforming swiperefreshlayout-1.0.0.aar (androidx.swiperefreshlayout:swiperefreshlayout:1.0.0) with AarToClassTransform
[        ] Transforming swiperefreshlayout-1.0.0.aar (androidx.swiperefreshlayout:swiperefreshlayout:1.0.0) with EnumerateClassesTransform
[        ] Transforming asynclayoutinflater-1.0.0.aar (androidx.asynclayoutinflater:asynclayoutinflater:1.0.0) with JetifyTransform
[        ] Transforming asynclayoutinflater-1.0.0.aar (androidx.asynclayoutinflater:asynclayoutinflater:1.0.0) with AarToClassTransform
[        ] Transforming asynclayoutinflater-1.0.0.aar (androidx.asynclayoutinflater:asynclayoutinflater:1.0.0) with EnumerateClassesTransform
[        ] Transforming core-1.13.1.aar (androidx.core:core:1.13.1) with JetifyTransform
[        ] Transforming core-1.13.1.aar (androidx.core:core:1.13.1) with AarToClassTransform
[        ] Transforming core-1.13.1.aar (androidx.core:core:1.13.1) with EnumerateClassesTransform
[        ] Transforming core-1.13.1.aar (androidx.core:core:1.13.1) with JetifyTransform
[        ] Transforming core-1.13.1.aar (androidx.core:core:1.13.1) with AarToClassTransform
[        ] Transforming core-1.13.1.aar (androidx.core:core:1.13.1) with EnumerateClassesTransform
[        ] Transforming profileinstaller-1.3.1.aar (androidx.profileinstaller:profileinstaller:1.3.1) with JetifyTransform
[        ] Transforming profileinstaller-1.3.1.aar (androidx.profileinstaller:profileinstaller:1.3.1) with AarToClassTransform
[        ] Transforming profileinstaller-1.3.1.aar (androidx.profileinstaller:profileinstaller:1.3.1) with EnumerateClassesTransform
[        ] Transforming startup-runtime-1.1.1.aar (androidx.startup:startup-runtime:1.1.1) with JetifyTransform
[        ] Transforming startup-runtime-1.1.1.aar (androidx.startup:startup-runtime:1.1.1) with AarToClassTransform
[        ] Transforming startup-runtime-1.1.1.aar (androidx.startup:startup-runtime:1.1.1) with EnumerateClassesTransform
[        ] Transforming tracing-1.2.0.aar (androidx.tracing:tracing:1.2.0) with JetifyTransform
[        ] Transforming tracing-1.2.0.aar (androidx.tracing:tracing:1.2.0) with AarToClassTransform
[        ] Transforming tracing-1.2.0.aar (androidx.tracing:tracing:1.2.0) with EnumerateClassesTransform
[        ] Transforming interpolator-1.0.0.aar (androidx.interpolator:interpolator:1.0.0) with JetifyTransform
[        ] Transforming interpolator-1.0.0.aar (androidx.interpolator:interpolator:1.0.0) with AarToClassTransform
[        ] Transforming interpolator-1.0.0.aar (androidx.interpolator:interpolator:1.0.0) with EnumerateClassesTransform
[        ] Transforming interpolator-1.0.0.aar (androidx.interpolator:interpolator:1.0.0) with JetifyTransform
[        ] Transforming interpolator-1.0.0.aar (androidx.interpolator:interpolator:1.0.0) with AarToClassTransform
[        ] Transforming interpolator-1.0.0.aar (androidx.interpolator:interpolator:1.0.0) with EnumerateClassesTransform
[        ] Transforming versionedparcelable-1.1.1.aar (androidx.versionedparcelable:versionedparcelable:1.1.1) with JetifyTransform
[        ] Transforming versionedparcelable-1.1.1.aar (androidx.versionedparcelable:versionedparcelable:1.1.1) with AarToClassTransform
[        ] Transforming versionedparcelable-1.1.1.aar (androidx.versionedparcelable:versionedparcelable:1.1.1) with EnumerateClassesTransform
[        ] Transforming collection-ktx-1.1.0.jar (androidx.collection:collection-ktx:1.1.0) with JetifyTransform
[        ] Transforming collection-ktx-1.1.0.jar (androidx.collection:collection-ktx:1.1.0) with IdentityTransform
[        ] Transforming collection-ktx-1.1.0.jar (androidx.collection:collection-ktx:1.1.0) with EnumerateClassesTransform
[        ] Transforming collection-1.1.0.jar (androidx.collection:collection:1.1.0) with JetifyTransform
[        ] Transforming collection-1.1.0.jar (androidx.collection:collection:1.1.0) with IdentityTransform
[        ] Transforming collection-1.1.0.jar (androidx.collection:collection:1.1.0) with EnumerateClassesTransform
[        ] Transforming localbroadcastmanager-1.0.0.aar (androidx.localbroadcastmanager:localbroadcastmanager:1.0.0) with JetifyTransform
[        ] Transforming localbroadcastmanager-1.0.0.aar (androidx.localbroadcastmanager:localbroadcastmanager:1.0.0) with AarToClassTransform
[        ] Transforming localbroadcastmanager-1.0.0.aar (androidx.localbroadcastmanager:localbroadcastmanager:1.0.0) with EnumerateClassesTransform
[        ] Transforming firebase-components-17.1.5.aar (com.google.firebase:firebase-components:17.1.5) with JetifyTransform
[        ] Transforming firebase-components-17.1.5.aar (com.google.firebase:firebase-components:17.1.5) with AarToClassTransform
[        ] Transforming firebase-components-17.1.5.aar (com.google.firebase:firebase-components:17.1.5) with EnumerateClassesTransform
[        ] Transforming concurrent-futures-1.1.0.jar (androidx.concurrent:concurrent-futures:1.1.0) with JetifyTransform
[        ] Transforming concurrent-futures-1.1.0.jar (androidx.concurrent:concurrent-futures:1.1.0) with IdentityTransform
[        ] Transforming concurrent-futures-1.1.0.jar (androidx.concurrent:concurrent-futures:1.1.0) with EnumerateClassesTransform
[        ] Transforming core-runtime-2.2.0.aar (androidx.arch.core:core-runtime:2.2.0) with JetifyTransform
[        ] Transforming core-runtime-2.2.0.aar (androidx.arch.core:core-runtime:2.2.0) with AarToClassTransform
[        ] Transforming core-runtime-2.2.0.aar (androidx.arch.core:core-runtime:2.2.0) with EnumerateClassesTransform
[        ] Transforming core-common-2.2.0.jar (androidx.arch.core:core-common:2.2.0) with JetifyTransform
[        ] Transforming core-common-2.2.0.jar (androidx.arch.core:core-common:2.2.0) with IdentityTransform
[        ] Transforming core-common-2.2.0.jar (androidx.arch.core:core-common:2.2.0) with EnumerateClassesTransform
[        ] Transforming cursoradapter-1.0.0.aar (androidx.cursoradapter:cursoradapter:1.0.0) with JetifyTransform
[        ] Transforming cursoradapter-1.0.0.aar (androidx.cursoradapter:cursoradapter:1.0.0) with AarToClassTransform
[        ] Transforming cursoradapter-1.0.0.aar (androidx.cursoradapter:cursoradapter:1.0.0) with EnumerateClassesTransform
[        ] Transforming core-1.0.0.aar (androidx.window.extensions.core:core:1.0.0) with JetifyTransform
[        ] Transforming core-1.0.0.aar (androidx.window.extensions.core:core:1.0.0) with AarToClassTransform
[        ] Transforming core-1.0.0.aar (androidx.window.extensions.core:core:1.0.0) with EnumerateClassesTransform
[        ] Transforming documentfile-1.0.0.aar (androidx.documentfile:documentfile:1.0.0) with JetifyTransform
[        ] Transforming documentfile-1.0.0.aar (androidx.documentfile:documentfile:1.0.0) with AarToClassTransform
[        ] Transforming documentfile-1.0.0.aar (androidx.documentfile:documentfile:1.0.0) with EnumerateClassesTransform
[        ] Transforming print-1.0.0.aar (androidx.print:print:1.0.0) with JetifyTransform
[        ] Transforming print-1.0.0.aar (androidx.print:print:1.0.0) with AarToClassTransform
[        ] Transforming print-1.0.0.aar (androidx.print:print:1.0.0) with EnumerateClassesTransform
[        ] Transforming annotation-jvm-1.9.1.jar (androidx.annotation:annotation-jvm:1.9.1) with JetifyTransform
[        ] Transforming annotation-jvm-1.9.1.jar (androidx.annotation:annotation-jvm:1.9.1) with IdentityTransform
[        ] Transforming annotation-jvm-1.9.1.jar (androidx.annotation:annotation-jvm:1.9.1) with EnumerateClassesTransform
[        ] Transforming annotation-experimental-1.4.1.aar (androidx.annotation:annotation-experimental:1.4.1) with JetifyTransform
[        ] Transforming annotation-experimental-1.4.1.aar (androidx.annotation:annotation-experimental:1.4.1) with AarToClassTransform
[        ] Transforming annotation-experimental-1.4.1.aar (androidx.annotation:annotation-experimental:1.4.1) with EnumerateClassesTransform
[        ] Transforming kotlin-parcelize-runtime-1.9.22.jar (org.jetbrains.kotlin:kotlin-parcelize-runtime:1.9.22) with JetifyTransform
[        ] Transforming kotlin-parcelize-runtime-1.9.22.jar (org.jetbrains.kotlin:kotlin-parcelize-runtime:1.9.22) with IdentityTransform
[        ] Transforming kotlin-parcelize-runtime-1.9.22.jar (org.jetbrains.kotlin:kotlin-parcelize-runtime:1.9.22) with EnumerateClassesTransform
[        ] Transforming kotlin-android-extensions-runtime-1.9.22.jar (org.jetbrains.kotlin:kotlin-android-extensions-runtime:1.9.22) with JetifyTransform
[        ] Transforming kotlin-android-extensions-runtime-1.9.22.jar (org.jetbrains.kotlin:kotlin-android-extensions-runtime:1.9.22) with IdentityTransform
[        ] Transforming kotlin-android-extensions-runtime-1.9.22.jar (org.jetbrains.kotlin:kotlin-android-extensions-runtime:1.9.22) with EnumerateClassesTransform
[        ] Transforming kotlin-stdlib-1.9.24.jar (org.jetbrains.kotlin:kotlin-stdlib:1.9.24) with JetifyTransform
[        ] Transforming kotlin-stdlib-1.9.24.jar (org.jetbrains.kotlin:kotlin-stdlib:1.9.24) with IdentityTransform
[        ] Transforming kotlin-stdlib-1.9.24.jar (org.jetbrains.kotlin:kotlin-stdlib:1.9.24) with EnumerateClassesTransform
[        ] Transforming okio-jvm-3.4.0.jar (com.squareup.okio:okio-jvm:3.4.0) with JetifyTransform
[        ] Transforming okio-jvm-3.4.0.jar (com.squareup.okio:okio-jvm:3.4.0) with IdentityTransform
[        ] Transforming okio-jvm-3.4.0.jar (com.squareup.okio:okio-jvm:3.4.0) with EnumerateClassesTransform
[        ] Transforming kotlin-stdlib-jdk8-1.8.22.jar (org.jetbrains.kotlin:kotlin-stdlib-jdk8:1.8.22) with JetifyTransform
[        ] Transforming kotlin-stdlib-jdk8-1.8.22.jar (org.jetbrains.kotlin:kotlin-stdlib-jdk8:1.8.22) with IdentityTransform
[        ] Transforming kotlin-stdlib-jdk8-1.8.22.jar (org.jetbrains.kotlin:kotlin-stdlib-jdk8:1.8.22) with EnumerateClassesTransform
[        ] Transforming x86_64_debug-1.0.0-cf56914b326edb0ccb123ffdc60f00060bd513fa.jar (io.flutter:x86_64_debug:1.0.0-cf56914b326edb0ccb123ffdc60f00060bd513fa) with JetifyTransform
[        ] Transforming x86_64_debug-1.0.0-cf56914b326edb0ccb123ffdc60f00060bd513fa.jar (io.flutter:x86_64_debug:1.0.0-cf56914b326edb0ccb123ffdc60f00060bd513fa) with IdentityTransform
[        ] Transforming x86_64_debug-1.0.0-cf56914b326edb0ccb123ffdc60f00060bd513fa.jar (io.flutter:x86_64_debug:1.0.0-cf56914b326edb0ccb123ffdc60f00060bd513fa) with EnumerateClassesTransform
[        ] Transforming annotations-23.0.0.jar (org.jetbrains:annotations:23.0.0) with JetifyTransform
[        ] Transforming annotations-23.0.0.jar (org.jetbrains:annotations:23.0.0) with IdentityTransform
[        ] Transforming annotations-23.0.0.jar (org.jetbrains:annotations:23.0.0) with EnumerateClassesTransform
[        ] Transforming relinker-1.4.5.aar (com.getkeepsafe.relinker:relinker:1.4.5) with JetifyTransform
[        ] Transforming relinker-1.4.5.aar (com.getkeepsafe.relinker:relinker:1.4.5) with AarToClassTransform
[        ] Transforming relinker-1.4.5.aar (com.getkeepsafe.relinker:relinker:1.4.5) with EnumerateClassesTransform
[        ] Transforming listenablefuture-1.0.jar (com.google.guava:listenablefuture:1.0) with JetifyTransform
[        ] Transforming listenablefuture-1.0.jar (com.google.guava:listenablefuture:1.0) with IdentityTransform
[        ] Transforming listenablefuture-1.0.jar (com.google.guava:listenablefuture:1.0) with EnumerateClassesTransform
[        ] Transforming firebase-annotations-16.2.0.jar (com.google.firebase:firebase-annotations:16.2.0) with JetifyTransform
[        ] Transforming firebase-annotations-16.2.0.jar (com.google.firebase:firebase-annotations:16.2.0) with IdentityTransform
[        ] Transforming firebase-annotations-16.2.0.jar (com.google.firebase:firebase-annotations:16.2.0) with EnumerateClassesTransform
[        ] Transforming javax.inject-1.jar (javax.inject:javax.inject:1) with JetifyTransform
[        ] Transforming javax.inject-1.jar (javax.inject:javax.inject:1) with IdentityTransform
[        ] Transforming javax.inject-1.jar (javax.inject:javax.inject:1) with EnumerateClassesTransform
[        ] Transforming error_prone_annotations-2.9.0.jar (com.google.errorprone:error_prone_annotations:2.9.0) with JetifyTransform
[        ] Transforming error_prone_annotations-2.9.0.jar (com.google.errorprone:error_prone_annotations:2.9.0) with IdentityTransform
[        ] Transforming error_prone_annotations-2.9.0.jar (com.google.errorprone:error_prone_annotations:2.9.0) with EnumerateClassesTransform
[        ] Transforming libs.jar with JetifyTransform
[        ] Transforming libs.jar with IdentityTransform
[        ] Transforming libs.jar with EnumerateClassesTransform
[        ] Caching disabled for task ':app:checkDebugDuplicateClasses' because:
[        ]   Build cache is disabled
[        ]   Caching has been disabled for the task
[        ] Skipping task ':app:checkDebugDuplicateClasses' as it is up-to-date.
[        ] Resolve mutations for :app:desugarDebugFileDependencies (Thread[#1817,Execution worker,5,main]) started.
[        ] :app:desugarDebugFileDependencies (Thread[#1817,Execution worker,5,main]) started.
[        ] > Task :app:desugarDebugFileDependencies UP-TO-DATE
[        ] Transforming libs.jar with JetifyTransform
[        ] Transforming libs.jar with IdentityTransform
[        ] Transforming firebase-auth-22.3.1.aar (com.google.firebase:firebase-auth:22.3.1) with JetifyTransform
[        ] Transforming firebase-auth-22.3.1.aar (com.google.firebase:firebase-auth:22.3.1) with ExtractAarTransform
[        ] Transforming firebase-auth-22.3.1.aar (com.google.firebase:firebase-auth:22.3.1) with AarTransform
[        ] Transforming firebase-common-ktx-20.4.3.aar (com.google.firebase:firebase-common-ktx:20.4.3) with JetifyTransform
[        ] Transforming firebase-common-ktx-20.4.3.aar (com.google.firebase:firebase-common-ktx:20.4.3) with ExtractAarTransform
[        ] Transforming firebase-common-ktx-20.4.3.aar (com.google.firebase:firebase-common-ktx:20.4.3) with AarTransform
[        ] Transforming kotlin-stdlib-jdk7-1.8.22.jar (org.jetbrains.kotlin:kotlin-stdlib-jdk7:1.8.22) with JetifyTransform
[        ] Transforming flutter_embedding_debug-1.0.0-cf56914b326edb0ccb123ffdc60f00060bd513fa.jar (io.flutter:flutter_embedding_debug:1.0.0-cf56914b326edb0ccb123ffdc60f00060bd513fa) with JetifyTransform
[        ] Transforming preference-1.2.1.aar (androidx.preference:preference:1.2.1) with JetifyTransform
[        ] Transforming preference-1.2.1.aar (androidx.preference:preference:1.2.1) with ExtractAarTransform
[        ] Transforming preference-1.2.1.aar (androidx.preference:preference:1.2.1) with AarTransform
[        ] Transforming browser-1.8.0.aar (androidx.browser:browser:1.8.0) with JetifyTransform
[        ] Transforming browser-1.8.0.aar (androidx.browser:browser:1.8.0) with ExtractAarTransform
[        ] Transforming browser-1.8.0.aar (androidx.browser:browser:1.8.0) with AarTransform
[        ] Transforming browser-1.8.0.aar (androidx.browser:browser:1.8.0) with JetifyTransform
[        ] Transforming browser-1.8.0.aar (androidx.browser:browser:1.8.0) with ExtractAarTransform
[        ] Transforming browser-1.8.0.aar (androidx.browser:browser:1.8.0) with AarTransform
[        ] Transforming webkit-1.12.1.aar (androidx.webkit:webkit:1.12.1) with JetifyTransform
[        ] Transforming webkit-1.12.1.aar (androidx.webkit:webkit:1.12.1) with ExtractAarTransform
[        ] Transforming webkit-1.12.1.aar (androidx.webkit:webkit:1.12.1) with AarTransform
[        ] Transforming recyclerview-1.0.0.aar (androidx.recyclerview:recyclerview:1.0.0) with JetifyTransform
[        ] Transforming recyclerview-1.0.0.aar (androidx.recyclerview:recyclerview:1.0.0) with ExtractAarTransform
[        ] Transforming recyclerview-1.0.0.aar (androidx.recyclerview:recyclerview:1.0.0) with AarTransform
[        ] Transforming legacy-support-core-ui-1.0.0.aar (androidx.legacy:legacy-support-core-ui:1.0.0) with JetifyTransform
[        ] Transforming legacy-support-core-ui-1.0.0.aar (androidx.legacy:legacy-support-core-ui:1.0.0) with ExtractAarTransform
[        ] Transforming legacy-support-core-ui-1.0.0.aar (androidx.legacy:legacy-support-core-ui:1.0.0) with AarTransform
[        ] Transforming slidingpanelayout-1.2.0.aar (androidx.slidingpanelayout:slidingpanelayout:1.2.0) with JetifyTransform
[        ] Transforming slidingpanelayout-1.2.0.aar (androidx.slidingpanelayout:slidingpanelayout:1.2.0) with ExtractAarTransform
[        ] Transforming slidingpanelayout-1.2.0.aar (androidx.slidingpanelayout:slidingpanelayout:1.2.0) with AarTransform
[        ] Transforming slidingpanelayout-1.2.0.aar (androidx.slidingpanelayout:slidingpanelayout:1.2.0) with JetifyTransform
[        ] Transforming slidingpanelayout-1.2.0.aar (androidx.slidingpanelayout:slidingpanelayout:1.2.0) with ExtractAarTransform
[        ] Transforming slidingpanelayout-1.2.0.aar (androidx.slidingpanelayout:slidingpanelayout:1.2.0) with AarTransform
[        ] Transforming window-1.2.0.aar (androidx.window:window:1.2.0) with JetifyTransform
[        ] Transforming window-1.2.0.aar (androidx.window:window:1.2.0) with ExtractAarTransform
[        ] Transforming window-1.2.0.aar (androidx.window:window:1.2.0) with AarTransform
[        ] Transforming window-java-1.2.0.aar (androidx.window:window-java:1.2.0) with JetifyTransform
[        ] Transforming window-java-1.2.0.aar (androidx.window:window-java:1.2.0) with ExtractAarTransform
[        ] Transforming window-java-1.2.0.aar (androidx.window:window-java:1.2.0) with AarTransform
[        ] Transforming appcompat-1.1.0.aar (androidx.appcompat:appcompat:1.1.0) with JetifyTransform
[        ] Transforming appcompat-1.1.0.aar (androidx.appcompat:appcompat:1.1.0) with ExtractAarTransform
[        ] Transforming appcompat-1.1.0.aar (androidx.appcompat:appcompat:1.1.0) with AarTransform
[        ] Transforming firebase-auth-interop-20.0.0.aar (com.google.firebase:firebase-auth-interop:20.0.0) with JetifyTransform
[        ] Transforming firebase-auth-interop-20.0.0.aar (com.google.firebase:firebase-auth-interop:20.0.0) with ExtractAarTransform
[        ] Transforming firebase-auth-interop-20.0.0.aar (com.google.firebase:firebase-auth-interop:20.0.0) with AarTransform
[        ] Transforming firebase-common-20.4.3.aar (com.google.firebase:firebase-common:20.4.3) with JetifyTransform
[        ] Transforming firebase-common-20.4.3.aar (com.google.firebase:firebase-common:20.4.3) with ExtractAarTransform
[        ] Transforming firebase-common-20.4.3.aar (com.google.firebase:firebase-common:20.4.3) with AarTransform
[        ] Transforming firebase-common-20.4.3.aar (com.google.firebase:firebase-common:20.4.3) with JetifyTransform
[        ] Transforming firebase-common-20.4.3.aar (com.google.firebase:firebase-common:20.4.3) with ExtractAarTransform
[        ] Transforming firebase-common-20.4.3.aar (com.google.firebase:firebase-common:20.4.3) with AarTransform
[        ] Transforming play-services-auth-api-phone-17.4.0.aar (com.google.android.gms:play-services-auth-api-phone:17.4.0) with JetifyTransform
[        ] Transforming play-services-auth-api-phone-17.4.0.aar (com.google.android.gms:play-services-auth-api-phone:17.4.0) with ExtractAarTransform
[        ] Transforming play-services-auth-api-phone-17.4.0.aar (com.google.android.gms:play-services-auth-api-phone:17.4.0) with AarTransform
[        ] Transforming recaptcha-18.4.0.aar (com.google.android.recaptcha:recaptcha:18.4.0) with JetifyTransform
[        ] Transforming recaptcha-18.4.0.aar (com.google.android.recaptcha:recaptcha:18.4.0) with ExtractAarTransform
[        ] Transforming recaptcha-18.4.0.aar (com.google.android.recaptcha:recaptcha:18.4.0) with AarTransform
[        ] Transforming integrity-1.2.0.aar (com.google.android.play:integrity:1.2.0) with JetifyTransform
[        ] Transforming integrity-1.2.0.aar (com.google.android.play:integrity:1.2.0) with ExtractAarTransform
[        ] Transforming integrity-1.2.0.aar (com.google.android.play:integrity:1.2.0) with AarTransform
[        ] Transforming firebase-appcheck-interop-17.0.0.aar (com.google.firebase:firebase-appcheck-interop:17.0.0) with JetifyTransform
[        ] Transforming firebase-appcheck-interop-17.0.0.aar (com.google.firebase:firebase-appcheck-interop:17.0.0) with ExtractAarTransform
[        ] Transforming firebase-appcheck-interop-17.0.0.aar (com.google.firebase:firebase-appcheck-interop:17.0.0) with AarTransform
[        ] Transforming fragment-ktx-1.7.1.aar (androidx.fragment:fragment-ktx:1.7.1) with JetifyTransform
[        ] Transforming fragment-ktx-1.7.1.aar (androidx.fragment:fragment-ktx:1.7.1) with ExtractAarTransform
[        ] Transforming fragment-ktx-1.7.1.aar (androidx.fragment:fragment-ktx:1.7.1) with AarTransform
[        ] Transforming play-services-base-18.0.1.aar (com.google.android.gms:play-services-base:18.0.1) with JetifyTransform
[        ] Transforming play-services-base-18.0.1.aar (com.google.android.gms:play-services-base:18.0.1) with ExtractAarTransform
[        ] Transforming play-services-base-18.0.1.aar (com.google.android.gms:play-services-base:18.0.1) with AarTransform
[        ] Transforming fragment-1.7.1.aar (androidx.fragment:fragment:1.7.1) with JetifyTransform
[        ] Transforming fragment-1.7.1.aar (androidx.fragment:fragment:1.7.1) with ExtractAarTransform
[        ] Transforming fragment-1.7.1.aar (androidx.fragment:fragment:1.7.1) with AarTransform
[        ] Transforming fragment-1.7.1.aar (androidx.fragment:fragment:1.7.1) with JetifyTransform
[        ] Transforming fragment-1.7.1.aar (androidx.fragment:fragment:1.7.1) with ExtractAarTransform
[        ] Transforming fragment-1.7.1.aar (androidx.fragment:fragment:1.7.1) with AarTransform
[        ] Transforming activity-ktx-1.8.1.aar (androidx.activity:activity-ktx:1.8.1) with JetifyTransform
[        ] Transforming activity-ktx-1.8.1.aar (androidx.activity:activity-ktx:1.8.1) with ExtractAarTransform
[        ] Transforming activity-ktx-1.8.1.aar (androidx.activity:activity-ktx:1.8.1) with AarTransform
[        ] Transforming activity-1.8.1.aar (androidx.activity:activity:1.8.1) with JetifyTransform
[        ] Transforming activity-1.8.1.aar (androidx.activity:activity:1.8.1) with ExtractAarTransform
[        ] Transforming activity-1.8.1.aar (androidx.activity:activity:1.8.1) with AarTransform
[        ] Transforming legacy-support-core-utils-1.0.0.aar (androidx.legacy:legacy-support-core-utils:1.0.0) with JetifyTransform
[        ] Transforming legacy-support-core-utils-1.0.0.aar (androidx.legacy:legacy-support-core-utils:1.0.0) with ExtractAarTransform
[        ] Transforming legacy-support-core-utils-1.0.0.aar (androidx.legacy:legacy-support-core-utils:1.0.0) with AarTransform
[        ] Transforming loader-1.0.0.aar (androidx.loader:loader:1.0.0) with JetifyTransform
[        ] Transforming loader-1.0.0.aar (androidx.loader:loader:1.0.0) with ExtractAarTransform
[        ] Transforming loader-1.0.0.aar (androidx.loader:loader:1.0.0) with AarTransform
[        ] Transforming loader-1.0.0.aar (androidx.loader:loader:1.0.0) with JetifyTransform
[        ] Transforming loader-1.0.0.aar (androidx.loader:loader:1.0.0) with ExtractAarTransform
[        ] Transforming loader-1.0.0.aar (androidx.loader:loader:1.0.0) with AarTransform
[        ] Transforming lifecycle-runtime-ktx-2.7.0.aar (androidx.lifecycle:lifecycle-runtime-ktx:2.7.0) with JetifyTransform
[        ] Transforming lifecycle-runtime-ktx-2.7.0.aar (androidx.lifecycle:lifecycle-runtime-ktx:2.7.0) with ExtractAarTransform
[        ] Transforming lifecycle-runtime-ktx-2.7.0.aar (androidx.lifecycle:lifecycle-runtime-ktx:2.7.0) with AarTransform
[        ] Transforming lifecycle-livedata-2.7.0.aar (androidx.lifecycle:lifecycle-livedata:2.7.0) with JetifyTransform
[        ] Transforming lifecycle-livedata-2.7.0.aar (androidx.lifecycle:lifecycle-livedata:2.7.0) with ExtractAarTransform
[        ] Transforming lifecycle-livedata-2.7.0.aar (androidx.lifecycle:lifecycle-livedata:2.7.0) with AarTransform
[        ] Transforming lifecycle-livedata-core-ktx-2.7.0.aar (androidx.lifecycle:lifecycle-livedata-core-ktx:2.7.0) with JetifyTransform
[        ] Transforming lifecycle-livedata-core-ktx-2.7.0.aar (androidx.lifecycle:lifecycle-livedata-core-ktx:2.7.0) with ExtractAarTransform
[        ] Transforming lifecycle-livedata-core-ktx-2.7.0.aar (androidx.lifecycle:lifecycle-livedata-core-ktx:2.7.0) with AarTransform
[        ] Transforming lifecycle-viewmodel-ktx-2.7.0.aar (androidx.lifecycle:lifecycle-viewmodel-ktx:2.7.0) with JetifyTransform
[        ] Transforming lifecycle-viewmodel-ktx-2.7.0.aar (androidx.lifecycle:lifecycle-viewmodel-ktx:2.7.0) with ExtractAarTransform
[        ] Transforming lifecycle-viewmodel-ktx-2.7.0.aar (androidx.lifecycle:lifecycle-viewmodel-ktx:2.7.0) with AarTransform
[        ] Transforming lifecycle-viewmodel-savedstate-2.7.0.aar (androidx.lifecycle:lifecycle-viewmodel-savedstate:2.7.0) with JetifyTransform
[        ] Transforming lifecycle-viewmodel-savedstate-2.7.0.aar (androidx.lifecycle:lifecycle-viewmodel-savedstate:2.7.0) with ExtractAarTransform
[        ] Transforming lifecycle-viewmodel-savedstate-2.7.0.aar (androidx.lifecycle:lifecycle-viewmodel-savedstate:2.7.0) with AarTransform
[        ] Transforming lifecycle-viewmodel-2.7.0.aar (androidx.lifecycle:lifecycle-viewmodel:2.7.0) with JetifyTransform
[        ] Transforming lifecycle-viewmodel-2.7.0.aar (androidx.lifecycle:lifecycle-viewmodel:2.7.0) with ExtractAarTransform
[        ] Transforming lifecycle-viewmodel-2.7.0.aar (androidx.lifecycle:lifecycle-viewmodel:2.7.0) with AarTransform
[        ] Transforming lifecycle-viewmodel-2.7.0.aar (androidx.lifecycle:lifecycle-viewmodel:2.7.0) with JetifyTransform
[        ] Transforming lifecycle-viewmodel-2.7.0.aar (androidx.lifecycle:lifecycle-viewmodel:2.7.0) with ExtractAarTransform
[        ] Transforming lifecycle-viewmodel-2.7.0.aar (androidx.lifecycle:lifecycle-viewmodel:2.7.0) with AarTransform
[        ] Transforming lifecycle-livedata-core-2.7.0.aar (androidx.lifecycle:lifecycle-livedata-core:2.7.0) with JetifyTransform
[        ] Transforming lifecycle-livedata-core-2.7.0.aar (androidx.lifecycle:lifecycle-livedata-core:2.7.0) with ExtractAarTransform
[        ] Transforming lifecycle-livedata-core-2.7.0.aar (androidx.lifecycle:lifecycle-livedata-core:2.7.0) with AarTransform
[        ] Transforming lifecycle-runtime-2.7.0.aar (androidx.lifecycle:lifecycle-runtime:2.7.0) with JetifyTransform
[        ] Transforming lifecycle-runtime-2.7.0.aar (androidx.lifecycle:lifecycle-runtime:2.7.0) with ExtractAarTransform
[        ] Transforming lifecycle-runtime-2.7.0.aar (androidx.lifecycle:lifecycle-runtime:2.7.0) with AarTransform
[        ] Transforming lifecycle-process-2.7.0.aar (androidx.lifecycle:lifecycle-process:2.7.0) with JetifyTransform
[        ] Transforming lifecycle-process-2.7.0.aar (androidx.lifecycle:lifecycle-process:2.7.0) with ExtractAarTransform
[        ] Transforming lifecycle-process-2.7.0.aar (androidx.lifecycle:lifecycle-process:2.7.0) with AarTransform
[        ] Transforming lifecycle-common-java8-2.7.0.jar (androidx.lifecycle:lifecycle-common-java8:2.7.0) with JetifyTransform
[        ] Transforming savedstate-ktx-1.2.1.aar (androidx.savedstate:savedstate-ktx:1.2.1) with JetifyTransform
[        ] Transforming savedstate-ktx-1.2.1.aar (androidx.savedstate:savedstate-ktx:1.2.1) with ExtractAarTransform
[        ] Transforming savedstate-ktx-1.2.1.aar (androidx.savedstate:savedstate-ktx:1.2.1) with AarTransform
[        ] Transforming savedstate-1.2.1.aar (androidx.savedstate:savedstate:1.2.1) with JetifyTransform
[        ] Transforming savedstate-1.2.1.aar (androidx.savedstate:savedstate:1.2.1) with ExtractAarTransform
[        ] Transforming savedstate-1.2.1.aar (androidx.savedstate:savedstate:1.2.1) with AarTransform
[        ] Transforming lifecycle-common-2.7.0.jar (androidx.lifecycle:lifecycle-common:2.7.0) with JetifyTransform
[        ] Transforming kotlinx-coroutines-android-1.7.3.jar (org.jetbrains.kotlinx:kotlinx-coroutines-android:1.7.3) with JetifyTransform
[        ] Transforming datastore-preferences-core-jvm-1.1.1.jar (androidx.datastore:datastore-preferences-core-jvm:1.1.1) with JetifyTransform
[        ] Transforming datastore-core-okio-jvm-1.1.1.jar (androidx.datastore:datastore-core-okio-jvm:1.1.1) with JetifyTransform
[        ] Transforming datastore-core-release.aar (androidx.datastore:datastore-core-android:1.1.1) with JetifyTransform
[        ] Transforming datastore-core-release.aar (androidx.datastore:datastore-core-android:1.1.1) with ExtractAarTransform
[        ] Transforming datastore-core-release.aar (androidx.datastore:datastore-core-android:1.1.1) with AarTransform
[        ] Transforming datastore-preferences-release.aar (androidx.datastore:datastore-preferences-android:1.1.1) with JetifyTransform
[        ] Transforming datastore-preferences-release.aar (androidx.datastore:datastore-preferences-android:1.1.1) with ExtractAarTransform
[        ] Transforming datastore-preferences-release.aar (androidx.datastore:datastore-preferences-android:1.1.1) with AarTransform
[        ] Transforming datastore-release.aar (androidx.datastore:datastore-android:1.1.1) with JetifyTransform
[        ] Transforming datastore-release.aar (androidx.datastore:datastore-android:1.1.1) with ExtractAarTransform
[        ] Transforming datastore-release.aar (androidx.datastore:datastore-android:1.1.1) with AarTransform
[        ] Transforming kotlinx-coroutines-core-jvm-1.7.3.jar (org.jetbrains.kotlinx:kotlinx-coroutines-core-jvm:1.7.3) with JetifyTransform
[        ] Transforming kotlinx-coroutines-play-services-1.7.3.jar (org.jetbrains.kotlinx:kotlinx-coroutines-play-services:1.7.3) with JetifyTransform
[        ] Transforming play-services-tasks-18.1.0.aar (com.google.android.gms:play-services-tasks:18.1.0) with JetifyTransform
[        ] Transforming play-services-tasks-18.1.0.aar (com.google.android.gms:play-services-tasks:18.1.0) with ExtractAarTransform
[        ] Transforming play-services-tasks-18.1.0.aar (com.google.android.gms:play-services-tasks:18.1.0) with AarTransform
[        ] Transforming play-services-tasks-18.1.0.aar (com.google.android.gms:play-services-tasks:18.1.0) with JetifyTransform
[        ] Transforming play-services-tasks-18.1.0.aar (com.google.android.gms:play-services-tasks:18.1.0) with ExtractAarTransform
[        ] Transforming play-services-tasks-18.1.0.aar (com.google.android.gms:play-services-tasks:18.1.0) with AarTransform
[        ] Transforming play-services-basement-18.3.0.aar (com.google.android.gms:play-services-basement:18.3.0) with JetifyTransform
[        ] Transforming play-services-basement-18.3.0.aar (com.google.android.gms:play-services-basement:18.3.0) with ExtractAarTransform
[        ] Transforming play-services-basement-18.3.0.aar (com.google.android.gms:play-services-basement:18.3.0) with AarTransform
[        ] Transforming viewpager-1.0.0.aar (androidx.viewpager:viewpager:1.0.0) with JetifyTransform
[        ] Transforming viewpager-1.0.0.aar (androidx.viewpager:viewpager:1.0.0) with ExtractAarTransform
[        ] Transforming viewpager-1.0.0.aar (androidx.viewpager:viewpager:1.0.0) with AarTransform
[        ] Transforming viewpager-1.0.0.aar (androidx.viewpager:viewpager:1.0.0) with JetifyTransform
[        ] Transforming viewpager-1.0.0.aar (androidx.viewpager:viewpager:1.0.0) with ExtractAarTransform
[        ] Transforming viewpager-1.0.0.aar (androidx.viewpager:viewpager:1.0.0) with AarTransform
[        ] Transforming appcompat-resources-1.1.0.aar (androidx.appcompat:appcompat-resources:1.1.0) with JetifyTransform
[        ] Transforming appcompat-resources-1.1.0.aar (androidx.appcompat:appcompat-resources:1.1.0) with ExtractAarTransform
[        ] Transforming appcompat-resources-1.1.0.aar (androidx.appcompat:appcompat-resources:1.1.0) with AarTransform
[        ] Transforming drawerlayout-1.0.0.aar (androidx.drawerlayout:drawerlayout:1.0.0) with JetifyTransform
[        ] Transforming drawerlayout-1.0.0.aar (androidx.drawerlayout:drawerlayout:1.0.0) with ExtractAarTransform
[        ] Transforming drawerlayout-1.0.0.aar (androidx.drawerlayout:drawerlayout:1.0.0) with AarTransform
[        ] Transforming coordinatorlayout-1.0.0.aar (androidx.coordinatorlayout:coordinatorlayout:1.0.0) with JetifyTransform
[        ] Transforming coordinatorlayout-1.0.0.aar (androidx.coordinatorlayout:coordinatorlayout:1.0.0) with ExtractAarTransform
[        ] Transforming coordinatorlayout-1.0.0.aar (androidx.coordinatorlayout:coordinatorlayout:1.0.0) with AarTransform
[        ] Transforming customview-1.1.0.aar (androidx.customview:customview:1.1.0) with JetifyTransform
[        ] Transforming customview-1.1.0.aar (androidx.customview:customview:1.1.0) with ExtractAarTransform
[        ] Transforming customview-1.1.0.aar (androidx.customview:customview:1.1.0) with AarTransform
[        ] Transforming customview-1.1.0.aar (androidx.customview:customview:1.1.0) with JetifyTransform
[        ] Transforming customview-1.1.0.aar (androidx.customview:customview:1.1.0) with ExtractAarTransform
[        ] Transforming customview-1.1.0.aar (androidx.customview:customview:1.1.0) with AarTransform
[        ] Transforming transition-1.4.1.aar (androidx.transition:transition:1.4.1) with JetifyTransform
[        ] Transforming transition-1.4.1.aar (androidx.transition:transition:1.4.1) with ExtractAarTransform
[        ] Transforming transition-1.4.1.aar (androidx.transition:transition:1.4.1) with AarTransform
[        ] Transforming core-ktx-1.13.1.aar (androidx.core:core-ktx:1.13.1) with JetifyTransform
[        ] Transforming core-ktx-1.13.1.aar (androidx.core:core-ktx:1.13.1) with ExtractAarTransform
[        ] Transforming core-ktx-1.13.1.aar (androidx.core:core-ktx:1.13.1) with AarTransform
[        ] Transforming vectordrawable-animated-1.1.0.aar (androidx.vectordrawable:vectordrawable-animated:1.1.0) with JetifyTransform
[        ] Transforming vectordrawable-animated-1.1.0.aar (androidx.vectordrawable:vectordrawable-animated:1.1.0) with ExtractAarTransform
[        ] Transforming vectordrawable-animated-1.1.0.aar (androidx.vectordrawable:vectordrawable-animated:1.1.0) with AarTransform
[        ] Transforming vectordrawable-1.1.0.aar (androidx.vectordrawable:vectordrawable:1.1.0) with JetifyTransform
[        ] Transforming vectordrawable-1.1.0.aar (androidx.vectordrawable:vectordrawable:1.1.0) with ExtractAarTransform
[        ] Transforming vectordrawable-1.1.0.aar (androidx.vectordrawable:vectordrawable:1.1.0) with AarTransform
[        ] Transforming swiperefreshlayout-1.0.0.aar (androidx.swiperefreshlayout:swiperefreshlayout:1.0.0) with JetifyTransform
[        ] Transforming swiperefreshlayout-1.0.0.aar (androidx.swiperefreshlayout:swiperefreshlayout:1.0.0) with ExtractAarTransform
[        ] Transforming swiperefreshlayout-1.0.0.aar (androidx.swiperefreshlayout:swiperefreshlayout:1.0.0) with AarTransform
[        ] Transforming asynclayoutinflater-1.0.0.aar (androidx.asynclayoutinflater:asynclayoutinflater:1.0.0) with JetifyTransform
[        ] Transforming asynclayoutinflater-1.0.0.aar (androidx.asynclayoutinflater:asynclayoutinflater:1.0.0) with ExtractAarTransform
[        ] Transforming asynclayoutinflater-1.0.0.aar (androidx.asynclayoutinflater:asynclayoutinflater:1.0.0) with AarTransform
[        ] Transforming core-1.13.1.aar (androidx.core:core:1.13.1) with JetifyTransform
[        ] Transforming core-1.13.1.aar (androidx.core:core:1.13.1) with ExtractAarTransform
[        ] Transforming core-1.13.1.aar (androidx.core:core:1.13.1) with AarTransform
[        ] Transforming core-1.13.1.aar (androidx.core:core:1.13.1) with JetifyTransform
[        ] Transforming core-1.13.1.aar (androidx.core:core:1.13.1) with ExtractAarTransform
[        ] Transforming core-1.13.1.aar (androidx.core:core:1.13.1) with AarTransform
[        ] Transforming profileinstaller-1.3.1.aar (androidx.profileinstaller:profileinstaller:1.3.1) with JetifyTransform
[        ] Transforming profileinstaller-1.3.1.aar (androidx.profileinstaller:profileinstaller:1.3.1) with ExtractAarTransform
[        ] Transforming profileinstaller-1.3.1.aar (androidx.profileinstaller:profileinstaller:1.3.1) with AarTransform
[        ] Transforming startup-runtime-1.1.1.aar (androidx.startup:startup-runtime:1.1.1) with JetifyTransform
[        ] Transforming startup-runtime-1.1.1.aar (androidx.startup:startup-runtime:1.1.1) with ExtractAarTransform
[        ] Transforming startup-runtime-1.1.1.aar (androidx.startup:startup-runtime:1.1.1) with AarTransform
[        ] Transforming tracing-1.2.0.aar (androidx.tracing:tracing:1.2.0) with JetifyTransform
[        ] Transforming tracing-1.2.0.aar (androidx.tracing:tracing:1.2.0) with ExtractAarTransform
[        ] Transforming tracing-1.2.0.aar (androidx.tracing:tracing:1.2.0) with AarTransform
[        ] Transforming interpolator-1.0.0.aar (androidx.interpolator:interpolator:1.0.0) with JetifyTransform
[        ] Transforming interpolator-1.0.0.aar (androidx.interpolator:interpolator:1.0.0) with ExtractAarTransform
[        ] Transforming interpolator-1.0.0.aar (androidx.interpolator:interpolator:1.0.0) with AarTransform
[        ] Transforming interpolator-1.0.0.aar (androidx.interpolator:interpolator:1.0.0) with JetifyTransform
[        ] Transforming interpolator-1.0.0.aar (androidx.interpolator:interpolator:1.0.0) with ExtractAarTransform
[        ] Transforming interpolator-1.0.0.aar (androidx.interpolator:interpolator:1.0.0) with AarTransform
[        ] Transforming versionedparcelable-1.1.1.aar (androidx.versionedparcelable:versionedparcelable:1.1.1) with JetifyTransform
[        ] Transforming versionedparcelable-1.1.1.aar (androidx.versionedparcelable:versionedparcelable:1.1.1) with ExtractAarTransform
[        ] Transforming versionedparcelable-1.1.1.aar (androidx.versionedparcelable:versionedparcelable:1.1.1) with AarTransform
[        ] Transforming collection-ktx-1.1.0.jar (androidx.collection:collection-ktx:1.1.0) with JetifyTransform
[        ] Transforming collection-1.1.0.jar (androidx.collection:collection:1.1.0) with JetifyTransform
[        ] Transforming localbroadcastmanager-1.0.0.aar (androidx.localbroadcastmanager:localbroadcastmanager:1.0.0) with JetifyTransform
[        ] Transforming localbroadcastmanager-1.0.0.aar (androidx.localbroadcastmanager:localbroadcastmanager:1.0.0) with ExtractAarTransform
[        ] Transforming localbroadcastmanager-1.0.0.aar (androidx.localbroadcastmanager:localbroadcastmanager:1.0.0) with AarTransform
[        ] Transforming firebase-components-17.1.5.aar (com.google.firebase:firebase-components:17.1.5) with JetifyTransform
[        ] Transforming firebase-components-17.1.5.aar (com.google.firebase:firebase-components:17.1.5) with ExtractAarTransform
[        ] Transforming firebase-components-17.1.5.aar (com.google.firebase:firebase-components:17.1.5) with AarTransform
[        ] Transforming concurrent-futures-1.1.0.jar (androidx.concurrent:concurrent-futures:1.1.0) with JetifyTransform
[        ] Transforming core-runtime-2.2.0.aar (androidx.arch.core:core-runtime:2.2.0) with JetifyTransform
[        ] Transforming core-runtime-2.2.0.aar (androidx.arch.core:core-runtime:2.2.0) with ExtractAarTransform
[        ] Transforming core-runtime-2.2.0.aar (androidx.arch.core:core-runtime:2.2.0) with AarTransform
[        ] Transforming core-common-2.2.0.jar (androidx.arch.core:core-common:2.2.0) with JetifyTransform
[        ] Transforming cursoradapter-1.0.0.aar (androidx.cursoradapter:cursoradapter:1.0.0) with JetifyTransform
[        ] Transforming cursoradapter-1.0.0.aar (androidx.cursoradapter:cursoradapter:1.0.0) with ExtractAarTransform
[        ] Transforming cursoradapter-1.0.0.aar (androidx.cursoradapter:cursoradapter:1.0.0) with AarTransform
[        ] Transforming core-1.0.0.aar (androidx.window.extensions.core:core:1.0.0) with JetifyTransform
[        ] Transforming core-1.0.0.aar (androidx.window.extensions.core:core:1.0.0) with ExtractAarTransform
[        ] Transforming core-1.0.0.aar (androidx.window.extensions.core:core:1.0.0) with AarTransform
[        ] Transforming documentfile-1.0.0.aar (androidx.documentfile:documentfile:1.0.0) with JetifyTransform
[        ] Transforming documentfile-1.0.0.aar (androidx.documentfile:documentfile:1.0.0) with ExtractAarTransform
[        ] Transforming documentfile-1.0.0.aar (androidx.documentfile:documentfile:1.0.0) with AarTransform
[        ] Transforming print-1.0.0.aar (androidx.print:print:1.0.0) with JetifyTransform
[        ] Transforming print-1.0.0.aar (androidx.print:print:1.0.0) with ExtractAarTransform
[        ] Transforming print-1.0.0.aar (androidx.print:print:1.0.0) with AarTransform
[        ] Transforming annotation-jvm-1.9.1.jar (androidx.annotation:annotation-jvm:1.9.1) with JetifyTransform
[        ] Transforming annotation-experimental-1.4.1.aar (androidx.annotation:annotation-experimental:1.4.1) with JetifyTransform
[        ] Transforming annotation-experimental-1.4.1.aar (androidx.annotation:annotation-experimental:1.4.1) with ExtractAarTransform
[        ] Transforming annotation-experimental-1.4.1.aar (androidx.annotation:annotation-experimental:1.4.1) with AarTransform
[        ] Transforming kotlin-parcelize-runtime-1.9.22.jar (org.jetbrains.kotlin:kotlin-parcelize-runtime:1.9.22) with JetifyTransform
[        ] Transforming kotlin-android-extensions-runtime-1.9.22.jar (org.jetbrains.kotlin:kotlin-android-extensions-runtime:1.9.22) with JetifyTransform
[        ] Transforming kotlin-stdlib-1.9.24.jar (org.jetbrains.kotlin:kotlin-stdlib:1.9.24) with JetifyTransform
[        ] Transforming okio-jvm-3.4.0.jar (com.squareup.okio:okio-jvm:3.4.0) with JetifyTransform
[        ] Transforming kotlin-stdlib-jdk8-1.8.22.jar (org.jetbrains.kotlin:kotlin-stdlib-jdk8:1.8.22) with JetifyTransform
[        ] Transforming x86_64_debug-1.0.0-cf56914b326edb0ccb123ffdc60f00060bd513fa.jar (io.flutter:x86_64_debug:1.0.0-cf56914b326edb0ccb123ffdc60f00060bd513fa) with JetifyTransform
[        ] Transforming annotations-23.0.0.jar (org.jetbrains:annotations:23.0.0) with JetifyTransform
[        ] Transforming relinker-1.4.5.aar (com.getkeepsafe.relinker:relinker:1.4.5) with JetifyTransform
[        ] Transforming relinker-1.4.5.aar (com.getkeepsafe.relinker:relinker:1.4.5) with ExtractAarTransform
[        ] Transforming relinker-1.4.5.aar (com.getkeepsafe.relinker:relinker:1.4.5) with AarTransform
[        ] Transforming listenablefuture-1.0.jar (com.google.guava:listenablefuture:1.0) with JetifyTransform
[        ] Transforming firebase-annotations-16.2.0.jar (com.google.firebase:firebase-annotations:16.2.0) with JetifyTransform
[        ] Transforming javax.inject-1.jar (javax.inject:javax.inject:1) with JetifyTransform
[        ] Transforming error_prone_annotations-2.9.0.jar (com.google.errorprone:error_prone_annotations:2.9.0) with JetifyTransform
[        ] Caching disabled for task ':app:desugarDebugFileDependencies' because:
[        ]   Build cache is disabled
[        ] Skipping task ':app:desugarDebugFileDependencies' as it is up-to-date.
[        ] Resolve mutations for :app:mergeExtDexDebug (Thread[#1817,Execution worker,5,main]) started.
[        ] :app:mergeExtDexDebug (Thread[#1817,Execution worker,5,main]) started.
[        ] > Task :app:mergeExtDexDebug UP-TO-DATE
[        ] Transforming firebase-common-ktx-20.4.3.aar (com.google.firebase:firebase-common-ktx:20.4.3) with JetifyTransform
[        ] Transforming firebase-common-ktx-20.4.3.aar (com.google.firebase:firebase-common-ktx:20.4.3) with AarToClassTransform
[        ] Transforming firebase-auth-interop-20.0.0.aar (com.google.firebase:firebase-auth-interop:20.0.0) with JetifyTransform
[        ] Transforming firebase-auth-interop-20.0.0.aar (com.google.firebase:firebase-auth-interop:20.0.0) with AarToClassTransform
[        ] Transforming play-services-auth-api-phone-17.4.0.aar (com.google.android.gms:play-services-auth-api-phone:17.4.0) with JetifyTransform
[        ] Transforming play-services-auth-api-phone-17.4.0.aar (com.google.android.gms:play-services-auth-api-phone:17.4.0) with AarToClassTransform
[        ] Transforming recaptcha-18.4.0.aar (com.google.android.recaptcha:recaptcha:18.4.0) with JetifyTransform
[        ] Transforming recaptcha-18.4.0.aar (com.google.android.recaptcha:recaptcha:18.4.0) with AarToClassTransform
[        ] Transforming integrity-1.2.0.aar (com.google.android.play:integrity:1.2.0) with JetifyTransform
[        ] Transforming integrity-1.2.0.aar (com.google.android.play:integrity:1.2.0) with AarToClassTransform
[        ] Transforming firebase-appcheck-interop-17.0.0.aar (com.google.firebase:firebase-appcheck-interop:17.0.0) with JetifyTransform
[        ] Transforming firebase-appcheck-interop-17.0.0.aar (com.google.firebase:firebase-appcheck-interop:17.0.0) with AarToClassTransform
[        ] Transforming play-services-base-18.0.1.aar (com.google.android.gms:play-services-base:18.0.1) with JetifyTransform
[        ] Transforming play-services-base-18.0.1.aar (com.google.android.gms:play-services-base:18.0.1) with AarToClassTransform
[        ] Transforming firebase-auth-22.3.1.aar (com.google.firebase:firebase-auth:22.3.1) with JetifyTransform
[        ] Transforming firebase-auth-22.3.1.aar (com.google.firebase:firebase-auth:22.3.1) with AarToClassTransform
[        ] Transforming firebase-auth-22.3.1.aar (com.google.firebase:firebase-auth:22.3.1) with DexingWithClasspathTransform
[        ] Transforming firebase-common-ktx-20.4.3.aar (com.google.firebase:firebase-common-ktx:20.4.3) with JetifyTransform
[        ] Transforming firebase-common-ktx-20.4.3.aar (com.google.firebase:firebase-common-ktx:20.4.3) with AarToClassTransform
[        ] Transforming firebase-common-ktx-20.4.3.aar (com.google.firebase:firebase-common-ktx:20.4.3) with DexingWithClasspathTransform
[        ] Transforming kotlin-stdlib-jdk7-1.8.22.jar (org.jetbrains.kotlin:kotlin-stdlib-jdk7:1.8.22) with JetifyTransform
[        ] Transforming kotlin-stdlib-jdk7-1.8.22.jar (org.jetbrains.kotlin:kotlin-stdlib-jdk7:1.8.22) with IdentityTransform
[        ] Transforming kotlin-stdlib-jdk7-1.8.22.jar (org.jetbrains.kotlin:kotlin-stdlib-jdk7:1.8.22) with DexingWithClasspathTransform
[        ] Transforming flutter_embedding_debug-1.0.0-cf56914b326edb0ccb123ffdc60f00060bd513fa.jar (io.flutter:flutter_embedding_debug:1.0.0-cf56914b326edb0ccb123ffdc60f00060bd513fa) with JetifyTransform
[        ] Transforming flutter_embedding_debug-1.0.0-cf56914b326edb0ccb123ffdc60f00060bd513fa.jar (io.flutter:flutter_embedding_debug:1.0.0-cf56914b326edb0ccb123ffdc60f00060bd513fa) with IdentityTransform
[        ] Transforming flutter_embedding_debug-1.0.0-cf56914b326edb0ccb123ffdc60f00060bd513fa.jar (io.flutter:flutter_embedding_debug:1.0.0-cf56914b326edb0ccb123ffdc60f00060bd513fa) with DexingWithClasspathTransform
[        ] Transforming preference-1.2.1.aar (androidx.preference:preference:1.2.1) with JetifyTransform
[        ] Transforming preference-1.2.1.aar (androidx.preference:preference:1.2.1) with AarToClassTransform
[        ] Transforming preference-1.2.1.aar (androidx.preference:preference:1.2.1) with DexingWithClasspathTransform
[        ] Transforming browser-1.8.0.aar (androidx.browser:browser:1.8.0) with JetifyTransform
[        ] Transforming browser-1.8.0.aar (androidx.browser:browser:1.8.0) with AarToClassTransform
[        ] Transforming browser-1.8.0.aar (androidx.browser:browser:1.8.0) with DexingWithClasspathTransform
[        ] Transforming browser-1.8.0.aar (androidx.browser:browser:1.8.0) with JetifyTransform
[        ] Transforming browser-1.8.0.aar (androidx.browser:browser:1.8.0) with AarToClassTransform
[        ] Transforming browser-1.8.0.aar (androidx.browser:browser:1.8.0) with DexingWithClasspathTransform
[        ] Transforming webkit-1.12.1.aar (androidx.webkit:webkit:1.12.1) with JetifyTransform
[        ] Transforming webkit-1.12.1.aar (androidx.webkit:webkit:1.12.1) with AarToClassTransform
[        ] Transforming webkit-1.12.1.aar (androidx.webkit:webkit:1.12.1) with DexingWithClasspathTransform
[        ] Transforming recyclerview-1.0.0.aar (androidx.recyclerview:recyclerview:1.0.0) with JetifyTransform
[        ] Transforming recyclerview-1.0.0.aar (androidx.recyclerview:recyclerview:1.0.0) with AarToClassTransform
[        ] Transforming recyclerview-1.0.0.aar (androidx.recyclerview:recyclerview:1.0.0) with DexingWithClasspathTransform
[        ] Transforming legacy-support-core-ui-1.0.0.aar (androidx.legacy:legacy-support-core-ui:1.0.0) with JetifyTransform
[        ] Transforming legacy-support-core-ui-1.0.0.aar (androidx.legacy:legacy-support-core-ui:1.0.0) with AarToClassTransform
[        ] Transforming legacy-support-core-ui-1.0.0.aar (androidx.legacy:legacy-support-core-ui:1.0.0) with DexingWithClasspathTransform
[        ] Transforming slidingpanelayout-1.2.0.aar (androidx.slidingpanelayout:slidingpanelayout:1.2.0) with JetifyTransform
[        ] Transforming slidingpanelayout-1.2.0.aar (androidx.slidingpanelayout:slidingpanelayout:1.2.0) with AarToClassTransform
[        ] Transforming slidingpanelayout-1.2.0.aar (androidx.slidingpanelayout:slidingpanelayout:1.2.0) with DexingWithClasspathTransform
[        ] Transforming slidingpanelayout-1.2.0.aar (androidx.slidingpanelayout:slidingpanelayout:1.2.0) with JetifyTransform
[        ] Transforming slidingpanelayout-1.2.0.aar (androidx.slidingpanelayout:slidingpanelayout:1.2.0) with AarToClassTransform
[        ] Transforming slidingpanelayout-1.2.0.aar (androidx.slidingpanelayout:slidingpanelayout:1.2.0) with DexingWithClasspathTransform
[        ] Transforming window-1.2.0.aar (androidx.window:window:1.2.0) with JetifyTransform
[        ] Transforming window-1.2.0.aar (androidx.window:window:1.2.0) with AarToClassTransform
[        ] Transforming window-1.2.0.aar (androidx.window:window:1.2.0) with DexingWithClasspathTransform
[        ] Transforming window-java-1.2.0.aar (androidx.window:window-java:1.2.0) with JetifyTransform
[        ] Transforming window-java-1.2.0.aar (androidx.window:window-java:1.2.0) with AarToClassTransform
[        ] Transforming window-java-1.2.0.aar (androidx.window:window-java:1.2.0) with DexingWithClasspathTransform
[        ] Transforming appcompat-1.1.0.aar (androidx.appcompat:appcompat:1.1.0) with JetifyTransform
[        ] Transforming appcompat-1.1.0.aar (androidx.appcompat:appcompat:1.1.0) with AarToClassTransform
[        ] Transforming appcompat-1.1.0.aar (androidx.appcompat:appcompat:1.1.0) with DexingWithClasspathTransform
[        ] Transforming firebase-auth-interop-20.0.0.aar (com.google.firebase:firebase-auth-interop:20.0.0) with JetifyTransform
[        ] Transforming firebase-auth-interop-20.0.0.aar (com.google.firebase:firebase-auth-interop:20.0.0) with AarToClassTransform
[        ] Transforming firebase-auth-interop-20.0.0.aar (com.google.firebase:firebase-auth-interop:20.0.0) with DexingWithClasspathTransform
[        ] Transforming firebase-common-20.4.3.aar (com.google.firebase:firebase-common:20.4.3) with JetifyTransform
[        ] Transforming firebase-common-20.4.3.aar (com.google.firebase:firebase-common:20.4.3) with AarToClassTransform
[        ] Transforming firebase-common-20.4.3.aar (com.google.firebase:firebase-common:20.4.3) with DexingWithClasspathTransform
[        ] Transforming firebase-common-20.4.3.aar (com.google.firebase:firebase-common:20.4.3) with JetifyTransform
[        ] Transforming firebase-common-20.4.3.aar (com.google.firebase:firebase-common:20.4.3) with AarToClassTransform
[        ] Transforming firebase-common-20.4.3.aar (com.google.firebase:firebase-common:20.4.3) with DexingWithClasspathTransform
[        ] Transforming play-services-auth-api-phone-17.4.0.aar (com.google.android.gms:play-services-auth-api-phone:17.4.0) with JetifyTransform
[        ] Transforming play-services-auth-api-phone-17.4.0.aar (com.google.android.gms:play-services-auth-api-phone:17.4.0) with AarToClassTransform
[        ] Transforming play-services-auth-api-phone-17.4.0.aar (com.google.android.gms:play-services-auth-api-phone:17.4.0) with DexingWithClasspathTransform
[        ] Transforming recaptcha-18.4.0.aar (com.google.android.recaptcha:recaptcha:18.4.0) with JetifyTransform
[        ] Transforming recaptcha-18.4.0.aar (com.google.android.recaptcha:recaptcha:18.4.0) with AarToClassTransform
[        ] Transforming recaptcha-18.4.0.aar (com.google.android.recaptcha:recaptcha:18.4.0) with DexingWithClasspathTransform
[        ] Transforming integrity-1.2.0.aar (com.google.android.play:integrity:1.2.0) with JetifyTransform
[        ] Transforming integrity-1.2.0.aar (com.google.android.play:integrity:1.2.0) with AarToClassTransform
[        ] Transforming integrity-1.2.0.aar (com.google.android.play:integrity:1.2.0) with DexingWithClasspathTransform
[        ] Transforming firebase-appcheck-interop-17.0.0.aar (com.google.firebase:firebase-appcheck-interop:17.0.0) with JetifyTransform
[        ] Transforming firebase-appcheck-interop-17.0.0.aar (com.google.firebase:firebase-appcheck-interop:17.0.0) with AarToClassTransform
[        ] Transforming firebase-appcheck-interop-17.0.0.aar (com.google.firebase:firebase-appcheck-interop:17.0.0) with DexingWithClasspathTransform
[        ] Transforming fragment-ktx-1.7.1.aar (androidx.fragment:fragment-ktx:1.7.1) with JetifyTransform
[   +2 ms] Transforming fragment-ktx-1.7.1.aar (androidx.fragment:fragment-ktx:1.7.1) with AarToClassTransform
[        ] Transforming fragment-ktx-1.7.1.aar (androidx.fragment:fragment-ktx:1.7.1) with DexingWithClasspathTransform
[        ] Transforming play-services-base-18.0.1.aar (com.google.android.gms:play-services-base:18.0.1) with JetifyTransform
[        ] Transforming play-services-base-18.0.1.aar (com.google.android.gms:play-services-base:18.0.1) with AarToClassTransform
[        ] Transforming play-services-base-18.0.1.aar (com.google.android.gms:play-services-base:18.0.1) with DexingWithClasspathTransform
[        ] Transforming fragment-1.7.1.aar (androidx.fragment:fragment:1.7.1) with JetifyTransform
[        ] Transforming fragment-1.7.1.aar (androidx.fragment:fragment:1.7.1) with AarToClassTransform
[        ] Transforming fragment-1.7.1.aar (androidx.fragment:fragment:1.7.1) with DexingWithClasspathTransform
[        ] Transforming fragment-1.7.1.aar (androidx.fragment:fragment:1.7.1) with JetifyTransform
[        ] Transforming fragment-1.7.1.aar (androidx.fragment:fragment:1.7.1) with AarToClassTransform
[        ] Transforming fragment-1.7.1.aar (androidx.fragment:fragment:1.7.1) with DexingWithClasspathTransform
[        ] Transforming activity-ktx-1.8.1.aar (androidx.activity:activity-ktx:1.8.1) with JetifyTransform
[        ] Transforming activity-ktx-1.8.1.aar (androidx.activity:activity-ktx:1.8.1) with AarToClassTransform
[        ] Transforming activity-ktx-1.8.1.aar (androidx.activity:activity-ktx:1.8.1) with DexingWithClasspathTransform
[        ] Transforming activity-1.8.1.aar (androidx.activity:activity:1.8.1) with JetifyTransform
[        ] Transforming activity-1.8.1.aar (androidx.activity:activity:1.8.1) with AarToClassTransform
[        ] Transforming activity-1.8.1.aar (androidx.activity:activity:1.8.1) with DexingWithClasspathTransform
[   +2 ms] Transforming legacy-support-core-utils-1.0.0.aar (androidx.legacy:legacy-support-core-utils:1.0.0) with JetifyTransform
[        ] Transforming legacy-support-core-utils-1.0.0.aar (androidx.legacy:legacy-support-core-utils:1.0.0) with AarToClassTransform
[        ] Transforming legacy-support-core-utils-1.0.0.aar (androidx.legacy:legacy-support-core-utils:1.0.0) with DexingWithClasspathTransform
[        ] Transforming loader-1.0.0.aar (androidx.loader:loader:1.0.0) with JetifyTransform
[        ] Transforming loader-1.0.0.aar (androidx.loader:loader:1.0.0) with AarToClassTransform
[        ] Transforming loader-1.0.0.aar (androidx.loader:loader:1.0.0) with DexingWithClasspathTransform
[        ] Transforming loader-1.0.0.aar (androidx.loader:loader:1.0.0) with JetifyTransform
[        ] Transforming loader-1.0.0.aar (androidx.loader:loader:1.0.0) with AarToClassTransform
[        ] Transforming loader-1.0.0.aar (androidx.loader:loader:1.0.0) with DexingWithClasspathTransform
[        ] Transforming lifecycle-runtime-ktx-2.7.0.aar (androidx.lifecycle:lifecycle-runtime-ktx:2.7.0) with JetifyTransform
[        ] Transforming lifecycle-runtime-ktx-2.7.0.aar (androidx.lifecycle:lifecycle-runtime-ktx:2.7.0) with AarToClassTransform
[        ] Transforming lifecycle-runtime-ktx-2.7.0.aar (androidx.lifecycle:lifecycle-runtime-ktx:2.7.0) with DexingWithClasspathTransform
[        ] Transforming lifecycle-livedata-2.7.0.aar (androidx.lifecycle:lifecycle-livedata:2.7.0) with JetifyTransform
[        ] Transforming lifecycle-livedata-2.7.0.aar (androidx.lifecycle:lifecycle-livedata:2.7.0) with AarToClassTransform
[        ] Transforming lifecycle-livedata-2.7.0.aar (androidx.lifecycle:lifecycle-livedata:2.7.0) with DexingWithClasspathTransform
[        ] Transforming lifecycle-livedata-core-ktx-2.7.0.aar (androidx.lifecycle:lifecycle-livedata-core-ktx:2.7.0) with JetifyTransform
[        ] Transforming lifecycle-livedata-core-ktx-2.7.0.aar (androidx.lifecycle:lifecycle-livedata-core-ktx:2.7.0) with AarToClassTransform
[        ] Transforming lifecycle-livedata-core-ktx-2.7.0.aar (androidx.lifecycle:lifecycle-livedata-core-ktx:2.7.0) with DexingWithClasspathTransform
[        ] Transforming lifecycle-viewmodel-ktx-2.7.0.aar (androidx.lifecycle:lifecycle-viewmodel-ktx:2.7.0) with JetifyTransform
[        ] Transforming lifecycle-viewmodel-ktx-2.7.0.aar (androidx.lifecycle:lifecycle-viewmodel-ktx:2.7.0) with AarToClassTransform
[        ] Transforming lifecycle-viewmodel-ktx-2.7.0.aar (androidx.lifecycle:lifecycle-viewmodel-ktx:2.7.0) with DexingWithClasspathTransform
[        ] Transforming lifecycle-viewmodel-savedstate-2.7.0.aar (androidx.lifecycle:lifecycle-viewmodel-savedstate:2.7.0) with JetifyTransform
[        ] Transforming lifecycle-viewmodel-savedstate-2.7.0.aar (androidx.lifecycle:lifecycle-viewmodel-savedstate:2.7.0) with AarToClassTransform
[        ] Transforming lifecycle-viewmodel-savedstate-2.7.0.aar (androidx.lifecycle:lifecycle-viewmodel-savedstate:2.7.0) with DexingWithClasspathTransform
[        ] Transforming lifecycle-viewmodel-2.7.0.aar (androidx.lifecycle:lifecycle-viewmodel:2.7.0) with JetifyTransform
[        ] Transforming lifecycle-viewmodel-2.7.0.aar (androidx.lifecycle:lifecycle-viewmodel:2.7.0) with AarToClassTransform
[        ] Transforming lifecycle-viewmodel-2.7.0.aar (androidx.lifecycle:lifecycle-viewmodel:2.7.0) with DexingWithClasspathTransform
[        ] Transforming lifecycle-viewmodel-2.7.0.aar (androidx.lifecycle:lifecycle-viewmodel:2.7.0) with JetifyTransform
[        ] Transforming lifecycle-viewmodel-2.7.0.aar (androidx.lifecycle:lifecycle-viewmodel:2.7.0) with AarToClassTransform
[        ] Transforming lifecycle-viewmodel-2.7.0.aar (androidx.lifecycle:lifecycle-viewmodel:2.7.0) with DexingWithClasspathTransform
[        ] Transforming lifecycle-livedata-core-2.7.0.aar (androidx.lifecycle:lifecycle-livedata-core:2.7.0) with JetifyTransform
[        ] Transforming lifecycle-livedata-core-2.7.0.aar (androidx.lifecycle:lifecycle-livedata-core:2.7.0) with AarToClassTransform
[        ] Transforming lifecycle-livedata-core-2.7.0.aar (androidx.lifecycle:lifecycle-livedata-core:2.7.0) with DexingWithClasspathTransform
[        ] Transforming lifecycle-runtime-2.7.0.aar (androidx.lifecycle:lifecycle-runtime:2.7.0) with JetifyTransform
[        ] Transforming lifecycle-runtime-2.7.0.aar (androidx.lifecycle:lifecycle-runtime:2.7.0) with AarToClassTransform
[        ] Transforming lifecycle-runtime-2.7.0.aar (androidx.lifecycle:lifecycle-runtime:2.7.0) with DexingWithClasspathTransform
[        ] Transforming lifecycle-process-2.7.0.aar (androidx.lifecycle:lifecycle-process:2.7.0) with JetifyTransform
[        ] Transforming lifecycle-process-2.7.0.aar (androidx.lifecycle:lifecycle-process:2.7.0) with AarToClassTransform
[        ] Transforming lifecycle-process-2.7.0.aar (androidx.lifecycle:lifecycle-process:2.7.0) with DexingWithClasspathTransform
[        ] Transforming lifecycle-common-java8-2.7.0.jar (androidx.lifecycle:lifecycle-common-java8:2.7.0) with JetifyTransform
[        ] Transforming lifecycle-common-java8-2.7.0.jar (androidx.lifecycle:lifecycle-common-java8:2.7.0) with IdentityTransform
[        ] Transforming lifecycle-common-java8-2.7.0.jar (androidx.lifecycle:lifecycle-common-java8:2.7.0) with DexingWithClasspathTransform
[        ] Transforming savedstate-ktx-1.2.1.aar (androidx.savedstate:savedstate-ktx:1.2.1) with JetifyTransform
[        ] Transforming savedstate-ktx-1.2.1.aar (androidx.savedstate:savedstate-ktx:1.2.1) with AarToClassTransform
[        ] Transforming savedstate-ktx-1.2.1.aar (androidx.savedstate:savedstate-ktx:1.2.1) with DexingWithClasspathTransform
[        ] Transforming savedstate-1.2.1.aar (androidx.savedstate:savedstate:1.2.1) with JetifyTransform
[        ] Transforming savedstate-1.2.1.aar (androidx.savedstate:savedstate:1.2.1) with AarToClassTransform
[        ] Transforming savedstate-1.2.1.aar (androidx.savedstate:savedstate:1.2.1) with DexingWithClasspathTransform
[        ] Transforming lifecycle-common-2.7.0.jar (androidx.lifecycle:lifecycle-common:2.7.0) with JetifyTransform
[        ] Transforming lifecycle-common-2.7.0.jar (androidx.lifecycle:lifecycle-common:2.7.0) with IdentityTransform
[        ] Transforming lifecycle-common-2.7.0.jar (androidx.lifecycle:lifecycle-common:2.7.0) with DexingWithClasspathTransform
[        ] Transforming kotlinx-coroutines-android-1.7.3.jar (org.jetbrains.kotlinx:kotlinx-coroutines-android:1.7.3) with JetifyTransform
[        ] Transforming kotlinx-coroutines-android-1.7.3.jar (org.jetbrains.kotlinx:kotlinx-coroutines-android:1.7.3) with IdentityTransform
[        ] Transforming kotlinx-coroutines-android-1.7.3.jar (org.jetbrains.kotlinx:kotlinx-coroutines-android:1.7.3) with DexingWithClasspathTransform
[        ] Transforming datastore-preferences-core-jvm-1.1.1.jar (androidx.datastore:datastore-preferences-core-jvm:1.1.1) with JetifyTransform
[        ] Transforming datastore-preferences-core-jvm-1.1.1.jar (androidx.datastore:datastore-preferences-core-jvm:1.1.1) with IdentityTransform
[        ] Transforming datastore-preferences-core-jvm-1.1.1.jar (androidx.datastore:datastore-preferences-core-jvm:1.1.1) with DexingWithClasspathTransform
[        ] Transforming datastore-core-okio-jvm-1.1.1.jar (androidx.datastore:datastore-core-okio-jvm:1.1.1) with JetifyTransform
[        ] Transforming datastore-core-okio-jvm-1.1.1.jar (androidx.datastore:datastore-core-okio-jvm:1.1.1) with IdentityTransform
[        ] Transforming datastore-core-okio-jvm-1.1.1.jar (androidx.datastore:datastore-core-okio-jvm:1.1.1) with DexingWithClasspathTransform
[        ] Transforming datastore-core-release.aar (androidx.datastore:datastore-core-android:1.1.1) with JetifyTransform
[        ] Transforming datastore-core-release.aar (androidx.datastore:datastore-core-android:1.1.1) with AarToClassTransform
[        ] Transforming datastore-core-release.aar (androidx.datastore:datastore-core-android:1.1.1) with DexingWithClasspathTransform
[        ] Transforming datastore-preferences-release.aar (androidx.datastore:datastore-preferences-android:1.1.1) with JetifyTransform
[        ] Transforming datastore-preferences-release.aar (androidx.datastore:datastore-preferences-android:1.1.1) with AarToClassTransform
[        ] Transforming datastore-preferences-release.aar (androidx.datastore:datastore-preferences-android:1.1.1) with DexingWithClasspathTransform
[        ] Transforming datastore-release.aar (androidx.datastore:datastore-android:1.1.1) with JetifyTransform
[        ] Transforming datastore-release.aar (androidx.datastore:datastore-android:1.1.1) with AarToClassTransform
[        ] Transforming datastore-release.aar (androidx.datastore:datastore-android:1.1.1) with DexingWithClasspathTransform
[        ] Transforming kotlinx-coroutines-core-jvm-1.7.3.jar (org.jetbrains.kotlinx:kotlinx-coroutines-core-jvm:1.7.3) with JetifyTransform
[        ] Transforming kotlinx-coroutines-core-jvm-1.7.3.jar (org.jetbrains.kotlinx:kotlinx-coroutines-core-jvm:1.7.3) with IdentityTransform
[        ] Transforming kotlinx-coroutines-core-jvm-1.7.3.jar (org.jetbrains.kotlinx:kotlinx-coroutines-core-jvm:1.7.3) with DexingWithClasspathTransform
[        ] Transforming kotlinx-coroutines-play-services-1.7.3.jar (org.jetbrains.kotlinx:kotlinx-coroutines-play-services:1.7.3) with JetifyTransform
[        ] Transforming kotlinx-coroutines-play-services-1.7.3.jar (org.jetbrains.kotlinx:kotlinx-coroutines-play-services:1.7.3) with IdentityTransform
[        ] Transforming kotlinx-coroutines-play-services-1.7.3.jar (org.jetbrains.kotlinx:kotlinx-coroutines-play-services:1.7.3) with DexingWithClasspathTransform
[        ] Transforming play-services-tasks-18.1.0.aar (com.google.android.gms:play-services-tasks:18.1.0) with JetifyTransform
[        ] Transforming play-services-tasks-18.1.0.aar (com.google.android.gms:play-services-tasks:18.1.0) with AarToClassTransform
[        ] Transforming play-services-tasks-18.1.0.aar (com.google.android.gms:play-services-tasks:18.1.0) with DexingWithClasspathTransform
[        ] Transforming play-services-tasks-18.1.0.aar (com.google.android.gms:play-services-tasks:18.1.0) with JetifyTransform
[        ] Transforming play-services-tasks-18.1.0.aar (com.google.android.gms:play-services-tasks:18.1.0) with AarToClassTransform
[        ] Transforming play-services-tasks-18.1.0.aar (com.google.android.gms:play-services-tasks:18.1.0) with DexingWithClasspathTransform
[        ] Transforming play-services-basement-18.3.0.aar (com.google.android.gms:play-services-basement:18.3.0) with JetifyTransform
[        ] Transforming play-services-basement-18.3.0.aar (com.google.android.gms:play-services-basement:18.3.0) with AarToClassTransform
[        ] Transforming play-services-basement-18.3.0.aar (com.google.android.gms:play-services-basement:18.3.0) with DexingWithClasspathTransform
[        ] Transforming viewpager-1.0.0.aar (androidx.viewpager:viewpager:1.0.0) with JetifyTransform
[        ] Transforming viewpager-1.0.0.aar (androidx.viewpager:viewpager:1.0.0) with AarToClassTransform
[        ] Transforming viewpager-1.0.0.aar (androidx.viewpager:viewpager:1.0.0) with DexingWithClasspathTransform
[        ] Transforming viewpager-1.0.0.aar (androidx.viewpager:viewpager:1.0.0) with JetifyTransform
[        ] Transforming viewpager-1.0.0.aar (androidx.viewpager:viewpager:1.0.0) with AarToClassTransform
[        ] Transforming viewpager-1.0.0.aar (androidx.viewpager:viewpager:1.0.0) with DexingWithClasspathTransform
[        ] Transforming appcompat-resources-1.1.0.aar (androidx.appcompat:appcompat-resources:1.1.0) with JetifyTransform
[        ] Transforming appcompat-resources-1.1.0.aar (androidx.appcompat:appcompat-resources:1.1.0) with AarToClassTransform
[        ] Transforming appcompat-resources-1.1.0.aar (androidx.appcompat:appcompat-resources:1.1.0) with DexingWithClasspathTransform
[        ] Transforming drawerlayout-1.0.0.aar (androidx.drawerlayout:drawerlayout:1.0.0) with JetifyTransform
[        ] Transforming drawerlayout-1.0.0.aar (androidx.drawerlayout:drawerlayout:1.0.0) with AarToClassTransform
[        ] Transforming drawerlayout-1.0.0.aar (androidx.drawerlayout:drawerlayout:1.0.0) with DexingWithClasspathTransform
[        ] Transforming coordinatorlayout-1.0.0.aar (androidx.coordinatorlayout:coordinatorlayout:1.0.0) with JetifyTransform
[        ] Transforming coordinatorlayout-1.0.0.aar (androidx.coordinatorlayout:coordinatorlayout:1.0.0) with AarToClassTransform
[        ] Transforming coordinatorlayout-1.0.0.aar (androidx.coordinatorlayout:coordinatorlayout:1.0.0) with DexingWithClasspathTransform
[        ] Transforming customview-1.1.0.aar (androidx.customview:customview:1.1.0) with JetifyTransform
[        ] Transforming customview-1.1.0.aar (androidx.customview:customview:1.1.0) with AarToClassTransform
[        ] Transforming customview-1.1.0.aar (androidx.customview:customview:1.1.0) with DexingWithClasspathTransform
[        ] Transforming customview-1.1.0.aar (androidx.customview:customview:1.1.0) with JetifyTransform
[        ] Transforming customview-1.1.0.aar (androidx.customview:customview:1.1.0) with AarToClassTransform
[        ] Transforming customview-1.1.0.aar (androidx.customview:customview:1.1.0) with DexingWithClasspathTransform
[        ] Transforming transition-1.4.1.aar (androidx.transition:transition:1.4.1) with JetifyTransform
[        ] Transforming transition-1.4.1.aar (androidx.transition:transition:1.4.1) with AarToClassTransform
[        ] Transforming transition-1.4.1.aar (androidx.transition:transition:1.4.1) with DexingWithClasspathTransform
[        ] Transforming core-ktx-1.13.1.aar (androidx.core:core-ktx:1.13.1) with JetifyTransform
[        ] Transforming core-ktx-1.13.1.aar (androidx.core:core-ktx:1.13.1) with AarToClassTransform
[        ] Transforming core-ktx-1.13.1.aar (androidx.core:core-ktx:1.13.1) with DexingWithClasspathTransform
[        ] Transforming vectordrawable-animated-1.1.0.aar (androidx.vectordrawable:vectordrawable-animated:1.1.0) with JetifyTransform
[        ] Transforming vectordrawable-animated-1.1.0.aar (androidx.vectordrawable:vectordrawable-animated:1.1.0) with AarToClassTransform
[        ] Transforming vectordrawable-animated-1.1.0.aar (androidx.vectordrawable:vectordrawable-animated:1.1.0) with DexingWithClasspathTransform
[        ] Transforming vectordrawable-1.1.0.aar (androidx.vectordrawable:vectordrawable:1.1.0) with JetifyTransform
[        ] Transforming vectordrawable-1.1.0.aar (androidx.vectordrawable:vectordrawable:1.1.0) with AarToClassTransform
[        ] Transforming vectordrawable-1.1.0.aar (androidx.vectordrawable:vectordrawable:1.1.0) with DexingWithClasspathTransform
[        ] Transforming swiperefreshlayout-1.0.0.aar (androidx.swiperefreshlayout:swiperefreshlayout:1.0.0) with JetifyTransform
[        ] Transforming swiperefreshlayout-1.0.0.aar (androidx.swiperefreshlayout:swiperefreshlayout:1.0.0) with AarToClassTransform
[        ] Transforming swiperefreshlayout-1.0.0.aar (androidx.swiperefreshlayout:swiperefreshlayout:1.0.0) with DexingWithClasspathTransform
[        ] Transforming asynclayoutinflater-1.0.0.aar (androidx.asynclayoutinflater:asynclayoutinflater:1.0.0) with JetifyTransform
[        ] Transforming asynclayoutinflater-1.0.0.aar (androidx.asynclayoutinflater:asynclayoutinflater:1.0.0) with AarToClassTransform
[        ] Transforming asynclayoutinflater-1.0.0.aar (androidx.asynclayoutinflater:asynclayoutinflater:1.0.0) with DexingWithClasspathTransform
[        ] Transforming core-1.13.1.aar (androidx.core:core:1.13.1) with JetifyTransform
[        ] Transforming core-1.13.1.aar (androidx.core:core:1.13.1) with AarToClassTransform
[        ] Transforming core-1.13.1.aar (androidx.core:core:1.13.1) with DexingWithClasspathTransform
[        ] Transforming core-1.13.1.aar (androidx.core:core:1.13.1) with JetifyTransform
[        ] Transforming core-1.13.1.aar (androidx.core:core:1.13.1) with AarToClassTransform
[        ] Transforming core-1.13.1.aar (androidx.core:core:1.13.1) with DexingWithClasspathTransform
[        ] Transforming profileinstaller-1.3.1.aar (androidx.profileinstaller:profileinstaller:1.3.1) with JetifyTransform
[        ] Transforming profileinstaller-1.3.1.aar (androidx.profileinstaller:profileinstaller:1.3.1) with AarToClassTransform
[        ] Transforming profileinstaller-1.3.1.aar (androidx.profileinstaller:profileinstaller:1.3.1) with DexingWithClasspathTransform
[        ] Transforming startup-runtime-1.1.1.aar (androidx.startup:startup-runtime:1.1.1) with JetifyTransform
[        ] Transforming startup-runtime-1.1.1.aar (androidx.startup:startup-runtime:1.1.1) with AarToClassTransform
[        ] Transforming startup-runtime-1.1.1.aar (androidx.startup:startup-runtime:1.1.1) with DexingWithClasspathTransform
[        ] Transforming tracing-1.2.0.aar (androidx.tracing:tracing:1.2.0) with JetifyTransform
[        ] Transforming tracing-1.2.0.aar (androidx.tracing:tracing:1.2.0) with AarToClassTransform
[        ] Transforming tracing-1.2.0.aar (androidx.tracing:tracing:1.2.0) with DexingWithClasspathTransform
[        ] Transforming interpolator-1.0.0.aar (androidx.interpolator:interpolator:1.0.0) with JetifyTransform
[        ] Transforming interpolator-1.0.0.aar (androidx.interpolator:interpolator:1.0.0) with AarToClassTransform
[        ] Transforming interpolator-1.0.0.aar (androidx.interpolator:interpolator:1.0.0) with DexingWithClasspathTransform
[        ] Transforming interpolator-1.0.0.aar (androidx.interpolator:interpolator:1.0.0) with JetifyTransform
[        ] Transforming interpolator-1.0.0.aar (androidx.interpolator:interpolator:1.0.0) with AarToClassTransform
[        ] Transforming interpolator-1.0.0.aar (androidx.interpolator:interpolator:1.0.0) with DexingWithClasspathTransform
[        ] Transforming versionedparcelable-1.1.1.aar (androidx.versionedparcelable:versionedparcelable:1.1.1) with JetifyTransform
[        ] Transforming versionedparcelable-1.1.1.aar (androidx.versionedparcelable:versionedparcelable:1.1.1) with AarToClassTransform
[        ] Transforming versionedparcelable-1.1.1.aar (androidx.versionedparcelable:versionedparcelable:1.1.1) with DexingWithClasspathTransform
[        ] Transforming collection-ktx-1.1.0.jar (androidx.collection:collection-ktx:1.1.0) with JetifyTransform
[        ] Transforming collection-ktx-1.1.0.jar (androidx.collection:collection-ktx:1.1.0) with IdentityTransform
[        ] Transforming collection-ktx-1.1.0.jar (androidx.collection:collection-ktx:1.1.0) with DexingWithClasspathTransform
[        ] Transforming collection-1.1.0.jar (androidx.collection:collection:1.1.0) with JetifyTransform
[        ] Transforming collection-1.1.0.jar (androidx.collection:collection:1.1.0) with IdentityTransform
[        ] Transforming collection-1.1.0.jar (androidx.collection:collection:1.1.0) with DexingWithClasspathTransform
[        ] Transforming localbroadcastmanager-1.0.0.aar (androidx.localbroadcastmanager:localbroadcastmanager:1.0.0) with JetifyTransform
[        ] Transforming localbroadcastmanager-1.0.0.aar (androidx.localbroadcastmanager:localbroadcastmanager:1.0.0) with AarToClassTransform
[        ] Transforming localbroadcastmanager-1.0.0.aar (androidx.localbroadcastmanager:localbroadcastmanager:1.0.0) with DexingWithClasspathTransform
[        ] Transforming firebase-components-17.1.5.aar (com.google.firebase:firebase-components:17.1.5) with JetifyTransform
[        ] Transforming firebase-components-17.1.5.aar (com.google.firebase:firebase-components:17.1.5) with AarToClassTransform
[        ] Transforming firebase-components-17.1.5.aar (com.google.firebase:firebase-components:17.1.5) with DexingWithClasspathTransform
[        ] Transforming concurrent-futures-1.1.0.jar (androidx.concurrent:concurrent-futures:1.1.0) with JetifyTransform
[        ] Transforming concurrent-futures-1.1.0.jar (androidx.concurrent:concurrent-futures:1.1.0) with IdentityTransform
[        ] Transforming concurrent-futures-1.1.0.jar (androidx.concurrent:concurrent-futures:1.1.0) with DexingWithClasspathTransform
[        ] Transforming core-runtime-2.2.0.aar (androidx.arch.core:core-runtime:2.2.0) with JetifyTransform
[        ] Transforming core-runtime-2.2.0.aar (androidx.arch.core:core-runtime:2.2.0) with AarToClassTransform
[        ] Transforming core-runtime-2.2.0.aar (androidx.arch.core:core-runtime:2.2.0) with DexingWithClasspathTransform
[        ] Transforming core-common-2.2.0.jar (androidx.arch.core:core-common:2.2.0) with JetifyTransform
[        ] Transforming core-common-2.2.0.jar (androidx.arch.core:core-common:2.2.0) with IdentityTransform
[        ] Transforming core-common-2.2.0.jar (androidx.arch.core:core-common:2.2.0) with DexingWithClasspathTransform
[        ] Transforming cursoradapter-1.0.0.aar (androidx.cursoradapter:cursoradapter:1.0.0) with JetifyTransform
[        ] Transforming cursoradapter-1.0.0.aar (androidx.cursoradapter:cursoradapter:1.0.0) with AarToClassTransform
[        ] Transforming cursoradapter-1.0.0.aar (androidx.cursoradapter:cursoradapter:1.0.0) with DexingWithClasspathTransform
[        ] Transforming core-1.0.0.aar (androidx.window.extensions.core:core:1.0.0) with JetifyTransform
[        ] Transforming core-1.0.0.aar (androidx.window.extensions.core:core:1.0.0) with AarToClassTransform
[        ] Transforming core-1.0.0.aar (androidx.window.extensions.core:core:1.0.0) with DexingWithClasspathTransform
[        ] Transforming documentfile-1.0.0.aar (androidx.documentfile:documentfile:1.0.0) with JetifyTransform
[        ] Transforming documentfile-1.0.0.aar (androidx.documentfile:documentfile:1.0.0) with AarToClassTransform
[        ] Transforming documentfile-1.0.0.aar (androidx.documentfile:documentfile:1.0.0) with DexingWithClasspathTransform
[        ] Transforming print-1.0.0.aar (androidx.print:print:1.0.0) with JetifyTransform
[        ] Transforming print-1.0.0.aar (androidx.print:print:1.0.0) with AarToClassTransform
[        ] Transforming print-1.0.0.aar (androidx.print:print:1.0.0) with DexingWithClasspathTransform
[        ] Transforming annotation-jvm-1.9.1.jar (androidx.annotation:annotation-jvm:1.9.1) with JetifyTransform
[        ] Transforming annotation-jvm-1.9.1.jar (androidx.annotation:annotation-jvm:1.9.1) with IdentityTransform
[        ] Transforming annotation-jvm-1.9.1.jar (androidx.annotation:annotation-jvm:1.9.1) with DexingWithClasspathTransform
[        ] Transforming annotation-experimental-1.4.1.aar (androidx.annotation:annotation-experimental:1.4.1) with JetifyTransform
[        ] Transforming annotation-experimental-1.4.1.aar (androidx.annotation:annotation-experimental:1.4.1) with AarToClassTransform
[        ] Transforming annotation-experimental-1.4.1.aar (androidx.annotation:annotation-experimental:1.4.1) with DexingWithClasspathTransform
[        ] Transforming kotlin-parcelize-runtime-1.9.22.jar (org.jetbrains.kotlin:kotlin-parcelize-runtime:1.9.22) with JetifyTransform
[        ] Transforming kotlin-parcelize-runtime-1.9.22.jar (org.jetbrains.kotlin:kotlin-parcelize-runtime:1.9.22) with IdentityTransform
[        ] Transforming kotlin-parcelize-runtime-1.9.22.jar (org.jetbrains.kotlin:kotlin-parcelize-runtime:1.9.22) with DexingWithClasspathTransform
[        ] Transforming kotlin-android-extensions-runtime-1.9.22.jar (org.jetbrains.kotlin:kotlin-android-extensions-runtime:1.9.22) with JetifyTransform
[        ] Transforming kotlin-android-extensions-runtime-1.9.22.jar (org.jetbrains.kotlin:kotlin-android-extensions-runtime:1.9.22) with IdentityTransform
[        ] Transforming kotlin-android-extensions-runtime-1.9.22.jar (org.jetbrains.kotlin:kotlin-android-extensions-runtime:1.9.22) with DexingWithClasspathTransform
[        ] Transforming kotlin-stdlib-1.9.24.jar (org.jetbrains.kotlin:kotlin-stdlib:1.9.24) with JetifyTransform
[        ] Transforming kotlin-stdlib-1.9.24.jar (org.jetbrains.kotlin:kotlin-stdlib:1.9.24) with IdentityTransform
[        ] Transforming kotlin-stdlib-1.9.24.jar (org.jetbrains.kotlin:kotlin-stdlib:1.9.24) with DexingWithClasspathTransform
[        ] Transforming okio-jvm-3.4.0.jar (com.squareup.okio:okio-jvm:3.4.0) with JetifyTransform
[        ] Transforming okio-jvm-3.4.0.jar (com.squareup.okio:okio-jvm:3.4.0) with IdentityTransform
[        ] Transforming okio-jvm-3.4.0.jar (com.squareup.okio:okio-jvm:3.4.0) with DexingWithClasspathTransform
[        ] Transforming kotlin-stdlib-jdk8-1.8.22.jar (org.jetbrains.kotlin:kotlin-stdlib-jdk8:1.8.22) with JetifyTransform
[        ] Transforming kotlin-stdlib-jdk8-1.8.22.jar (org.jetbrains.kotlin:kotlin-stdlib-jdk8:1.8.22) with IdentityTransform
[        ] Transforming kotlin-stdlib-jdk8-1.8.22.jar (org.jetbrains.kotlin:kotlin-stdlib-jdk8:1.8.22) with DexingWithClasspathTransform
[        ] Transforming x86_64_debug-1.0.0-cf56914b326edb0ccb123ffdc60f00060bd513fa.jar (io.flutter:x86_64_debug:1.0.0-cf56914b326edb0ccb123ffdc60f00060bd513fa) with JetifyTransform
[        ] Transforming x86_64_debug-1.0.0-cf56914b326edb0ccb123ffdc60f00060bd513fa.jar (io.flutter:x86_64_debug:1.0.0-cf56914b326edb0ccb123ffdc60f00060bd513fa) with IdentityTransform
[        ] Transforming x86_64_debug-1.0.0-cf56914b326edb0ccb123ffdc60f00060bd513fa.jar (io.flutter:x86_64_debug:1.0.0-cf56914b326edb0ccb123ffdc60f00060bd513fa) with DexingWithClasspathTransform
[        ] Transforming annotations-23.0.0.jar (org.jetbrains:annotations:23.0.0) with JetifyTransform
[        ] Transforming annotations-23.0.0.jar (org.jetbrains:annotations:23.0.0) with IdentityTransform
[        ] Transforming annotations-23.0.0.jar (org.jetbrains:annotations:23.0.0) with DexingWithClasspathTransform
[        ] Transforming relinker-1.4.5.aar (com.getkeepsafe.relinker:relinker:1.4.5) with JetifyTransform
[        ] Transforming relinker-1.4.5.aar (com.getkeepsafe.relinker:relinker:1.4.5) with AarToClassTransform
[        ] Transforming relinker-1.4.5.aar (com.getkeepsafe.relinker:relinker:1.4.5) with DexingWithClasspathTransform
[        ] Transforming listenablefuture-1.0.jar (com.google.guava:listenablefuture:1.0) with JetifyTransform
[        ] Transforming listenablefuture-1.0.jar (com.google.guava:listenablefuture:1.0) with IdentityTransform
[        ] Transforming listenablefuture-1.0.jar (com.google.guava:listenablefuture:1.0) with DexingWithClasspathTransform
[        ] Transforming firebase-annotations-16.2.0.jar (com.google.firebase:firebase-annotations:16.2.0) with JetifyTransform
[        ] Transforming firebase-annotations-16.2.0.jar (com.google.firebase:firebase-annotations:16.2.0) with IdentityTransform
[        ] Transforming firebase-annotations-16.2.0.jar (com.google.firebase:firebase-annotations:16.2.0) with DexingWithClasspathTransform
[        ] Transforming javax.inject-1.jar (javax.inject:javax.inject:1) with JetifyTransform
[        ] Transforming javax.inject-1.jar (javax.inject:javax.inject:1) with IdentityTransform
[        ] Transforming javax.inject-1.jar (javax.inject:javax.inject:1) with DexingWithClasspathTransform
[        ] Transforming error_prone_annotations-2.9.0.jar (com.google.errorprone:error_prone_annotations:2.9.0) with JetifyTransform
[        ] Transforming error_prone_annotations-2.9.0.jar (com.google.errorprone:error_prone_annotations:2.9.0) with IdentityTransform
[        ] Transforming error_prone_annotations-2.9.0.jar (com.google.errorprone:error_prone_annotations:2.9.0) with DexingWithClasspathTransform
[        ] Caching disabled for task ':app:mergeExtDexDebug' because:
[        ]   Build cache is disabled
[        ] Skipping task ':app:mergeExtDexDebug' as it is up-to-date.
[        ] Resolve mutations for :firebase_auth:bundleLibRuntimeToJarDebug (Thread[#1817,Execution worker,5,main]) started.
[        ] :firebase_auth:bundleLibRuntimeToJarDebug (Thread[#1817,Execution worker,5,main]) started.
[        ] > Task :firebase_auth:bundleLibRuntimeToJarDebug UP-TO-DATE
[        ] Caching disabled for task ':firebase_auth:bundleLibRuntimeToJarDebug' because:
[        ]   Build cache is disabled
[        ]   Simple merging task
[        ] Skipping task ':firebase_auth:bundleLibRuntimeToJarDebug' as it is up-to-date.
[        ] work action resolve classes.jar (project :firebase_auth) (Thread[#1817,Execution worker,5,main]) started.
[        ] Resolve mutations for :firebase_core:bundleLibRuntimeToJarDebug (Thread[#1817,Execution worker,5,main]) started.
[        ] :firebase_core:bundleLibRuntimeToJarDebug (Thread[#1817,Execution worker,5,main]) started.
[        ] > Task :firebase_core:bundleLibRuntimeToJarDebug UP-TO-DATE
[        ] Caching disabled for task ':firebase_core:bundleLibRuntimeToJarDebug' because:
[        ]   Build cache is disabled
[        ]   Simple merging task
[        ] Skipping task ':firebase_core:bundleLibRuntimeToJarDebug' as it is up-to-date.
[        ] work action resolve classes.jar (project :firebase_core) (Thread[#1817,Execution worker,5,main]) started.
[        ] work action org.gradle.api.internal.artifacts.transform.DefaultTransformUpstreamDependenciesResolver$FinalizeTransformDependenciesFromSelectedArtifacts$CalculateFinalDependencies@1e01f96a (Thread[#1817,Execution worker,5,main]) started.
[        ] DexingWithClasspathTransform (Thread[#1818,Execution worker Thread 2,5,main]) started.
[        ] work action Dependencies for project :firebase_auth {artifactType=android-classes-jar, dexing-component-attributes=ComponentSpecificParameters(minSdkVersion=21, debuggable=true, enableCoreLibraryDesugaring=false, enableGlobalSynthetics=false, enableApiModeling=false, dependenciesClassesAreInstrumented=false, asmTransformComponent=null, useJacocoTransformInstrumentation=false, enableDesugaring=true, needsClasspath=true, useFullClasspath=false, componentIfUsingFullClasspath=null)} (Thread[#1817,Execution worker,5,main]) started.
[        ] Transforming firebase-auth-22.3.1.aar (com.google.firebase:firebase-auth:22.3.1) with JetifyTransform
[        ] Transforming firebase-auth-22.3.1.aar (com.google.firebase:firebase-auth:22.3.1) with AarToClassTransform
[        ] DexingWithClasspathTransform (Thread[#1817,Execution worker,5,main]) started.
[        ] Resolve mutations for :flutter_native_splash:bundleLibRuntimeToJarDebug (Thread[#1832,Execution worker Thread 15,5,main]) started.
[        ] :flutter_native_splash:bundleLibRuntimeToJarDebug (Thread[#1832,Execution worker Thread 15,5,main]) started.
[        ] > Transform classes.jar (project :firebase_core) with DexingWithClasspathTransform
[        ] Transforming classes.jar (project :firebase_core) with DexingWithClasspathTransform
[        ] Caching disabled for DexingWithClasspathTransform: /Users/anas/Documents/Code/tijus_academy/build/firebase_core/intermediates/runtime_library_classes_jar/debug/bundleLibRuntimeToJarDebug/classes.jar because:
[        ]   Build cache is disabled
[        ] Skipping DexingWithClasspathTransform: /Users/anas/Documents/Code/tijus_academy/build/firebase_core/intermediates/runtime_library_classes_jar/debug/bundleLibRuntimeToJarDebug/classes.jar as it is up-to-date.
[        ] > Task :flutter_native_splash:bundleLibRuntimeToJarDebug UP-TO-DATE
[        ] Caching disabled for task ':flutter_native_splash:bundleLibRuntimeToJarDebug' because:
[        ]   Build cache is disabled
[        ]   Simple merging task
[        ] Skipping task ':flutter_native_splash:bundleLibRuntimeToJarDebug' as it is up-to-date.
[        ] work action resolve classes.jar (project :flutter_native_splash) (Thread[#1832,Execution worker Thread 15,5,main]) started.
[        ] Resolve mutations for :shared_preferences_android:bundleLibRuntimeToJarDebug (Thread[#1830,Execution worker Thread 13,5,main]) started.
[        ] DexingWithClasspathTransform (Thread[#1832,Execution worker Thread 15,5,main]) started.
[        ] :shared_preferences_android:bundleLibRuntimeToJarDebug (Thread[#1830,Execution worker Thread 13,5,main]) started.
[        ] > Transform classes.jar (project :firebase_auth) with DexingWithClasspathTransform
[        ] Transforming classes.jar (project :firebase_auth) with DexingWithClasspathTransform
[        ] Caching disabled for DexingWithClasspathTransform: /Users/anas/Documents/Code/tijus_academy/build/firebase_auth/intermediates/runtime_library_classes_jar/debug/bundleLibRuntimeToJarDebug/classes.jar because:
[        ]   Build cache is disabled
[        ] Skipping DexingWithClasspathTransform: /Users/anas/Documents/Code/tijus_academy/build/firebase_auth/intermediates/runtime_library_classes_jar/debug/bundleLibRuntimeToJarDebug/classes.jar as it is up-to-date.
[        ] > Task :shared_preferences_android:bundleLibRuntimeToJarDebug UP-TO-DATE
[        ] Caching disabled for task ':shared_preferences_android:bundleLibRuntimeToJarDebug' because:
[        ]   Build cache is disabled
[        ]   Simple merging task
[        ] Skipping task ':shared_preferences_android:bundleLibRuntimeToJarDebug' as it is up-to-date.
[        ] work action resolve classes.jar (project :shared_preferences_android) (Thread[#1830,Execution worker Thread 13,5,main]) started.
[        ] DexingWithClasspathTransform (Thread[#1830,Execution worker Thread 13,5,main]) started.
[        ] Resolve mutations for :url_launcher_android:bundleLibRuntimeToJarDebug (Thread[#1818,Execution worker Thread 2,5,main]) started.
[        ] :url_launcher_android:bundleLibRuntimeToJarDebug (Thread[#1818,Execution worker Thread 2,5,main]) started.
[        ] > Task :url_launcher_android:bundleLibRuntimeToJarDebug UP-TO-DATE
[        ] Caching disabled for task ':url_launcher_android:bundleLibRuntimeToJarDebug' because:
[        ]   Build cache is disabled
[        ]   Simple merging task
[        ] Skipping task ':url_launcher_android:bundleLibRuntimeToJarDebug' as it is up-to-date.
[        ] > Transform classes.jar (project :flutter_native_splash) with DexingWithClasspathTransform
[        ] Transforming classes.jar (project :flutter_native_splash) with DexingWithClasspathTransform
[        ] Caching disabled for DexingWithClasspathTransform: /Users/anas/Documents/Code/tijus_academy/build/flutter_native_splash/intermediates/runtime_library_classes_jar/debug/bundleLibRuntimeToJarDebug/classes.jar because:
[        ]   Build cache is disabled
[        ] Skipping DexingWithClasspathTransform: /Users/anas/Documents/Code/tijus_academy/build/flutter_native_splash/intermediates/runtime_library_classes_jar/debug/bundleLibRuntimeToJarDebug/classes.jar as it is up-to-date.
[        ] work action resolve classes.jar (project :url_launcher_android) (Thread[#1818,Execution worker Thread 2,5,main]) started.
[        ] DexingWithClasspathTransform (Thread[#1818,Execution worker Thread 2,5,main]) started.
[        ] Resolve mutations for :webview_flutter_android:bundleLibRuntimeToJarDebug (Thread[#1819,Execution worker Thread 3,5,main]) started.
[        ] :webview_flutter_android:bundleLibRuntimeToJarDebug (Thread[#1819,Execution worker Thread 3,5,main]) started.
[        ] > Transform classes.jar (project :shared_preferences_android) with DexingWithClasspathTransform
[        ] Transforming classes.jar (project :shared_preferences_android) with DexingWithClasspathTransform
[        ] Caching disabled for DexingWithClasspathTransform: /Users/anas/Documents/Code/tijus_academy/build/shared_preferences_android/intermediates/runtime_library_classes_jar/debug/bundleLibRuntimeToJarDebug/classes.jar because:
[        ]   Build cache is disabled
[        ] Skipping DexingWithClasspathTransform: /Users/anas/Documents/Code/tijus_academy/build/shared_preferences_android/intermediates/runtime_library_classes_jar/debug/bundleLibRuntimeToJarDebug/classes.jar as it is up-to-date.
[        ] > Task :webview_flutter_android:bundleLibRuntimeToJarDebug UP-TO-DATE
[        ] Caching disabled for task ':webview_flutter_android:bundleLibRuntimeToJarDebug' because:
[        ]   Build cache is disabled
[        ]   Simple merging task
[        ] Skipping task ':webview_flutter_android:bundleLibRuntimeToJarDebug' as it is up-to-date.
[        ] work action resolve classes.jar (project :webview_flutter_android) (Thread[#1823,Execution worker Thread 7,5,main]) started.
[        ] DexingWithClasspathTransform (Thread[#1823,Execution worker Thread 7,5,main]) started.
[        ] Resolve mutations for :app:dexBuilderDebug (Thread[#1820,Execution worker Thread 4,5,main]) started.
[        ] :app:dexBuilderDebug (Thread[#1820,Execution worker Thread 4,5,main]) started.
[        ] > Transform classes.jar (project :url_launcher_android) with DexingWithClasspathTransform
[        ] Transforming classes.jar (project :url_launcher_android) with DexingWithClasspathTransform
[        ] Caching disabled for DexingWithClasspathTransform: /Users/anas/Documents/Code/tijus_academy/build/url_launcher_android/intermediates/runtime_library_classes_jar/debug/bundleLibRuntimeToJarDebug/classes.jar because:
[        ]   Build cache is disabled
[        ] Skipping DexingWithClasspathTransform: /Users/anas/Documents/Code/tijus_academy/build/url_launcher_android/intermediates/runtime_library_classes_jar/debug/bundleLibRuntimeToJarDebug/classes.jar as it is up-to-date.
[        ] > Transform classes.jar (project :webview_flutter_android) with DexingWithClasspathTransform
[   +1 ms] Transforming classes.jar (project :webview_flutter_android) with DexingWithClasspathTransform
[        ] Caching disabled for DexingWithClasspathTransform: /Users/anas/Documents/Code/tijus_academy/build/webview_flutter_android/intermediates/runtime_library_classes_jar/debug/bundleLibRuntimeToJarDebug/classes.jar because:
[        ]   Build cache is disabled
[        ] Skipping DexingWithClasspathTransform: /Users/anas/Documents/Code/tijus_academy/build/webview_flutter_android/intermediates/runtime_library_classes_jar/debug/bundleLibRuntimeToJarDebug/classes.jar as it is up-to-date.
[        ] > Task :app:dexBuilderDebug UP-TO-DATE
[        ] Transforming libs.jar with JetifyTransform
[        ] Transforming libs.jar with IdentityTransform
[        ] Transforming libs.jar with JetifyTransform
[        ] Transforming libs.jar with IdentityTransform
[        ] Transforming libs.jar with JetifyTransform
[        ] Transforming libs.jar with IdentityTransform
[        ] Transforming x86_64_debug-1.0.0-cf56914b326edb0ccb123ffdc60f00060bd513fa.jar (io.flutter:x86_64_debug:1.0.0-cf56914b326edb0ccb123ffdc60f00060bd513fa) with JetifyTransform
[        ] Transforming x86_64_debug-1.0.0-cf56914b326edb0ccb123ffdc60f00060bd513fa.jar (io.flutter:x86_64_debug:1.0.0-cf56914b326edb0ccb123ffdc60f00060bd513fa) with IdentityTransform
[        ] Transforming libs.jar with JetifyTransform
[        ] Transforming libs.jar with IdentityTransform
[        ] Caching disabled for task ':app:dexBuilderDebug' because:
[        ]   Build cache is disabled
[        ] Skipping task ':app:dexBuilderDebug' as it is up-to-date.
[        ] Resolve mutations for :app:mergeLibDexDebug (Thread[#1820,Execution worker Thread 4,5,main]) started.
[        ] :app:mergeLibDexDebug (Thread[#1820,Execution worker Thread 4,5,main]) started.
[        ] > Task :app:mergeLibDexDebug UP-TO-DATE
[        ] Caching disabled for task ':app:mergeLibDexDebug' because:
[        ]   Build cache is disabled
[        ] Skipping task ':app:mergeLibDexDebug' as it is up-to-date.
[        ] Resolve mutations for :app:mergeProjectDexDebug (Thread[#1820,Execution worker Thread 4,5,main]) started.
[        ] :app:mergeProjectDexDebug (Thread[#1820,Execution worker Thread 4,5,main]) started.
[        ] > Task :app:mergeProjectDexDebug UP-TO-DATE
[        ] Caching disabled for task ':app:mergeProjectDexDebug' because:
[        ]   Build cache is disabled
[        ] Skipping task ':app:mergeProjectDexDebug' as it is up-to-date.
[        ] Resolve mutations for :app:preProfileBuild (Thread[#1820,Execution worker Thread 4,5,main]) started.
[        ] :app:preProfileBuild (Thread[#1820,Execution worker Thread 4,5,main]) started.
[        ] > Task :app:preProfileBuild UP-TO-DATE
[        ] Skipping task ':app:preProfileBuild' as it has no actions.
[        ] Resolve mutations for :app:configureCMakeDebug[arm64-v8a] (Thread[#1820,Execution worker Thread 4,5,main]) started.
[        ] :app:configureCMakeDebug[arm64-v8a] (Thread[#1820,Execution worker Thread 4,5,main]) started.
[        ] > Task :app:configureCMakeDebug[arm64-v8a]
[        ] Caching disabled for task ':app:configureCMakeDebug[arm64-v8a]' because:
[        ]   Build cache is disabled
[        ]   Caching has been disabled for the task
[        ] Task ':app:configureCMakeDebug[arm64-v8a]' is not up-to-date because:
[        ]   Task.upToDateWhen is false.
[        ] C/C++: /Users/anas/development/flutter/packages/flutter_tools/gradle/src/main/groovy/CMakeLists.txt profile|arm64-v8a : Start JSON generation. Platform version: 21 min SDK version: arm64-v8a
[        ] C/C++: /Users/anas/development/flutter/packages/flutter_tools/gradle/src/main/groovy/CMakeLists.txt profile|arm64-v8a : JSON '/Users/anas/Documents/Code/tijus_academy/android/app/.cxx/Debug/1q251k1w/arm64-v8a/android_gradle_build.json' was up-to-date
[        ] C/C++: /Users/anas/development/flutter/packages/flutter_tools/gradle/src/main/groovy/CMakeLists.txt profile|arm64-v8a : JSON generation completed without problems
[        ] C/C++: /Users/anas/development/flutter/packages/flutter_tools/gradle/src/main/groovy/CMakeLists.txt profile|arm64-v8a : Writing build model to /Users/anas/Documents/Code/tijus_academy/build/app/intermediates/cxx/Debug/1q251k1w/logs/arm64-v8a/build_model.json
[        ] Resolve mutations for :app:buildCMakeDebug[arm64-v8a] (Thread[#1820,Execution worker Thread 4,5,main]) started.
[        ] :app:buildCMakeDebug[arm64-v8a] (Thread[#1820,Execution worker Thread 4,5,main]) started.
[        ] > Task :app:buildCMakeDebug[arm64-v8a]
[        ] Caching disabled for task ':app:buildCMakeDebug[arm64-v8a]' because:
[        ]   Build cache is disabled
[        ]   Caching has been disabled for the task
[        ] Task ':app:buildCMakeDebug[arm64-v8a]' is not up-to-date because:
[        ]   Task.upToDateWhen is false.
[        ] C/C++: starting build
[        ] C/C++: reading expected JSONs
[        ] C/C++: done reading expected JSONs
[        ] C/C++: executing build commands for targets that produce .so files or executables
[        ] C/C++: evaluate miniconfig
[        ] C/C++: no libraries
[        ] Resolve mutations for :app:configureCMakeDebug[armeabi-v7a] (Thread[#1820,Execution worker Thread 4,5,main]) started.
[        ] :app:configureCMakeDebug[armeabi-v7a] (Thread[#1820,Execution worker Thread 4,5,main]) started.
[        ] > Task :app:configureCMakeDebug[armeabi-v7a]
[        ] Caching disabled for task ':app:configureCMakeDebug[armeabi-v7a]' because:
[        ]   Build cache is disabled
[        ]   Caching has been disabled for the task
[        ] Task ':app:configureCMakeDebug[armeabi-v7a]' is not up-to-date because:
[        ]   Task.upToDateWhen is false.
[        ] C/C++: /Users/anas/development/flutter/packages/flutter_tools/gradle/src/main/groovy/CMakeLists.txt profile|armeabi-v7a : Start JSON generation. Platform version: 21 min SDK version: armeabi-v7a
[        ] C/C++: /Users/anas/development/flutter/packages/flutter_tools/gradle/src/main/groovy/CMakeLists.txt profile|armeabi-v7a : JSON '/Users/anas/Documents/Code/tijus_academy/android/app/.cxx/Debug/1q251k1w/armeabi-v7a/android_gradle_build.json' was up-to-date
[        ] C/C++: /Users/anas/development/flutter/packages/flutter_tools/gradle/src/main/groovy/CMakeLists.txt profile|armeabi-v7a : JSON generation completed without problems
[        ] C/C++: /Users/anas/development/flutter/packages/flutter_tools/gradle/src/main/groovy/CMakeLists.txt profile|armeabi-v7a : Writing build model to /Users/anas/Documents/Code/tijus_academy/build/app/intermediates/cxx/Debug/1q251k1w/logs/armeabi-v7a/build_model.json
[        ] Resolve mutations for :app:buildCMakeDebug[armeabi-v7a] (Thread[#1820,Execution worker Thread 4,5,main]) started.
[        ] :app:buildCMakeDebug[armeabi-v7a] (Thread[#1820,Execution worker Thread 4,5,main]) started.
[        ] > Task :app:buildCMakeDebug[armeabi-v7a]
[        ] Caching disabled for task ':app:buildCMakeDebug[armeabi-v7a]' because:
[        ]   Build cache is disabled
[        ]   Caching has been disabled for the task
[        ] Task ':app:buildCMakeDebug[armeabi-v7a]' is not up-to-date because:
[        ]   Task.upToDateWhen is false.
[        ] C/C++: starting build
[        ] C/C++: reading expected JSONs
[        ] C/C++: done reading expected JSONs
[        ] C/C++: executing build commands for targets that produce .so files or executables
[        ] C/C++: evaluate miniconfig
[        ] C/C++: no libraries
[        ] Resolve mutations for :app:configureCMakeDebug[x86] (Thread[#1820,Execution worker Thread 4,5,main]) started.
[        ] :app:configureCMakeDebug[x86] (Thread[#1820,Execution worker Thread 4,5,main]) started.
[  +29 ms] > Task :app:configureCMakeDebug[x86]
[        ] Caching disabled for task ':app:configureCMakeDebug[x86]' because:
[        ]   Build cache is disabled
[        ]   Caching has been disabled for the task
[        ] Task ':app:configureCMakeDebug[x86]' is not up-to-date because:
[        ]   Task.upToDateWhen is false.
[        ] C/C++: /Users/anas/development/flutter/packages/flutter_tools/gradle/src/main/groovy/CMakeLists.txt profile|x86 : Start JSON generation. Platform version: 21 min SDK version: x86
[        ] C/C++: /Users/anas/development/flutter/packages/flutter_tools/gradle/src/main/groovy/CMakeLists.txt profile|x86 : JSON '/Users/anas/Documents/Code/tijus_academy/android/app/.cxx/Debug/1q251k1w/x86/android_gradle_build.json' was up-to-date
[        ] C/C++: /Users/anas/development/flutter/packages/flutter_tools/gradle/src/main/groovy/CMakeLists.txt profile|x86 : JSON generation completed without problems
[        ] C/C++: /Users/anas/development/flutter/packages/flutter_tools/gradle/src/main/groovy/CMakeLists.txt profile|x86 : Writing build model to /Users/anas/Documents/Code/tijus_academy/build/app/intermediates/cxx/Debug/1q251k1w/logs/x86/build_model.json
[        ] Resolve mutations for :app:buildCMakeDebug[x86] (Thread[#1820,Execution worker Thread 4,5,main]) started.
[        ] :app:buildCMakeDebug[x86] (Thread[#1820,Execution worker Thread 4,5,main]) started.
[        ] > Task :app:buildCMakeDebug[x86]
[        ] Caching disabled for task ':app:buildCMakeDebug[x86]' because:
[        ]   Build cache is disabled
[        ]   Caching has been disabled for the task
[        ] Task ':app:buildCMakeDebug[x86]' is not up-to-date because:
[        ]   Task.upToDateWhen is false.
[        ] C/C++: starting build
[        ] C/C++: reading expected JSONs
[        ] C/C++: done reading expected JSONs
[        ] C/C++: executing build commands for targets that produce .so files or executables
[        ] C/C++: evaluate miniconfig
[        ] C/C++: no libraries
[        ] Resolve mutations for :app:configureCMakeDebug[x86_64] (Thread[#1820,Execution worker Thread 4,5,main]) started.
[        ] :app:configureCMakeDebug[x86_64] (Thread[#1820,Execution worker Thread 4,5,main]) started.
[        ] > Task :app:configureCMakeDebug[x86_64]
[        ] Caching disabled for task ':app:configureCMakeDebug[x86_64]' because:
[        ]   Build cache is disabled
[        ]   Caching has been disabled for the task
[        ] Task ':app:configureCMakeDebug[x86_64]' is not up-to-date because:
[        ]   Task.upToDateWhen is false.
[        ] C/C++: /Users/anas/development/flutter/packages/flutter_tools/gradle/src/main/groovy/CMakeLists.txt profile|x86_64 : Start JSON generation. Platform version: 21 min SDK version: x86_64
[        ] C/C++: /Users/anas/development/flutter/packages/flutter_tools/gradle/src/main/groovy/CMakeLists.txt profile|x86_64 : JSON '/Users/anas/Documents/Code/tijus_academy/android/app/.cxx/Debug/1q251k1w/x86_64/android_gradle_build.json' was up-to-date
[        ] C/C++: /Users/anas/development/flutter/packages/flutter_tools/gradle/src/main/groovy/CMakeLists.txt profile|x86_64 : JSON generation completed without problems
[        ] C/C++: /Users/anas/development/flutter/packages/flutter_tools/gradle/src/main/groovy/CMakeLists.txt profile|x86_64 : Writing build model to /Users/anas/Documents/Code/tijus_academy/build/app/intermediates/cxx/Debug/1q251k1w/logs/x86_64/build_model.json
[        ] Resolve mutations for :app:buildCMakeDebug[x86_64] (Thread[#1820,Execution worker Thread 4,5,main]) started.
[        ] :app:buildCMakeDebug[x86_64] (Thread[#1820,Execution worker Thread 4,5,main]) started.
[        ] > Task :app:buildCMakeDebug[x86_64]
[        ] Caching disabled for task ':app:buildCMakeDebug[x86_64]' because:
[        ]   Build cache is disabled
[        ]   Caching has been disabled for the task
[        ] Task ':app:buildCMakeDebug[x86_64]' is not up-to-date because:
[        ]   Task.upToDateWhen is false.
[        ] C/C++: starting build
[        ] C/C++: reading expected JSONs
[        ] C/C++: done reading expected JSONs
[        ] C/C++: executing build commands for targets that produce .so files or executables
[        ] C/C++: evaluate miniconfig
[        ] C/C++: no libraries
[        ] Resolve mutations for :app:mergeDebugJniLibFolders (Thread[#1820,Execution worker Thread 4,5,main]) started.
[        ] :app:mergeDebugJniLibFolders (Thread[#1820,Execution worker Thread 4,5,main]) started.
[        ] > Task :app:mergeDebugJniLibFolders UP-TO-DATE
[        ] Caching disabled for task ':app:mergeDebugJniLibFolders' because:
[        ]   Build cache is disabled
[        ]   Simple merging task
[        ] Skipping task ':app:mergeDebugJniLibFolders' as it is up-to-date.
[        ] Resolve mutations for :firebase_auth:mergeDebugJniLibFolders (Thread[#1828,Execution worker Thread 11,5,main]) started.
[        ] :firebase_auth:mergeDebugJniLibFolders (Thread[#1828,Execution worker Thread 11,5,main]) started.
[        ] > Task :firebase_auth:mergeDebugJniLibFolders UP-TO-DATE
[        ] Caching disabled for task ':firebase_auth:mergeDebugJniLibFolders' because:
[        ]   Build cache is disabled
[        ]   Simple merging task
[        ] Skipping task ':firebase_auth:mergeDebugJniLibFolders' as it is up-to-date.
[        ] Resolve mutations for :firebase_auth:mergeDebugNativeLibs (Thread[#1828,Execution worker Thread 11,5,main]) started.
[        ] :firebase_auth:mergeDebugNativeLibs (Thread[#1828,Execution worker Thread 11,5,main]) started.
[        ] > Task :firebase_auth:mergeDebugNativeLibs NO-SOURCE
[        ] Skipping task ':firebase_auth:mergeDebugNativeLibs' as it has no source files and no previous output files.
[        ] Resolve mutations for :firebase_auth:copyDebugJniLibsProjectOnly (Thread[#1828,Execution worker Thread 11,5,main]) started.
[        ] :firebase_auth:copyDebugJniLibsProjectOnly (Thread[#1828,Execution worker Thread 11,5,main]) started.
[        ] > Task :firebase_auth:copyDebugJniLibsProjectOnly UP-TO-DATE
[        ] Caching disabled for task ':firebase_auth:copyDebugJniLibsProjectOnly' because:
[        ]   Build cache is disabled
[        ]   Caching has been disabled for the task
[        ] Skipping task ':firebase_auth:copyDebugJniLibsProjectOnly' as it is up-to-date.
[        ] work action resolve jni (project :firebase_auth) (Thread[#1828,Execution worker Thread 11,5,main]) started.
[        ] Resolve mutations for :firebase_core:mergeDebugJniLibFolders (Thread[#1828,Execution worker Thread 11,5,main]) started.
[        ] :firebase_core:mergeDebugJniLibFolders (Thread[#1828,Execution worker Thread 11,5,main]) started.
[        ] > Task :firebase_core:mergeDebugJniLibFolders UP-TO-DATE
[        ] Caching disabled for task ':firebase_core:mergeDebugJniLibFolders' because:
[        ]   Build cache is disabled
[        ]   Simple merging task
[        ] Skipping task ':firebase_core:mergeDebugJniLibFolders' as it is up-to-date.
[        ] Resolve mutations for :firebase_core:mergeDebugNativeLibs (Thread[#1819,Execution worker Thread 3,5,main]) started.
[        ] :firebase_core:mergeDebugNativeLibs (Thread[#1819,Execution worker Thread 3,5,main]) started.
[        ] > Task :firebase_core:mergeDebugNativeLibs NO-SOURCE
[        ] Skipping task ':firebase_core:mergeDebugNativeLibs' as it has no source files and no previous output files.
[        ] Resolve mutations for :firebase_core:copyDebugJniLibsProjectOnly (Thread[#1819,Execution worker Thread 3,5,main]) started.
[        ] :firebase_core:copyDebugJniLibsProjectOnly (Thread[#1819,Execution worker Thread 3,5,main]) started.
[        ] > Task :firebase_core:copyDebugJniLibsProjectOnly UP-TO-DATE
[        ] Caching disabled for task ':firebase_core:copyDebugJniLibsProjectOnly' because:
[        ]   Build cache is disabled
[        ]   Caching has been disabled for the task
[        ] Skipping task ':firebase_core:copyDebugJniLibsProjectOnly' as it is up-to-date.
[        ] work action resolve jni (project :firebase_core) (Thread[#1823,Execution worker Thread 7,5,main]) started.
[        ] Resolve mutations for :flutter_native_splash:mergeDebugJniLibFolders (Thread[#1823,Execution worker Thread 7,5,main]) started.
[        ] :flutter_native_splash:mergeDebugJniLibFolders (Thread[#1823,Execution worker Thread 7,5,main]) started.
[        ] > Task :flutter_native_splash:mergeDebugJniLibFolders UP-TO-DATE
[        ] Caching disabled for task ':flutter_native_splash:mergeDebugJniLibFolders' because:
[        ]   Build cache is disabled
[        ]   Simple merging task
[        ] Skipping task ':flutter_native_splash:mergeDebugJniLibFolders' as it is up-to-date.
[        ] Resolve mutations for :flutter_native_splash:mergeDebugNativeLibs (Thread[#1823,Execution worker Thread 7,5,main]) started.
[        ] :flutter_native_splash:mergeDebugNativeLibs (Thread[#1823,Execution worker Thread 7,5,main]) started.
[        ] > Task :flutter_native_splash:mergeDebugNativeLibs NO-SOURCE
[        ] Skipping task ':flutter_native_splash:mergeDebugNativeLibs' as it has no source files and no previous output files.
[        ] Resolve mutations for :flutter_native_splash:copyDebugJniLibsProjectOnly (Thread[#1823,Execution worker Thread 7,5,main]) started.
[        ] :flutter_native_splash:copyDebugJniLibsProjectOnly (Thread[#1823,Execution worker Thread 7,5,main]) started.
[        ] > Task :flutter_native_splash:copyDebugJniLibsProjectOnly UP-TO-DATE
[        ] Caching disabled for task ':flutter_native_splash:copyDebugJniLibsProjectOnly' because:
[        ]   Build cache is disabled
[        ]   Caching has been disabled for the task
[        ] Skipping task ':flutter_native_splash:copyDebugJniLibsProjectOnly' as it is up-to-date.
[        ] work action resolve jni (project :flutter_native_splash) (Thread[#1823,Execution worker Thread 7,5,main]) started.
[        ] Resolve mutations for :shared_preferences_android:mergeDebugJniLibFolders (Thread[#1823,Execution worker Thread 7,5,main]) started.
[        ] :shared_preferences_android:mergeDebugJniLibFolders (Thread[#1823,Execution worker Thread 7,5,main]) started.
[        ] > Task :shared_preferences_android:mergeDebugJniLibFolders UP-TO-DATE
[        ] Caching disabled for task ':shared_preferences_android:mergeDebugJniLibFolders' because:
[        ]   Build cache is disabled
[        ]   Simple merging task
[        ] Skipping task ':shared_preferences_android:mergeDebugJniLibFolders' as it is up-to-date.
[        ] Resolve mutations for :shared_preferences_android:mergeDebugNativeLibs (Thread[#1816,included builds,5,main]) started.
[        ] :shared_preferences_android:mergeDebugNativeLibs (Thread[#1816,included builds,5,main]) started.
[        ] > Task :shared_preferences_android:mergeDebugNativeLibs NO-SOURCE
[        ] Skipping task ':shared_preferences_android:mergeDebugNativeLibs' as it has no source files and no previous output files.
[        ] Resolve mutations for :shared_preferences_android:copyDebugJniLibsProjectOnly (Thread[#1816,included builds,5,main]) started.
[        ] :shared_preferences_android:copyDebugJniLibsProjectOnly (Thread[#1816,included builds,5,main]) started.
[        ] > Task :shared_preferences_android:copyDebugJniLibsProjectOnly UP-TO-DATE
[        ] Caching disabled for task ':shared_preferences_android:copyDebugJniLibsProjectOnly' because:
[        ]   Build cache is disabled
[        ]   Caching has been disabled for the task
[        ] Skipping task ':shared_preferences_android:copyDebugJniLibsProjectOnly' as it is up-to-date.
[        ] work action resolve jni (project :shared_preferences_android) (Thread[#1825,Execution worker Thread 9,5,main]) started.
[        ] Resolve mutations for :url_launcher_android:mergeDebugJniLibFolders (Thread[#1825,Execution worker Thread 9,5,main]) started.
[        ] :url_launcher_android:mergeDebugJniLibFolders (Thread[#1825,Execution worker Thread 9,5,main]) started.
[        ] > Task :url_launcher_android:mergeDebugJniLibFolders UP-TO-DATE
[        ] Caching disabled for task ':url_launcher_android:mergeDebugJniLibFolders' because:
[        ]   Build cache is disabled
[        ]   Simple merging task
[        ] Skipping task ':url_launcher_android:mergeDebugJniLibFolders' as it is up-to-date.
[        ] Resolve mutations for :url_launcher_android:mergeDebugNativeLibs (Thread[#1828,Execution worker Thread 11,5,main]) started.
[        ] :url_launcher_android:mergeDebugNativeLibs (Thread[#1828,Execution worker Thread 11,5,main]) started.
[        ] > Task :url_launcher_android:mergeDebugNativeLibs NO-SOURCE
[        ] Skipping task ':url_launcher_android:mergeDebugNativeLibs' as it has no source files and no previous output files.
[        ] Resolve mutations for :url_launcher_android:copyDebugJniLibsProjectOnly (Thread[#1828,Execution worker Thread 11,5,main]) started.
[        ] :url_launcher_android:copyDebugJniLibsProjectOnly (Thread[#1828,Execution worker Thread 11,5,main]) started.
[        ] > Task :url_launcher_android:copyDebugJniLibsProjectOnly UP-TO-DATE
[        ] Caching disabled for task ':url_launcher_android:copyDebugJniLibsProjectOnly' because:
[        ]   Build cache is disabled
[        ]   Caching has been disabled for the task
[        ] Skipping task ':url_launcher_android:copyDebugJniLibsProjectOnly' as it is up-to-date.
[        ] work action resolve jni (project :url_launcher_android) (Thread[#1828,Execution worker Thread 11,5,main]) started.
[        ] Resolve mutations for :webview_flutter_android:mergeDebugJniLibFolders (Thread[#1828,Execution worker Thread 11,5,main]) started.
[        ] :webview_flutter_android:mergeDebugJniLibFolders (Thread[#1828,Execution worker Thread 11,5,main]) started.
[        ] > Task :webview_flutter_android:mergeDebugJniLibFolders UP-TO-DATE
[        ] Caching disabled for task ':webview_flutter_android:mergeDebugJniLibFolders' because:
[        ]   Build cache is disabled
[        ]   Simple merging task
[        ] Skipping task ':webview_flutter_android:mergeDebugJniLibFolders' as it is up-to-date.
[        ] Resolve mutations for :webview_flutter_android:mergeDebugNativeLibs (Thread[#1824,Execution worker Thread 8,5,main]) started.
[        ] :webview_flutter_android:mergeDebugNativeLibs (Thread[#1824,Execution worker Thread 8,5,main]) started.
[        ] > Task :webview_flutter_android:mergeDebugNativeLibs NO-SOURCE
[        ] Skipping task ':webview_flutter_android:mergeDebugNativeLibs' as it has no source files and no previous output files.
[        ] Resolve mutations for :webview_flutter_android:copyDebugJniLibsProjectOnly (Thread[#1824,Execution worker Thread 8,5,main]) started.
[        ] :webview_flutter_android:copyDebugJniLibsProjectOnly (Thread[#1824,Execution worker Thread 8,5,main]) started.
[        ] > Task :webview_flutter_android:copyDebugJniLibsProjectOnly UP-TO-DATE
[        ] Caching disabled for task ':webview_flutter_android:copyDebugJniLibsProjectOnly' because:
[        ]   Build cache is disabled
[        ]   Caching has been disabled for the task
[        ] Skipping task ':webview_flutter_android:copyDebugJniLibsProjectOnly' as it is up-to-date.
[        ] work action resolve jni (project :webview_flutter_android) (Thread[#1824,Execution worker Thread 8,5,main]) started.
[        ] Resolve mutations for :app:mergeDebugNativeLibs (Thread[#1824,Execution worker Thread 8,5,main]) started.
[        ] :app:mergeDebugNativeLibs (Thread[#1824,Execution worker Thread 8,5,main]) started.
[        ] > Task :app:mergeDebugNativeLibs UP-TO-DATE
[        ] Transforming libs.jar with JetifyTransform
[        ] Transforming libs.jar with ExtractJniTransform
[        ] Transforming firebase-auth-22.3.1.aar (com.google.firebase:firebase-auth:22.3.1) with JetifyTransform
[        ] Transforming firebase-auth-22.3.1.aar (com.google.firebase:firebase-auth:22.3.1) with ExtractAarTransform
[        ] Transforming firebase-auth-22.3.1.aar (com.google.firebase:firebase-auth:22.3.1) with AarTransform
[        ] Transforming firebase-common-ktx-20.4.3.aar (com.google.firebase:firebase-common-ktx:20.4.3) with JetifyTransform
[        ] Transforming firebase-common-ktx-20.4.3.aar (com.google.firebase:firebase-common-ktx:20.4.3) with ExtractAarTransform
[        ] Transforming firebase-common-ktx-20.4.3.aar (com.google.firebase:firebase-common-ktx:20.4.3) with AarTransform
[        ] Transforming kotlin-stdlib-jdk7-1.8.22.jar (org.jetbrains.kotlin:kotlin-stdlib-jdk7:1.8.22) with JetifyTransform
[        ] Transforming kotlin-stdlib-jdk7-1.8.22.jar (org.jetbrains.kotlin:kotlin-stdlib-jdk7:1.8.22) with ExtractJniTransform
[        ] Transforming flutter_embedding_debug-1.0.0-cf56914b326edb0ccb123ffdc60f00060bd513fa.jar (io.flutter:flutter_embedding_debug:1.0.0-cf56914b326edb0ccb123ffdc60f00060bd513fa) with JetifyTransform
[        ] Transforming flutter_embedding_debug-1.0.0-cf56914b326edb0ccb123ffdc60f00060bd513fa.jar (io.flutter:flutter_embedding_debug:1.0.0-cf56914b326edb0ccb123ffdc60f00060bd513fa) with ExtractJniTransform
[        ] Transforming preference-1.2.1.aar (androidx.preference:preference:1.2.1) with JetifyTransform
[        ] Transforming preference-1.2.1.aar (androidx.preference:preference:1.2.1) with ExtractAarTransform
[        ] Transforming preference-1.2.1.aar (androidx.preference:preference:1.2.1) with AarTransform
[        ] Transforming browser-1.8.0.aar (androidx.browser:browser:1.8.0) with JetifyTransform
[        ] Transforming browser-1.8.0.aar (androidx.browser:browser:1.8.0) with ExtractAarTransform
[        ] Transforming browser-1.8.0.aar (androidx.browser:browser:1.8.0) with AarTransform
[        ] Transforming browser-1.8.0.aar (androidx.browser:browser:1.8.0) with JetifyTransform
[        ] Transforming browser-1.8.0.aar (androidx.browser:browser:1.8.0) with ExtractAarTransform
[        ] Transforming browser-1.8.0.aar (androidx.browser:browser:1.8.0) with AarTransform
[        ] Transforming webkit-1.12.1.aar (androidx.webkit:webkit:1.12.1) with JetifyTransform
[        ] Transforming webkit-1.12.1.aar (androidx.webkit:webkit:1.12.1) with ExtractAarTransform
[        ] Transforming webkit-1.12.1.aar (androidx.webkit:webkit:1.12.1) with AarTransform
[        ] Transforming recyclerview-1.0.0.aar (androidx.recyclerview:recyclerview:1.0.0) with JetifyTransform
[        ] Transforming recyclerview-1.0.0.aar (androidx.recyclerview:recyclerview:1.0.0) with ExtractAarTransform
[        ] Transforming recyclerview-1.0.0.aar (androidx.recyclerview:recyclerview:1.0.0) with AarTransform
[        ] Transforming legacy-support-core-ui-1.0.0.aar (androidx.legacy:legacy-support-core-ui:1.0.0) with JetifyTransform
[        ] Transforming legacy-support-core-ui-1.0.0.aar (androidx.legacy:legacy-support-core-ui:1.0.0) with ExtractAarTransform
[        ] Transforming legacy-support-core-ui-1.0.0.aar (androidx.legacy:legacy-support-core-ui:1.0.0) with AarTransform
[        ] Transforming slidingpanelayout-1.2.0.aar (androidx.slidingpanelayout:slidingpanelayout:1.2.0) with JetifyTransform
[        ] Transforming slidingpanelayout-1.2.0.aar (androidx.slidingpanelayout:slidingpanelayout:1.2.0) with ExtractAarTransform
[        ] Transforming slidingpanelayout-1.2.0.aar (androidx.slidingpanelayout:slidingpanelayout:1.2.0) with AarTransform
[        ] Transforming slidingpanelayout-1.2.0.aar (androidx.slidingpanelayout:slidingpanelayout:1.2.0) with JetifyTransform
[        ] Transforming slidingpanelayout-1.2.0.aar (androidx.slidingpanelayout:slidingpanelayout:1.2.0) with ExtractAarTransform
[        ] Transforming slidingpanelayout-1.2.0.aar (androidx.slidingpanelayout:slidingpanelayout:1.2.0) with AarTransform
[        ] Transforming window-1.2.0.aar (androidx.window:window:1.2.0) with JetifyTransform
[        ] Transforming window-1.2.0.aar (androidx.window:window:1.2.0) with ExtractAarTransform
[        ] Transforming window-1.2.0.aar (androidx.window:window:1.2.0) with AarTransform
[        ] Transforming window-java-1.2.0.aar (androidx.window:window-java:1.2.0) with JetifyTransform
[        ] Transforming window-java-1.2.0.aar (androidx.window:window-java:1.2.0) with ExtractAarTransform
[        ] Transforming window-java-1.2.0.aar (androidx.window:window-java:1.2.0) with AarTransform
[        ] Transforming appcompat-1.1.0.aar (androidx.appcompat:appcompat:1.1.0) with JetifyTransform
[        ] Transforming appcompat-1.1.0.aar (androidx.appcompat:appcompat:1.1.0) with ExtractAarTransform
[        ] Transforming appcompat-1.1.0.aar (androidx.appcompat:appcompat:1.1.0) with AarTransform
[        ] Transforming firebase-auth-interop-20.0.0.aar (com.google.firebase:firebase-auth-interop:20.0.0) with JetifyTransform
[        ] Transforming firebase-auth-interop-20.0.0.aar (com.google.firebase:firebase-auth-interop:20.0.0) with ExtractAarTransform
[        ] Transforming firebase-auth-interop-20.0.0.aar (com.google.firebase:firebase-auth-interop:20.0.0) with AarTransform
[        ] Transforming firebase-common-20.4.3.aar (com.google.firebase:firebase-common:20.4.3) with JetifyTransform
[        ] Transforming firebase-common-20.4.3.aar (com.google.firebase:firebase-common:20.4.3) with ExtractAarTransform
[        ] Transforming firebase-common-20.4.3.aar (com.google.firebase:firebase-common:20.4.3) with AarTransform
[        ] Transforming firebase-common-20.4.3.aar (com.google.firebase:firebase-common:20.4.3) with JetifyTransform
[        ] Transforming firebase-common-20.4.3.aar (com.google.firebase:firebase-common:20.4.3) with ExtractAarTransform
[        ] Transforming firebase-common-20.4.3.aar (com.google.firebase:firebase-common:20.4.3) with AarTransform
[        ] Transforming play-services-auth-api-phone-17.4.0.aar (com.google.android.gms:play-services-auth-api-phone:17.4.0) with JetifyTransform
[        ] Transforming play-services-auth-api-phone-17.4.0.aar (com.google.android.gms:play-services-auth-api-phone:17.4.0) with ExtractAarTransform
[        ] Transforming play-services-auth-api-phone-17.4.0.aar (com.google.android.gms:play-services-auth-api-phone:17.4.0) with AarTransform
[        ] Transforming recaptcha-18.4.0.aar (com.google.android.recaptcha:recaptcha:18.4.0) with JetifyTransform
[        ] Transforming recaptcha-18.4.0.aar (com.google.android.recaptcha:recaptcha:18.4.0) with ExtractAarTransform
[        ] Transforming recaptcha-18.4.0.aar (com.google.android.recaptcha:recaptcha:18.4.0) with AarTransform
[        ] Transforming integrity-1.2.0.aar (com.google.android.play:integrity:1.2.0) with JetifyTransform
[        ] Transforming integrity-1.2.0.aar (com.google.android.play:integrity:1.2.0) with ExtractAarTransform
[        ] Transforming integrity-1.2.0.aar (com.google.android.play:integrity:1.2.0) with AarTransform
[        ] Transforming firebase-appcheck-interop-17.0.0.aar (com.google.firebase:firebase-appcheck-interop:17.0.0) with JetifyTransform
[        ] Transforming firebase-appcheck-interop-17.0.0.aar (com.google.firebase:firebase-appcheck-interop:17.0.0) with ExtractAarTransform
[        ] Transforming firebase-appcheck-interop-17.0.0.aar (com.google.firebase:firebase-appcheck-interop:17.0.0) with AarTransform
[        ] Transforming fragment-ktx-1.7.1.aar (androidx.fragment:fragment-ktx:1.7.1) with JetifyTransform
[        ] Transforming fragment-ktx-1.7.1.aar (androidx.fragment:fragment-ktx:1.7.1) with ExtractAarTransform
[        ] Transforming fragment-ktx-1.7.1.aar (androidx.fragment:fragment-ktx:1.7.1) with AarTransform
[        ] Transforming play-services-base-18.0.1.aar (com.google.android.gms:play-services-base:18.0.1) with JetifyTransform
[        ] Transforming play-services-base-18.0.1.aar (com.google.android.gms:play-services-base:18.0.1) with ExtractAarTransform
[        ] Transforming play-services-base-18.0.1.aar (com.google.android.gms:play-services-base:18.0.1) with AarTransform
[        ] Transforming fragment-1.7.1.aar (androidx.fragment:fragment:1.7.1) with JetifyTransform
[        ] Transforming fragment-1.7.1.aar (androidx.fragment:fragment:1.7.1) with ExtractAarTransform
[        ] Transforming fragment-1.7.1.aar (androidx.fragment:fragment:1.7.1) with AarTransform
[        ] Transforming fragment-1.7.1.aar (androidx.fragment:fragment:1.7.1) with JetifyTransform
[        ] Transforming fragment-1.7.1.aar (androidx.fragment:fragment:1.7.1) with ExtractAarTransform
[        ] Transforming fragment-1.7.1.aar (androidx.fragment:fragment:1.7.1) with AarTransform
[        ] Transforming activity-ktx-1.8.1.aar (androidx.activity:activity-ktx:1.8.1) with JetifyTransform
[        ] Transforming activity-ktx-1.8.1.aar (androidx.activity:activity-ktx:1.8.1) with ExtractAarTransform
[        ] Transforming activity-ktx-1.8.1.aar (androidx.activity:activity-ktx:1.8.1) with AarTransform
[        ] Transforming activity-1.8.1.aar (androidx.activity:activity:1.8.1) with JetifyTransform
[        ] Transforming activity-1.8.1.aar (androidx.activity:activity:1.8.1) with ExtractAarTransform
[        ] Transforming activity-1.8.1.aar (androidx.activity:activity:1.8.1) with AarTransform
[        ] Transforming legacy-support-core-utils-1.0.0.aar (androidx.legacy:legacy-support-core-utils:1.0.0) with JetifyTransform
[        ] Transforming legacy-support-core-utils-1.0.0.aar (androidx.legacy:legacy-support-core-utils:1.0.0) with ExtractAarTransform
[        ] Transforming legacy-support-core-utils-1.0.0.aar (androidx.legacy:legacy-support-core-utils:1.0.0) with AarTransform
[        ] Transforming loader-1.0.0.aar (androidx.loader:loader:1.0.0) with JetifyTransform
[        ] Transforming loader-1.0.0.aar (androidx.loader:loader:1.0.0) with ExtractAarTransform
[        ] Transforming loader-1.0.0.aar (androidx.loader:loader:1.0.0) with AarTransform
[        ] Transforming loader-1.0.0.aar (androidx.loader:loader:1.0.0) with JetifyTransform
[        ] Transforming loader-1.0.0.aar (androidx.loader:loader:1.0.0) with ExtractAarTransform
[        ] Transforming loader-1.0.0.aar (androidx.loader:loader:1.0.0) with AarTransform
[        ] Transforming lifecycle-runtime-ktx-2.7.0.aar (androidx.lifecycle:lifecycle-runtime-ktx:2.7.0) with JetifyTransform
[        ] Transforming lifecycle-runtime-ktx-2.7.0.aar (androidx.lifecycle:lifecycle-runtime-ktx:2.7.0) with ExtractAarTransform
[        ] Transforming lifecycle-runtime-ktx-2.7.0.aar (androidx.lifecycle:lifecycle-runtime-ktx:2.7.0) with AarTransform
[        ] Transforming lifecycle-livedata-2.7.0.aar (androidx.lifecycle:lifecycle-livedata:2.7.0) with JetifyTransform
[        ] Transforming lifecycle-livedata-2.7.0.aar (androidx.lifecycle:lifecycle-livedata:2.7.0) with ExtractAarTransform
[        ] Transforming lifecycle-livedata-2.7.0.aar (androidx.lifecycle:lifecycle-livedata:2.7.0) with AarTransform
[        ] Transforming lifecycle-livedata-core-ktx-2.7.0.aar (androidx.lifecycle:lifecycle-livedata-core-ktx:2.7.0) with JetifyTransform
[        ] Transforming lifecycle-livedata-core-ktx-2.7.0.aar (androidx.lifecycle:lifecycle-livedata-core-ktx:2.7.0) with ExtractAarTransform
[        ] Transforming lifecycle-livedata-core-ktx-2.7.0.aar (androidx.lifecycle:lifecycle-livedata-core-ktx:2.7.0) with AarTransform
[        ] Transforming lifecycle-viewmodel-ktx-2.7.0.aar (androidx.lifecycle:lifecycle-viewmodel-ktx:2.7.0) with JetifyTransform
[        ] Transforming lifecycle-viewmodel-ktx-2.7.0.aar (androidx.lifecycle:lifecycle-viewmodel-ktx:2.7.0) with ExtractAarTransform
[        ] Transforming lifecycle-viewmodel-ktx-2.7.0.aar (androidx.lifecycle:lifecycle-viewmodel-ktx:2.7.0) with AarTransform
[        ] Transforming lifecycle-viewmodel-savedstate-2.7.0.aar (androidx.lifecycle:lifecycle-viewmodel-savedstate:2.7.0) with JetifyTransform
[        ] Transforming lifecycle-viewmodel-savedstate-2.7.0.aar (androidx.lifecycle:lifecycle-viewmodel-savedstate:2.7.0) with ExtractAarTransform
[        ] Transforming lifecycle-viewmodel-savedstate-2.7.0.aar (androidx.lifecycle:lifecycle-viewmodel-savedstate:2.7.0) with AarTransform
[        ] Transforming lifecycle-viewmodel-2.7.0.aar (androidx.lifecycle:lifecycle-viewmodel:2.7.0) with JetifyTransform
[        ] Transforming lifecycle-viewmodel-2.7.0.aar (androidx.lifecycle:lifecycle-viewmodel:2.7.0) with ExtractAarTransform
[        ] Transforming lifecycle-viewmodel-2.7.0.aar (androidx.lifecycle:lifecycle-viewmodel:2.7.0) with AarTransform
[        ] Transforming lifecycle-viewmodel-2.7.0.aar (androidx.lifecycle:lifecycle-viewmodel:2.7.0) with JetifyTransform
[        ] Transforming lifecycle-viewmodel-2.7.0.aar (androidx.lifecycle:lifecycle-viewmodel:2.7.0) with ExtractAarTransform
[        ] Transforming lifecycle-viewmodel-2.7.0.aar (androidx.lifecycle:lifecycle-viewmodel:2.7.0) with AarTransform
[        ] Transforming lifecycle-livedata-core-2.7.0.aar (androidx.lifecycle:lifecycle-livedata-core:2.7.0) with JetifyTransform
[        ] Transforming lifecycle-livedata-core-2.7.0.aar (androidx.lifecycle:lifecycle-livedata-core:2.7.0) with ExtractAarTransform
[        ] Transforming lifecycle-livedata-core-2.7.0.aar (androidx.lifecycle:lifecycle-livedata-core:2.7.0) with AarTransform
[        ] Transforming lifecycle-runtime-2.7.0.aar (androidx.lifecycle:lifecycle-runtime:2.7.0) with JetifyTransform
[        ] Transforming lifecycle-runtime-2.7.0.aar (androidx.lifecycle:lifecycle-runtime:2.7.0) with ExtractAarTransform
[        ] Transforming lifecycle-runtime-2.7.0.aar (androidx.lifecycle:lifecycle-runtime:2.7.0) with AarTransform
[        ] Transforming lifecycle-process-2.7.0.aar (androidx.lifecycle:lifecycle-process:2.7.0) with JetifyTransform
[        ] Transforming lifecycle-process-2.7.0.aar (androidx.lifecycle:lifecycle-process:2.7.0) with ExtractAarTransform
[        ] Transforming lifecycle-process-2.7.0.aar (androidx.lifecycle:lifecycle-process:2.7.0) with AarTransform
[        ] Transforming lifecycle-common-java8-2.7.0.jar (androidx.lifecycle:lifecycle-common-java8:2.7.0) with JetifyTransform
[        ] Transforming lifecycle-common-java8-2.7.0.jar (androidx.lifecycle:lifecycle-common-java8:2.7.0) with ExtractJniTransform
[        ] Transforming savedstate-ktx-1.2.1.aar (androidx.savedstate:savedstate-ktx:1.2.1) with JetifyTransform
[        ] Transforming savedstate-ktx-1.2.1.aar (androidx.savedstate:savedstate-ktx:1.2.1) with ExtractAarTransform
[        ] Transforming savedstate-ktx-1.2.1.aar (androidx.savedstate:savedstate-ktx:1.2.1) with AarTransform
[        ] Transforming savedstate-1.2.1.aar (androidx.savedstate:savedstate:1.2.1) with JetifyTransform
[        ] Transforming savedstate-1.2.1.aar (androidx.savedstate:savedstate:1.2.1) with ExtractAarTransform
[        ] Transforming savedstate-1.2.1.aar (androidx.savedstate:savedstate:1.2.1) with AarTransform
[        ] Transforming lifecycle-common-2.7.0.jar (androidx.lifecycle:lifecycle-common:2.7.0) with JetifyTransform
[        ] Transforming lifecycle-common-2.7.0.jar (androidx.lifecycle:lifecycle-common:2.7.0) with ExtractJniTransform
[        ] Transforming kotlinx-coroutines-android-1.7.3.jar (org.jetbrains.kotlinx:kotlinx-coroutines-android:1.7.3) with JetifyTransform
[        ] Transforming kotlinx-coroutines-android-1.7.3.jar (org.jetbrains.kotlinx:kotlinx-coroutines-android:1.7.3) with ExtractJniTransform
[        ] Transforming datastore-preferences-core-jvm-1.1.1.jar (androidx.datastore:datastore-preferences-core-jvm:1.1.1) with JetifyTransform
[        ] Transforming datastore-preferences-core-jvm-1.1.1.jar (androidx.datastore:datastore-preferences-core-jvm:1.1.1) with ExtractJniTransform
[        ] Transforming datastore-core-okio-jvm-1.1.1.jar (androidx.datastore:datastore-core-okio-jvm:1.1.1) with JetifyTransform
[        ] Transforming datastore-core-okio-jvm-1.1.1.jar (androidx.datastore:datastore-core-okio-jvm:1.1.1) with ExtractJniTransform
[        ] Transforming datastore-core-release.aar (androidx.datastore:datastore-core-android:1.1.1) with JetifyTransform
[        ] Transforming datastore-core-release.aar (androidx.datastore:datastore-core-android:1.1.1) with ExtractAarTransform
[        ] Transforming datastore-core-release.aar (androidx.datastore:datastore-core-android:1.1.1) with AarTransform
[        ] Transforming datastore-preferences-release.aar (androidx.datastore:datastore-preferences-android:1.1.1) with JetifyTransform
[        ] Transforming datastore-preferences-release.aar (androidx.datastore:datastore-preferences-android:1.1.1) with ExtractAarTransform
[        ] Transforming datastore-preferences-release.aar (androidx.datastore:datastore-preferences-android:1.1.1) with AarTransform
[        ] Transforming datastore-release.aar (androidx.datastore:datastore-android:1.1.1) with JetifyTransform
[        ] Transforming datastore-release.aar (androidx.datastore:datastore-android:1.1.1) with ExtractAarTransform
[        ] Transforming datastore-release.aar (androidx.datastore:datastore-android:1.1.1) with AarTransform
[        ] Transforming kotlinx-coroutines-core-jvm-1.7.3.jar (org.jetbrains.kotlinx:kotlinx-coroutines-core-jvm:1.7.3) with JetifyTransform
[        ] Transforming kotlinx-coroutines-core-jvm-1.7.3.jar (org.jetbrains.kotlinx:kotlinx-coroutines-core-jvm:1.7.3) with ExtractJniTransform
[        ] Transforming kotlinx-coroutines-play-services-1.7.3.jar (org.jetbrains.kotlinx:kotlinx-coroutines-play-services:1.7.3) with JetifyTransform
[        ] Transforming kotlinx-coroutines-play-services-1.7.3.jar (org.jetbrains.kotlinx:kotlinx-coroutines-play-services:1.7.3) with ExtractJniTransform
[        ] Transforming play-services-tasks-18.1.0.aar (com.google.android.gms:play-services-tasks:18.1.0) with JetifyTransform
[        ] Transforming play-services-tasks-18.1.0.aar (com.google.android.gms:play-services-tasks:18.1.0) with ExtractAarTransform
[        ] Transforming play-services-tasks-18.1.0.aar (com.google.android.gms:play-services-tasks:18.1.0) with AarTransform
[        ] Transforming play-services-tasks-18.1.0.aar (com.google.android.gms:play-services-tasks:18.1.0) with JetifyTransform
[        ] Transforming play-services-tasks-18.1.0.aar (com.google.android.gms:play-services-tasks:18.1.0) with ExtractAarTransform
[        ] Transforming play-services-tasks-18.1.0.aar (com.google.android.gms:play-services-tasks:18.1.0) with AarTransform
[        ] Transforming play-services-basement-18.3.0.aar (com.google.android.gms:play-services-basement:18.3.0) with JetifyTransform
[        ] Transforming play-services-basement-18.3.0.aar (com.google.android.gms:play-services-basement:18.3.0) with ExtractAarTransform
[        ] Transforming play-services-basement-18.3.0.aar (com.google.android.gms:play-services-basement:18.3.0) with AarTransform
[        ] Transforming viewpager-1.0.0.aar (androidx.viewpager:viewpager:1.0.0) with JetifyTransform
[        ] Transforming viewpager-1.0.0.aar (androidx.viewpager:viewpager:1.0.0) with ExtractAarTransform
[        ] Transforming viewpager-1.0.0.aar (androidx.viewpager:viewpager:1.0.0) with AarTransform
[        ] Transforming viewpager-1.0.0.aar (androidx.viewpager:viewpager:1.0.0) with JetifyTransform
[        ] Transforming viewpager-1.0.0.aar (androidx.viewpager:viewpager:1.0.0) with ExtractAarTransform
[        ] Transforming viewpager-1.0.0.aar (androidx.viewpager:viewpager:1.0.0) with AarTransform
[        ] Transforming appcompat-resources-1.1.0.aar (androidx.appcompat:appcompat-resources:1.1.0) with JetifyTransform
[        ] Transforming appcompat-resources-1.1.0.aar (androidx.appcompat:appcompat-resources:1.1.0) with ExtractAarTransform
[        ] Transforming appcompat-resources-1.1.0.aar (androidx.appcompat:appcompat-resources:1.1.0) with AarTransform
[        ] Transforming drawerlayout-1.0.0.aar (androidx.drawerlayout:drawerlayout:1.0.0) with JetifyTransform
[        ] Transforming drawerlayout-1.0.0.aar (androidx.drawerlayout:drawerlayout:1.0.0) with ExtractAarTransform
[        ] Transforming drawerlayout-1.0.0.aar (androidx.drawerlayout:drawerlayout:1.0.0) with AarTransform
[        ] Transforming coordinatorlayout-1.0.0.aar (androidx.coordinatorlayout:coordinatorlayout:1.0.0) with JetifyTransform
[        ] Transforming coordinatorlayout-1.0.0.aar (androidx.coordinatorlayout:coordinatorlayout:1.0.0) with ExtractAarTransform
[        ] Transforming coordinatorlayout-1.0.0.aar (androidx.coordinatorlayout:coordinatorlayout:1.0.0) with AarTransform
[        ] Transforming customview-1.1.0.aar (androidx.customview:customview:1.1.0) with JetifyTransform
[        ] Transforming customview-1.1.0.aar (androidx.customview:customview:1.1.0) with ExtractAarTransform
[        ] Transforming customview-1.1.0.aar (androidx.customview:customview:1.1.0) with AarTransform
[        ] Transforming customview-1.1.0.aar (androidx.customview:customview:1.1.0) with JetifyTransform
[        ] Transforming customview-1.1.0.aar (androidx.customview:customview:1.1.0) with ExtractAarTransform
[        ] Transforming customview-1.1.0.aar (androidx.customview:customview:1.1.0) with AarTransform
[        ] Transforming transition-1.4.1.aar (androidx.transition:transition:1.4.1) with JetifyTransform
[        ] Transforming transition-1.4.1.aar (androidx.transition:transition:1.4.1) with ExtractAarTransform
[        ] Transforming transition-1.4.1.aar (androidx.transition:transition:1.4.1) with AarTransform
[        ] Transforming core-ktx-1.13.1.aar (androidx.core:core-ktx:1.13.1) with JetifyTransform
[        ] Transforming core-ktx-1.13.1.aar (androidx.core:core-ktx:1.13.1) with ExtractAarTransform
[        ] Transforming core-ktx-1.13.1.aar (androidx.core:core-ktx:1.13.1) with AarTransform
[        ] Transforming vectordrawable-animated-1.1.0.aar (androidx.vectordrawable:vectordrawable-animated:1.1.0) with JetifyTransform
[        ] Transforming vectordrawable-animated-1.1.0.aar (androidx.vectordrawable:vectordrawable-animated:1.1.0) with ExtractAarTransform
[        ] Transforming vectordrawable-animated-1.1.0.aar (androidx.vectordrawable:vectordrawable-animated:1.1.0) with AarTransform
[        ] Transforming vectordrawable-1.1.0.aar (androidx.vectordrawable:vectordrawable:1.1.0) with JetifyTransform
[        ] Transforming vectordrawable-1.1.0.aar (androidx.vectordrawable:vectordrawable:1.1.0) with ExtractAarTransform
[        ] Transforming vectordrawable-1.1.0.aar (androidx.vectordrawable:vectordrawable:1.1.0) with AarTransform
[        ] Transforming swiperefreshlayout-1.0.0.aar (androidx.swiperefreshlayout:swiperefreshlayout:1.0.0) with JetifyTransform
[        ] Transforming swiperefreshlayout-1.0.0.aar (androidx.swiperefreshlayout:swiperefreshlayout:1.0.0) with ExtractAarTransform
[        ] Transforming swiperefreshlayout-1.0.0.aar (androidx.swiperefreshlayout:swiperefreshlayout:1.0.0) with AarTransform
[        ] Transforming asynclayoutinflater-1.0.0.aar (androidx.asynclayoutinflater:asynclayoutinflater:1.0.0) with JetifyTransform
[        ] Transforming asynclayoutinflater-1.0.0.aar (androidx.asynclayoutinflater:asynclayoutinflater:1.0.0) with ExtractAarTransform
[        ] Transforming asynclayoutinflater-1.0.0.aar (androidx.asynclayoutinflater:asynclayoutinflater:1.0.0) with AarTransform
[        ] Transforming core-1.13.1.aar (androidx.core:core:1.13.1) with JetifyTransform
[        ] Transforming core-1.13.1.aar (androidx.core:core:1.13.1) with ExtractAarTransform
[        ] Transforming core-1.13.1.aar (androidx.core:core:1.13.1) with AarTransform
[        ] Transforming core-1.13.1.aar (androidx.core:core:1.13.1) with JetifyTransform
[        ] Transforming core-1.13.1.aar (androidx.core:core:1.13.1) with ExtractAarTransform
[        ] Transforming core-1.13.1.aar (androidx.core:core:1.13.1) with AarTransform
[        ] Transforming profileinstaller-1.3.1.aar (androidx.profileinstaller:profileinstaller:1.3.1) with JetifyTransform
[        ] Transforming profileinstaller-1.3.1.aar (androidx.profileinstaller:profileinstaller:1.3.1) with ExtractAarTransform
[        ] Transforming profileinstaller-1.3.1.aar (androidx.profileinstaller:profileinstaller:1.3.1) with AarTransform
[        ] Transforming startup-runtime-1.1.1.aar (androidx.startup:startup-runtime:1.1.1) with JetifyTransform
[        ] Transforming startup-runtime-1.1.1.aar (androidx.startup:startup-runtime:1.1.1) with ExtractAarTransform
[        ] Transforming startup-runtime-1.1.1.aar (androidx.startup:startup-runtime:1.1.1) with AarTransform
[        ] Transforming tracing-1.2.0.aar (androidx.tracing:tracing:1.2.0) with JetifyTransform
[        ] Transforming tracing-1.2.0.aar (androidx.tracing:tracing:1.2.0) with ExtractAarTransform
[        ] Transforming tracing-1.2.0.aar (androidx.tracing:tracing:1.2.0) with AarTransform
[        ] Transforming interpolator-1.0.0.aar (androidx.interpolator:interpolator:1.0.0) with JetifyTransform
[        ] Transforming interpolator-1.0.0.aar (androidx.interpolator:interpolator:1.0.0) with ExtractAarTransform
[        ] Transforming interpolator-1.0.0.aar (androidx.interpolator:interpolator:1.0.0) with AarTransform
[        ] Transforming interpolator-1.0.0.aar (androidx.interpolator:interpolator:1.0.0) with JetifyTransform
[        ] Transforming interpolator-1.0.0.aar (androidx.interpolator:interpolator:1.0.0) with ExtractAarTransform
[        ] Transforming interpolator-1.0.0.aar (androidx.interpolator:interpolator:1.0.0) with AarTransform
[        ] Transforming versionedparcelable-1.1.1.aar (androidx.versionedparcelable:versionedparcelable:1.1.1) with JetifyTransform
[        ] Transforming versionedparcelable-1.1.1.aar (androidx.versionedparcelable:versionedparcelable:1.1.1) with ExtractAarTransform
[        ] Transforming versionedparcelable-1.1.1.aar (androidx.versionedparcelable:versionedparcelable:1.1.1) with AarTransform
[        ] Transforming collection-ktx-1.1.0.jar (androidx.collection:collection-ktx:1.1.0) with JetifyTransform
[        ] Transforming collection-ktx-1.1.0.jar (androidx.collection:collection-ktx:1.1.0) with ExtractJniTransform
[        ] Transforming collection-1.1.0.jar (androidx.collection:collection:1.1.0) with JetifyTransform
[        ] Transforming collection-1.1.0.jar (androidx.collection:collection:1.1.0) with ExtractJniTransform
[        ] Transforming localbroadcastmanager-1.0.0.aar (androidx.localbroadcastmanager:localbroadcastmanager:1.0.0) with JetifyTransform
[        ] Transforming localbroadcastmanager-1.0.0.aar (androidx.localbroadcastmanager:localbroadcastmanager:1.0.0) with ExtractAarTransform
[        ] Transforming localbroadcastmanager-1.0.0.aar (androidx.localbroadcastmanager:localbroadcastmanager:1.0.0) with AarTransform
[        ] Transforming firebase-components-17.1.5.aar (com.google.firebase:firebase-components:17.1.5) with JetifyTransform
[        ] Transforming firebase-components-17.1.5.aar (com.google.firebase:firebase-components:17.1.5) with ExtractAarTransform
[        ] Transforming firebase-components-17.1.5.aar (com.google.firebase:firebase-components:17.1.5) with AarTransform
[        ] Transforming concurrent-futures-1.1.0.jar (androidx.concurrent:concurrent-futures:1.1.0) with JetifyTransform
[        ] Transforming concurrent-futures-1.1.0.jar (androidx.concurrent:concurrent-futures:1.1.0) with ExtractJniTransform
[        ] Transforming core-runtime-2.2.0.aar (androidx.arch.core:core-runtime:2.2.0) with JetifyTransform
[        ] Transforming core-runtime-2.2.0.aar (androidx.arch.core:core-runtime:2.2.0) with ExtractAarTransform
[        ] Transforming core-runtime-2.2.0.aar (androidx.arch.core:core-runtime:2.2.0) with AarTransform
[        ] Transforming core-common-2.2.0.jar (androidx.arch.core:core-common:2.2.0) with JetifyTransform
[        ] Transforming core-common-2.2.0.jar (androidx.arch.core:core-common:2.2.0) with ExtractJniTransform
[        ] Transforming cursoradapter-1.0.0.aar (androidx.cursoradapter:cursoradapter:1.0.0) with JetifyTransform
[        ] Transforming cursoradapter-1.0.0.aar (androidx.cursoradapter:cursoradapter:1.0.0) with ExtractAarTransform
[        ] Transforming cursoradapter-1.0.0.aar (androidx.cursoradapter:cursoradapter:1.0.0) with AarTransform
[        ] Transforming core-1.0.0.aar (androidx.window.extensions.core:core:1.0.0) with JetifyTransform
[        ] Transforming core-1.0.0.aar (androidx.window.extensions.core:core:1.0.0) with ExtractAarTransform
[        ] Transforming core-1.0.0.aar (androidx.window.extensions.core:core:1.0.0) with AarTransform
[        ] Transforming documentfile-1.0.0.aar (androidx.documentfile:documentfile:1.0.0) with JetifyTransform
[        ] Transforming documentfile-1.0.0.aar (androidx.documentfile:documentfile:1.0.0) with ExtractAarTransform
[        ] Transforming documentfile-1.0.0.aar (androidx.documentfile:documentfile:1.0.0) with AarTransform
[        ] Transforming print-1.0.0.aar (androidx.print:print:1.0.0) with JetifyTransform
[        ] Transforming print-1.0.0.aar (androidx.print:print:1.0.0) with ExtractAarTransform
[        ] Transforming print-1.0.0.aar (androidx.print:print:1.0.0) with AarTransform
[        ] Transforming annotation-jvm-1.9.1.jar (androidx.annotation:annotation-jvm:1.9.1) with JetifyTransform
[        ] Transforming annotation-jvm-1.9.1.jar (androidx.annotation:annotation-jvm:1.9.1) with ExtractJniTransform
[        ] Transforming annotation-experimental-1.4.1.aar (androidx.annotation:annotation-experimental:1.4.1) with JetifyTransform
[        ] Transforming annotation-experimental-1.4.1.aar (androidx.annotation:annotation-experimental:1.4.1) with ExtractAarTransform
[        ] Transforming annotation-experimental-1.4.1.aar (androidx.annotation:annotation-experimental:1.4.1) with AarTransform
[        ] Transforming kotlin-parcelize-runtime-1.9.22.jar (org.jetbrains.kotlin:kotlin-parcelize-runtime:1.9.22) with JetifyTransform
[        ] Transforming kotlin-parcelize-runtime-1.9.22.jar (org.jetbrains.kotlin:kotlin-parcelize-runtime:1.9.22) with ExtractJniTransform
[        ] Transforming kotlin-android-extensions-runtime-1.9.22.jar (org.jetbrains.kotlin:kotlin-android-extensions-runtime:1.9.22) with JetifyTransform
[        ] Transforming kotlin-android-extensions-runtime-1.9.22.jar (org.jetbrains.kotlin:kotlin-android-extensions-runtime:1.9.22) with ExtractJniTransform
[        ] Transforming kotlin-stdlib-1.9.24.jar (org.jetbrains.kotlin:kotlin-stdlib:1.9.24) with JetifyTransform
[        ] Transforming kotlin-stdlib-1.9.24.jar (org.jetbrains.kotlin:kotlin-stdlib:1.9.24) with ExtractJniTransform
[        ] Transforming okio-jvm-3.4.0.jar (com.squareup.okio:okio-jvm:3.4.0) with JetifyTransform
[        ] Transforming okio-jvm-3.4.0.jar (com.squareup.okio:okio-jvm:3.4.0) with ExtractJniTransform
[        ] Transforming kotlin-stdlib-jdk8-1.8.22.jar (org.jetbrains.kotlin:kotlin-stdlib-jdk8:1.8.22) with JetifyTransform
[        ] Transforming kotlin-stdlib-jdk8-1.8.22.jar (org.jetbrains.kotlin:kotlin-stdlib-jdk8:1.8.22) with ExtractJniTransform
[        ] Transforming x86_64_debug-1.0.0-cf56914b326edb0ccb123ffdc60f00060bd513fa.jar (io.flutter:x86_64_debug:1.0.0-cf56914b326edb0ccb123ffdc60f00060bd513fa) with JetifyTransform
[        ] Transforming x86_64_debug-1.0.0-cf56914b326edb0ccb123ffdc60f00060bd513fa.jar (io.flutter:x86_64_debug:1.0.0-cf56914b326edb0ccb123ffdc60f00060bd513fa) with ExtractJniTransform
[        ] Transforming annotations-23.0.0.jar (org.jetbrains:annotations:23.0.0) with JetifyTransform
[        ] Transforming annotations-23.0.0.jar (org.jetbrains:annotations:23.0.0) with ExtractJniTransform
[        ] Transforming relinker-1.4.5.aar (com.getkeepsafe.relinker:relinker:1.4.5) with JetifyTransform
[        ] Transforming relinker-1.4.5.aar (com.getkeepsafe.relinker:relinker:1.4.5) with ExtractAarTransform
[        ] Transforming relinker-1.4.5.aar (com.getkeepsafe.relinker:relinker:1.4.5) with AarTransform
[        ] Transforming listenablefuture-1.0.jar (com.google.guava:listenablefuture:1.0) with JetifyTransform
[        ] Transforming listenablefuture-1.0.jar (com.google.guava:listenablefuture:1.0) with ExtractJniTransform
[        ] Transforming firebase-annotations-16.2.0.jar (com.google.firebase:firebase-annotations:16.2.0) with JetifyTransform
[        ] Transforming firebase-annotations-16.2.0.jar (com.google.firebase:firebase-annotations:16.2.0) with ExtractJniTransform
[        ] Transforming javax.inject-1.jar (javax.inject:javax.inject:1) with JetifyTransform
[        ] Transforming javax.inject-1.jar (javax.inject:javax.inject:1) with ExtractJniTransform
[        ] Transforming error_prone_annotations-2.9.0.jar (com.google.errorprone:error_prone_annotations:2.9.0) with JetifyTransform
[        ] Transforming error_prone_annotations-2.9.0.jar (com.google.errorprone:error_prone_annotations:2.9.0) with ExtractJniTransform
[        ] Caching disabled for task ':app:mergeDebugNativeLibs' because:
[        ]   Build cache is disabled
[        ]   Caching has been disabled for the task
[        ] Skipping task ':app:mergeDebugNativeLibs' as it is up-to-date.
[        ] Resolve mutations for :app:stripDebugDebugSymbols (Thread[#1824,Execution worker Thread 8,5,main]) started.
[        ] :app:stripDebugDebugSymbols (Thread[#1824,Execution worker Thread 8,5,main]) started.
[        ] > Task :app:stripDebugDebugSymbols UP-TO-DATE
[        ] Caching disabled for task ':app:stripDebugDebugSymbols' because:
[        ]   Build cache is disabled
[        ]   Caching has been disabled for the task
[        ] Skipping task ':app:stripDebugDebugSymbols' as it is up-to-date.
[        ] Resolve mutations for :app:validateSigningDebug (Thread[#1824,Execution worker Thread 8,5,main]) started.
[        ] :app:validateSigningDebug (Thread[#1824,Execution worker Thread 8,5,main]) started.
[        ] > Task :app:validateSigningDebug UP-TO-DATE
[        ] Caching disabled for task ':app:validateSigningDebug' because:
[        ]   Build cache is disabled
[        ]   Caching has been disabled for the task
[        ] Skipping task ':app:validateSigningDebug' as it is up-to-date.
[        ] Resolve mutations for :app:writeDebugAppMetadata (Thread[#1824,Execution worker Thread 8,5,main]) started.
[        ] :app:writeDebugAppMetadata (Thread[#1824,Execution worker Thread 8,5,main]) started.
[        ] > Task :app:writeDebugAppMetadata UP-TO-DATE
[        ] Caching disabled for task ':app:writeDebugAppMetadata' because:
[        ]   Build cache is disabled
[        ]   Caching has been disabled for the task
[        ] Skipping task ':app:writeDebugAppMetadata' as it is up-to-date.
[        ] Resolve mutations for :app:writeDebugSigningConfigVersions (Thread[#1824,Execution worker Thread 8,5,main]) started.
[        ] :app:writeDebugSigningConfigVersions (Thread[#1824,Execution worker Thread 8,5,main]) started.
[        ] > Task :app:writeDebugSigningConfigVersions UP-TO-DATE
[        ] Caching disabled for task ':app:writeDebugSigningConfigVersions' because:
[        ]   Build cache is disabled
[        ]   Caching has been disabled for the task
[        ] Skipping task ':app:writeDebugSigningConfigVersions' as it is up-to-date.
[        ] Resolve mutations for :app:packageDebug (Thread[#1824,Execution worker Thread 8,5,main]) started.
[        ] :app:packageDebug (Thread[#1824,Execution worker Thread 8,5,main]) started.
[        ] > Task :app:packageDebug UP-TO-DATE
[        ] Custom actions are attached to task ':app:packageDebug'.
[        ] Caching disabled for task ':app:packageDebug' because:
[        ]   Build cache is disabled
[        ]   Caching has been disabled for the task
[        ] Skipping task ':app:packageDebug' as it is up-to-date.
[        ] Resolve mutations for :app:createDebugApkListingFileRedirect (Thread[#1824,Execution worker Thread 8,5,main]) started.
[        ] :app:createDebugApkListingFileRedirect (Thread[#1824,Execution worker Thread 8,5,main]) started.
[        ] > Task :app:createDebugApkListingFileRedirect UP-TO-DATE
[        ] Caching disabled for task ':app:createDebugApkListingFileRedirect' because:
[        ]   Build cache is disabled
[        ]   Caching has been disabled for the task
[        ] Skipping task ':app:createDebugApkListingFileRedirect' as it is up-to-date.
[        ] Resolve mutations for :app:assembleDebug (Thread[#1824,Execution worker Thread 8,5,main]) started.
[        ] :app:assembleDebug (Thread[#1824,Execution worker Thread 8,5,main]) started.
[  +81 ms] > Task :app:assembleDebug
[        ] Caching disabled for task ':app:assembleDebug' because:
[        ]   Build cache is disabled
[        ] Task ':app:assembleDebug' is not up-to-date because:
[        ]   Task has not declared any outputs despite executing actions.
[        ] Resolve mutations for :firebase_auth:stripDebugDebugSymbols (Thread[#1824,Execution worker Thread 8,5,main]) started.
[        ] :firebase_auth:stripDebugDebugSymbols (Thread[#1824,Execution worker Thread 8,5,main]) started.
[        ] > Task :firebase_auth:stripDebugDebugSymbols NO-SOURCE
[        ] Skipping task ':firebase_auth:stripDebugDebugSymbols' as it has no source files and no previous output files.
[        ] Resolve mutations for :firebase_auth:copyDebugJniLibsProjectAndLocalJars (Thread[#1829,Execution worker Thread 12,5,main]) started.
[        ] :firebase_auth:copyDebugJniLibsProjectAndLocalJars (Thread[#1826,Execution worker Thread 10,5,main]) started.
[        ] > Task :firebase_auth:copyDebugJniLibsProjectAndLocalJars UP-TO-DATE
[        ] Caching disabled for task ':firebase_auth:copyDebugJniLibsProjectAndLocalJars' because:
[        ]   Build cache is disabled
[        ]   Caching has been disabled for the task
[        ] Skipping task ':firebase_auth:copyDebugJniLibsProjectAndLocalJars' as it is up-to-date.
[        ] Resolve mutations for :firebase_auth:extractDebugAnnotations (Thread[#1826,Execution worker Thread 10,5,main]) started.
[        ] :firebase_auth:extractDebugAnnotations (Thread[#1826,Execution worker Thread 10,5,main]) started.
[        ] > Task :firebase_auth:extractDebugAnnotations UP-TO-DATE
[        ] Caching disabled for task ':firebase_auth:extractDebugAnnotations' because:
[        ]   Build cache is disabled
[        ] Skipping task ':firebase_auth:extractDebugAnnotations' as it is up-to-date.
[        ] Resolve mutations for :firebase_auth:extractDeepLinksForAarDebug (Thread[#1826,Execution worker Thread 10,5,main]) started.
[        ] :firebase_auth:extractDeepLinksForAarDebug (Thread[#1826,Execution worker Thread 10,5,main]) started.
[        ] > Task :firebase_auth:extractDeepLinksForAarDebug UP-TO-DATE
[        ] Caching disabled for task ':firebase_auth:extractDeepLinksForAarDebug' because:
[        ]   Build cache is disabled
[        ] Skipping task ':firebase_auth:extractDeepLinksForAarDebug' as it is up-to-date.
[        ] Resolve mutations for :firebase_auth:mergeDebugGeneratedProguardFiles (Thread[#1826,Execution worker Thread 10,5,main]) started.
[        ] :firebase_auth:mergeDebugGeneratedProguardFiles (Thread[#1826,Execution worker Thread 10,5,main]) started.
[        ] > Task :firebase_auth:mergeDebugGeneratedProguardFiles UP-TO-DATE
[        ] Caching disabled for task ':firebase_auth:mergeDebugGeneratedProguardFiles' because:
[        ]   Build cache is disabled
[        ]   Simple merging task
[        ] Skipping task ':firebase_auth:mergeDebugGeneratedProguardFiles' as it is up-to-date.
[        ] Resolve mutations for :firebase_auth:mergeDebugConsumerProguardFiles (Thread[#1826,Execution worker Thread 10,5,main]) started.
[        ] :firebase_auth:mergeDebugConsumerProguardFiles (Thread[#1826,Execution worker Thread 10,5,main]) started.
[        ] > Task :firebase_auth:mergeDebugConsumerProguardFiles UP-TO-DATE
[        ] Caching disabled for task ':firebase_auth:mergeDebugConsumerProguardFiles' because:
[        ]   Build cache is disabled
[        ]   Simple merging task
[        ] Skipping task ':firebase_auth:mergeDebugConsumerProguardFiles' as it is up-to-date.
[        ] Resolve mutations for :firebase_auth:prepareDebugArtProfile (Thread[#1826,Execution worker Thread 10,5,main]) started.
[        ] :firebase_auth:prepareDebugArtProfile (Thread[#1826,Execution worker Thread 10,5,main]) started.
[        ] > Task :firebase_auth:prepareDebugArtProfile UP-TO-DATE
[        ] Caching disabled for task ':firebase_auth:prepareDebugArtProfile' because:
[        ]   Build cache is disabled
[        ]   Caching has been disabled for the task
[        ] Skipping task ':firebase_auth:prepareDebugArtProfile' as it is up-to-date.
[        ] Resolve mutations for :firebase_auth:prepareLintJarForPublish (Thread[#1826,Execution worker Thread 10,5,main]) started.
[        ] :firebase_auth:prepareLintJarForPublish (Thread[#1826,Execution worker Thread 10,5,main]) started.
[        ] > Task :firebase_auth:prepareLintJarForPublish UP-TO-DATE
[        ] Caching disabled for task ':firebase_auth:prepareLintJarForPublish' because:
[        ]   Build cache is disabled
[        ]   Caching has been disabled for the task
[        ] Skipping task ':firebase_auth:prepareLintJarForPublish' as it is up-to-date.
[        ] Resolve mutations for :firebase_auth:mergeDebugJavaResource (Thread[#1826,Execution worker Thread 10,5,main]) started.
[        ] :firebase_auth:mergeDebugJavaResource (Thread[#1826,Execution worker Thread 10,5,main]) started.
[        ] > Task :firebase_auth:mergeDebugJavaResource UP-TO-DATE
[        ] Caching disabled for task ':firebase_auth:mergeDebugJavaResource' because:
[        ]   Build cache is disabled
[        ]   Caching has been disabled for the task
[        ] Skipping task ':firebase_auth:mergeDebugJavaResource' as it is up-to-date.
[        ] Resolve mutations for :firebase_auth:syncDebugLibJars (Thread[#1826,Execution worker Thread 10,5,main]) started.
[        ] :firebase_auth:syncDebugLibJars (Thread[#1826,Execution worker Thread 10,5,main]) started.
[        ] > Task :firebase_auth:syncDebugLibJars UP-TO-DATE
[        ] Caching disabled for task ':firebase_auth:syncDebugLibJars' because:
[        ]   Build cache is disabled
[        ] Skipping task ':firebase_auth:syncDebugLibJars' as it is up-to-date.
[        ] Resolve mutations for :firebase_auth:bundleDebugAar (Thread[#1826,Execution worker Thread 10,5,main]) started.
[        ] :firebase_auth:bundleDebugAar (Thread[#1826,Execution worker Thread 10,5,main]) started.
[        ] > Task :firebase_auth:bundleDebugAar UP-TO-DATE
[        ] Caching disabled for task ':firebase_auth:bundleDebugAar' because:
[        ]   Build cache is disabled
[        ]   Caching has been disabled for the task
[        ] Skipping task ':firebase_auth:bundleDebugAar' as it is up-to-date.
[        ] Resolve mutations for :firebase_auth:assembleDebug (Thread[#1826,Execution worker Thread 10,5,main]) started.
[        ] :firebase_auth:assembleDebug (Thread[#1826,Execution worker Thread 10,5,main]) started.
[        ] > Task :firebase_auth:assembleDebug UP-TO-DATE
[        ] Skipping task ':firebase_auth:assembleDebug' as it has no actions.
[        ] Resolve mutations for :firebase_core:stripDebugDebugSymbols (Thread[#1826,Execution worker Thread 10,5,main]) started.
[        ] :firebase_core:stripDebugDebugSymbols (Thread[#1826,Execution worker Thread 10,5,main]) started.
[        ] > Task :firebase_core:stripDebugDebugSymbols NO-SOURCE
[        ] Skipping task ':firebase_core:stripDebugDebugSymbols' as it has no source files and no previous output files.
[        ] Resolve mutations for :firebase_core:copyDebugJniLibsProjectAndLocalJars (Thread[#1826,Execution worker Thread 10,5,main]) started.
[        ] :firebase_core:copyDebugJniLibsProjectAndLocalJars (Thread[#1826,Execution worker Thread 10,5,main]) started.
[        ] > Task :firebase_core:copyDebugJniLibsProjectAndLocalJars UP-TO-DATE
[        ] Caching disabled for task ':firebase_core:copyDebugJniLibsProjectAndLocalJars' because:
[        ]   Build cache is disabled
[        ]   Caching has been disabled for the task
[        ] Skipping task ':firebase_core:copyDebugJniLibsProjectAndLocalJars' as it is up-to-date.
[        ] Resolve mutations for :firebase_core:extractDebugAnnotations (Thread[#1826,Execution worker Thread 10,5,main]) started.
[        ] :firebase_core:extractDebugAnnotations (Thread[#1826,Execution worker Thread 10,5,main]) started.
[        ] > Task :firebase_core:extractDebugAnnotations UP-TO-DATE
[        ] Caching disabled for task ':firebase_core:extractDebugAnnotations' because:
[        ]   Build cache is disabled
[        ] Skipping task ':firebase_core:extractDebugAnnotations' as it is up-to-date.
[        ] Resolve mutations for :firebase_core:extractDeepLinksForAarDebug (Thread[#1826,Execution worker Thread 10,5,main]) started.
[        ] :firebase_core:extractDeepLinksForAarDebug (Thread[#1826,Execution worker Thread 10,5,main]) started.
[        ] > Task :firebase_core:extractDeepLinksForAarDebug UP-TO-DATE
[        ] Caching disabled for task ':firebase_core:extractDeepLinksForAarDebug' because:
[        ]   Build cache is disabled
[        ] Skipping task ':firebase_core:extractDeepLinksForAarDebug' as it is up-to-date.
[        ] Resolve mutations for :firebase_core:mergeDebugGeneratedProguardFiles (Thread[#1826,Execution worker Thread 10,5,main]) started.
[        ] :firebase_core:mergeDebugGeneratedProguardFiles (Thread[#1826,Execution worker Thread 10,5,main]) started.
[        ] > Task :firebase_core:mergeDebugGeneratedProguardFiles UP-TO-DATE
[        ] Caching disabled for task ':firebase_core:mergeDebugGeneratedProguardFiles' because:
[        ]   Build cache is disabled
[        ]   Simple merging task
[        ] Skipping task ':firebase_core:mergeDebugGeneratedProguardFiles' as it is up-to-date.
[        ] Resolve mutations for :firebase_core:mergeDebugConsumerProguardFiles (Thread[#1826,Execution worker Thread 10,5,main]) started.
[        ] :firebase_core:mergeDebugConsumerProguardFiles (Thread[#1826,Execution worker Thread 10,5,main]) started.
[        ] > Task :firebase_core:mergeDebugConsumerProguardFiles UP-TO-DATE
[        ] Caching disabled for task ':firebase_core:mergeDebugConsumerProguardFiles' because:
[        ]   Build cache is disabled
[        ]   Simple merging task
[        ] Skipping task ':firebase_core:mergeDebugConsumerProguardFiles' as it is up-to-date.
[        ] Resolve mutations for :firebase_core:prepareDebugArtProfile (Thread[#1826,Execution worker Thread 10,5,main]) started.
[        ] :firebase_core:prepareDebugArtProfile (Thread[#1826,Execution worker Thread 10,5,main]) started.
[        ] > Task :firebase_core:prepareDebugArtProfile UP-TO-DATE
[        ] Caching disabled for task ':firebase_core:prepareDebugArtProfile' because:
[        ]   Build cache is disabled
[        ]   Caching has been disabled for the task
[        ] Skipping task ':firebase_core:prepareDebugArtProfile' as it is up-to-date.
[        ] Resolve mutations for :firebase_core:prepareLintJarForPublish (Thread[#1826,Execution worker Thread 10,5,main]) started.
[        ] :firebase_core:prepareLintJarForPublish (Thread[#1826,Execution worker Thread 10,5,main]) started.
[        ] > Task :firebase_core:prepareLintJarForPublish UP-TO-DATE
[        ] Caching disabled for task ':firebase_core:prepareLintJarForPublish' because:
[        ]   Build cache is disabled
[        ]   Caching has been disabled for the task
[        ] Skipping task ':firebase_core:prepareLintJarForPublish' as it is up-to-date.
[        ] Resolve mutations for :firebase_core:mergeDebugJavaResource (Thread[#1826,Execution worker Thread 10,5,main]) started.
[        ] :firebase_core:mergeDebugJavaResource (Thread[#1826,Execution worker Thread 10,5,main]) started.
[        ] > Task :firebase_core:mergeDebugJavaResource UP-TO-DATE
[        ] Caching disabled for task ':firebase_core:mergeDebugJavaResource' because:
[        ]   Build cache is disabled
[        ]   Caching has been disabled for the task
[        ] Skipping task ':firebase_core:mergeDebugJavaResource' as it is up-to-date.
[        ] Resolve mutations for :firebase_core:syncDebugLibJars (Thread[#1826,Execution worker Thread 10,5,main]) started.
[        ] :firebase_core:syncDebugLibJars (Thread[#1826,Execution worker Thread 10,5,main]) started.
[        ] > Task :firebase_core:syncDebugLibJars UP-TO-DATE
[        ] Caching disabled for task ':firebase_core:syncDebugLibJars' because:
[        ]   Build cache is disabled
[        ] Skipping task ':firebase_core:syncDebugLibJars' as it is up-to-date.
[        ] Resolve mutations for :firebase_core:bundleDebugAar (Thread[#1826,Execution worker Thread 10,5,main]) started.
[        ] :firebase_core:bundleDebugAar (Thread[#1826,Execution worker Thread 10,5,main]) started.
[        ] > Task :firebase_core:bundleDebugAar UP-TO-DATE
[        ] Caching disabled for task ':firebase_core:bundleDebugAar' because:
[        ]   Build cache is disabled
[        ]   Caching has been disabled for the task
[        ] Skipping task ':firebase_core:bundleDebugAar' as it is up-to-date.
[        ] Resolve mutations for :firebase_core:assembleDebug (Thread[#1826,Execution worker Thread 10,5,main]) started.
[        ] :firebase_core:assembleDebug (Thread[#1826,Execution worker Thread 10,5,main]) started.
[        ] > Task :firebase_core:assembleDebug UP-TO-DATE
[        ] Skipping task ':firebase_core:assembleDebug' as it has no actions.
[        ] Resolve mutations for :flutter_native_splash:stripDebugDebugSymbols (Thread[#1826,Execution worker Thread 10,5,main]) started.
[        ] :flutter_native_splash:stripDebugDebugSymbols (Thread[#1826,Execution worker Thread 10,5,main]) started.
[        ] > Task :flutter_native_splash:stripDebugDebugSymbols NO-SOURCE
[        ] Skipping task ':flutter_native_splash:stripDebugDebugSymbols' as it has no source files and no previous output files.
[        ] Resolve mutations for :flutter_native_splash:copyDebugJniLibsProjectAndLocalJars (Thread[#1826,Execution worker Thread 10,5,main]) started.
[        ] :flutter_native_splash:copyDebugJniLibsProjectAndLocalJars (Thread[#1821,Execution worker Thread 5,5,main]) started.
[        ] > Task :flutter_native_splash:copyDebugJniLibsProjectAndLocalJars UP-TO-DATE
[        ] Caching disabled for task ':flutter_native_splash:copyDebugJniLibsProjectAndLocalJars' because:
[        ]   Build cache is disabled
[        ]   Caching has been disabled for the task
[        ] Skipping task ':flutter_native_splash:copyDebugJniLibsProjectAndLocalJars' as it is up-to-date.
[        ] Resolve mutations for :flutter_native_splash:extractDebugAnnotations (Thread[#1821,Execution worker Thread 5,5,main]) started.
[        ] :flutter_native_splash:extractDebugAnnotations (Thread[#1821,Execution worker Thread 5,5,main]) started.
[        ] > Task :flutter_native_splash:extractDebugAnnotations UP-TO-DATE
[        ] Caching disabled for task ':flutter_native_splash:extractDebugAnnotations' because:
[        ]   Build cache is disabled
[        ] Skipping task ':flutter_native_splash:extractDebugAnnotations' as it is up-to-date.
[        ] Resolve mutations for :flutter_native_splash:extractDeepLinksForAarDebug (Thread[#1821,Execution worker Thread 5,5,main]) started.
[        ] :flutter_native_splash:extractDeepLinksForAarDebug (Thread[#1821,Execution worker Thread 5,5,main]) started.
[        ] > Task :flutter_native_splash:extractDeepLinksForAarDebug UP-TO-DATE
[        ] Caching disabled for task ':flutter_native_splash:extractDeepLinksForAarDebug' because:
[        ]   Build cache is disabled
[        ] Skipping task ':flutter_native_splash:extractDeepLinksForAarDebug' as it is up-to-date.
[        ] Resolve mutations for :flutter_native_splash:mergeDebugGeneratedProguardFiles (Thread[#1821,Execution worker Thread 5,5,main]) started.
[        ] :flutter_native_splash:mergeDebugGeneratedProguardFiles (Thread[#1821,Execution worker Thread 5,5,main]) started.
[        ] > Task :flutter_native_splash:mergeDebugGeneratedProguardFiles UP-TO-DATE
[        ] Caching disabled for task ':flutter_native_splash:mergeDebugGeneratedProguardFiles' because:
[        ]   Build cache is disabled
[        ]   Simple merging task
[        ] Skipping task ':flutter_native_splash:mergeDebugGeneratedProguardFiles' as it is up-to-date.
[        ] Resolve mutations for :flutter_native_splash:mergeDebugConsumerProguardFiles (Thread[#1821,Execution worker Thread 5,5,main]) started.
[        ] :flutter_native_splash:mergeDebugConsumerProguardFiles (Thread[#1821,Execution worker Thread 5,5,main]) started.
[        ] > Task :flutter_native_splash:mergeDebugConsumerProguardFiles UP-TO-DATE
[        ] Caching disabled for task ':flutter_native_splash:mergeDebugConsumerProguardFiles' because:
[        ]   Build cache is disabled
[        ]   Simple merging task
[        ] Skipping task ':flutter_native_splash:mergeDebugConsumerProguardFiles' as it is up-to-date.
[        ] Resolve mutations for :flutter_native_splash:prepareDebugArtProfile (Thread[#1821,Execution worker Thread 5,5,main]) started.
[        ] :flutter_native_splash:prepareDebugArtProfile (Thread[#1828,Execution worker Thread 11,5,main]) started.
[        ] > Task :flutter_native_splash:prepareDebugArtProfile UP-TO-DATE
[        ] Caching disabled for task ':flutter_native_splash:prepareDebugArtProfile' because:
[        ]   Build cache is disabled
[        ]   Caching has been disabled for the task
[        ] Skipping task ':flutter_native_splash:prepareDebugArtProfile' as it is up-to-date.
[        ] Resolve mutations for :flutter_native_splash:prepareLintJarForPublish (Thread[#1828,Execution worker Thread 11,5,main]) started.
[        ] :flutter_native_splash:prepareLintJarForPublish (Thread[#1828,Execution worker Thread 11,5,main]) started.
[        ] > Task :flutter_native_splash:prepareLintJarForPublish UP-TO-DATE
[        ] Caching disabled for task ':flutter_native_splash:prepareLintJarForPublish' because:
[        ]   Build cache is disabled
[        ]   Caching has been disabled for the task
[        ] Skipping task ':flutter_native_splash:prepareLintJarForPublish' as it is up-to-date.
[        ] Resolve mutations for :flutter_native_splash:mergeDebugJavaResource (Thread[#1828,Execution worker Thread 11,5,main]) started.
[        ] :flutter_native_splash:mergeDebugJavaResource (Thread[#1828,Execution worker Thread 11,5,main]) started.
[        ] > Task :flutter_native_splash:mergeDebugJavaResource UP-TO-DATE
[        ] Caching disabled for task ':flutter_native_splash:mergeDebugJavaResource' because:
[        ]   Build cache is disabled
[        ]   Caching has been disabled for the task
[        ] Skipping task ':flutter_native_splash:mergeDebugJavaResource' as it is up-to-date.
[        ] Resolve mutations for :flutter_native_splash:syncDebugLibJars (Thread[#1828,Execution worker Thread 11,5,main]) started.
[        ] :flutter_native_splash:syncDebugLibJars (Thread[#1828,Execution worker Thread 11,5,main]) started.
[        ] > Task :flutter_native_splash:syncDebugLibJars UP-TO-DATE
[        ] Caching disabled for task ':flutter_native_splash:syncDebugLibJars' because:
[        ]   Build cache is disabled
[        ] Skipping task ':flutter_native_splash:syncDebugLibJars' as it is up-to-date.
[        ] Resolve mutations for :flutter_native_splash:bundleDebugAar (Thread[#1828,Execution worker Thread 11,5,main]) started.
[        ] :flutter_native_splash:bundleDebugAar (Thread[#1828,Execution worker Thread 11,5,main]) started.
[        ] > Task :flutter_native_splash:bundleDebugAar UP-TO-DATE
[        ] Caching disabled for task ':flutter_native_splash:bundleDebugAar' because:
[        ]   Build cache is disabled
[        ]   Caching has been disabled for the task
[        ] Skipping task ':flutter_native_splash:bundleDebugAar' as it is up-to-date.
[        ] Resolve mutations for :flutter_native_splash:assembleDebug (Thread[#1828,Execution worker Thread 11,5,main]) started.
[        ] :flutter_native_splash:assembleDebug (Thread[#1828,Execution worker Thread 11,5,main]) started.
[        ] > Task :flutter_native_splash:assembleDebug UP-TO-DATE
[        ] Skipping task ':flutter_native_splash:assembleDebug' as it has no actions.
[        ] Resolve mutations for :shared_preferences_android:stripDebugDebugSymbols (Thread[#1828,Execution worker Thread 11,5,main]) started.
[        ] :shared_preferences_android:stripDebugDebugSymbols (Thread[#1828,Execution worker Thread 11,5,main]) started.
[        ] > Task :shared_preferences_android:stripDebugDebugSymbols NO-SOURCE
[        ] Skipping task ':shared_preferences_android:stripDebugDebugSymbols' as it has no source files and no previous output files.
[        ] Resolve mutations for :shared_preferences_android:copyDebugJniLibsProjectAndLocalJars (Thread[#1828,Execution worker Thread 11,5,main]) started.
[        ] :shared_preferences_android:copyDebugJniLibsProjectAndLocalJars (Thread[#1828,Execution worker Thread 11,5,main]) started.
[        ] > Task :shared_preferences_android:copyDebugJniLibsProjectAndLocalJars UP-TO-DATE
[        ] Caching disabled for task ':shared_preferences_android:copyDebugJniLibsProjectAndLocalJars' because:
[        ]   Build cache is disabled
[        ]   Caching has been disabled for the task
[        ] Skipping task ':shared_preferences_android:copyDebugJniLibsProjectAndLocalJars' as it is up-to-date.
[        ] Resolve mutations for :shared_preferences_android:extractDebugAnnotations (Thread[#1828,Execution worker Thread 11,5,main]) started.
[        ] :shared_preferences_android:extractDebugAnnotations (Thread[#1828,Execution worker Thread 11,5,main]) started.
[  +76 ms] > Task :shared_preferences_android:extractDebugAnnotations UP-TO-DATE
[        ] Caching disabled for task ':shared_preferences_android:extractDebugAnnotations' because:
[        ]   Build cache is disabled
[        ] Skipping task ':shared_preferences_android:extractDebugAnnotations' as it is up-to-date.
[        ] Resolve mutations for :shared_preferences_android:extractDeepLinksForAarDebug (Thread[#1828,Execution worker Thread 11,5,main]) started.
[        ] :shared_preferences_android:extractDeepLinksForAarDebug (Thread[#1828,Execution worker Thread 11,5,main]) started.
[        ] > Task :shared_preferences_android:extractDeepLinksForAarDebug UP-TO-DATE
[        ] Caching disabled for task ':shared_preferences_android:extractDeepLinksForAarDebug' because:
[        ]   Build cache is disabled
[        ] Skipping task ':shared_preferences_android:extractDeepLinksForAarDebug' as it is up-to-date.
[        ] Resolve mutations for :shared_preferences_android:mergeDebugGeneratedProguardFiles (Thread[#1828,Execution worker Thread 11,5,main]) started.
[        ] :shared_preferences_android:mergeDebugGeneratedProguardFiles (Thread[#1828,Execution worker Thread 11,5,main]) started.
[        ] > Task :shared_preferences_android:mergeDebugGeneratedProguardFiles UP-TO-DATE
[        ] Caching disabled for task ':shared_preferences_android:mergeDebugGeneratedProguardFiles' because:
[        ]   Build cache is disabled
[        ]   Simple merging task
[        ] Skipping task ':shared_preferences_android:mergeDebugGeneratedProguardFiles' as it is up-to-date.
[        ] Resolve mutations for :shared_preferences_android:mergeDebugConsumerProguardFiles (Thread[#1828,Execution worker Thread 11,5,main]) started.
[        ] :shared_preferences_android:mergeDebugConsumerProguardFiles (Thread[#1828,Execution worker Thread 11,5,main]) started.
[        ] > Task :shared_preferences_android:mergeDebugConsumerProguardFiles UP-TO-DATE
[        ] Caching disabled for task ':shared_preferences_android:mergeDebugConsumerProguardFiles' because:
[        ]   Build cache is disabled
[        ]   Simple merging task
[        ] Skipping task ':shared_preferences_android:mergeDebugConsumerProguardFiles' as it is up-to-date.
[        ] Resolve mutations for :shared_preferences_android:prepareDebugArtProfile (Thread[#1828,Execution worker Thread 11,5,main]) started.
[        ] :shared_preferences_android:prepareDebugArtProfile (Thread[#1828,Execution worker Thread 11,5,main]) started.
[        ] > Task :shared_preferences_android:prepareDebugArtProfile UP-TO-DATE
[        ] Caching disabled for task ':shared_preferences_android:prepareDebugArtProfile' because:
[        ]   Build cache is disabled
[        ]   Caching has been disabled for the task
[        ] Skipping task ':shared_preferences_android:prepareDebugArtProfile' as it is up-to-date.
[        ] Resolve mutations for :shared_preferences_android:prepareLintJarForPublish (Thread[#1828,Execution worker Thread 11,5,main]) started.
[        ] :shared_preferences_android:prepareLintJarForPublish (Thread[#1828,Execution worker Thread 11,5,main]) started.
[        ] > Task :shared_preferences_android:prepareLintJarForPublish UP-TO-DATE
[        ] Caching disabled for task ':shared_preferences_android:prepareLintJarForPublish' because:
[        ]   Build cache is disabled
[        ]   Caching has been disabled for the task
[        ] Skipping task ':shared_preferences_android:prepareLintJarForPublish' as it is up-to-date.
[        ] Resolve mutations for :shared_preferences_android:mergeDebugJavaResource (Thread[#1816,included builds,5,main]) started.
[        ] :shared_preferences_android:mergeDebugJavaResource (Thread[#1816,included builds,5,main]) started.
[        ] > Task :shared_preferences_android:mergeDebugJavaResource UP-TO-DATE
[        ] Caching disabled for task ':shared_preferences_android:mergeDebugJavaResource' because:
[        ]   Build cache is disabled
[        ]   Caching has been disabled for the task
[        ] Skipping task ':shared_preferences_android:mergeDebugJavaResource' as it is up-to-date.
[        ] Resolve mutations for :shared_preferences_android:syncDebugLibJars (Thread[#1816,included builds,5,main]) started.
[        ] :shared_preferences_android:syncDebugLibJars (Thread[#1816,included builds,5,main]) started.
[        ] > Task :shared_preferences_android:syncDebugLibJars UP-TO-DATE
[        ] Caching disabled for task ':shared_preferences_android:syncDebugLibJars' because:
[        ]   Build cache is disabled
[        ] Skipping task ':shared_preferences_android:syncDebugLibJars' as it is up-to-date.
[        ] Resolve mutations for :shared_preferences_android:bundleDebugAar (Thread[#1816,included builds,5,main]) started.
[        ] :shared_preferences_android:bundleDebugAar (Thread[#1816,included builds,5,main]) started.
[        ] > Task :shared_preferences_android:bundleDebugAar UP-TO-DATE
[        ] Caching disabled for task ':shared_preferences_android:bundleDebugAar' because:
[        ]   Build cache is disabled
[        ]   Caching has been disabled for the task
[        ] Skipping task ':shared_preferences_android:bundleDebugAar' as it is up-to-date.
[        ] Resolve mutations for :shared_preferences_android:assembleDebug (Thread[#1816,included builds,5,main]) started.
[        ] :shared_preferences_android:assembleDebug (Thread[#1816,included builds,5,main]) started.
[        ] > Task :shared_preferences_android:assembleDebug UP-TO-DATE
[        ] Skipping task ':shared_preferences_android:assembleDebug' as it has no actions.
[        ] Resolve mutations for :url_launcher_android:stripDebugDebugSymbols (Thread[#1816,included builds,5,main]) started.
[        ] :url_launcher_android:stripDebugDebugSymbols (Thread[#1816,included builds,5,main]) started.
[        ] > Task :url_launcher_android:stripDebugDebugSymbols NO-SOURCE
[        ] Skipping task ':url_launcher_android:stripDebugDebugSymbols' as it has no source files and no previous output files.
[        ] Resolve mutations for :url_launcher_android:copyDebugJniLibsProjectAndLocalJars (Thread[#1816,included builds,5,main]) started.
[        ] :url_launcher_android:copyDebugJniLibsProjectAndLocalJars (Thread[#1816,included builds,5,main]) started.
[        ] > Task :url_launcher_android:copyDebugJniLibsProjectAndLocalJars UP-TO-DATE
[        ] Caching disabled for task ':url_launcher_android:copyDebugJniLibsProjectAndLocalJars' because:
[        ]   Build cache is disabled
[        ]   Caching has been disabled for the task
[        ] Skipping task ':url_launcher_android:copyDebugJniLibsProjectAndLocalJars' as it is up-to-date.
[        ] Resolve mutations for :url_launcher_android:extractDebugAnnotations (Thread[#1816,included builds,5,main]) started.
[        ] :url_launcher_android:extractDebugAnnotations (Thread[#1816,included builds,5,main]) started.
[        ] > Task :url_launcher_android:extractDebugAnnotations UP-TO-DATE
[        ] Caching disabled for task ':url_launcher_android:extractDebugAnnotations' because:
[        ]   Build cache is disabled
[        ] Skipping task ':url_launcher_android:extractDebugAnnotations' as it is up-to-date.
[        ] Resolve mutations for :url_launcher_android:extractDeepLinksForAarDebug (Thread[#1816,included builds,5,main]) started.
[        ] :url_launcher_android:extractDeepLinksForAarDebug (Thread[#1816,included builds,5,main]) started.
[        ] > Task :url_launcher_android:extractDeepLinksForAarDebug UP-TO-DATE
[        ] Caching disabled for task ':url_launcher_android:extractDeepLinksForAarDebug' because:
[        ]   Build cache is disabled
[        ] Skipping task ':url_launcher_android:extractDeepLinksForAarDebug' as it is up-to-date.
[        ] Resolve mutations for :url_launcher_android:mergeDebugGeneratedProguardFiles (Thread[#1816,included builds,5,main]) started.
[        ] :url_launcher_android:mergeDebugGeneratedProguardFiles (Thread[#1816,included builds,5,main]) started.
[        ] > Task :url_launcher_android:mergeDebugGeneratedProguardFiles UP-TO-DATE
[        ] Caching disabled for task ':url_launcher_android:mergeDebugGeneratedProguardFiles' because:
[        ]   Build cache is disabled
[        ]   Simple merging task
[        ] Skipping task ':url_launcher_android:mergeDebugGeneratedProguardFiles' as it is up-to-date.
[        ] Resolve mutations for :url_launcher_android:mergeDebugConsumerProguardFiles (Thread[#1816,included builds,5,main]) started.
[        ] :url_launcher_android:mergeDebugConsumerProguardFiles (Thread[#1816,included builds,5,main]) started.
[        ] > Task :url_launcher_android:mergeDebugConsumerProguardFiles UP-TO-DATE
[        ] Caching disabled for task ':url_launcher_android:mergeDebugConsumerProguardFiles' because:
[        ]   Build cache is disabled
[        ]   Simple merging task
[        ] Skipping task ':url_launcher_android:mergeDebugConsumerProguardFiles' as it is up-to-date.
[        ] Resolve mutations for :url_launcher_android:prepareDebugArtProfile (Thread[#1816,included builds,5,main]) started.
[        ] :url_launcher_android:prepareDebugArtProfile (Thread[#1816,included builds,5,main]) started.
[        ] > Task :url_launcher_android:prepareDebugArtProfile UP-TO-DATE
[        ] Caching disabled for task ':url_launcher_android:prepareDebugArtProfile' because:
[        ]   Build cache is disabled
[        ]   Caching has been disabled for the task
[        ] Skipping task ':url_launcher_android:prepareDebugArtProfile' as it is up-to-date.
[        ] Resolve mutations for :url_launcher_android:prepareLintJarForPublish (Thread[#1816,included builds,5,main]) started.
[        ] :url_launcher_android:prepareLintJarForPublish (Thread[#1816,included builds,5,main]) started.
[        ] > Task :url_launcher_android:prepareLintJarForPublish UP-TO-DATE
[        ] Caching disabled for task ':url_launcher_android:prepareLintJarForPublish' because:
[        ]   Build cache is disabled
[        ]   Caching has been disabled for the task
[        ] Skipping task ':url_launcher_android:prepareLintJarForPublish' as it is up-to-date.
[        ] Resolve mutations for :url_launcher_android:mergeDebugJavaResource (Thread[#1816,included builds,5,main]) started.
[        ] :url_launcher_android:mergeDebugJavaResource (Thread[#1816,included builds,5,main]) started.
[        ] > Task :url_launcher_android:mergeDebugJavaResource UP-TO-DATE
[        ] Caching disabled for task ':url_launcher_android:mergeDebugJavaResource' because:
[        ]   Build cache is disabled
[        ]   Caching has been disabled for the task
[        ] Skipping task ':url_launcher_android:mergeDebugJavaResource' as it is up-to-date.
[        ] Resolve mutations for :url_launcher_android:syncDebugLibJars (Thread[#1816,included builds,5,main]) started.
[        ] :url_launcher_android:syncDebugLibJars (Thread[#1816,included builds,5,main]) started.
[        ] > Task :url_launcher_android:syncDebugLibJars UP-TO-DATE
[        ] Caching disabled for task ':url_launcher_android:syncDebugLibJars' because:
[        ]   Build cache is disabled
[        ] Skipping task ':url_launcher_android:syncDebugLibJars' as it is up-to-date.
[        ] Resolve mutations for :url_launcher_android:bundleDebugAar (Thread[#1816,included builds,5,main]) started.
[        ] :url_launcher_android:bundleDebugAar (Thread[#1816,included builds,5,main]) started.
[        ] > Task :url_launcher_android:bundleDebugAar UP-TO-DATE
[        ] Caching disabled for task ':url_launcher_android:bundleDebugAar' because:
[        ]   Build cache is disabled
[        ]   Caching has been disabled for the task
[        ] Skipping task ':url_launcher_android:bundleDebugAar' as it is up-to-date.
[        ] Resolve mutations for :url_launcher_android:assembleDebug (Thread[#1816,included builds,5,main]) started.
[        ] :url_launcher_android:assembleDebug (Thread[#1816,included builds,5,main]) started.
[        ] > Task :url_launcher_android:assembleDebug UP-TO-DATE
[        ] Skipping task ':url_launcher_android:assembleDebug' as it has no actions.
[        ] Resolve mutations for :webview_flutter_android:stripDebugDebugSymbols (Thread[#1816,included builds,5,main]) started.
[        ] :webview_flutter_android:stripDebugDebugSymbols (Thread[#1816,included builds,5,main]) started.
[        ] > Task :webview_flutter_android:stripDebugDebugSymbols NO-SOURCE
[        ] Skipping task ':webview_flutter_android:stripDebugDebugSymbols' as it has no source files and no previous output files.
[        ] Resolve mutations for :webview_flutter_android:copyDebugJniLibsProjectAndLocalJars (Thread[#1816,included builds,5,main]) started.
[        ] :webview_flutter_android:copyDebugJniLibsProjectAndLocalJars (Thread[#1824,Execution worker Thread 8,5,main]) started.
[        ] > Task :webview_flutter_android:copyDebugJniLibsProjectAndLocalJars UP-TO-DATE
[        ] Caching disabled for task ':webview_flutter_android:copyDebugJniLibsProjectAndLocalJars' because:
[        ]   Build cache is disabled
[        ]   Caching has been disabled for the task
[        ] Skipping task ':webview_flutter_android:copyDebugJniLibsProjectAndLocalJars' as it is up-to-date.
[        ] Resolve mutations for :webview_flutter_android:extractDebugAnnotations (Thread[#1824,Execution worker Thread 8,5,main]) started.
[        ] :webview_flutter_android:extractDebugAnnotations (Thread[#1824,Execution worker Thread 8,5,main]) started.
[        ] > Task :webview_flutter_android:extractDebugAnnotations UP-TO-DATE
[        ] Caching disabled for task ':webview_flutter_android:extractDebugAnnotations' because:
[        ]   Build cache is disabled
[        ] Skipping task ':webview_flutter_android:extractDebugAnnotations' as it is up-to-date.
[        ] Resolve mutations for :webview_flutter_android:extractDeepLinksForAarDebug (Thread[#1824,Execution worker Thread 8,5,main]) started.
[        ] :webview_flutter_android:extractDeepLinksForAarDebug (Thread[#1824,Execution worker Thread 8,5,main]) started.
[        ] > Task :webview_flutter_android:extractDeepLinksForAarDebug UP-TO-DATE
[        ] Caching disabled for task ':webview_flutter_android:extractDeepLinksForAarDebug' because:
[        ]   Build cache is disabled
[        ] Skipping task ':webview_flutter_android:extractDeepLinksForAarDebug' as it is up-to-date.
[        ] Resolve mutations for :webview_flutter_android:mergeDebugGeneratedProguardFiles (Thread[#1824,Execution worker Thread 8,5,main]) started.
[        ] :webview_flutter_android:mergeDebugGeneratedProguardFiles (Thread[#1824,Execution worker Thread 8,5,main]) started.
[        ] > Task :webview_flutter_android:mergeDebugGeneratedProguardFiles UP-TO-DATE
[        ] Caching disabled for task ':webview_flutter_android:mergeDebugGeneratedProguardFiles' because:
[        ]   Build cache is disabled
[        ]   Simple merging task
[        ] Skipping task ':webview_flutter_android:mergeDebugGeneratedProguardFiles' as it is up-to-date.
[        ] Resolve mutations for :webview_flutter_android:mergeDebugConsumerProguardFiles (Thread[#1824,Execution worker Thread 8,5,main]) started.
[        ] :webview_flutter_android:mergeDebugConsumerProguardFiles (Thread[#1824,Execution worker Thread 8,5,main]) started.
[        ] > Task :webview_flutter_android:mergeDebugConsumerProguardFiles UP-TO-DATE
[        ] Caching disabled for task ':webview_flutter_android:mergeDebugConsumerProguardFiles' because:
[        ]   Build cache is disabled
[        ]   Simple merging task
[        ] Skipping task ':webview_flutter_android:mergeDebugConsumerProguardFiles' as it is up-to-date.
[        ] Resolve mutations for :webview_flutter_android:prepareDebugArtProfile (Thread[#1824,Execution worker Thread 8,5,main]) started.
[        ] :webview_flutter_android:prepareDebugArtProfile (Thread[#1824,Execution worker Thread 8,5,main]) started.
[        ] > Task :webview_flutter_android:prepareDebugArtProfile UP-TO-DATE
[        ] Caching disabled for task ':webview_flutter_android:prepareDebugArtProfile' because:
[        ]   Build cache is disabled
[        ]   Caching has been disabled for the task
[        ] Skipping task ':webview_flutter_android:prepareDebugArtProfile' as it is up-to-date.
[        ] Resolve mutations for :webview_flutter_android:prepareLintJarForPublish (Thread[#1824,Execution worker Thread 8,5,main]) started.
[        ] :webview_flutter_android:prepareLintJarForPublish (Thread[#1824,Execution worker Thread 8,5,main]) started.
[        ] > Task :webview_flutter_android:prepareLintJarForPublish UP-TO-DATE
[        ] Caching disabled for task ':webview_flutter_android:prepareLintJarForPublish' because:
[        ]   Build cache is disabled
[        ]   Caching has been disabled for the task
[        ] Skipping task ':webview_flutter_android:prepareLintJarForPublish' as it is up-to-date.
[        ] Resolve mutations for :webview_flutter_android:mergeDebugJavaResource (Thread[#1824,Execution worker Thread 8,5,main]) started.
[        ] :webview_flutter_android:mergeDebugJavaResource (Thread[#1824,Execution worker Thread 8,5,main]) started.
[        ] > Task :webview_flutter_android:mergeDebugJavaResource UP-TO-DATE
[        ] Caching disabled for task ':webview_flutter_android:mergeDebugJavaResource' because:
[        ]   Build cache is disabled
[        ]   Caching has been disabled for the task
[        ] Skipping task ':webview_flutter_android:mergeDebugJavaResource' as it is up-to-date.
[        ] Resolve mutations for :webview_flutter_android:syncDebugLibJars (Thread[#1824,Execution worker Thread 8,5,main]) started.
[        ] :webview_flutter_android:syncDebugLibJars (Thread[#1824,Execution worker Thread 8,5,main]) started.
[        ] > Task :webview_flutter_android:syncDebugLibJars UP-TO-DATE
[        ] Caching disabled for task ':webview_flutter_android:syncDebugLibJars' because:
[        ]   Build cache is disabled
[        ] Skipping task ':webview_flutter_android:syncDebugLibJars' as it is up-to-date.
[        ] Resolve mutations for :webview_flutter_android:bundleDebugAar (Thread[#1824,Execution worker Thread 8,5,main]) started.
[        ] :webview_flutter_android:bundleDebugAar (Thread[#1824,Execution worker Thread 8,5,main]) started.
[        ] > Task :webview_flutter_android:bundleDebugAar UP-TO-DATE
[        ] Caching disabled for task ':webview_flutter_android:bundleDebugAar' because:
[        ]   Build cache is disabled
[        ]   Caching has been disabled for the task
[        ] Skipping task ':webview_flutter_android:bundleDebugAar' as it is up-to-date.
[        ] Resolve mutations for :webview_flutter_android:assembleDebug (Thread[#1826,Execution worker Thread 10,5,main]) started.
[        ] :webview_flutter_android:assembleDebug (Thread[#1826,Execution worker Thread 10,5,main]) started.
[        ] > Task :webview_flutter_android:assembleDebug UP-TO-DATE
[        ] Skipping task ':webview_flutter_android:assembleDebug' as it has no actions.
[        ] Deprecated Gradle features were used in this build, making it incompatible with Gradle 9.0.
[        ] You can use '--warning-mode all' to show the individual deprecation warnings and determine if they come from your own scripts or plugins.
[        ] For more on this, please refer to https://docs.gradle.org/8.10.2/userguide/command_line_interface.html#sec:command_line_warnings in the Gradle documentation.
[        ] BUILD SUCCESSFUL in 5s
[        ] 224 actionable tasks: 14 executed, 210 up-to-date
[        ] Watched directory hierarchies: [/Users/anas/development/flutter/packages/flutter_tools/gradle, /Users/anas/Documents/Code/tijus_academy/android]
[  +17 ms] Running Gradle task 'assembleDebug'... (completed in 5.1s)
[   +1 ms] Calculate SHA1: LocalDirectory: '/Users/anas/Documents/Code/tijus_academy/build/app/outputs/flutter-apk'/app-debug.apk
[ +429 ms] ✓ Built build/app/outputs/flutter-apk/app-debug.apk
[   +3 ms] executing: /Users/anas/Library/Android/sdk/build-tools/35.0.1/aapt dump xmltree /Users/anas/Documents/Code/tijus_academy/build/app/outputs/flutter-apk/app-debug.apk AndroidManifest.xml
[  +28 ms] Exit code 0 from: /Users/anas/Library/Android/sdk/build-tools/35.0.1/aapt dump xmltree /Users/anas/Documents/Code/tijus_academy/build/app/outputs/flutter-apk/app-debug.apk AndroidManifest.xml
[        ] N: android=http://schemas.android.com/apk/res/android
             E: manifest (line=2)
               A: android:versionCode(0x0101021b)=(type 0x10)0x1
               A: android:versionName(0x0101021c)="1.0.0" (Raw: "1.0.0")
               A: android:compileSdkVersion(0x01010572)=(type 0x10)0x23
               A: android:compileSdkVersionCodename(0x01010573)="15" (Raw: "15")
               A: package="com.tijus_academy" (Raw: "com.tijus_academy")
               A: platformBuildVersionCode=(type 0x10)0x23
               A: platformBuildVersionName=(type 0x10)0xf
               E: uses-sdk (line=7)
                 A: android:minSdkVersion(0x0101020c)=(type 0x10)0x15
                 A: android:targetSdkVersion(0x01010270)=(type 0x10)0x21
               E: uses-permission (line=15)
                 A: android:name(0x01010003)="android.permission.INTERNET" (Raw: "android.permission.INTERNET")
               E: queries (line=23)
                 E: intent (line=24)
                   E: action (line=25)
                     A: android:name(0x01010003)="android.intent.action.PROCESS_TEXT" (Raw: "android.intent.action.PROCESS_TEXT")
                   E: data (line=27)
                     A: android:mimeType(0x01010026)="text/plain" (Raw: "text/plain")
               E: uses-permission (line=31)
                 A: android:name(0x01010003)="android.permission.ACCESS_NETWORK_STATE" (Raw: "android.permission.ACCESS_NETWORK_STATE")
               E: uses-permission (line=32)
                 A: android:name(0x01010003)="com.google.android.providers.gsf.permission.READ_GSERVICES" (Raw: "com.google.android.providers.gsf.permission.READ_GSERVICES")
               E: permission (line=34)
                 A: android:name(0x01010003)="com.tijus_academy.DYNAMIC_RECEIVER_NOT_EXPORTED_PERMISSION" (Raw: "com.tijus_academy.DYNAMIC_RECEIVER_NOT_EXPORTED_PERMISSION")
                 A: android:protectionLevel(0x01010009)=(type 0x11)0x2
               E: uses-permission (line=38)
                 A: android:name(0x01010003)="com.tijus_academy.DYNAMIC_RECEIVER_NOT_EXPORTED_PERMISSION" (Raw: "com.tijus_academy.DYNAMIC_RECEIVER_NOT_EXPORTED_PERMISSION")
               E: application (line=40)
                 A: android:label(0x01010001)="Tiju's Academy" (Raw: "Tiju's Academy")
                 A: android:icon(0x01010002)=@0x7f0c0000
                 A: android:name(0x01010003)="android.app.Application" (Raw: "android.app.Application")
                 A: android:debuggable(0x0101000f)=(type 0x12)0xffffffff
                 A: android:extractNativeLibs(0x010104ea)=(type 0x12)0xffffffff
                 A: android:appComponentFactory(0x0101057a)="androidx.core.app.CoreComponentFactory" (Raw: "androidx.core.app.CoreComponentFactory")
                 E: activity (line=47)
                   A: android:theme(0x01010000)=@0x7f0f00a2
                   A: android:name(0x01010003)="com.tijus_academy.MainActivity" (Raw: "com.tijus_academy.MainActivity")
                   A: android:exported(0x01010010)=(type 0x12)0xffffffff
                   A: android:taskAffinity(0x01010012)="" (Raw: "")
                   A: android:launchMode(0x0101001d)=(type 0x10)0x1
                   A: android:configChanges(0x0101001f)=(type 0x11)0x40003fb4
                   A: android:windowSoftInputMode(0x0101022b)=(type 0x11)0x10
                   A: android:hardwareAccelerated(0x010102d3)=(type 0x12)0xffffffff
                   E: meta-data (line=63)
                     A: android:name(0x01010003)="io.flutter.embedding.android.NormalTheme" (Raw: "io.flutter.embedding.android.NormalTheme")
                     A: android:resource(0x01010025)=@0x7f0f00a3
                   E: intent-filter (line=67)
                     E: action (line=68)
                       A: android:name(0x01010003)="android.intent.action.MAIN" (Raw: "android.intent.action.MAIN")
                     E: category (line=70)
                       A: android:name(0x01010003)="android.intent.category.LAUNCHER" (Raw: "android.intent.category.LAUNCHER")
                 E: meta-data (line=77)
                   A: android:name(0x01010003)="flutterEmbedding" (Raw: "flutterEmbedding")
                   A: android:value(0x01010024)=(type 0x10)0x2
                 E: service (line=81)
                   A: android:name(0x01010003)="com.google.firebase.components.ComponentDiscoveryService" (Raw: "com.google.firebase.components.ComponentDiscoveryService")
                   A: android:exported(0x01010010)=(type 0x12)0x0
                   A: android:directBootAware(0x01010505)=(type 0x12)0xffffffff
                   E: meta-data (line=85)
                     A: android:name(0x01010003)="com.google.firebase.components:io.flutter.plugins.firebase.auth.FlutterFirebaseAuthRegistrar" (Raw: "com.google.firebase.components:io.flutter.plugins.firebase.auth.FlutterFirebaseAuthRegistrar")
                     A: android:value(0x01010024)="com.google.firebase.components.ComponentRegistrar" (Raw: "com.google.firebase.components.ComponentRegistrar")
                   E: meta-data (line=88)
                     A: android:name(0x01010003)="com.google.firebase.components:io.flutter.plugins.firebase.core.FlutterFirebaseCoreRegistrar" (Raw: "com.google.firebase.components:io.flutter.plugins.firebase.core.FlutterFirebaseCoreRegistrar")
                     A: android:value(0x01010024)="com.google.firebase.components.ComponentRegistrar" (Raw: "com.google.firebase.components.ComponentRegistrar")
                   E: meta-data (line=91)
                     A: android:name(0x01010003)="com.google.firebase.components:com.google.firebase.auth.FirebaseAuthRegistrar" (Raw: "com.google.firebase.components:com.google.firebase.auth.FirebaseAuthRegistrar")
                     A: android:value(0x01010024)="com.google.firebase.components.ComponentRegistrar" (Raw: "com.google.firebase.components.ComponentRegistrar")
                   E: meta-data (line=94)
                     A: android:name(0x01010003)="com.google.firebase.components:com.google.firebase.ktx.FirebaseCommonLegacyRegistrar" (Raw: "com.google.firebase.components:com.google.firebase.ktx.FirebaseCommonLegacyRegistrar")
                     A: android:value(0x01010024)="com.google.firebase.components.ComponentRegistrar" (Raw: "com.google.firebase.components.ComponentRegistrar")
                   E: meta-data (line=97)
                     A: android:name(0x01010003)="com.google.firebase.components:com.google.firebase.FirebaseCommonKtxRegistrar" (Raw: "com.google.firebase.components:com.google.firebase.FirebaseCommonKtxRegistrar")
                     A: android:value(0x01010024)="com.google.firebase.components.ComponentRegistrar" (Raw: "com.google.firebase.components.ComponentRegistrar")
                 E: activity (line=102)
                   A: android:theme(0x01010000)=@0x01030010
                   A: android:name(0x01010003)="com.google.firebase.auth.internal.GenericIdpActivity" (Raw: "com.google.firebase.auth.internal.GenericIdpActivity")
                   A: android:exported(0x01010010)=(type 0x12)0xffffffff
                   A: android:excludeFromRecents(0x01010017)=(type 0x12)0xffffffff
                   A: android:launchMode(0x0101001d)=(type 0x10)0x2
                   E: intent-filter (line=108)
                     E: action (line=109)
                       A: android:name(0x01010003)="android.intent.action.VIEW" (Raw: "android.intent.action.VIEW")
                     E: category (line=111)
                       A: android:name(0x01010003)="android.intent.category.DEFAULT" (Raw: "android.intent.category.DEFAULT")
                     E: category (line=112)
                       A: android:name(0x01010003)="android.intent.category.BROWSABLE" (Raw: "android.intent.category.BROWSABLE")
                     E: data (line=114)
                       A: android:scheme(0x01010027)="genericidp" (Raw: "genericidp")
                       A: android:host(0x01010028)="firebase.auth" (Raw: "firebase.auth")
                       A: android:path(0x0101002a)="/" (Raw: "/")
                 E: activity (line=120)
                   A: android:theme(0x01010000)=@0x01030010
                   A: android:name(0x01010003)="com.google.firebase.auth.internal.RecaptchaActivity" (Raw: "com.google.firebase.auth.internal.RecaptchaActivity")
                   A: android:exported(0x01010010)=(type 0x12)0xffffffff
                   A: android:excludeFromRecents(0x01010017)=(type 0x12)0xffffffff
                   A: android:launchMode(0x0101001d)=(type 0x10)0x2
                   E: intent-filter (line=126)
                     E: action (line=127)
                       A: android:name(0x01010003)="android.intent.action.VIEW" (Raw: "android.intent.action.VIEW")
                     E: category (line=129)
                       A: android:name(0x01010003)="android.intent.category.DEFAULT" (Raw: "android.intent.category.DEFAULT")
                     E: category (line=130)
                       A: android:name(0x01010003)="android.intent.category.BROWSABLE" (Raw: "android.intent.category.BROWSABLE")
                     E: data (line=132)
                       A: android:scheme(0x01010027)="recaptcha" (Raw: "recaptcha")
                       A: android:host(0x01010028)="firebase.auth" (Raw: "firebase.auth")
                       A: android:path(0x0101002a)="/" (Raw: "/")
                 E: activity (line=138)
                   A: android:theme(0x01010000)=@0x01030007
                   A: android:name(0x01010003)="io.flutter.plugins.urllauncher.WebViewActivity" (Raw: "io.flutter.plugins.urllauncher.WebViewActivity")
                   A: android:exported(0x01010010)=(type 0x12)0x0
                 E: uses-library (line=143)
                   A: android:name(0x01010003)="androidx.window.extensions" (Raw: "androidx.window.extensions")
                   A: android:required(0x0101028e)=(type 0x12)0x0
                 E: uses-library (line=146)
                   A: android:name(0x01010003)="androidx.window.sidecar" (Raw: "androidx.window.sidecar")
                   A: android:required(0x0101028e)=(type 0x12)0x0
                 E: provider (line=150)
                   A: android:name(0x01010003)="com.google.firebase.provider.FirebaseInitProvider" (Raw: "com.google.firebase.provider.FirebaseInitProvider")
                   A: android:exported(0x01010010)=(type 0x12)0x0
                   A: android:authorities(0x01010018)="com.tijus_academy.firebaseinitprovider" (Raw: "com.tijus_academy.firebaseinitprovider")
                   A: android:initOrder(0x0101001a)=(type 0x10)0x64
                   A: android:directBootAware(0x01010505)=(type 0x12)0xffffffff
                 E: activity (line=157)
                   A: android:theme(0x01010000)=@0x01030010
                   A: android:name(0x01010003)="com.google.android.gms.common.api.GoogleApiActivity" (Raw: "com.google.android.gms.common.api.GoogleApiActivity")
                   A: android:exported(0x01010010)=(type 0x12)0x0
                 E: provider (line=162)
                   A: android:name(0x01010003)="androidx.startup.InitializationProvider" (Raw: "androidx.startup.InitializationProvider")
                   A: android:exported(0x01010010)=(type 0x12)0x0
                   A: android:authorities(0x01010018)="com.tijus_academy.androidx-startup" (Raw: "com.tijus_academy.androidx-startup")
                   E: meta-data (line=166)
                     A: android:name(0x01010003)="androidx.lifecycle.ProcessLifecycleInitializer" (Raw: "androidx.lifecycle.ProcessLifecycleInitializer")
                     A: android:value(0x01010024)="androidx.startup" (Raw: "androidx.startup")
                   E: meta-data (line=169)
                     A: android:name(0x01010003)="androidx.profileinstaller.ProfileInstallerInitializer" (Raw: "androidx.profileinstaller.ProfileInstallerInitializer")
                     A: android:value(0x01010024)="androidx.startup" (Raw: "androidx.startup")
                 E: meta-data (line=174)
                   A: android:name(0x01010003)="com.google.android.gms.version" (Raw: "com.google.android.gms.version")
                   A: android:value(0x01010024)=@0x7f090004
                 E: receiver (line=178)
                   A: android:name(0x01010003)="androidx.profileinstaller.ProfileInstallReceiver" (Raw: "androidx.profileinstaller.ProfileInstallReceiver")
                   A: android:permission(0x01010006)="android.permission.DUMP" (Raw: "android.permission.DUMP")
                   A: android:enabled(0x0101000e)=(type 0x12)0xffffffff
                   A: android:exported(0x01010010)=(type 0x12)0xffffffff
                   A: android:directBootAware(0x01010505)=(type 0x12)0x0
                   E: intent-filter (line=184)
                     E: action (line=185)
                       A: android:name(0x01010003)="androidx.profileinstaller.action.INSTALL_PROFILE" (Raw: "androidx.profileinstaller.action.INSTALL_PROFILE")
                   E: intent-filter (line=187)
                     E: action (line=188)
                       A: android:name(0x01010003)="androidx.profileinstaller.action.SKIP_FILE" (Raw: "androidx.profileinstaller.action.SKIP_FILE")
                   E: intent-filter (line=190)
                     E: action (line=191)
                       A: android:name(0x01010003)="androidx.profileinstaller.action.SAVE_PROFILE" (Raw: "androidx.profileinstaller.action.SAVE_PROFILE")
                   E: intent-filter (line=193)
                     E: action (line=194)
                       A: android:name(0x01010003)="androidx.profileinstaller.action.BENCHMARK_OPERATION" (Raw: "androidx.profileinstaller.action.BENCHMARK_OPERATION")
[   +1 ms] Stopping app 'app-debug.apk' on sdk gphone64 x86 64.
[        ] executing: /Users/anas/Library/Android/sdk/platform-tools/adb -s emulator-5554 shell am force-stop com.tijus_academy
[ +195 ms] Installing APK.
[   +1 ms] Installing build/app/outputs/flutter-apk/app-debug.apk...
[        ] executing: /Users/anas/Library/Android/sdk/platform-tools/adb -s emulator-5554 install -t -r /Users/anas/Documents/Code/tijus_academy/build/app/outputs/flutter-apk/app-debug.apk
[+1020 ms] Performing Streamed Install
           Success
[   +1 ms] Installing build/app/outputs/flutter-apk/app-debug.apk... (completed in 1,020ms)
[   +1 ms] executing: /Users/anas/Library/Android/sdk/platform-tools/adb -s emulator-5554 shell echo -n 10569a7db06cc9d62a152b3a57254248da6e70d4 > /data/local/tmp/sky.com.tijus_academy.sha1
[  +88 ms] executing: /Users/anas/Library/Android/sdk/platform-tools/adb -s emulator-5554 shell -x logcat -v time -t 1
[ +125 ms] --------- beginning of main
           05-05 11:54:34.088 W/SignedPackage(  700): Cannot get ApplicationInfo for package: com.google.android.devicelockcontroller
[   +8 ms] executing: /Users/anas/Library/Android/sdk/platform-tools/adb -s emulator-5554 shell am start -a android.intent.action.MAIN -c android.intent.category.LAUNCHER -f 0x20000000 --ez enable-dart-profiling true --ez enable-checked-mode true --ez verify-entry-points true com.tijus_academy/com.tijus_academy.MainActivity
[ +239 ms] Starting: Intent { act=android.intent.action.MAIN cat=[android.intent.category.LAUNCHER] flg=0x20000000 cmp=com.tijus_academy/.MainActivity (has extras) }
[        ] Waiting for VM Service port to be available...
[+470062 ms] I/flutter ( 7792): [IMPORTANT:flutter/shell/platform/android/android_context_gl_impeller.cc(94)] Using the Impeller rendering backend (OpenGLES).
[ +147 ms] VM Service URL on device: http://127.0.0.1:41719/YBn922_W6HM=/
[   +1 ms] executing: /Users/anas/Library/Android/sdk/platform-tools/adb -s emulator-5554 forward tcp:0 tcp:41719
[  +29 ms] 52722
[        ] Forwarded host port 52722 to device port 41719 for VM Service
[   +6 ms] Caching compiled dill
[ +121 ms] Connecting to service protocol: http://127.0.0.1:52722/YBn922_W6HM=/
[ +262 ms] Launching a Dart Developer Service (DDS) instance at http://127.0.0.1:0, connecting to VM service at http://127.0.0.1:52722/YBn922_W6HM=/.
[ +760 ms] Successfully connected to service protocol: http://127.0.0.1:52722/YBn922_W6HM=/
[ +106 ms] DevFS: Creating new filesystem on the device (null)
[  +23 ms] DevFS: Created new filesystem on the device (file:///data/user/0/com.learn.tijus_academy/code_cache/tijus_academyJDLUJS/tijus_academy/)
[   +2 ms] Updating assets
[ +184 ms] Manifest contained wildcard assets. Inserting missing file into build graph to force rerun. for more information see #56466.
[   +3 ms] Syncing files to device sdk gphone64 x86 64...
[   +1 ms] Compiling dart to kernel with 0 updated files
[        ] Processing bundle.
[        ] <- recompile package:tijus_academy/main.dart dc246799-4808-40b1-8d88-dc6fb1248483
[        ] <- dc246799-4808-40b1-8d88-dc6fb1248483
[   +1 ms] Bundle processing done.
[ +173 ms] Updating files.
[        ] Pending asset builds completed. Writing dirty entries.
[        ] DevFS: Sync finished
[        ] Syncing files to device sdk gphone64 x86 64... (completed in 177ms)
[        ] Synced 0.0MB.
[        ] <- accept
[   +4 ms] Connected to _flutterView/0x7151b2f6dd10.
[   +1 ms] Flutter run key commands.
[        ] r Hot reload. 🔥🔥🔥
[        ] R Hot restart.
[        ] h List all available interactive commands.
[        ] d Detach (terminate "flutter run" but leave application running).
[        ] c Clear the screen
[        ] q Quit (terminate the application on the device).
[        ] A Dart VM Service on sdk gphone64 x86 64 is available at: http://127.0.0.1:52727/yojFUV6YbEk=/
[ +139 ms] The Flutter DevTools debugger and profiler on sdk gphone64 x86 64 is available at: http://127.0.0.1:9100?uri=http://127.0.0.1:52727/yojFUV6YbEk=/
[  +12 ms] I/Choreographer( 7792): Skipped 82 frames!  The application may be doing too much work on its main thread.
[   +9 ms] I/WindowExtensionsImpl( 7792): Initializing Window Extensions, vendor API level=9, activity embedding enabled=true
[  +57 ms] I/n.tijus_academy( 7792): Compiler allocated 5042KB to compile void android.view.ViewRootImpl.performTraversals()
[  +53 ms] E/libEGL  ( 7792): called unimplemented OpenGL ES API
[ +660 ms] I/Choreographer( 7792): Skipped 44 frames!  The application may be doing too much work on its main thread.
[   +4 ms] D/WindowLayoutComponentImpl( 7792): Register WindowLayoutInfoListener on Context=com.learn.tijus_academy.MainActivity@7551b62, of which baseContext=android.app.ContextImpl@e6d0cdc
[ +240 ms] D/InsetsController( 7792): hide(ime(), fromIme=false)
[   +2 ms] I/ImeTracker( 7792): com.learn.tijus_academy:d0dec797: onCancelled at PHASE_CLIENT_ALREADY_HIDDEN
[ +138 ms] I/flutter ( 7792): Initializing SharedPreferences...
[  +25 ms] E/libEGL  ( 7792): called unimplemented OpenGL ES API
[  +11 ms] W/WindowOnBackDispatcher( 7792): OnBackInvokedCallback is not enabled for the application.
[        ] W/WindowOnBackDispatcher( 7792): Set 'android:enableOnBackInvokedCallback="true"' in the application manifest.
[   +3 ms] I/flutter ( 7792): SharedPreferences initialized successfully
[  +54 ms] I/FirebaseApp( 7792): Device unlocked: initializing all Firebase APIs for app [DEFAULT]
[ +996 ms] E/libEGL  ( 7792): called unimplemented OpenGL ES API
[  +44 ms] I/n.tijus_academy( 7792): AssetManager2(0x715292f84a78) locale list changing from [] to [en-US]
[ +238 ms] D/ProfileInstaller( 7792): Installing profile for com.learn.tijus_academy
